run log: /home/user/dupilumab-sim/logs/atopic_truth_20260925T113106.log
[====|====|====|====|====|====|====|====|====|====] 0:00:05 

[====|====|====|====|====|====|====|====|====|====] 0:00:05 

[====|====|====|====|====|====|====|====|====|====] 0:00:05 

[====|====|====|====|====|====|====|====|====|====] 0:00:05 

[====|====|====|====|====|====|====|====|====|====] 0:00:04 

base truth done 
[====|====|====|====|====|====|====|====|====|====] 0:00:11 

[====|====|====|====|====|====|====|====|====|====] 0:00:11 

[====|====|====|====|====|====|====|====|====|====] 0:00:11 

[====|====|====|====|====|====|====|====|====|====] 0:00:12 

[====|====|====|====|====|====|====|====|====|====] 0:00:09 

struct2020 truth done 
[====|====|====|====|====|====|====|====|====|====] 0:00:05 

[====|====|====|====|====|====|====|====|====|====] 0:00:05 

[====|====|====|====|====|====|====|====|====|====] 0:00:05 

[====|====|====|====|====|====|====|====|====|====] 0:00:05 

[====|====|====|====|====|====|====|====|====|====] 0:00:04 

k2016_bmi_vc0817 truth done 
             variant scenario auc_ratio   auc_se_log cmax_ratio  cmax_se_log
 1:             base      S00 1.0000000 0.000000e+00  1.0000000 0.000000e+00
 2:             base     F090 0.8417051 1.488572e-04  0.8837322 8.718909e-05
 3:             base    KE120 0.9042400 1.298573e-04  0.9683332 7.728543e-05
 4:             base    VM125 0.8630563 3.382961e-04  0.9594713 2.014772e-04
 5:             base     KM10 1.0065472 2.995180e-05  1.0014111 1.336389e-05
 6:       struct2020      S00 1.0000000 0.000000e+00  1.0000000 0.000000e+00
 7:       struct2020     F090 0.8425636 1.467285e-04  0.8845891 8.434682e-05
 8:       struct2020    KE120 0.9014307 1.210726e-04  0.9692343 7.296626e-05
 9:       struct2020    VM125 0.8645913 3.316923e-04  0.9616341 1.933444e-04
10:       struct2020     KM10 1.0065149 3.012079e-05  1.0017141 1.316611e-05
11: k2016_bmi_vc0817      S00 1.0000000 0.000000e+00  1.0000000 0.000000e+00
12: k2016_bmi_vc0817     F090 0.8418513 1.435037e-04  0.8838526 8.518336e-05
13: k2016_bmi_vc0817    KE120 0.9042644 1.254073e-04  0.9684452 7.719449e-05
14: k2016_bmi_vc0817    VM125 0.8633939 3.266017e-04  0.9597709 1.970614e-04
15: k2016_bmi_vc0817     KM10 1.0065676 3.190361e-05  1.0014127 1.393908e-05
    n_subjects
 1:      20000
 2:      20000
 3:      20000
 4:      20000
 5:      20000
 6:      20000
 7:      20000
 8:      20000
 9:      20000
10:      20000
11:      20000
12:      20000
13:      20000
14:      20000
15:      20000
