run log: /home/user/dupilumab-sim/logs/cliff_analysis_20260924T134140.log
[13:43:12] k2016 base done in 1.532304 mins
[13:44:45] k2016 obese_110_130 done in 1.540131 mins
[13:46:21] k2016 obese_90_110 done in 1.596598 mins
[13:47:53] k2016 obese_130_150 done in 1.544489 mins
[13:49:39] k2020 base done in 1.766084 mins
[13:51:27] k2020 obese_110_130 done in 1.802296 mins
[13:53:13] k2020 obese_90_110 done in 1.755209 mins
[13:54:59] k2020 obese_130_150 done in 1.773088 mins
There were 50 or more warnings (use warnings() to see the first 50)
   model        weight     n lloq_never_pct lloq_studyday_median
1: k2016          base 20000              0                 38.5
2: k2016 obese_110_130 20000              0                 30.9
3: k2016  obese_90_110 20000              0                 33.8
4: k2016 obese_130_150 20000              0                 28.7
5: k2020          base 20000              0                 40.8
6: k2020 obese_110_130 20000              0                 33.2
7: k2020  obese_90_110 20000              0                 36.2
8: k2020 obese_130_150 20000              0                 31.0
   lloq_studyday_p05 lloq_studyday_p95 lloq_after_day58_pct c_start1_median
1:              27.2              54.2                2.470           0.879
2:              22.0              43.6                0.130           0.894
3:              23.8              47.4                0.440           0.886
4:              20.3              40.4                0.035           0.906
5:              28.7              57.6                4.595           0.890
6:              23.1              47.2                0.415           0.882
7:              25.2              51.0                1.105           0.884
8:              21.3              44.2                0.170           0.876
   c_start2_median len1_median len1_p05 len1_p95 len2_median len2_p05 len2_p95
1:            1.87        1.38     1.33     1.43        2.94     2.86     3.09
2:            1.91        1.39     1.33     1.44        2.96     2.86     3.13
3:            1.88        1.38     1.33     1.44        2.95     2.86     3.11
4:            1.94        1.39     1.33     1.44        2.96     2.85     3.15
5:            1.88        1.38     1.33     1.42        2.94     2.87     3.02
6:            1.86        1.38     1.32     1.42        2.93     2.85     3.02
7:            1.86        1.38     1.32     1.42        2.93     2.86     3.02
8:            1.84        1.38     1.32     1.42        2.93     2.84     3.01
   tmax_median
1:        5.90
2:        5.60
3:        5.70
4:        5.45
5:        5.75
6:        5.45
7:        5.60
8:        5.30
    model weight  timing definition_day         schedule   schedule_label
 1: k2016   base nominal              1          current             현행
 2: k2016   base nominal              2          current             현행
 3: k2016   base nominal              1       plus_39_46       +Day 39·46
 4: k2016   base nominal              2       plus_39_46       +Day 39·46
 5: k2016   base nominal              1    plus_39_46_53    +Day 39·46·53
 6: k2016   base nominal              2    plus_39_46_53    +Day 39·46·53
 7: k2016   base nominal              1 plus_32_39_46_53 +Day 32·39·46·53
 8: k2016   base nominal              2 plus_32_39_46_53 +Day 32·39·46·53
 9: k2016   base nominal              1       plus_40_47       +Day 40·47
10: k2016   base nominal              2       plus_40_47       +Day 40·47
11: k2016   base nominal              1      daily_29_57   Day 29–57 매일
12: k2016   base nominal              2      daily_29_57   Day 29–57 매일
13: k2020   base nominal              1          current             현행
14: k2020   base nominal              2          current             현행
15: k2020   base nominal              1       plus_39_46       +Day 39·46
16: k2020   base nominal              2       plus_39_46       +Day 39·46
17: k2020   base nominal              1    plus_39_46_53    +Day 39·46·53
18: k2020   base nominal              2    plus_39_46_53    +Day 39·46·53
19: k2020   base nominal              1 plus_32_39_46_53 +Day 32·39·46·53
20: k2020   base nominal              2 plus_32_39_46_53 +Day 32·39·46·53
21: k2020   base nominal              1       plus_40_47       +Day 40·47
22: k2020   base nominal              2       plus_40_47       +Day 40·47
23: k2020   base nominal              1      daily_29_57   Day 29–57 매일
24: k2020   base nominal              2      daily_29_57   Day 29–57 매일
    model weight  timing definition_day         schedule   schedule_label
    n_subjects min_interval_day pct_ge1 ge1_lo ge1_hi pct_ge2   ge2_lo  ge2_hi
 1:      20000                7    20.0   19.4   20.5   0.000 0.00e+00  0.0192
 2:      20000                7    42.5   41.8   43.2   0.000 0.00e+00  0.0192
 3:      20000                3    30.0   29.4   30.6   0.000 0.00e+00  0.0192
 4:      20000                3    62.7   62.1   63.4   0.005 8.83e-04  0.0283
 5:      20000                3    31.4   30.8   32.1   0.000 0.00e+00  0.0192
 6:      20000                3    65.3   64.6   65.9   0.005 8.83e-04  0.0283
 7:      20000                3    37.1   36.5   37.8   0.000 0.00e+00  0.0192
 8:      20000                3    78.1   77.5   78.6   0.100 6.47e-02  0.1544
 9:      20000                3    29.4   28.8   30.0   0.000 0.00e+00  0.0192
10:      20000                3    61.2   60.5   61.9   0.000 0.00e+00  0.0192
11:      20000                1    89.2   88.8   89.6  32.615 3.20e+01 33.2680
12:      20000                1    91.1   90.7   91.5  86.020 8.55e+01 86.4937
13:      20000                7    18.8   18.3   19.4   0.000 0.00e+00  0.0192
14:      20000                7    41.0   40.4   41.7   0.000 0.00e+00  0.0192
15:      20000                3    29.8   29.2   30.5   0.000 0.00e+00  0.0192
16:      20000                3    63.6   62.9   64.2   0.000 0.00e+00  0.0192
17:      20000                3    31.8   31.2   32.5   0.000 0.00e+00  0.0192
18:      20000                3    67.4   66.8   68.1   0.000 0.00e+00  0.0192
19:      20000                3    36.3   35.6   36.9   0.000 0.00e+00  0.0192
20:      20000                3    78.1   77.5   78.7   0.000 0.00e+00  0.0192
21:      20000                3    29.3   28.7   30.0   0.000 0.00e+00  0.0192
22:      20000                3    62.5   61.8   63.1   0.000 0.00e+00  0.0192
23:      20000                1    90.6   90.1   91.0  33.950 3.33e+01 34.6093
24:      20000                1    92.2   91.9   92.6  88.825 8.84e+01 89.2542
    n_subjects min_interval_day pct_ge1 ge1_lo ge1_hi pct_ge2   ge2_lo  ge2_hi
    pct_ge3 ge3_lo  ge3_hi n_cliff_in_day29_57 pct_ge1_cliff_in_day29_57
 1:     0.0    0.0  0.0192               16760                      17.4
 2:     0.0    0.0  0.0192               15517                      37.4
 3:     0.0    0.0  0.0192               16760                      29.3
 4:     0.0    0.0  0.0192               15517                      63.5
 5:     0.0    0.0  0.0192               16760                      31.0
 6:     0.0    0.0  0.0192               15517                      66.7
 7:     0.0    0.0  0.0192               16760                      37.9
 8:     0.0    0.0  0.0192               15517                      83.2
 9:     0.0    0.0  0.0192               16760                      28.6
10:     0.0    0.0  0.0192               15517                      61.5
11:     0.0    0.0  0.0192               16760                     100.0
12:    76.7   76.1 77.3154               15517                     100.0
13:     0.0    0.0  0.0192               17263                      16.9
14:     0.0    0.0  0.0192               16468                      37.8
15:     0.0    0.0  0.0192               17263                      29.7
16:     0.0    0.0  0.0192               16468                      65.2
17:     0.0    0.0  0.0192               17263                      31.9
18:     0.0    0.0  0.0192               16468                      69.9
19:     0.0    0.0  0.0192               17263                      37.1
20:     0.0    0.0  0.0192               16468                      82.8
21:     0.0    0.0  0.0192               17263                      29.1
22:     0.0    0.0  0.0192               16468                      63.9
23:     0.0    0.0  0.0192               17263                     100.0
24:    80.4   79.8 80.9443               16468                     100.0
    pct_ge3 ge3_lo  ge3_hi n_cliff_in_day29_57 pct_ge1_cliff_in_day29_57
    pct_ge2_cliff_in_day29_57 pct_ge3_cliff_in_day29_57
 1:                  0.00e+00                       0.0
 2:                  0.00e+00                       0.0
 3:                  0.00e+00                       0.0
 4:                  6.44e-03                       0.0
 5:                  0.00e+00                       0.0
 6:                  6.44e-03                       0.0
 7:                  0.00e+00                       0.0
 8:                  6.44e-03                       0.0
 9:                  0.00e+00                       0.0
10:                  0.00e+00                       0.0
11:                  3.72e+01                       0.0
12:                  1.00e+02                      93.0
13:                  0.00e+00                       0.0
14:                  0.00e+00                       0.0
15:                  0.00e+00                       0.0
16:                  0.00e+00                       0.0
17:                  0.00e+00                       0.0
18:                  0.00e+00                       0.0
19:                  0.00e+00                       0.0
20:                  0.00e+00                       0.0
21:                  0.00e+00                       0.0
22:                  0.00e+00                       0.0
23:                  3.80e+01                       0.0
24:                  1.00e+02                      93.6
    pct_ge2_cliff_in_day29_57 pct_ge3_cliff_in_day29_57
Warning messages:
1: In self$trans$transform(x) : NaNs produced
2: Removed 3 rows containing missing values (`geom_rect()`). 
