run log: /home/user/dupilumab-sim/logs/criterion_d_200k_base_20260924T061712.log
[====|====|====|====|====|====|====|====|====|====] 0:00:07 

  chunk 1/10 06:17:30
[====|====|====|====|====|====|====|====|====|====] 0:00:07 

  chunk 2/10 06:17:45
[====|====|====|====|====|====|====|====|====|====] 0:00:07 

  chunk 3/10 06:18:01
[====|====|====|====|====|====|====|====|====|====] 0:00:07 

  chunk 4/10 06:18:16
[====|====|====|====|====|====|====|====|====|====] 0:00:07 

  chunk 5/10 06:18:32
[====|====|====|====|====|====|====|====|====|====] 0:00:07 

  chunk 6/10 06:18:47
[====|====|====|====|====|====|====|====|====|====] 0:00:06 

  chunk 7/10 06:19:01
[====|====|====|====|====|====|====|====|====|====] 0:00:07 

  chunk 8/10 06:19:16
[====|====|====|====|====|====|====|====|====|====] 0:00:07 

  chunk 9/10 06:19:31
[====|====|====|====|====|====|====|====|====|====] 0:00:06 

  chunk 10/10 06:19:46
   variant n_subjects schedule reliable_gain_pp c_gain_boot_lo c_gain_boot_hi
1:    base     200000       D3            3.089       2.924987       3.246012
   extrap_gt20_ratio d_ratio_boot_lo d_ratio_boot_hi d_n_ref d_n_sched
1:         0.5945095       0.5735395       0.6155293    2222      1321
   extrap_gt20_mcnemar_p d_abs_change_per_arm d_meets_point d_fragile
1:         2.616782e-248            -0.527085         FALSE     FALSE
   schedule      n reliable_pct extrap_gt20_pct n_extrap_gt20
1:       B0 200000      86.5185       1.1262894          2222
2:       D3 200000      89.6075       0.6657931          1321
