run log: /home/user/dupilumab-sim/logs/criterion_d_200k_vmax080_both_20260924T062327.log
[====|====|====|====|====|====|====|====|====|====] 0:00:06 

  chunk 1/10 06:23:45
[====|====|====|====|====|====|====|====|====|====] 0:00:06 

  chunk 2/10 06:24:02
[====|====|====|====|====|====|====|====|====|====] 0:00:06 

  chunk 3/10 06:24:17
[====|====|====|====|====|====|====|====|====|====] 0:00:06 

  chunk 4/10 06:24:30
[====|====|====|====|====|====|====|====|====|====] 0:00:06 

  chunk 5/10 06:24:46
[====|====|====|====|====|====|====|====|====|====] 0:00:06 

  chunk 6/10 06:25:00
[====|====|====|====|====|====|====|====|====|====] 0:00:06 

  chunk 7/10 06:25:15
[====|====|====|====|====|====|====|====|====|====] 0:00:06 

  chunk 8/10 06:25:29
[====|====|====|====|====|====|====|====|====|====] 0:00:06 

  chunk 9/10 06:25:44
[====|====|====|====|====|====|====|====|====|====] 0:00:06 

  chunk 10/10 06:25:59
        variant n_subjects schedule reliable_gain_pp c_gain_boot_lo
1: vmax080_both     200000       D3            2.532          2.381
   c_gain_boot_hi extrap_gt20_ratio d_ratio_boot_lo d_ratio_boot_hi d_n_ref
1:         2.6845         0.5855194       0.5500503       0.6230389     953
   d_n_sched extrap_gt20_mcnemar_p d_abs_change_per_arm d_meets_point d_fragile
1:       558           1.51133e-71            -0.231075         FALSE     FALSE
   schedule      n reliable_pct extrap_gt20_pct n_extrap_gt20
1:       B0 200000       90.625       0.4781880           953
2:       D3 200000       93.157       0.2794107           558
