run log: /home/user/dupilumab-sim/logs/curve_shape_20260924T060852.log
[====|====|====|====|====|====|====|====|====|====] 0:00:07 

  base done 06:09:14
[====|====|====|====|====|====|====|====|====|====] 0:00:08 

  km05_both done 06:09:36
[====|====|====|====|====|====|====|====|====|====] 0:00:05 

  km2_both done 06:09:52
[====|====|====|====|====|====|====|====|====|====] 0:00:06 

  km5_both done 06:10:09
[====|====|====|====|====|====|====|====|====|====] 0:00:04 

  km10_both done 06:10:22
[====|====|====|====|====|====|====|====|====|====] 0:00:06 

  vmax080_both done 06:10:39
[====|====|====|====|====|====|====|====|====|====] 0:00:07 

  vmax125_both done 06:10:57
[====|====|====|====|====|====|====|====|====|====] 0:00:05 

  vmax050_both done 06:11:13
        variant extrap_true_median extrap_true_p95 extrap_true_max
1:         base              0.641            3.57            16.6
2:    km05_both              0.662            3.65            17.6
3:    km10_both              0.392            2.77            14.0
4:     km2_both              0.644            3.55            17.7
5:     km5_both              0.544            3.24            16.4
6: vmax050_both              0.631            6.41            23.1
7: vmax080_both              0.526            2.79            14.2
8: vmax125_both              0.912            5.27            19.9
   coverage_lt80_pct extrap_nca_median extrap_gt20_pct reliable_pct
1:             0.000              2.70           1.130         86.1
2:             0.000              2.77           1.091         86.4
3:             0.000              1.54           0.483         86.2
4:             0.000              2.67           1.226         86.4
5:             0.000              2.25           0.788         86.2
6:             0.035              2.33           2.195         92.9
7:             0.000              2.24           0.442         90.5
8:             0.000              3.58           3.210         79.6
   lambda_fail_pct tlast_median AUClast_geo AUClast_ratio_vs_obs544
1:           1.355         34.8         546                   1.044
2:           1.430         34.7         542                   1.031
3:           0.710         35.3         551                   1.057
4:           1.305         34.8         544                   1.037
5:           1.075         34.9         545                   1.045
6:           0.015         55.0         775                   1.481
7:           0.390         41.3         622                   1.183
8:           3.740         28.2         467                   0.895
                               gate_note
1:                          gate 범위 안
2:                          gate 범위 안
3:                          gate 범위 안
4:                          gate 범위 안
5:                          gate 범위 안
6: gate 불통과(±15% 밖), 스트레스 테스트
7:                  gate 불통과(±15% 밖)
8:                          gate 범위 안
