- One or more packages recorded in the lockfile are not installed.
- Use `renv::status()` for more details.
run log: /home/user/dupilumab-sim/logs/day57_trials_k2020_5001_10000_20261002T005259.log
[====|====|====|====|====|====|====|====|====|====] 0:00:44 

k2020 trials 5001-5250 written in 1.443035 mins 
[====|====|====|====|====|====|====|====|====|====] 0:00:44 

k2020 trials 5251-5500 written in 1.106492 mins 
[====|====|====|====|====|====|====|====|====|====] 0:00:43 

k2020 trials 5501-5750 written in 1.611129 mins 
[====|====|====|====|====|====|====|====|====|====] 0:00:44 

k2020 trials 5751-6000 written in 1.217682 mins 
[====|====|====|====|====|====|====|====|====|====] 0:00:44 

k2020 trials 6001-6250 written in 1.10881 mins 
[====|====|====|====|====|====|====|====|====|====] 0:00:44 

k2020 trials 6251-6500 written in 1.104201 mins 
[====|====|====|====|====|====|====|====|====|====] 0:00:44 

k2020 trials 6501-6750 written in 1.100659 mins 
[====|====|====|====|====|====|====|====|====|====] 0:00:44 

k2020 trials 6751-7000 written in 1.054388 mins 
[====|====|====|====|====|====|====|====|====|====] 0:00:44 

k2020 trials 7001-7250 written in 49.0946 secs 
[====|====|====|====|====|====|====|====|====|====] 0:00:44 

k2020 trials 7251-7500 written in 49.1956 secs 
[====|====|====|====|====|====|====|====|====|====] 0:00:44 

k2020 trials 7501-7750 written in 48.50369 secs 
[====|====|====|====|====|====|====|====|====|====] 0:00:44 

k2020 trials 7751-8000 written in 49.28538 secs 
[====|====|====|====|====|====|====|====|====|====] 0:00:44 

k2020 trials 8001-8250 written in 48.17347 secs 
[====|====|====|====|====|====|====|====|====|====] 0:00:45 

k2020 trials 8251-8500 written in 49.7074 secs 
[====|====|====|====|====|====|====|====|====|====] 0:00:44 

k2020 trials 8501-8750 written in 48.67122 secs 
[====|====|====|====|====|====|====|====|====|====] 0:00:45 

k2020 trials 8751-9000 written in 49.81128 secs 
[====|====|====|====|====|====|====|====|====|====] 0:00:44 

k2020 trials 9001-9250 written in 47.93019 secs 
[====|====|====|====|====|====|====|====|====|====] 0:00:44 

k2020 trials 9251-9500 written in 48.81569 secs 
[====|====|====|====|====|====|====|====|====|====] 0:00:43 

k2020 trials 9501-9750 written in 47.93678 secs 
[====|====|====|====|====|====|====|====|====|====] 0:00:43 

k2020 trials 9751-10000 written in 47.69386 secs 
Error: unexpected symbol in:
": n %d, median %.2f weeks, NA %d, trough ratio median %.4f, in %s", model, reg, nrow(R), median(R$t_below_days, na.rm = TRUE) / 7, sum(is.na(R$t_below_days)),
                 median(R$trough_last / R$trough_prev), format(, NA %d, trough ratio median %.4f"
Execution halted
