run_name: day57_trials57_k2016_1_5000
started_utc: 2026-10-02 07:15:39
run_mode: final
master_seed: 20261002
seed_rule_version: 1
git_sha: 1a4d75d665d8b5442191970b5d46d89207d86330
git_code_clean: TRUE
R_version: R version 4.3.3 (2024-02-29)
rxode2: 5.1.7
BEmaster: not installed
config_sha256:
  assay.yaml: 13bb4e6e5a604962f3e30a9f31dffb53fcfcaa71272e41d6a12413c1cec26604
  crossval_reference.yaml: 4a8ee97a00c6c0ecc2c42373c8d21099adbfc833d3b6e4b1abfbf714653549de
  design_clot2021.yaml: 4b3ddc374dfbf3f451d3fe3d6a865645b0b5d93b0ea7eea9a3f24cd8d2f05da5
  gate_decision.yaml: fec8e5a4376e78560e2945be2c69db22e63e6b6731a2413101efa1ac58cb1838
  literature_core_deck.yaml: ed067a30878b498ed7f584d96695f25a6abb14944cb426992c8036b09acb3a80
  literature_precedents.yaml: 44c48b27ac1afbe90f1e23f55480f148dfa34e03a4dca31a81d29096a0537e67
  nca_rules.yaml: 0f53d9e003bf1df504df24201f06301cabe423babd1078def5c5a4b3b2c1db94
  oc_design.yaml: 629011b264fbc4c3f03f8a3989bac1f2711d49959f3268f5e8f758c80f93ea0a
  param_uncertainty.yaml: baa74b9c41f188019290c0e294d5ad4954f6528b30a4ac11232f68af1846570c
  params_k2020_model1.yaml: b6e3816238f158ab76cda1edfc4ce9ae49b53fdd4836de8be36bd64664dca96f
  params_typical.yaml: 0661b248227771273d5c58c86c61f35ef655fdeecebe3f188868fd61cff4b801
  params_variability.yaml: b849a4cc3acc6d47f9833392ac4f47ebacc6ad9fa79fcc5848628fd4b5aa99a9
  population_atopic.yaml: a5e5356587a4727996496d247df2f1b007adb6fe7e7a9f98ce81388040495abb
  prereg_20260926.yaml: dc2c9f1bd4d62e13ad9f5f551dcf97eb7ee1359ba13aaa3af8efc063dfc6303e
  prereg_20260929_oc.yaml: 1956b6d4556ba2e1f092b2f8e71c185ed0ec0196337bc66e2a89247ee941801b
  prereg_20260929.yaml: 7da31a299058aa2f7b56584460808cefa80b30d627f205611c2bc6445f9c2613
  prereg_20261002_day57.yaml: ffcda7253952791feb6dd5411d338f47a36716b319667a0820e51a8ee6d27b23
  repro_check.yaml: a5e8401417d3dd780a21876356e654a5c6b270f9d50eb47de942105cb34d2756
  repro_request.yaml: 0e85501d9e970a1b51dfa4f347f196c7fbd38b3908c4e629ce54451938094eb3
  scenarios.yaml: 7243c4f34f21614eccae4c143ba05b8a9eb9183a76770cfce7153ef30a5dc17c
  schedule_decision.yaml: de62d815c54d33e4016ed7fdb535ede38ae9c0a6350ef8e7e0a26cb5dd9572b2
  trial_design.yaml: 553eceab74155a3497fef1ab587f3b8d2be1319704e17ae1f0e177601726e84f
extra:
  model: k2016
  from: 1
  to: 5000
  post_hoc: TRUE
session_info:
  R version 4.3.3 (2024-02-29)
  Platform: x86_64-pc-linux-gnu (64-bit)
  Running under: Ubuntu 24.04.4 LTS
  
  Matrix products: default
  BLAS:   /usr/lib/x86_64-linux-gnu/blas/libblas.so.3.12.0 
  LAPACK: /usr/lib/x86_64-linux-gnu/lapack/liblapack.so.3.12.0
  
  locale:
   [1] LC_CTYPE=C.UTF-8       LC_NUMERIC=C           LC_TIME=C.UTF-8       
   [4] LC_COLLATE=C.UTF-8     LC_MONETARY=C.UTF-8    LC_MESSAGES=C.UTF-8   
   [7] LC_PAPER=C.UTF-8       LC_NAME=C              LC_ADDRESS=C          
  [10] LC_TELEPHONE=C         LC_MEASUREMENT=C.UTF-8 LC_IDENTIFICATION=C   
  
  time zone: Etc/UTC
  tzcode source: system (glibc)
  
  attached base packages:
  [1] stats     graphics  grDevices datasets  utils     methods   base     
  
  other attached packages:
  [1] digest_0.6.34      data.table_1.14.10 yaml_2.3.8        
  
  loaded via a namespace (and not attached):
  [1] compiler_4.3.3 tools_4.3.3    renv_1.2.4    
[07:16:11] k2016 trials 1-250 (Day 57, 58) written in 31.71431 secs
[07:16:39] k2016 trials 251-500 (Day 57, 58) written in 27.97754 secs
[07:17:06] k2016 trials 501-750 (Day 57, 58) written in 27.54823 secs
[07:17:35] k2016 trials 751-1000 (Day 57, 58) written in 28.46471 secs
[07:18:05] k2016 trials 1001-1250 (Day 57, 58) written in 29.8656 secs
[07:18:34] k2016 trials 1251-1500 (Day 57, 58) written in 28.75359 secs
[07:19:03] k2016 trials 1501-1750 (Day 57, 58) written in 28.85419 secs
[07:19:32] k2016 trials 1751-2000 (Day 57, 58) written in 29.17584 secs
[07:20:01] k2016 trials 2001-2250 (Day 57, 58) written in 28.56508 secs
[07:20:32] k2016 trials 2251-2500 (Day 57, 58) written in 30.62085 secs
[07:20:59] k2016 trials 2501-2750 (Day 57, 58) written in 27.04795 secs
[07:21:29] k2016 trials 2751-3000 (Day 57, 58) written in 29.72123 secs
[07:21:57] k2016 trials 3001-3250 (Day 57, 58) written in 27.65927 secs
[07:22:24] k2016 trials 3251-3500 (Day 57, 58) written in 27.19307 secs
[07:22:52] k2016 trials 3501-3750 (Day 57, 58) written in 27.02821 secs
[07:23:19] k2016 trials 3751-4000 (Day 57, 58) written in 26.99395 secs
[07:23:52] k2016 trials 4001-4250 (Day 57, 58) written in 33.34814 secs
[07:24:23] k2016 trials 4251-4500 (Day 57, 58) written in 30.23042 secs
[07:24:58] k2016 trials 4501-4750 (Day 57, 58) written in 34.67171 secs
[07:25:27] k2016 trials 4751-5000 (Day 57, 58) written in 29.52911 secs
[07:25:28] done
