- One or more packages recorded in the lockfile are not installed.
- Use `renv::status()` for more details.
run log: /home/user/dupilumab-sim/logs/day57_trials_k2016_5001_10000_20261002T005301.log
[====|====|====|====|====|====|====|====|====|====] 0:00:26 

k2016 trials 5001-5250 written in 1.03077 mins 
[====|====|====|====|====|====|====|====|====|====] 0:00:26 

k2016 trials 5251-5500 written in 33.5075 secs 
[====|====|====|====|====|====|====|====|====|====] 0:00:26 

k2016 trials 5501-5750 written in 43.40041 secs 
[====|====|====|====|====|====|====|====|====|====] 0:00:26 

k2016 trials 5751-6000 written in 55.59926 secs 
[====|====|====|====|====|====|====|====|====|====] 0:00:26 

k2016 trials 6001-6250 written in 1.085529 mins 
[====|====|====|====|====|====|====|====|====|====] 0:00:26 

k2016 trials 6251-6500 written in 45.04455 secs 
[====|====|====|====|====|====|====|====|====|====] 0:00:25 

k2016 trials 6501-6750 written in 42.20225 secs 
[====|====|====|====|====|====|====|====|====|====] 0:00:25 

k2016 trials 6751-7000 written in 38.30278 secs 
[====|====|====|====|====|====|====|====|====|====] 0:00:25 

k2016 trials 7001-7250 written in 40.78039 secs 
[====|====|====|====|====|====|====|====|====|====] 0:00:25 

k2016 trials 7251-7500 written in 41.9716 secs 
[====|====|====|====|====|====|====|====|====|====] 0:00:25 

k2016 trials 7501-7750 written in 43.04563 secs 
[====|====|====|====|====|====|====|====|====|====] 0:00:25 

k2016 trials 7751-8000 written in 40.30052 secs 
[====|====|====|====|====|====|====|====|====|====] 0:00:25 

k2016 trials 8001-8250 written in 35.17168 secs 
[====|====|====|====|====|====|====|====|====|====] 0:00:25 

k2016 trials 8251-8500 written in 29.77443 secs 
[====|====|====|====|====|====|====|====|====|====] 0:00:26 

k2016 trials 8501-8750 written in 30.98304 secs 
[====|====|====|====|====|====|====|====|====|====] 0:00:25 

k2016 trials 8751-9000 written in 29.90905 secs 
[====|====|====|====|====|====|====|====|====|====] 0:00:26 

k2016 trials 9001-9250 written in 30.53361 secs 
[====|====|====|====|====|====|====|====|====|====] 0:00:25 

k2016 trials 9251-9500 written in 30.09084 secs 
[====|====|====|====|====|====|====|====|====|====] 0:00:26 

k2016 trials 9501-9750 written in 30.37237 secs 
[====|====|====|====|====|====|====|====|====|====] 0:00:25 

k2016 trials 9751-10000 written in 29.44947 secs 
Error: unexpected symbol in:
": n %d, median %.2f weeks, NA %d, trough ratio median %.4f, in %s", model, reg, nrow(R), median(R$t_below_days, na.rm = TRUE) / 7, sum(is.na(R$t_below_days)),
                 median(R$trough_last / R$trough_prev), format(, NA %d, trough ratio median %.4f"
Execution halted
