- One or more packages recorded in the lockfile are not installed.
- Use `renv::status()` for more details.
run log: /home/user/dupilumab-sim/logs/day57_trials_k2016_1_5000_20261002T005300.log
[====|====|====|====|====|====|====|====|====|====] 0:00:26 

k2016 trials 1-250 written in 1.051067 mins 
[====|====|====|====|====|====|====|====|====|====] 0:00:25 

k2016 trials 251-500 written in 32.99489 secs 
[====|====|====|====|====|====|====|====|====|====] 0:00:25 

k2016 trials 501-750 written in 40.44086 secs 
[====|====|====|====|====|====|====|====|====|====] 0:00:25 

k2016 trials 751-1000 written in 56.20124 secs 
[====|====|====|====|====|====|====|====|====|====] 0:00:25 

k2016 trials 1001-1250 written in 1.025673 mins 
[====|====|====|====|====|====|====|====|====|====] 0:00:25 

k2016 trials 1251-1500 written in 44.29274 secs 
[====|====|====|====|====|====|====|====|====|====] 0:00:26 

k2016 trials 1501-1750 written in 39.17276 secs 
[====|====|====|====|====|====|====|====|====|====] 0:00:25 

k2016 trials 1751-2000 written in 40.5014 secs 
[====|====|====|====|====|====|====|====|====|====] 0:00:24 

k2016 trials 2001-2250 written in 39.55937 secs 
[====|====|====|====|====|====|====|====|====|====] 0:00:25 

k2016 trials 2251-2500 written in 40.25141 secs 
[====|====|====|====|====|====|====|====|====|====] 0:00:25 

k2016 trials 2501-2750 written in 40.76809 secs 
[====|====|====|====|====|====|====|====|====|====] 0:00:25 

k2016 trials 2751-3000 written in 38.06024 secs 
[====|====|====|====|====|====|====|====|====|====] 0:00:25 

k2016 trials 3001-3250 written in 38.08219 secs 
[====|====|====|====|====|====|====|====|====|====] 0:00:24 

k2016 trials 3251-3500 written in 28.697 secs 
[====|====|====|====|====|====|====|====|====|====] 0:00:26 

k2016 trials 3501-3750 written in 29.84373 secs 
[====|====|====|====|====|====|====|====|====|====] 0:00:25 

k2016 trials 3751-4000 written in 29.49011 secs 
[====|====|====|====|====|====|====|====|====|====] 0:00:25 

k2016 trials 4001-4250 written in 29.66516 secs 
[====|====|====|====|====|====|====|====|====|====] 0:00:25 

k2016 trials 4251-4500 written in 29.50305 secs 
[====|====|====|====|====|====|====|====|====|====] 0:00:25 

k2016 trials 4501-4750 written in 29.7288 secs 
[====|====|====|====|====|====|====|====|====|====] 0:00:25 

k2016 trials 4751-5000 written in 29.78829 secs 
Error: unexpected symbol in:
": n %d, median %.2f weeks, NA %d, trough ratio median %.4f, in %s", model, reg, nrow(R), median(R$t_below_days, na.rm = TRUE) / 7, sum(is.na(R$t_below_days)),
                 median(R$trough_last / R$trough_prev), format(, NA %d, trough ratio median %.4f"
Execution halted
