- One or more packages recorded in the lockfile are not installed.
- Use `renv::status()` for more details.
run log: /home/user/dupilumab-sim/logs/day57_trials57_k2016_1_5000_20261002T071539.log
[====|====|====|====|====|====|====|====|====|====] 0:00:23 

k2016 trials 1-250 (Day 57, 58) written in 31.71431 secs 
[====|====|====|====|====|====|====|====|====|====] 0:00:24 

k2016 trials 251-500 (Day 57, 58) written in 27.97754 secs 
[====|====|====|====|====|====|====|====|====|====] 0:00:23 

k2016 trials 501-750 (Day 57, 58) written in 27.54823 secs 
[====|====|====|====|====|====|====|====|====|====] 0:00:24 

k2016 trials 751-1000 (Day 57, 58) written in 28.46471 secs 
[====|====|====|====|====|====|====|====|====|====] 0:00:24 

k2016 trials 1001-1250 (Day 57, 58) written in 29.8656 secs 
[====|====|====|====|====|====|====|====|====|====] 0:00:24 

k2016 trials 1251-1500 (Day 57, 58) written in 28.75359 secs 
[====|====|====|====|====|====|====|====|====|====] 0:00:23 

k2016 trials 1501-1750 (Day 57, 58) written in 28.85419 secs 
[====|====|====|====|====|====|====|====|====|====] 0:00:24 

k2016 trials 1751-2000 (Day 57, 58) written in 29.17584 secs 
[====|====|====|====|====|====|====|====|====|====] 0:00:23 

k2016 trials 2001-2250 (Day 57, 58) written in 28.56508 secs 
[====|====|====|====|====|====|====|====|====|====] 0:00:23 

k2016 trials 2251-2500 (Day 57, 58) written in 30.62085 secs 
[====|====|====|====|====|====|====|====|====|====] 0:00:23 

k2016 trials 2501-2750 (Day 57, 58) written in 27.04795 secs 
[====|====|====|====|====|====|====|====|====|====] 0:00:23 

k2016 trials 2751-3000 (Day 57, 58) written in 29.72123 secs 
[====|====|====|====|====|====|====|====|====|====] 0:00:24 

k2016 trials 3001-3250 (Day 57, 58) written in 27.65927 secs 
[====|====|====|====|====|====|====|====|====|====] 0:00:24 

k2016 trials 3251-3500 (Day 57, 58) written in 27.19307 secs 
[====|====|====|====|====|====|====|====|====|====] 0:00:23 

k2016 trials 3501-3750 (Day 57, 58) written in 27.02821 secs 
[====|====|====|====|====|====|====|====|====|====] 0:00:23 

k2016 trials 3751-4000 (Day 57, 58) written in 26.99395 secs 
[====|====|====|====|====|====|====|====|====|====] 0:00:24 

k2016 trials 4001-4250 (Day 57, 58) written in 33.34814 secs 
[====|====|====|====|====|====|====|====|====|====] 0:00:24 

k2016 trials 4251-4500 (Day 57, 58) written in 30.23042 secs 
[====|====|====|====|====|====|====|====|====|====] 0:00:24 

k2016 trials 4501-4750 (Day 57, 58) written in 34.67171 secs 
[====|====|====|====|====|====|====|====|====|====] 0:00:23 

k2016 trials 4751-5000 (Day 57, 58) written in 29.52911 secs 
