- One or more packages recorded in the lockfile are not installed.
- Use `renv::status()` for more details.
run log: /home/user/dupilumab-sim/logs/day57_trials57_k2020_5001_10000_20261002T071539.log
[====|====|====|====|====|====|====|====|====|====] 0:00:41 

k2020 trials 5001-5250 (Day 57, 58) written in 51.56887 secs 
[====|====|====|====|====|====|====|====|====|====] 0:00:42 

k2020 trials 5251-5500 (Day 57, 58) written in 48.02776 secs 
[====|====|====|====|====|====|====|====|====|====] 0:00:42 

k2020 trials 5501-5750 (Day 57, 58) written in 49.65708 secs 
[====|====|====|====|====|====|====|====|====|====] 0:00:41 

k2020 trials 5751-6000 (Day 57, 58) written in 48.73219 secs 
[====|====|====|====|====|====|====|====|====|====] 0:00:41 

k2020 trials 6001-6250 (Day 57, 58) written in 48.90187 secs 
[====|====|====|====|====|====|====|====|====|====] 0:00:41 

k2020 trials 6251-6500 (Day 57, 58) written in 49.81738 secs 
[====|====|====|====|====|====|====|====|====|====] 0:00:41 

k2020 trials 6501-6750 (Day 57, 58) written in 49.37919 secs 
[====|====|====|====|====|====|====|====|====|====] 0:00:41 

k2020 trials 6751-7000 (Day 57, 58) written in 44.72024 secs 
[====|====|====|====|====|====|====|====|====|====] 0:00:41 

k2020 trials 7001-7250 (Day 57, 58) written in 44.29286 secs 
[====|====|====|====|====|====|====|====|====|====] 0:00:42 

k2020 trials 7251-7500 (Day 57, 58) written in 50.76855 secs 
[====|====|====|====|====|====|====|====|====|====] 0:00:42 

k2020 trials 7501-7750 (Day 57, 58) written in 54.18711 secs 
[====|====|====|====|====|====|====|====|====|====] 0:00:40 

k2020 trials 7751-8000 (Day 57, 58) written in 50.9198 secs 
[====|====|====|====|====|====|====|====|====|====] 0:00:41 

k2020 trials 8001-8250 (Day 57, 58) written in 44.10629 secs 
[====|====|====|====|====|====|====|====|====|====] 0:00:40 

k2020 trials 8251-8500 (Day 57, 58) written in 43.65786 secs 
[====|====|====|====|====|====|====|====|====|====] 0:00:41 

k2020 trials 8501-8750 (Day 57, 58) written in 44.18496 secs 
[====|====|====|====|====|====|====|====|====|====] 0:00:40 

k2020 trials 8751-9000 (Day 57, 58) written in 43.64573 secs 
[====|====|====|====|====|====|====|====|====|====] 0:00:40 

k2020 trials 9001-9250 (Day 57, 58) written in 43.36396 secs 
[====|====|====|====|====|====|====|====|====|====] 0:00:41 

k2020 trials 9251-9500 (Day 57, 58) written in 44.22491 secs 
[====|====|====|====|====|====|====|====|====|====] 0:00:41 

k2020 trials 9501-9750 (Day 57, 58) written in 45.07858 secs 
[====|====|====|====|====|====|====|====|====|====] 0:00:40 

k2020 trials 9751-10000 (Day 57, 58) written in 44.17929 secs 
