- One or more packages recorded in the lockfile are not installed.
- Use `renv::status()` for more details.
run log: /home/user/dupilumab-sim/logs/day57_trials57_k2020_1_5000_20261002T071538.log
[====|====|====|====|====|====|====|====|====|====] 0:00:43 

k2020 trials 1-250 (Day 57, 58) written in 51.82461 secs 
[====|====|====|====|====|====|====|====|====|====] 0:00:41 

k2020 trials 251-500 (Day 57, 58) written in 46.5285 secs 
[====|====|====|====|====|====|====|====|====|====] 0:00:42 

k2020 trials 501-750 (Day 57, 58) written in 50.53311 secs 
[====|====|====|====|====|====|====|====|====|====] 0:00:41 

k2020 trials 751-1000 (Day 57, 58) written in 48.96772 secs 
[====|====|====|====|====|====|====|====|====|====] 0:00:40 

k2020 trials 1001-1250 (Day 57, 58) written in 48.00261 secs 
[====|====|====|====|====|====|====|====|====|====] 0:00:41 

k2020 trials 1251-1500 (Day 57, 58) written in 50.1872 secs 
[====|====|====|====|====|====|====|====|====|====] 0:00:40 

k2020 trials 1501-1750 (Day 57, 58) written in 45.97571 secs 
[====|====|====|====|====|====|====|====|====|====] 0:00:41 

k2020 trials 1751-2000 (Day 57, 58) written in 46.76954 secs 
[====|====|====|====|====|====|====|====|====|====] 0:00:41 

k2020 trials 2001-2250 (Day 57, 58) written in 44.68908 secs 
[====|====|====|====|====|====|====|====|====|====] 0:00:42 

k2020 trials 2251-2500 (Day 57, 58) written in 49.42552 secs 
[====|====|====|====|====|====|====|====|====|====] 0:00:41 

k2020 trials 2501-2750 (Day 57, 58) written in 53.58517 secs 
[====|====|====|====|====|====|====|====|====|====] 0:00:40 

k2020 trials 2751-3000 (Day 57, 58) written in 51.35251 secs 
[====|====|====|====|====|====|====|====|====|====] 0:00:41 

k2020 trials 3001-3250 (Day 57, 58) written in 44.52629 secs 
[====|====|====|====|====|====|====|====|====|====] 0:00:39 

k2020 trials 3251-3500 (Day 57, 58) written in 42.71662 secs 
[====|====|====|====|====|====|====|====|====|====] 0:00:40 

k2020 trials 3501-3750 (Day 57, 58) written in 43.43259 secs 
[====|====|====|====|====|====|====|====|====|====] 0:00:39 

k2020 trials 3751-4000 (Day 57, 58) written in 42.39988 secs 
[====|====|====|====|====|====|====|====|====|====] 0:00:40 

k2020 trials 4001-4250 (Day 57, 58) written in 42.99277 secs 
[====|====|====|====|====|====|====|====|====|====] 0:00:39 

k2020 trials 4251-4500 (Day 57, 58) written in 42.77313 secs 
[====|====|====|====|====|====|====|====|====|====] 0:00:40 

k2020 trials 4501-4750 (Day 57, 58) written in 43.30112 secs 
[====|====|====|====|====|====|====|====|====|====] 0:00:40 

k2020 trials 4751-5000 (Day 57, 58) written in 43.62107 secs 
