- One or more packages recorded in the lockfile are not installed.
- Use `renv::status()` for more details.
run log: /home/user/dupilumab-sim/logs/day57_trials57_k2016_5001_10000_20261002T071538.log
[====|====|====|====|====|====|====|====|====|====] 0:00:25 

k2016 trials 5001-5250 (Day 57, 58) written in 33.67503 secs 
[====|====|====|====|====|====|====|====|====|====] 0:00:23 

k2016 trials 5251-5500 (Day 57, 58) written in 26.88953 secs 
[====|====|====|====|====|====|====|====|====|====] 0:00:24 

k2016 trials 5501-5750 (Day 57, 58) written in 27.98509 secs 
[====|====|====|====|====|====|====|====|====|====] 0:00:23 

k2016 trials 5751-6000 (Day 57, 58) written in 28.63585 secs 
[====|====|====|====|====|====|====|====|====|====] 0:00:24 

k2016 trials 6001-6250 (Day 57, 58) written in 29.97804 secs 
[====|====|====|====|====|====|====|====|====|====] 0:00:23 

k2016 trials 6251-6500 (Day 57, 58) written in 29.77026 secs 
[====|====|====|====|====|====|====|====|====|====] 0:00:24 

k2016 trials 6501-6750 (Day 57, 58) written in 27.93043 secs 
[====|====|====|====|====|====|====|====|====|====] 0:00:23 

k2016 trials 6751-7000 (Day 57, 58) written in 29.8798 secs 
[====|====|====|====|====|====|====|====|====|====] 0:00:23 

k2016 trials 7001-7250 (Day 57, 58) written in 28.98698 secs 
[====|====|====|====|====|====|====|====|====|====] 0:00:23 

k2016 trials 7251-7500 (Day 57, 58) written in 29.80432 secs 
[====|====|====|====|====|====|====|====|====|====] 0:00:23 

k2016 trials 7501-7750 (Day 57, 58) written in 26.03051 secs 
[====|====|====|====|====|====|====|====|====|====] 0:00:23 

k2016 trials 7751-8000 (Day 57, 58) written in 30.32505 secs 
[====|====|====|====|====|====|====|====|====|====] 0:00:24 

k2016 trials 8001-8250 (Day 57, 58) written in 27.23139 secs 
[====|====|====|====|====|====|====|====|====|====] 0:00:23 

k2016 trials 8251-8500 (Day 57, 58) written in 26.25534 secs 
[====|====|====|====|====|====|====|====|====|====] 0:00:23 

k2016 trials 8501-8750 (Day 57, 58) written in 26.1065 secs 
[====|====|====|====|====|====|====|====|====|====] 0:00:23 

k2016 trials 8751-9000 (Day 57, 58) written in 27.46243 secs 
[====|====|====|====|====|====|====|====|====|====] 0:00:23 

k2016 trials 9001-9250 (Day 57, 58) written in 31.4951 secs 
[====|====|====|====|====|====|====|====|====|====] 0:00:24 

k2016 trials 9251-9500 (Day 57, 58) written in 30.454 secs 
[====|====|====|====|====|====|====|====|====|====] 0:00:23 

k2016 trials 9501-9750 (Day 57, 58) written in 35.20838 secs 
[====|====|====|====|====|====|====|====|====|====] 0:00:22 

k2016 trials 9751-10000 (Day 57, 58) written in 28.515 secs 
