- One or more packages recorded in the lockfile are not installed.
- Use `renv::status()` for more details.
run log: /home/user/dupilumab-sim/logs/day57_individual_k2020_20261002T005601.log
[====|====|====|====|====|====|====|====|====|====] 0:00:14 

   el     n n_above    pct           lo          hi n_disagree_direct pk_model
1: 49 20000    3391 16.955 16.441314670 17.48137699                 0    k2020
2: 56 20000    1087  5.435  5.129277573  5.75783860                 0    k2020
3: 57 20000     919  4.595  4.313440322  4.89399847                 0    k2020
4: 63 20000     290  1.450  1.293406512  1.62524019                 0    k2020
5: 70 20000      64  0.320  0.250695519  0.40838518                 0    k2020
6: 84 20000       2  0.010  0.002742404  0.03645736                 0    k2020
   study_day
1:        50
2:        57
3:        58
4:        64
5:        71
6:        85
   pk_model     n n_never      p50      p90      p95     p99      max
1:    k2020 20000       0 40.76854 53.26078 57.57938 65.7619 88.15561
                                             item   stored      new identical
1:  per-subject t_lloq, max abs difference (days)       NA  0.00000      TRUE
2:    per-subject tmax, max abs difference (days)       NA  0.00000      TRUE
3:                   LLOQ reach study day, median 40.76854 40.76854     FALSE
4:           LLOQ reach study day, 5th percentile 28.72552 28.72552      TRUE
5:          LLOQ reach study day, 95th percentile 57.57938 57.57938     FALSE
6: share reaching the LLOQ after study Day 58 (%)  4.59500  4.59500      TRUE
   pk_model          diff agree_csv_precision
1:    k2020            NA                TRUE
2:    k2020            NA                TRUE
3:    k2020 -2.842171e-14                TRUE
4:    k2020  0.000000e+00                TRUE
5:    k2020  3.552714e-14                TRUE
6:    k2020  0.000000e+00                TRUE
There were 26 warnings (use warnings() to see them)
