- One or more packages recorded in the lockfile are not installed.
- Use `renv::status()` for more details.
run log: /home/user/dupilumab-sim/logs/day57_trials_k2020_1_5000_20261002T005258.log
[====|====|====|====|====|====|====|====|====|====] 0:00:44 

k2020 trials 1-250 written in 1.431285 mins 
[====|====|====|====|====|====|====|====|====|====] 0:00:45 

k2020 trials 251-500 written in 1.119255 mins 
[====|====|====|====|====|====|====|====|====|====] 0:00:44 

k2020 trials 501-750 written in 1.630188 mins 
[====|====|====|====|====|====|====|====|====|====] 0:00:44 

k2020 trials 751-1000 written in 1.271788 mins 
[====|====|====|====|====|====|====|====|====|====] 0:00:43 

k2020 trials 1001-1250 written in 1.068519 mins 
[====|====|====|====|====|====|====|====|====|====] 0:00:44 

k2020 trials 1251-1500 written in 1.076282 mins 
[====|====|====|====|====|====|====|====|====|====] 0:00:44 

k2020 trials 1501-1750 written in 1.106938 mins 
[====|====|====|====|====|====|====|====|====|====] 0:00:44 

k2020 trials 1751-2000 written in 1.057136 mins 
[====|====|====|====|====|====|====|====|====|====] 0:00:44 

k2020 trials 2001-2250 written in 49.22723 secs 
[====|====|====|====|====|====|====|====|====|====] 0:00:45 

k2020 trials 2251-2500 written in 50.45804 secs 
[====|====|====|====|====|====|====|====|====|====] 0:00:46 

k2020 trials 2501-2750 written in 50.79366 secs 
[====|====|====|====|====|====|====|====|====|====] 0:00:44 

k2020 trials 2751-3000 written in 48.96102 secs 
[====|====|====|====|====|====|====|====|====|====] 0:00:44 

k2020 trials 3001-3250 written in 47.98239 secs 
[====|====|====|====|====|====|====|====|====|====] 0:00:44 

k2020 trials 3251-3500 written in 48.70013 secs 
[====|====|====|====|====|====|====|====|====|====] 0:00:45 

k2020 trials 3501-3750 written in 49.48288 secs 
[====|====|====|====|====|====|====|====|====|====] 0:00:44 

k2020 trials 3751-4000 written in 48.51977 secs 
[====|====|====|====|====|====|====|====|====|====] 0:00:44 

k2020 trials 4001-4250 written in 48.52142 secs 
[====|====|====|====|====|====|====|====|====|====] 0:00:44 

k2020 trials 4251-4500 written in 48.81536 secs 
[====|====|====|====|====|====|====|====|====|====] 0:00:44 

k2020 trials 4501-4750 written in 47.88624 secs 
[====|====|====|====|====|====|====|====|====|====] 0:00:43 

k2020 trials 4751-5000 written in 47.77534 secs 
Error: unexpected symbol in:
": n %d, median %.2f weeks, NA %d, trough ratio median %.4f, in %s", model, reg, nrow(R), median(R$t_below_days, na.rm = TRUE) / 7, sum(is.na(R$t_below_days)),
                 median(R$trough_last / R$trough_prev), format(, NA %d, trough ratio median %.4f"
Execution halted
