    analysis      condition                 metric ref_8000 sim_20000
 1:      5-1    Km ×0.5–×10 extrap_true_median_min    0.380     0.392
 2:      5-1    Km ×0.5–×10 extrap_true_median_max    0.670     0.662
 3:      5-1    Km ×0.5–×10    extrap_true_p95_min    2.600     2.774
 4:      5-1    Km ×0.5–×10    extrap_true_p95_max    3.500     3.652
 5:      5-1    Km ×0.5–×10  coverage_lt80_pct_max    0.000     0.000
 6:      5-1   vmax080_both     extrap_true_median    0.530     0.526
 7:      5-1   vmax080_both        extrap_true_p95    2.630     2.791
 8:      5-1   vmax080_both      coverage_lt80_pct    0.000     0.000
 9:      5-1   vmax050_both     extrap_true_median    0.620     0.631
10:      5-1   vmax050_both        extrap_true_p95    6.520     6.414
11:      5-1   vmax050_both        extrap_true_max   31.700    23.076
12:      5-1   vmax050_both      coverage_lt80_pct    0.110     0.035
13:      6-1   (a) 40-60 kg     extrap_true_median    0.500     0.504
14:      6-1   (a) 40-60 kg        extrap_true_p95    2.530     2.693
15:      6-1   (a) 40-60 kg      coverage_lt80_pct    0.012     0.005
16:      6-1   (a) 40-60 kg           reliable_pct   90.900    90.820
17:      6-1   (a) 40-60 kg        lambda_fail_pct    0.380     0.230
18:      6-1   (a) 60-75 kg     extrap_true_median    0.590     0.602
19:      6-1   (a) 60-75 kg        extrap_true_p95    3.030     3.232
20:      6-1   (a) 60-75 kg      coverage_lt80_pct    0.000     0.000
21:      6-1   (a) 60-75 kg           reliable_pct   87.400    88.105
22:      6-1   (a) 60-75 kg        lambda_fail_pct    1.040     0.740
23:      6-1   (a) 75-90 kg     extrap_true_median    0.720     0.724
24:      6-1   (a) 75-90 kg        extrap_true_p95    3.780     4.007
25:      6-1   (a) 75-90 kg      coverage_lt80_pct    0.000     0.000
26:      6-1   (a) 75-90 kg           reliable_pct   84.900    84.535
27:      6-1   (a) 75-90 kg        lambda_fail_pct    1.940     1.875
28:      6-1  (a) 90-110 kg     extrap_true_median    0.910     0.885
29:      6-1  (a) 90-110 kg        extrap_true_p95    4.790     5.182
30:      6-1  (a) 90-110 kg      coverage_lt80_pct    0.000     0.000
31:      6-1  (a) 90-110 kg           reliable_pct   79.700    80.475
32:      6-1  (a) 90-110 kg        lambda_fail_pct    3.160     3.475
33:      6-1 (a) 110-130 kg     extrap_true_median    1.120     1.101
34:      6-1 (a) 110-130 kg        extrap_true_p95    6.080     6.614
35:      6-1 (a) 110-130 kg      coverage_lt80_pct    0.000     0.000
36:      6-1 (a) 110-130 kg           reliable_pct   76.000    75.575
37:      6-1 (a) 110-130 kg        lambda_fail_pct    5.740     5.760
38:      6-1 (a) 130-150 kg     extrap_true_median    1.390     1.365
39:      6-1 (a) 130-150 kg        extrap_true_p95    7.780     8.419
40:      6-1 (a) 130-150 kg      coverage_lt80_pct    0.000     0.010
41:      6-1 (a) 130-150 kg           reliable_pct   71.200    71.190
42:      6-1 (a) 130-150 kg        lambda_fail_pct    8.110     8.425
43:      6-1 (a) 130-150 kg            AUClast_geo  254.000   250.837
44:      6-1 (c) 130-150 kg     extrap_true_median    1.420     1.517
45:      6-1 (c) 130-150 kg        extrap_true_p95    8.570     9.147
46:      6-1 (c) 130-150 kg      coverage_lt80_pct    0.000     0.000
47:      6-1 (c) 130-150 kg           reliable_pct   70.400    70.115
48:      6-1 (c) 130-150 kg        lambda_fail_pct    8.920     9.280
49:      6-1 (c) 130-150 kg            AUClast_geo  228.000   227.267
50:      6-1  (d) 90-110 kg     extrap_true_median    1.020     1.000
51:      6-1  (d) 90-110 kg        extrap_true_p95    5.360     5.619
52:      6-1  (d) 90-110 kg      coverage_lt80_pct    0.000     0.005
53:      6-1  (d) 90-110 kg           reliable_pct   78.900    79.445
54:      6-1  (d) 90-110 kg        lambda_fail_pct    4.120     4.305
55:      6-1 (d) 110-130 kg     extrap_true_median    1.360     1.325
56:      6-1 (d) 110-130 kg        extrap_true_p95    7.260     8.057
57:      6-1 (d) 110-130 kg      coverage_lt80_pct    0.000     0.015
58:      6-1 (d) 110-130 kg           reliable_pct   73.600    72.995
59:      6-1 (d) 110-130 kg        lambda_fail_pct    7.690     7.750
60:      6-1 (d) 130-150 kg     extrap_true_median    1.680     1.742
61:      6-1 (d) 130-150 kg        extrap_true_p95    9.680     9.852
62:      6-1 (d) 130-150 kg      coverage_lt80_pct    0.012     0.010
63:      6-1 (d) 130-150 kg           reliable_pct   67.300    65.950
64:      6-1 (d) 130-150 kg        lambda_fail_pct   10.810    11.430
65:      6-1 (d) 130-150 kg            AUClast_geo  199.000   198.774
    analysis      condition                 metric ref_8000 sim_20000
    sim_20000_nojitter abs_diff rel_diff_pct
 1:                 NA  0.01162        3.059
 2:                 NA -0.00820       -1.224
 3:                 NA  0.17425        6.702
 4:                 NA  0.15205        4.344
 5:                 NA  0.00000           NA
 6:                 NA -0.00358       -0.676
 7:                 NA  0.16056        6.105
 8:                 NA  0.00000           NA
 9:                 NA  0.01133        1.827
10:                 NA -0.10624       -1.629
11:                 NA -8.62426      -27.206
12:                 NA -0.07500      -68.182
13:              0.505  0.00382        0.764
14:              2.572  0.16272        6.432
15:              0.005 -0.00700      -58.333
16:             90.830 -0.08000       -0.088
17:              0.230 -0.15000      -39.474
18:              0.603  0.01240        2.102
19:              2.984  0.20202        6.667
20:              0.000  0.00000           NA
21:             87.985  0.70500        0.807
22:              0.745 -0.30000      -28.846
23:              0.720  0.00421        0.585
24:              3.837  0.22721        6.011
25:              0.000  0.00000           NA
26:             84.885 -0.36500       -0.430
27:              1.735 -0.06500       -3.351
28:                 NA -0.02512       -2.760
29:                 NA  0.39226        8.189
30:                 NA  0.00000           NA
31:                 NA  0.77500        0.972
32:                 NA  0.31500        9.968
33:                 NA -0.01947       -1.738
34:                 NA  0.53449        8.791
35:                 NA  0.00000           NA
36:                 NA -0.42500       -0.559
37:                 NA  0.02000        0.348
38:              1.370 -0.02470       -1.777
39:              7.992  0.63943        8.219
40:              0.000  0.01000           NA
41:             71.715 -0.01000       -0.014
42:              8.245  0.31500        3.884
43:            251.158 -3.16289       -1.245
44:                 NA  0.09744        6.862
45:                 NA  0.57741        6.738
46:                 NA  0.00000           NA
47:                 NA -0.28500       -0.405
48:                 NA  0.36000        4.036
49:                 NA -0.73252       -0.321
50:                 NA -0.02043       -2.003
51:                 NA  0.25866        4.826
52:                 NA  0.00500           NA
53:                 NA  0.54500        0.691
54:                 NA  0.18500        4.490
55:                 NA -0.03496       -2.570
56:                 NA  0.79721       10.981
57:                 NA  0.01500           NA
58:                 NA -0.60500       -0.822
59:                 NA  0.06000        0.780
60:                 NA  0.06201        3.691
61:                 NA  0.17239        1.781
62:                 NA -0.00200      -16.667
63:                 NA -1.35000       -2.006
64:                 NA  0.62000        5.735
65:                 NA -0.22588       -0.114
    sim_20000_nojitter abs_diff rel_diff_pct
                                            note
 1:                                             
 2:                                             
 3:                                             
 4:                                             
 5: 희귀 사건·극값: 표본 수 차이로 변동 큼(참고)
 6:                                             
 7:                                             
 8: 희귀 사건·극값: 표본 수 차이로 변동 큼(참고)
 9:                                             
10:                                             
11: 희귀 사건·극값: 표본 수 차이로 변동 큼(참고)
12: 희귀 사건·극값: 표본 수 차이로 변동 큼(참고)
13:                                             
14:                                             
15: 희귀 사건·극값: 표본 수 차이로 변동 큼(참고)
16:                                             
17:                                             
18:                                             
19:                                             
20: 희귀 사건·극값: 표본 수 차이로 변동 큼(참고)
21:                                             
22:                                             
23:                                             
24:                                             
25: 희귀 사건·극값: 표본 수 차이로 변동 큼(참고)
26:                                             
27:                                             
28:                                             
29:                                             
30: 희귀 사건·극값: 표본 수 차이로 변동 큼(참고)
31:                                             
32:                                             
33:                                             
34:                                             
35: 희귀 사건·극값: 표본 수 차이로 변동 큼(참고)
36:                                             
37:                                             
38:                                             
39:                                             
40: 희귀 사건·극값: 표본 수 차이로 변동 큼(참고)
41:                                             
42:                                             
43:                                             
44:                                             
45:                                             
46: 희귀 사건·극값: 표본 수 차이로 변동 큼(참고)
47:                                             
48:                                             
49:                                             
50:                                             
51:                                             
52: 희귀 사건·극값: 표본 수 차이로 변동 큼(참고)
53:                                             
54:                                             
55:                                             
56:                                             
57: 희귀 사건·극값: 표본 수 차이로 변동 큼(참고)
58:                                             
59:                                             
60:                                             
61:                                             
62: 희귀 사건·극값: 표본 수 차이로 변동 큼(참고)
63:                                             
64:                                             
65:                                             
                                            note
|상대 차이| ≤ 10%: 48 / 55 (희귀 사건·극값 제외 48 / 51)
