   scenario n_trials last_pass_inf_fail last_pass_inf_fail_lo
1:    KE120     5000              6.140            5.50766788
2:     F110     5000              3.300            2.83959901
3:     F090     5000              3.140            2.69143004
4:    KE110     5000              1.980            1.62910956
5:     F097     5000              1.600            1.28751750
6:    VM125     5000              1.260            0.98611130
7:      S00    20000              0.305            0.23753473
8:     F085     5000              0.180            0.09472935
9:    VM150    20000              0.000            0.00000000
   last_pass_inf_fail_hi true_ratio true_inside
1:            6.83967494  0.9046091        TRUE
2:            3.83210435  1.1648254        TRUE
3:            3.66051898  0.8434053        TRUE
4:            2.40462053  0.9502463        TRUE
5:            1.98679605  0.9530463        TRUE
6:            1.60872429  0.8659159        TRUE
7:            0.39155173  1.0012040        TRUE
8:            0.34176447  0.7671935       FALSE
9:            0.01920361  0.7575013       FALSE
                         classification
1:  AUCinf 위음성(참값 비가 80–125% 안)
2:  AUCinf 위음성(참값 비가 80–125% 안)
3:  AUCinf 위음성(참값 비가 80–125% 안)
4:  AUCinf 위음성(참값 비가 80–125% 안)
5:  AUCinf 위음성(참값 비가 80–125% 안)
6:  AUCinf 위음성(참값 비가 80–125% 안)
7:  AUCinf 위음성(참값 비가 80–125% 안)
8: 참값 비 범위 밖: 소비자 위험 표 참조
9: 참값 비 범위 밖: 소비자 위험 표 참조
   scenario true_ratio n_trials joint_last_cmax joint_last_cmax_lo
1:     F085  0.7671935     5000            0.32         0.19707278
2:    VM150  0.7575013    20000            0.08         0.04925086
   joint_last_cmax_hi joint_3 joint_3_lo joint_3_hi only_inf_fails
1:          0.5192061    0.16 0.08109751   0.315427           0.16
2:          0.1299220    0.08 0.04925086   0.129922           0.00
   only_inf_fails_lo only_inf_fails_hi
1:        0.04920535         0.2707947
2:        0.00000000         0.0000000
   scenario true_ratio n_trials i_last_cmax     i_lo     i_hi ii_plus_inf_rel
1:      S00  1.0012040    20000       99.53 99.42523 99.61574          99.225
2:    KE110  0.9502463     5000       96.46 95.91109 96.93758          94.480
3:     F097  0.9530463     5000       96.94 96.42540 97.38253          95.380
      ii_lo    ii_hi iii_plus_inf_all   iii_lo   iii_hi cost_ii_pp cost_ii_lo
1: 99.09366 99.33744           99.515 99.40875 99.60223      0.305  0.2285759
2: 93.81218 95.07953           96.140 95.56965 96.63951      1.980  1.5938141
3: 94.76249 95.92783           96.800 96.27510 97.25304      1.560  1.2164779
   cost_ii_hi cost_iii_pp  cost_iii_lo cost_iii_hi
1:  0.3814241       0.015 -0.001972937  0.03197294
2:  2.3661859       0.320  0.163438301  0.47656170
3:  1.9035221       0.140  0.036350712  0.24364929
                 rule        endpoint n_R_mean n_T_mean pass_S00 pass_S00_lo
1:                  A AUCinf_reliable 101.1197 101.1479   99.520    99.41424
2:                  B      AUCinf_all 115.4237 115.4373   99.760    99.68197
3:                  C     AUCinf_subC 117.0000 117.0000   99.600    99.50249
4: Reference: AUClast         AUClast 117.0000 117.0000   99.555    99.45276
   pass_S00_hi bias_VM125_pct GMR_VM125 bias_F090_pct  GMR_F090 agree_S00
1:    99.60674      2.6487642 0.8888520     1.1742670 0.8533091    99.425
2:    99.81892      1.8663468 0.8820769     0.7799794 0.8499837    99.765
3:    99.67846     -0.4673096 0.8618694    -0.1408272 0.8422176    99.875
4:    99.63821     -0.9020982 0.8581045    -0.3774118 0.8402222   100.000
   agree_VM125 agree_VM125_lo agree_VM125_hi agree_F090
1:       71.54       70.27313       72.77380      83.80
2:       74.40       73.17191       75.59063      88.74
3:       95.44       94.82604       95.98419      97.64
4:      100.00       99.92323      100.00000     100.00
                                              variant AUClast_logsd
1:                                               base     0.3876600
2:                                         struct2020     0.4096868
3: Cohen 2022 역산(AUClast 90% CI 0.96–1.28, n 62/63)     0.4900000
4:                                        Syneos 제안            NA
   AUClast_logcv Cmax_logsd Cmax_logcv
1:      40.26908  0.3335536   34.30499
2:      42.74941  0.3299906   33.91812
3:      52.09379         NA         NA
4:      43.00000         NA         NA
   model scenario n_trials power_last_cmax       lo       hi power_3      lo3
1: k2016      S00    20000           99.53 99.42523 99.61574  99.225 99.09366
2: k2016     F097     5000           96.94 96.42540 97.38253  95.380 94.76249
3: k2020      S00      500           99.00 97.68069 99.57212  98.800 97.40696
4: k2020     F097      500           94.00 91.56389 95.76516  92.600 89.96652
        hi3
1: 99.33744
2: 95.92783
3: 99.44890
4: 94.58388
