   model       group n_subjects extrap_true_median extrap_true_p95
1: k2016        전체      20000          0.6406018        3.609102
2: k2016  체중 60-75       9948          0.6091326        3.313654
3: k2016 체중 >75-90      10052          0.6847425        3.900415
4: k2020        전체      20000          0.6330613        3.520389
5: k2020  체중 60-75      10081          0.5940337        3.208269
6: k2020 체중 >75-90       9919          0.6764548        3.797377
   extrap_true_max coverage_lt80_pct_ci extrap_nca_median extrap_nca_p95
1:        15.22356    0.00 [0.00, 0.02]          2.714393       12.06660
2:        13.56753    0.00 [0.00, 0.04]          2.586240       11.25541
3:        15.22356    0.00 [0.00, 0.04]          2.835355       12.67757
4:        15.68403    0.00 [0.00, 0.02]          2.923911       11.90049
5:        12.33768    0.00 [0.00, 0.04]          2.774090       10.97066
6:        15.68403    0.00 [0.00, 0.04]          3.088586       12.60855
   extrap_nca_gt20_pct_ci     lambda_ok_pct_ci      reliable_pct_ci
1:      1.09 [0.95, 1.24] 98.56 [98.38, 98.71] 86.63 [86.15, 87.09]
2:      0.93 [0.75, 1.13] 98.88 [98.66, 99.07] 87.97 [87.31, 88.59]
3:      1.25 [1.05, 1.48] 98.23 [97.95, 98.47] 85.31 [84.60, 85.99]
4:      0.78 [0.67, 0.92] 99.39 [99.27, 99.49] 91.88 [91.49, 92.25]
5:      0.53 [0.40, 0.69] 99.62 [99.48, 99.73] 92.60 [92.07, 93.09]
6:      1.05 [0.86, 1.27] 99.15 [98.95, 99.32] 91.14 [90.56, 91.68]
   reliable_pct extrap_gt20_pct
1:     86.63000       1.0856882
2:     87.96743       0.9250788
3:     85.30641       1.2456958
4:     91.87500       0.7847872
5:     92.59994       0.5277308
6:     91.13822       1.0472801
   reliable_min reliable_max  gt20_min gt20_max
1:        86.63       91.875 0.7847872 1.085688
    model scenario       source n_trials GMR_mean_AUClast GMR_mean_AUCinf_true
 1: k2016     F085 5,000회 이상     5000        0.7624231            0.7671935
 2: k2016     F090 5,000회 이상     5000        0.8402222            0.8434053
 3: k2016     F097 5,000회 이상     5000        0.9522720            0.9530463
 4: k2016     F110 5,000회 이상     5000        1.1687248            1.1648254
 5: k2016    KE110 5,000회 이상     5000        0.9492808            0.9502463
 6: k2016    KE120 5,000회 이상     5000        0.9025287            0.9046091
 7: k2016      S00 5,000회 이상    20000        1.0013495            1.0012040
 8: k2016    VM125 5,000회 이상     5000        0.8581045            0.8659159
 9: k2016    VM150 5,000회 이상    20000        0.7430445            0.7575013
10: k2016    KA075        500회      500        0.9494455            0.9492355
11: k2016     KM05        500회      500        1.0001299            0.9994358
12: k2016     KM10        500회      500        1.0096340            1.0060149
13: k2016      KM2        500회      500        1.0015698            1.0005296
14: k2016      KM5        500회      500        1.0045213            1.0026321
15: k2016    VM080        500회      500        1.1432487            1.1352971
16: k2020     F085        500회      500        0.7637352            0.7678263
17: k2020     F090        500회      500        0.8411260            0.8437706
18: k2020     F097        500회      500        0.9523412            0.9528359
19: k2020     F110        500회      500        1.1665375            1.1629103
20: k2020    KA075        500회      500        0.9538293            0.9538204
21: k2020    KE110        500회      500        0.9474965            0.9482116
22: k2020    KE120        500회      500        0.8995127            0.9013390
23: k2020     KM05        500회      500        1.0004134            1.0000383
24: k2020     KM10        500회      500        1.0094854            1.0066328
25: k2020      KM2        500회      500        1.0020239            1.0012827
26: k2020      KM5        500회      500        1.0048879            1.0034025
27: k2020      S00        500회      500        1.0009881            1.0004874
28: k2020    VM080        500회      500        1.1391849            1.1327144
29: k2020    VM125        500회      500        0.8600730            0.8668630
30: k2020    VM150        500회      500        0.7456939            0.7582889
    model scenario       source n_trials GMR_mean_AUClast GMR_mean_AUCinf_true
    pass_rate_AUClast pass_rate_AUCinf_reliable  agree last_pass_inf_fail
 1:             0.340                     1.860 98.120              0.180
 2:            23.440                    33.360 83.800              3.140
 3:            96.980                    96.760 97.020              1.600
 4:            39.340                    49.220 83.520              3.300
 5:            96.460                    96.120 96.380              1.980
 6:            76.700                    77.220 87.200              6.140
 7:            99.555                    99.520 99.425              0.305
 8:            36.940                    62.880 71.540              1.260
 9:             0.080                     4.675 95.405              0.000
10:            94.800                    97.400 96.600              0.400
11:           100.000                    99.800 99.800              0.200
12:            99.600                    99.600 99.200              0.400
13:           100.000                    99.600 99.600              0.400
14:            99.800                    99.600 99.400              0.400
15:            57.800                    72.800 82.600              1.200
16:             0.400                     2.000 98.400              0.000
17:            22.400                    33.000 87.000              1.200
18:            94.000                    94.600 96.600              1.400
19:            37.600                    46.200 85.800              2.800
20:            92.800                    96.400 95.200              0.600
21:            92.200                    92.400 94.200              2.800
22:            70.800                    73.000 89.400              4.200
23:            99.000                    99.200 99.400              0.200
24:            99.400                    99.000 98.400              1.000
25:            99.000                    99.600 99.000              0.200
26:            99.200                    99.400 99.000              0.400
27:            99.000                    99.400 99.200              0.200
28:            55.200                    69.800 84.200              0.600
29:            35.200                    60.000 73.200              1.000
30:             0.200                     4.200 96.000              0.000
    pass_rate_AUClast pass_rate_AUCinf_reliable  agree last_pass_inf_fail
   model max_abs_GMR_change_pct max_abs_pass_change_pp                worst
1: k2016              1.1799102                    0.4 KM10 AUCinf_reliable
2: k2020              0.8498966                    0.4         KM10 AUClast
