   rows_compared max_abs_diff
1:         20000            0
    scenario        endpoint pass_500   pass_rest pass_all n_all          z
 1:    KE110      AUCinf_all     96.8 97.93333333   97.820  5000 -1.6463488
 2:    KE110 AUCinf_reliable     94.8 96.26666667   96.120  5000 -1.6110719
 3:      S00         AUClast    100.0 99.54358974   99.555 20000  1.5140184
 4:    VM150      AUCinf_all      1.8  2.76410256    2.740 20000 -1.3039716
 5:      S00      AUCinf_all    100.0 99.75384615   99.760 20000  1.1107341
 6:      S00     AUCinf_true    100.0 99.76923077   99.775 20000  1.0753828
 7:    KE110     AUCinf_true     97.2 97.93333333   97.860  5000 -1.0749746
 8:     F085            Cmax     14.8 16.48888889   16.320  5000 -0.9694746
 9:    VM150 AUCinf_reliable      3.8  4.69743590    4.675 20000 -0.9386345
10:      S00 AUCinf_reliable     99.8 99.51282051   99.520 20000  0.9174131
11:    KE120 AUCinf_reliable     75.6 77.40000000   77.220  5000 -0.9104100
12:    VM125      AUCinf_all     64.2 62.31111111   62.500  5000  0.8276696
13:     F110            Cmax     84.6 83.46666667   83.580  5000  0.6489723
14:    VM150         AUClast      0.0  0.08205128    0.080 20000 -0.6407690
15:     F090     AUCinf_true     27.0 28.28888889   28.160  5000 -0.6078862
    outside_mc
 1:      FALSE
 2:      FALSE
 3:      FALSE
 4:      FALSE
 5:      FALSE
 6:      FALSE
 7:      FALSE
 8:      FALSE
 9:      FALSE
10:      FALSE
11:      FALSE
12:      FALSE
13:      FALSE
14:      FALSE
15:      FALSE
MC 오차 밖(|z| > 1.96): 0 / 40 (우연 기대치 약 2 )
