   schedule a_width_B0_pp a_width_pp a_mean_width_rel_decrease a_paired_lo
1:   Bminus      16.65984   16.54955                0.00661976 0.006432566
   a_paired_hi a_label c_reliable_B0 c_reliable c_reliable_gain_pp
1:  0.00679538    감소         86.63     86.565             -0.065
   c_gain_boot_lo c_gain_boot_hi d_extrap20_B0 d_extrap20 d_extrap20_ratio
1:         -0.265           0.12      1.085688   1.405521          1.29459
   d_ratio_boot_lo d_ratio_boot_hi
1:        1.217944         1.39025
                                                                 recommendation
1: Day 50 삭제 권고하지 않음 (AUC0-inf 이차 평가변수와 fallback용 말단 점 확보)
   schedule          base       base_lo      base_hi      noresid   noresid_lo
1:   Bminus  0.0066139727  0.0064325658  0.006795380  0.007357159  0.007201714
2:       D1 -0.0035604322 -0.0037235292 -0.003397335 -0.004334945 -0.004415622
3:       D2 -0.0040547146 -0.0042335446 -0.003875885 -0.005152110 -0.005230668
4:       D3 -0.0006117749 -0.0008978187 -0.000325731 -0.001829484 -0.001966503
5:       D4 -0.0036638474 -0.0038188265 -0.003508868 -0.004382878 -0.004468421
     noresid_hi base_widened noresid_widened                              cause
1:  0.007512604        FALSE           FALSE               해당 없음(확대 아님)
2: -0.004254268         TRUE            TRUE tlast 연장에 따른 꼬리 면적 이질성
3: -0.005073551         TRUE            TRUE tlast 연장에 따른 꼬리 면적 이질성
4: -0.001692465         TRUE            TRUE tlast 연장에 따른 꼬리 면적 이질성
5: -0.004297336         TRUE            TRUE tlast 연장에 따른 꼬리 면적 이질성
