run log: /home/user/dupilumab-sim/logs/individual_schedules_20260924T021955.log

=== variant vmax080_both (곡률: Vmax ×0.8 (양 군)) ===
[====|====|====|====|====|====|====|====|====|====] 0:00:07 

   schedule n_points tlast_median quant_at_last_pct lambda_ok_pct reliable_pct
1:       B0       13     41.32424              11.6          99.7         90.6
2:   Bminus       12     41.20486              11.6          99.7         90.5
3:       D1       15     41.68754              11.6          99.7         92.3
4:       D2       16     41.72252              11.6          99.8         92.1
5:       D3       17     41.72252              11.6          99.9         93.3
6:       D4       15     41.52255              11.6          99.7         91.5
   extrap_median extrap_p95 extrap_gt20_pct extrap_true_median err_tlast_sd
1:          2.26        9.6            0.43               0.53       0.0915
2:          3.17       12.5            1.06               0.86       0.0918
3:          1.12        8.1            0.39               0.23       0.0907
4:          0.95        7.9            0.34               0.18       0.0906
5:          0.79        5.3            0.21               0.16       0.0892
6:          1.13        8.1            0.35               0.22       0.0908
   err_inf_sd AUClast_logcv
1:     0.0918          38.0
2:     0.0923          37.6
3:     0.0911          38.1
4:     0.0911          38.1
5:     0.0895          37.9
6:     0.0912          38.1
