- The project is out-of-sync -- use `renv::status()` for details.
run log: /home/user/dupilumab-sim/logs/individual_schedules_20260923T052558.log

=== variant weight_alt (체중: 평균 72, SD 10, 절단 50–90) ===
[====|====|====|====|====|====|====|====|====|====] 0:00:12 

   schedule n_points tlast_median quant_at_last_pct lambda_ok_pct reliable_pct
1:       B0       13     34.98286               4.5          98.8         87.3
2:   Bminus       12     34.96284               4.5          98.8         87.1
3:       D1       15     37.24000               4.5          98.9         87.9
4:       D2       16     37.26522               4.5          98.9         87.8
5:       D3       17     37.26522               4.5          99.3         90.4
6:       D4       15     35.71028               4.5          98.9         87.4
   extrap_median extrap_p95 extrap_gt20_pct extrap_true_median err_tlast_sd
1:          2.58       11.6            0.84               0.61       0.0934
2:          3.20       13.0            1.24               0.84       0.0936
3:          1.38       10.7            0.72               0.27       0.0929
4:          1.25       10.6            0.71               0.24       0.0928
5:          0.93        7.0            0.48               0.18       0.0917
6:          1.42       10.8            0.69               0.28       0.0930
   err_inf_sd AUClast_logcv
1:     0.0939          40.8
2:     0.0941          40.4
3:     0.0936          40.9
4:     0.0936          40.9
5:     0.0922          40.8
6:     0.0937          40.9

=== variant ada10 (ADA 유사 소집단 10%, 14일 이후 ke ×2) ===
[====|====|====|====|====|====|====|====|====|====] 0:00:12 

   schedule n_points tlast_median quant_at_last_pct lambda_ok_pct reliable_pct
1:       B0       13     34.61373               3.3          98.3         86.3
2:   Bminus       12     34.59335               3.3          98.3         86.1
3:       D1       15     35.32121               3.3          98.4         86.7
4:       D2       16     35.37027               3.3          98.4         86.6
5:       D3       17     35.37027               3.3          99.0         89.1
6:       D4       15     35.01650               3.3          98.4         86.2
   extrap_median extrap_p95 extrap_gt20_pct extrap_true_median err_tlast_sd
1:          2.75       12.2            1.08               0.66       0.0946
2:          3.23       13.4            1.41               0.84       0.0948
3:          1.53       11.4            1.01               0.30       0.0942
4:          1.41       11.3            0.98               0.27       0.0942
5:          0.99        7.9            0.75               0.19       0.0930
6:          1.58       11.4            1.00               0.32       0.0943
   err_inf_sd AUClast_logcv
1:     0.0954          40.3
2:     0.0954          40.0
3:     0.0951          40.5
4:     0.0951          40.5
5:     0.0938          40.4
6:     0.0952          40.5
