- The project is out-of-sync -- use `renv::status()` for details.
run log: /home/user/dupilumab-sim/logs/individual_schedules_20260923T052558.log

=== variant base (기본(Kovalenko 2016)) ===
[====|====|====|====|====|====|====|====|====|====] 0:00:12 

   schedule n_points tlast_median quant_at_last_pct lambda_ok_pct reliable_pct
1:       B0       13     34.77258               3.8          98.6         86.6
2:   Bminus       12     34.76367               3.8          98.5         86.6
3:       D1       15     35.78242               3.8          98.6         87.1
4:       D2       16     35.84326               3.8          98.6         87.0
5:       D3       17     35.84326               3.8          99.1         89.5
6:       D4       15     35.27036               3.8          98.6         86.4
   extrap_median extrap_p95 extrap_gt20_pct extrap_true_median err_tlast_sd
1:          2.71       12.1            1.09               0.64       0.0950
2:          3.26       13.2            1.41               0.84       0.0952
3:          1.49       11.3            0.99               0.29       0.0946
4:          1.36       11.3            0.99               0.25       0.0946
5:          0.97        7.5            0.64               0.19       0.0935
6:          1.56       11.4            1.00               0.30       0.0947
   err_inf_sd AUClast_logcv
1:     0.0960          40.3
2:     0.0961          40.0
3:     0.0957          40.4
4:     0.0957          40.4
5:     0.0943          40.3
6:     0.0958          40.4
