run log: /home/user/dupilumab-sim/logs/individual_schedules_20260924T021955.log

=== variant vmax125_both (곡률: Vmax ×1.25 (양 군)) ===
[====|====|====|====|====|====|====|====|====|====] 0:00:08 

   schedule n_points tlast_median quant_at_last_pct lambda_ok_pct reliable_pct
1:       B0       13     28.24189                 1          96.0         79.6
2:   Bminus       12     28.22967                 1          96.0         79.5
3:       D1       15     28.27181                 1          96.1         79.6
4:       D2       16     28.28969                 1          96.1         79.7
5:       D3       17     30.73940                 1          96.9         82.4
6:       D4       15     28.26457                 1          96.1         79.3
   extrap_median extrap_p95 extrap_gt20_pct extrap_true_median err_tlast_sd
1:          3.56       16.7            3.14               0.93       0.0976
2:          3.81       17.0            3.29               1.03       0.0976
3:          2.52       16.4            3.03               0.55       0.0975
4:          2.46       16.2            3.01               0.52       0.0975
5:          1.50       14.5            2.42               0.29       0.0968
6:          2.64       16.4            3.04               0.59       0.0974
   err_inf_sd AUClast_logcv
1:     0.0991          42.3
2:     0.0990          42.2
3:     0.0992          42.4
4:     0.0993          42.4
5:     0.0987          42.5
6:     0.0991          42.4
