- The project is out-of-sync -- use `renv::status()` for details.
run log: /home/user/dupilumab-sim/logs/individual_schedules_20260923T052558.log

=== variant iiv150 (변동: ω² ×1.5) ===
[====|====|====|====|====|====|====|====|====|====] 0:00:12 

   schedule n_points tlast_median quant_at_last_pct lambda_ok_pct reliable_pct
1:       B0       13     34.73105               6.8          97.8         84.9
2:   Bminus       12     34.71628               6.8          97.8         84.8
3:       D1       15     35.83021               6.8          97.9         86.1
4:       D2       16     35.88965               6.8          97.9         85.9
5:       D3       17     35.88965               6.8          98.5         88.1
6:       D4       15     35.29329               6.8          97.9         85.5
   extrap_median extrap_p95 extrap_gt20_pct extrap_true_median err_tlast_sd
1:          2.85       13.4            1.90               0.70       0.0939
2:          3.53       15.1            2.37               0.95       0.0941
3:          1.63       12.8            1.76               0.33       0.0935
4:          1.46       12.7            1.76               0.29       0.0935
5:          1.08       10.2            1.27               0.21       0.0925
6:          1.66       12.8            1.75               0.35       0.0936
   err_inf_sd AUClast_logcv
1:     0.0953          50.6
2:     0.0953          50.3
3:     0.0951          50.8
4:     0.0951          50.8
5:     0.0940          50.7
6:     0.0952          50.8

=== variant resid12 (잔차: 비례 12%) ===
[====|====|====|====|====|====|====|====|====|====] 0:00:12 

   schedule n_points tlast_median quant_at_last_pct lambda_ok_pct reliable_pct
1:       B0       13     34.79715               3.7          99.5         94.3
2:   Bminus       12     34.77746               3.7          99.5         95.1
3:       D1       15     35.83858               3.7          99.5         94.0
4:       D2       16     35.86249               3.7          99.5         93.8
5:       D3       17     35.86249               3.7          99.6         94.8
6:       D4       15     35.29270               3.7          99.5         93.3
   extrap_median extrap_p95 extrap_gt20_pct extrap_true_median err_tlast_sd
1:          2.87       10.6            0.54               0.63       0.0463
2:          3.47       11.8            0.61               0.81       0.0463
3:          1.50       10.3            0.53               0.28       0.0462
4:          1.40       10.3            0.53               0.25       0.0462
5:          0.98        7.4            0.40               0.19       0.0457
6:          1.59       10.3            0.53               0.29       0.0462
   err_inf_sd AUClast_logcv
1:     0.0480          38.5
2:     0.0479          38.2
3:     0.0482          38.7
4:     0.0483          38.7
5:     0.0475          38.6
6:     0.0483          38.7
