# Key numbers (dupilumab biosimilar Phase 1 PK simulation)

Generated 2026-09-25. Each line names its source file under results/.

## NCA engine (Phoenix WinNonlin-compatible)

- Own engine vs NonCompart 0.8.4 vs PKNCA 0.12.1: lambda-z points identical in 3,054 of 3,054 profile comparisons; largest relative parameter difference 4.9e-13 (nca_engine/engine_validation_summary.csv).
- AUCinf reliability failure at B0 (lambda-z not estimable or flagged; flag set (i) = adjusted R-squared at least 0.80 and extrapolation at most 20%, (ii) adds span ratio at least 2): (i) 13.4% [(ii) 19.3%] (2016 model) and (i) 8.2% [(ii) 16.1%] (Model 1); span ratio below 2 flags 8.3% and 9.2% (reliability/dropout_reasons_by_schedule.csv, reliability/reliability_two_flag_sets_summary.csv).
- Reliability rate, previous vs new engine on the same observations (separate B0-only draw): 86.4% to (i) 86.3% [(ii) 80.3%] (2016 model), 91.4% to (i) 91.4% [(ii) 83.6%] (Model 1); the span ratio flag alone accounts for 98.6% and 99.3% of the drop (nca_engine/engine_difference_individual_B0.csv).

## AUCinf reliability: two flag sets (20,000 subjects per model, B0 conditions)

- Flag set (i): lambda-z estimable, adjusted R-squared at least 0.80, extrapolation at most 20%; flag set (ii): (i) plus span ratio at least 2; span ratio at least 2 is a convention used only by some statistical analysis plans (not a Phoenix feature). Cited as (i) [(ii)].
- Reliable at B0: (i) 86.6% [(ii) 80.7%] (2016 model, 95% CI 86.1 to 87.0 [80.2 to 81.3]) and (i) 91.8% [(ii) 83.9%] (Model 1, 95% CI 91.4 to 92.2 [83.4 to 84.4]); loss from the span ratio alone 5.83 and 7.92 percentage points (reliability/reliability_two_flag_sets_summary.csv).
- Two-model range at B0: reliable (i) 86.6 to 91.8% [(ii) 80.7 to 83.9%]; failing (i) 8.2 to 13.4% [(ii) 16.1 to 19.3%].
- D3 versus B0 (paired, same subjects): 2016 model (i) +2.76 (95% CI 2.25 to 3.26) [(ii) +1.69 (95% CI 1.07 to 2.31)] percentage points; Model 1 (i) +1.24 (95% CI 0.80 to 1.67) [(ii) -1.94 (95% CI -2.58 to -1.29)] percentage points (reliability/reliability_paired_vs_B0.csv; (ii) equals c_reliable_gain_pp of trials/schedule_decision_<variant>.csv).
- D1, D2 and D4 versus B0, both models: (i) -1.02 to +0.38 percentage points [(ii) -3.50 to -0.27 percentage points]; in all of D1 to D4 the loss from the span ratio alone rises by 0.50 to 3.17 percentage points; sign reversed by the span ratio in 2016 model D1, 2016 model D2, Model 1 D3.
- Shortest 3-point lambda-z window from nominal days after Day 22: 14 days at B0 and 7 days in D1 to D4, i.e. half-life limits of 7.0 and 3.5 days for span ratio 2 (reliability/reliability_lz_window_by_schedule.csv).
- Subjects reliable at B0 and span-flagged with added sampling (4 model variants x D1 to D4): window shorter in 98.0 to 100.0%, median window 18.5 to 21.5 days at B0 versus 6.7 to 7.3 days, median half-life 6.27 to 7.45 days versus 3.94 to 4.83 days (longer in only 3.2 to 18.0%), added sampling day in the new window in 97.1 to 99.9% (reliability/reliability_span_transition.csv).
- Criterion (c) (gain of at least 5 percentage points) is met under neither flag set for any variant or schedule; the recommendation is the same under both sets (reliability/reliability_paired_vs_B0.csv).
- Numbers that change with the span ratio criterion: reliability and dropout rates, the change in reliability with added sampling (criterion (c)), the rule A analysis set and the pass rates of G2, F3-A and F3-C (rules A and C). Unchanged: criterion (d), AUClast, Cmax, rule B and the schedule recommendation.

## G2 by AUCinf handling rule and flag set (boundary scenarios, true AUC0-inf ratio 0.80 or 1.25)

- Largest boundary pass rate: 2016 model G2-A(i) 19.91% (95% CI 19.14 to 20.70) in Vmax_up_080 (10,000 trials; above 5% in 4 of 8); 2016 model G2-A(ii) 24.58% (95% CI 23.75 to 25.43) in Vmax_down_125 (10,000 trials; above 5% in 6 of 8); 2016 model G2-B 15.06% (95% CI 14.37 to 15.77) in Vmax_up_080 (10,000 trials; above 5% in 4 of 8); 2016 model G2-C(i) 4.13% (95% CI 3.76 to 4.54) in F_down_080 (10,000 trials; above 5% in 0 of 8); 2016 model G2-C(ii) 3.85% (95% CI 3.49 to 4.25) in ke_up_080 (10,000 trials; above 5% in 0 of 8); 2016 model P2 3.97% (95% CI 3.60 to 4.37) in V2_up_080 (10,000 trials; above 5% in 0 of 8); Model 1 G2-A(i) 17.37% (95% CI 16.64 to 18.13) in Vmax_up_080 (10,000 trials; above 5% in 4 of 8); Model 1 G2-A(ii) 27.60% (95% CI 26.73 to 28.48) in Vmax_down_125 (10,000 trials; above 5% in 6 of 8); Model 1 G2-B 11.87% (95% CI 11.25 to 12.52) in Vmax_up_080 (10,000 trials; above 5% in 4 of 8); Model 1 G2-C(i) 4.63% (95% CI 4.34 to 4.92) in V2_up_080 (20,000 trials; above 5% in 0 of 8); Model 1 G2-C(ii) 5.01% (95% CI 4.71 to 5.32) in V2_up_080 (20,000 trials; above 5% in 1 of 8); Model 1 P2 5.18% (95% CI 4.88 to 5.50) in V2_up_080 (20,000 trials; above 5% in 1 of 8) (oc/g2_rules_flags.csv).

## Sampling cliff (2016 model, 60 to 90 kg, 20,000 subjects)

- True LLOQ reached at study Day 38.5 (5th to 95th percentile 27.2 to 54.2); after Day 58 in 2.5% (cliff/cliff_summary.csv).
- Cliff length: 1.38 days (1-day definition), 2.94 days (2-day definition); cliff starts at 0.88 mg/L (median).
- Two or more samples in the cliff at nominal days, fixed schedules, 1-day definition: at most 0.0%; three or more with daily Day 29 to 57 sampling: 0.0% (cliff/cliff_points.csv).

## Operating characteristics (pre-specified design; primary metric: boundary type I error)

- Design pre-registered in commit 779e068 (oc/prereg.csv).
- Largest boundary type I error of P2 (AUClast + Cmax): 5.18% (95% CI 4.88 to 5.50), Model 1, V2 up, true AUC0-inf ratio 0.80; 20,000 trials (adaptive extension; pre-registered 10,000 trials: 5.32% (95% CI 4.90 to 5.78)) (oc/boundary_type1.csv, oc/extension_decision.csv).
- Largest boundary type I error of G2 (AUCinf + Cmax): 27.60% (95% CI 26.73 to 28.48), Model 1, Vmax down, true ratio 1.25; 10,000 trials.
- Boundary scenarios with P2 above 5%: 1 of 16.
- Power for identical products (10,000 trials): 2016 model P2 99.6% (95% CI 99.4 to 99.7); 2016 model F3-A 99.1% (95% CI 98.9 to 99.2); 2016 model G2 99.3% (95% CI 99.2 to 99.5); Model 1 P2 99.0% (95% CI 98.8 to 99.2); Model 1 F3-A 98.3% (95% CI 98.0 to 98.5); Model 1 G2 98.9% (95% CI 98.7 to 99.1) (oc/power.csv).
- Random product space (secondary metric; depends on the assumed virtual product distribution, log-uniform multipliers F 0.80 to 1.25, ka 0.67 to 1.50, ke 0.80 to 1.25, Vmax 0.67 to 1.50, Km 0.20 to 5, V2 0.90 to 1.11), consumer risk (truth outside, 20,000 products): 2016 model P2 0.14% (95% CI 0.08 to 0.25); 2016 model G2 1.08% (95% CI 0.88 to 1.32); Model 1 P2 0.18% (95% CI 0.11 to 0.29); Model 1 G2 1.39% (95% CI 1.17 to 1.67) (oc/random_space_risks.csv).

## Binding constant (Pillar 3 lead sentence)

- Changing the binding constant (Km) from 0.01 to 100 times keeps the true AUC0-inf ratio within 0.999 to 1.059 (both models; range ends and reachable rows with 200,000 common-random-number subjects, screening scan in between with 20,000). Of the 12 pre-specified targets (0.70 to 1.43) the only reachable one is 1.05 (Km about x84 in the 2016 model and x92 in Model 1). Sources: oc/inversion_all.csv, oc/inversion_scan_k2016_Km.csv, oc/inversion_scan_k2020_Km.csv.

## Preliminary product scenarios (arbitrary multipliers, 2016 model; AUCinf reliability under flag set (ii))

- VM150 (Vmax x1.50), 20,000 trials: AUCinf alone (reliable subjects) passes in 6.50% (95% CI 6.16 to 6.84), above the nominal 5% although the true AUC0-inf ratio 0.758 is outside the limits; AUClast alone passes in 0.075% (95% CI 0.045 to 0.124) (trials5000/products5000_props_base.csv; true ratio = mean trial GMR of the individual model AUC0-inf, fallback/consumer_risk.csv).
- KE120 (ke x1.20), 5,000 trials: AUClast pass with AUCinf (reliable subjects) fail in 7.30% (95% CI 6.61 to 8.05); the true AUC0-inf ratio 0.905 is inside the limits, so these are false negatives of AUCinf (fallback/discordance_classification.csv).

## Sampling density decision (2016 model)

- Final schedule B0. Candidates meeting any pre-specified criterion: none (trials/schedule_decision_base.csv).
- D3 versus B0: AUClast CI width change -0.13% (positive = narrower), reliability gain (i) +2.76 [(ii) +1.69] percentage points, NCA extrapolation above 20% ratio 0.599; 200,000 subjects 0.603 (95% CI 0.583 to 0.624).

## Coverage of total exposure by AUClast (B0, 60 to 90 kg, 20,000 subjects per model)

- True extrapolated share median 0.65% (2016) and 0.64% (Model 1); 95th percentile 3.63% and 3.54%; window coverage (true AUC0-tlast / true AUCinf) below 80%: 0.00 [0.00, 0.02] and 0.00 [0.00, 0.02] (rationale/pillar1_coverage_B0.csv).

## Analysis model: pooled t-test (M0) versus ANOVA with the weight stratum (M1) and ANCOVA with log weight (M2); 16 boundary cells

- AUClast + Cmax (P2): M0 15 conservative, 1 nominal, 0 exceeding; range 0.00% to 5.18%; M1 15 conservative, 0 nominal, 1 exceeding; range 0.00% to 5.63%; M2 15 conservative, 0 nominal, 1 exceeding; range 0.00% to 5.75% (oc_models/type1_models.csv).
- Highest P2 cell: M0 Model 1 V2_up_080: 5.18% (95% CI 4.88 to 5.50); M1 Model 1 V2_up_080: 5.63% (95% CI 5.31 to 5.95) (oc_models/type1_models.csv).
- Between-trial SD of log GMR / median within-trial SE, true AUCinf endpoint: M0 0.961 to 0.993, M1 0.991 to 1.020, M2 0.991 to 1.021 (oc_models/sd_se_models.csv).
- P2 power, identical products: 2016 model M0 99.6% (95% CI 99.4 to 99.7), M1 99.7% (95% CI 99.5 to 99.7); Model 1 M0 99.0% (95% CI 98.8 to 99.2), M1 99.2% (95% CI 99.0 to 99.3) (oc_models/power_models.csv).
- Expectations recorded before the results: M1: unbiased reference (AUCinf_true only) close to 5%: consistent; M1: between-trial SD / within-trial SE close to 1: consistent; P2 rises slightly under M1: consistent; Model 1 V2 x2.28 cell about 5.6% under M1 (exceeding): consistent (oc_models/expectations_check.csv).

## Sensitivity to the study-assay LLOQ (0.02 to 0.5 mg/L; same subjects and residual draws; residual error as estimated unless stated)

- Reliability, flag set (i), 2016 model: 84.2% (0.02), 86.6% (0.078), 88.0% (0.5); with the additive residual scaled to the LLOQ 84.6% at 0.02 (lloq/lloq_individual_table.csv).
- Window coverage below 80%, 2016 model: 0.00% (0.02) to 0.01% (0.5); median true extrapolated share 0.03% to 1.00% (lloq/lloq_individual_table.csv).
- P2 boundary type I error over six LLOQs and three boundary cells (2016 model): M0 2.22% to 4.22%, M1 2.60% to 4.62% (lloq/lloq_trial_type1.csv).

## Sample size for P2 (true GMR 0.95 for both endpoints; Cmax CV and correlation from the 2016 model)

- Power with 117 evaluable per arm: CV 43% 94.0% (M0), 94.5% (M1); CV 50% 87.2% (M0), 88.0% (M1) (sample_size/ss_table_power.csv).
- Evaluable per arm for 90% power: CV 43% 100 (112 randomized) (M0), 97 (108 randomized) (M1); CV 50% 129 (144 randomized) (M0), 126 (140 randomized) (M1); for 85%: CV 43% 85 (95 randomized) (M0), 83 (93 randomized) (M1) (sample_size/ss_table_n_needed.csv).

## Lambda-z reliability criteria convention: sets (i) adj. R-squared 0.80, (ii) (i) + span 2, (iii) adj. R-squared 0.90, (iv) (iii) + span 3 (all with extrapolation at most 20%)

- Without a reliable AUCinf, study population 60 to 90 kg (two models): (i) 8.2 to 13.4%, (ii) 16.1 to 19.3%, (iii) 33.2 to 38.8%, (iv) 65.9 to 72.5% (criteria/criteria_individual.csv).
- G2 (AUCinf + Cmax), M0: rule A (i) 8 of 16 above 5% (8 with the Wilson lower bound above 5%), 0.00% to 19.91%; rule A (iii) 9 of 16 above 5% (8 with the Wilson lower bound above 5%), 0.00% to 17.04%; rule A (iv) 12 of 16 above 5% (9 with the Wilson lower bound above 5%), 0.00% to 27.04%; rule B 8 of 16 above 5% (6 with the Wilson lower bound above 5%), 0.00% to 15.06%; rule C (iii) 1 of 16 above 5% (0 with the Wilson lower bound above 5%), 0.00% to 5.21% (criteria/criteria_g2_type1.csv).
- Decision instability, M0, 16 boundary cells: across all 9 variants median 12.6%, maximum 39.6%; across rules with set (i) median 4.7%, maximum 19.7%, with set (iii) median 6.2%, maximum 20.7%; across sets within rule A median 11.4%, maximum 37.5% (criteria/criteria_instability.csv).

## Trial population (healthy adults, 60 to 90 kg, weight-stratified randomization, B0, 300 mg): evidence for not using AUCinf as a primary endpoint

- Without a reliable AUCinf (two models; 20,000 subjects each): set (i) 8.2% to 13.4%, (ii) 16.1% to 19.3%, (iii) 33.2% to 38.8%, (iv) 65.9% to 72.5% (trialpop/tp_failure_by_set.csv).
- Retained per arm of 117 under rule A, identical-product trials: set (i) median 101/107, 5th to 95th percentile 95 to 112; set (iii) median 72/78, 63 to 86 (trialpop/tp_retained_per_arm.csv).
- Heavier minus lighter stratum, failing (percentage points): set (i) 1.48 to 2.69, set (iii) 2.05 to 2.30 (trialpop/tp_strata_individual.csv).
- Test minus reference, failing set (i) (percentage points): Vmax x1.25 4.27 to 6.64, ke x1.20 -0.16 to 0.05, F x0.97 0.36 to 0.58, identical -0.09 to 0.00 (trialpop/tp_arm_difference.csv).
- Failing minus retained, set (i): body weight 0.81 to 1.13 kg; true AUCinf geometric mean ratio 0.786 to 0.815 (trialpop/tp_characteristics.csv).
- Geometric mean of trial AUClast GMRs versus the true AUCinf ratio: largest absolute difference 0.012 over 20 scenarios (trialpop/tp_gmr_agreement.csv).
- Lambda-z not estimable 0.62% to 1.46%; estimable but failing set (i) 7.6% to 12.0%, set (iii) 32.6% to 37.3% (trialpop/tp_failure_by_set.csv).
- Residual sensitivity, 2016 model: proportional residual 24.2% versus 12%: set (i) 13.4% versus 5.8%, set (iii) 38.8% versus 27.2%, set (iv) 65.9% versus 66.0% (trialpop/tp_residual_sensitivity.csv).
- Arm difference in the share of the heavier stratum (test minus reference), identical products: AUClast analysis set at most 0.85 points (randomization); rule A set (i) 5th to 95th percentile -4.40 to 4.59 points, more than 5 points in 1.6% to 6.5% of trials; set (iii) more than 5 points in 28.6% to 33.4% of trials (trialpop/tp_strata_composition.csv).
- Test minus reference, failing set (i), boundary scenarios (percentage points): Vmax increased to 0.80 7.29 to 11.03, absorption rate decreased to 0.80 10.26 to 12.29, bioavailability decreased to 0.80 2.21 to 3.54, peripheral volume increased to 0.80 -4.06 to -3.49 (trialpop/tp_arm_difference.csv).
- Failing minus retained, true AUCinf geometric mean ratio: set (ii) 0.842 to 0.847, set (iii) 0.895 to 0.928, set (iv) 0.909 to 0.934 (trialpop/tp_characteristics.csv).
- Window coverage (true AUC0-tlast / true AUCinf): median 99.3% to 99.4%, smallest subject 84.3%; observed-to-true ratio of AUClast (observed AUClast / true AUCinf): smallest subject 0.598 to 0.742, symmetric between arms (trialpop/tp_coverage_individual.csv).

## Robustness check only (report Appendix I, not evidence): adult atopic dermatitis body weight (lognormal mean 78 kg, SD 19 kg, 40 to 180 kg; placeholder), 20,000 patients per model variant, B0, 300 mg

- Simulated shares: below 60 kg 16.2%, 60 to 90 kg 59.6%, above 90 kg 24.2%, above 100 kg 12.9% (atopic/atopic_weight_table.csv).
- Without a reliable AUCinf, 2016 model: 14.9% (set (i)) to 39.5% (set (iii)); three variants 8.9% to 15.3% and 33.6% to 39.8%. Set (i) by band, 2016 model: 9.7% below 60 kg, 13.8% at 60 to 90 kg, 21.2% above 90 kg, 23.6% above 100 kg (atopic/atopic_criteria_by_band.csv).
- Sampling-window coverage of the true AUCinf in patients failing set (iii): minimum 79.0%, median 99.5% to 99.8%; observed AUClast / true AUCinf in the same patients: median 95.1% to 96.3% (atopic/atopic_coverage_failing.csv).
- Trials (M0): AUClast bias -0.94% to 0.39%, AUCinf rule A (i) -2.56% to 3.97%; arm difference in failing set (i) at Vmax x1.25 4.59 to 6.99 points (atopic/atopic_trials_bias.csv, atopic_trials_arm_failure.csv).
 
