run_name: oc_curves_k2020
started_utc: 2026-09-30 00:02:56
run_mode: final
master_seed: 20260923
seed_rule_version: 1
git_sha: ffb359360dde71e6e7471f4a4783252bb2a560a1
git_code_clean: TRUE
R_version: R version 4.3.3 (2024-02-29)
rxode2: 5.1.7
BEmaster: not installed
config_sha256:
  assay.yaml: 13bb4e6e5a604962f3e30a9f31dffb53fcfcaa71272e41d6a12413c1cec26604
  crossval_reference.yaml: 4a8ee97a00c6c0ecc2c42373c8d21099adbfc833d3b6e4b1abfbf714653549de
  design_clot2021.yaml: 4b3ddc374dfbf3f451d3fe3d6a865645b0b5d93b0ea7eea9a3f24cd8d2f05da5
  gate_decision.yaml: fec8e5a4376e78560e2945be2c69db22e63e6b6731a2413101efa1ac58cb1838
  literature_core_deck.yaml: ed067a30878b498ed7f584d96695f25a6abb14944cb426992c8036b09acb3a80
  literature_precedents.yaml: 44c48b27ac1afbe90f1e23f55480f148dfa34e03a4dca31a81d29096a0537e67
  nca_rules.yaml: 0f53d9e003bf1df504df24201f06301cabe423babd1078def5c5a4b3b2c1db94
  oc_design.yaml: 629011b264fbc4c3f03f8a3989bac1f2711d49959f3268f5e8f758c80f93ea0a
  params_k2020_model1.yaml: b6e3816238f158ab76cda1edfc4ce9ae49b53fdd4836de8be36bd64664dca96f
  params_typical.yaml: 0661b248227771273d5c58c86c61f35ef655fdeecebe3f188868fd61cff4b801
  params_variability.yaml: b849a4cc3acc6d47f9833392ac4f47ebacc6ad9fa79fcc5848628fd4b5aa99a9
  population_atopic.yaml: a5e5356587a4727996496d247df2f1b007adb6fe7e7a9f98ce81388040495abb
  prereg_20260926.yaml: dc2c9f1bd4d62e13ad9f5f551dcf97eb7ee1359ba13aaa3af8efc063dfc6303e
  prereg_20260929_oc.yaml: 1956b6d4556ba2e1f092b2f8e71c185ed0ec0196337bc66e2a89247ee941801b
  prereg_20260929.yaml: 7da31a299058aa2f7b56584460808cefa80b30d627f205611c2bc6445f9c2613
  repro_check.yaml: a5e8401417d3dd780a21876356e654a5c6b270f9d50eb47de942105cb34d2756
  repro_request.yaml: 0e85501d9e970a1b51dfa4f347f196c7fbd38b3908c4e629ce54451938094eb3
  scenarios.yaml: 7243c4f34f21614eccae4c143ba05b8a9eb9183a76770cfce7153ef30a5dc17c
  schedule_decision.yaml: de62d815c54d33e4016ed7fdb535ede38ae9c0a6350ef8e7e0a26cb5dd9572b2
  trial_design.yaml: 553eceab74155a3497fef1ab587f3b8d2be1319704e17ae1f0e177601726e84f
extra:
  model: k2020
  cells: 28
  cells_near_one: 10
  trial_from: 1
  trial_to: 5000
  cores: 3
session_info:
  R version 4.3.3 (2024-02-29)
  Platform: x86_64-pc-linux-gnu (64-bit)
  Running under: Ubuntu 24.04.4 LTS
  
  Matrix products: default
  BLAS:   /usr/lib/x86_64-linux-gnu/blas/libblas.so.3.12.0 
  LAPACK: /usr/lib/x86_64-linux-gnu/lapack/liblapack.so.3.12.0
  
  locale:
   [1] LC_CTYPE=C.UTF-8       LC_NUMERIC=C           LC_TIME=C.UTF-8       
   [4] LC_COLLATE=C.UTF-8     LC_MONETARY=C.UTF-8    LC_MESSAGES=C.UTF-8   
   [7] LC_PAPER=C.UTF-8       LC_NAME=C              LC_ADDRESS=C          
  [10] LC_TELEPHONE=C         LC_MEASUREMENT=C.UTF-8 LC_IDENTIFICATION=C   
  
  time zone: Etc/UTC
  tzcode source: system (glibc)
  
  attached base packages:
  [1] stats     graphics  grDevices datasets  utils     methods   base     
  
  other attached packages:
  [1] digest_0.6.34      data.table_1.14.10 yaml_2.3.8        
  
  loaded via a namespace (and not attached):
   [1] gtable_0.3.4       crayon_1.5.2       dplyr_1.1.4        compiler_4.3.3    
   [5] renv_1.2.4         tidyselect_1.2.0   Rcpp_1.1.2         scales_1.3.0      
   [9] fastmap_1.1.1      ggplot2_3.4.4      R6_2.5.1           generics_0.1.3    
  [13] knitr_1.45         backports_1.4.1    checkmate_2.3.1    tibble_3.2.1      
  [17] munsell_0.5.0      pillar_1.9.0       R.utils_2.12.3     rlang_1.1.3       
  [21] utf8_1.2.4         cachem_1.0.8       xfun_0.41          sys_3.4.2         
  [25] RcppParallel_6.2.1 memoise_2.0.1      cli_3.6.2          magrittr_2.0.3    
  [29] grid_4.3.3         rxode2ll_2.0.18    lotri_1.0.5        lifecycle_1.0.4   
  [33] dparser_1.3.1-13   R.methodsS3_1.8.2  R.oo_1.26.0        vctrs_0.6.5       
  [37] glue_1.7.0         rxode2_5.1.7       PreciseSums_0.7    fansi_1.0.5       
  [41] colorspace_2.1-0   tools_4.3.3        pkgconfig_2.0.3   
[00:02:56] k2020: 28 cells (10 with 5000 trials, 18 with 2000 trials), trials 1-5000, cores 3, output /home/user/dupilumab-sim/results/oc_curves/oc_curves_be_k2020.csv.gz
[00:03:02] check: trial 2000 gives identical results for the 0.95/1.05 cells with the full and the reduced scenario list (360 rows)
[00:07:29] trials 2501-3000 done in 4.448538 mins (5000 scenario-trials)
[00:11:58] trials 3001-3500 done in 4.48375 mins (5000 scenario-trials)
[00:16:21] trials 3501-4000 done in 4.384146 mins (5000 scenario-trials)
[00:20:48] trials 4001-4500 done in 4.440104 mins (5000 scenario-trials)
[00:25:13] trials 4501-5000 done in 4.412744 mins (5000 scenario-trials)
[00:25:13] done: M0 matched 0 stored oc_trials_be rows; output /home/user/dupilumab-sim/results/oc_curves/oc_curves_be_k2020.csv.gz
