run log: /home/user/dupilumab-sim/logs/oc_inversion_k2016_ka_20260924T142941.log
[====|====|====|====|====|====|====|====|====|====] 0:00:04 

[====|====|====|====|====|====|====|====|====|====] 0:00:04 

[====|====|====|====|====|====|====|====|====|====] 0:00:04 

[====|====|====|====|====|====|====|====|====|====] 0:00:04 

[====|====|====|====|====|====|====|====|====|====] 0:00:04 

[====|====|====|====|====|====|====|====|====|====] 0:00:04 

[====|====|====|====|====|====|====|====|====|====] 0:00:04 

[====|====|====|====|====|====|====|====|====|====] 0:00:05 

[====|====|====|====|====|====|====|====|====|====] 0:00:05 

[====|====|====|====|====|====|====|====|====|====] 0:00:05 

[====|====|====|====|====|====|====|====|====|====] 0:00:03 

[====|====|====|====|====|====|====|====|====|====] 0:00:05 

[====|====|====|====|====|====|====|====|====|====] 0:00:04 

[====|====|====|====|====|====|====|====|====|====] 0:00:05 

[====|====|====|====|====|====|====|====|====|====] 0:00:04 

[14:31:57] ka down scan 2.25664 mins: ratio 0.0750 .. 0.9684
[====|====|====|====|====|====|====|====|====|====] 0:00:04 

[====|====|====|====|====|====|====|====|====|====] 0:00:04 

[====|====|====|====|====|====|====|====|====|====] 0:00:04 

[====|====|====|====|====|====|====|====|====|====] 0:00:04 

[====|====|====|====|====|====|====|====|====|====] 0:00:04 

[====|====|====|====|====|====|====|====|====|====] 0:00:04 

[====|====|====|====|====|====|====|====|====|====] 0:00:04 

[====|====|====|====|====|====|====|====|====|====] 0:00:04 

[====|====|====|====|====|====|====|====|====|====] 0:00:05 

[====|====|====|====|====|====|====|====|====|====] 0:00:05 

[====|====|====|====|====|====|====|====|====|====] 0:00:05 

[====|====|====|====|====|====|====|====|====|====] 0:00:05 

[====|====|====|====|====|====|====|====|====|====] 0:00:05 

[====|====|====|====|====|====|====|====|====|====] 0:00:05 

[====|====|====|====|====|====|====|====|====|====] 0:00:05 

[====|====|====|====|====|====|====|====|====|====] 0:00:05 

[====|====|====|====|====|====|====|====|====|====] 0:00:05 

[====|====|====|====|====|====|====|====|====|====] 0:00:05 

[====|====|====|====|====|====|====|====|====|====] 0:00:04 

[====|====|====|====|====|====|====|====|====|====] 0:00:04 

[====|====|====|====|====|====|====|====|====|====] 0:00:04 

[====|====|====|====|====|====|====|====|====|====] 0:00:04 

[====|====|====|====|====|====|====|====|====|====] 0:00:04 

[====|====|====|====|====|====|====|====|====|====] 0:00:04 

[====|====|====|====|====|====|====|====|====|====] 0:00:04 

[====|====|====|====|====|====|====|====|====|====] 0:00:04 

[====|====|====|====|====|====|====|====|====|====] 0:00:04 

[====|====|====|====|====|====|====|====|====|====] 0:00:04 

[====|====|====|====|====|====|====|====|====|====] 0:00:04 

[====|====|====|====|====|====|====|====|====|====] 0:00:04 

[====|====|====|====|====|====|====|====|====|====] 0:00:04 

[====|====|====|====|====|====|====|====|====|====] 0:00:04 

[====|====|====|====|====|====|====|====|====|====] 0:00:04 

[====|====|====|====|====|====|====|====|====|====] 0:00:04 

[====|====|====|====|====|====|====|====|====|====] 0:00:04 

[====|====|====|====|====|====|====|====|====|====] 0:00:04 

[====|====|====|====|====|====|====|====|====|====] 0:00:04 

[====|====|====|====|====|====|====|====|====|====] 0:00:04 

[====|====|====|====|====|====|====|====|====|====] 0:00:04 

[====|====|====|====|====|====|====|====|====|====] 0:00:04 

[====|====|====|====|====|====|====|====|====|====] 0:00:04 

[====|====|====|====|====|====|====|====|====|====] 0:00:04 

[====|====|====|====|====|====|====|====|====|====] 0:00:04 

[====|====|====|====|====|====|====|====|====|====] 0:00:04 

[====|====|====|====|====|====|====|====|====|====] 0:00:04 

[====|====|====|====|====|====|====|====|====|====] 0:00:04 

[====|====|====|====|====|====|====|====|====|====] 0:00:04 

[====|====|====|====|====|====|====|====|====|====] 0:00:04 

[====|====|====|====|====|====|====|====|====|====] 0:00:04 

[====|====|====|====|====|====|====|====|====|====] 0:00:04 

[====|====|====|====|====|====|====|====|====|====] 0:00:04 

[====|====|====|====|====|====|====|====|====|====] 0:00:04 

[====|====|====|====|====|====|====|====|====|====] 0:00:04 

[====|====|====|====|====|====|====|====|====|====] 0:00:04 

[====|====|====|====|====|====|====|====|====|====] 0:00:04 

[====|====|====|====|====|====|====|====|====|====] 0:00:04 

[====|====|====|====|====|====|====|====|====|====] 0:00:04 

[====|====|====|====|====|====|====|====|====|====] 0:00:04 

[====|====|====|====|====|====|====|====|====|====] 0:00:04 

[====|====|====|====|====|====|====|====|====|====] 0:00:04 

[====|====|====|====|====|====|====|====|====|====] 0:00:04 

[====|====|====|====|====|====|====|====|====|====] 0:00:04 

[====|====|====|====|====|====|====|====|====|====] 0:00:04 

[====|====|====|====|====|====|====|====|====|====] 0:00:04 

[====|====|====|====|====|====|====|====|====|====] 0:00:04 

[====|====|====|====|====|====|====|====|====|====] 0:00:04 

[====|====|====|====|====|====|====|====|====|====] 0:00:04 

[====|====|====|====|====|====|====|====|====|====] 0:00:04 

[====|====|====|====|====|====|====|====|====|====] 0:00:04 

[====|====|====|====|====|====|====|====|====|====] 0:00:04 

[====|====|====|====|====|====|====|====|====|====] 0:00:04 

[====|====|====|====|====|====|====|====|====|====] 0:00:04 

[====|====|====|====|====|====|====|====|====|====] 0:00:04 

[====|====|====|====|====|====|====|====|====|====] 0:00:04 

[====|====|====|====|====|====|====|====|====|====] 0:00:04 

[====|====|====|====|====|====|====|====|====|====] 0:00:04 

[====|====|====|====|====|====|====|====|====|====] 0:00:04 

[====|====|====|====|====|====|====|====|====|====] 0:00:04 

[====|====|====|====|====|====|====|====|====|====] 0:00:05 

[====|====|====|====|====|====|====|====|====|====] 0:00:05 

[====|====|====|====|====|====|====|====|====|====] 0:00:05 

[====|====|====|====|====|====|====|====|====|====] 0:00:05 

[====|====|====|====|====|====|====|====|====|====] 0:00:05 

[====|====|====|====|====|====|====|====|====|====] 0:00:05 

[====|====|====|====|====|====|====|====|====|====] 0:00:05 

[====|====|====|====|====|====|====|====|====|====] 0:00:05 

[====|====|====|====|====|====|====|====|====|====] 0:00:05 

[====|====|====|====|====|====|====|====|====|====] 0:00:05 

[14:47:05]   target 0.70: m = 0.34703, AUC 0.70002 (screen iters 8, full 6), Cmax 0.5238
[====|====|====|====|====|====|====|====|====|====] 0:00:04 

[====|====|====|====|====|====|====|====|====|====] 0:00:04 

[====|====|====|====|====|====|====|====|====|====] 0:00:04 

[====|====|====|====|====|====|====|====|====|====] 0:00:04 

[====|====|====|====|====|====|====|====|====|====] 0:00:05 

[====|====|====|====|====|====|====|====|====|====] 0:00:05 

[====|====|====|====|====|====|====|====|====|====] 0:00:05 

[====|====|====|====|====|====|====|====|====|====] 0:00:05 

[====|====|====|====|====|====|====|====|====|====] 0:00:05 

[====|====|====|====|====|====|====|====|====|====] 0:00:05 

[====|====|====|====|====|====|====|====|====|====] 0:00:05 

[====|====|====|====|====|====|====|====|====|====] 0:00:05 

[====|====|====|====|====|====|====|====|====|====] 0:00:05 

[====|====|====|====|====|====|====|====|====|====] 0:00:05 

[====|====|====|====|====|====|====|====|====|====] 0:00:04 

[====|====|====|====|====|====|====|====|====|====] 0:00:04 

[====|====|====|====|====|====|====|====|====|====] 0:00:04 

[====|====|====|====|====|====|====|====|====|====] 0:00:04 

[====|====|====|====|====|====|====|====|====|====] 0:00:04 

[====|====|====|====|====|====|====|====|====|====] 0:00:04 

[====|====|====|====|====|====|====|====|====|====] 0:00:04 

[====|====|====|====|====|====|====|====|====|====] 0:00:04 

[====|====|====|====|====|====|====|====|====|====] 0:00:04 

[====|====|====|====|====|====|====|====|====|====] 0:00:04 

[====|====|====|====|====|====|====|====|====|====] 0:00:04 

[====|====|====|====|====|====|====|====|====|====] 0:00:04 

[====|====|====|====|====|====|====|====|====|====] 0:00:04 

[====|====|====|====|====|====|====|====|====|====] 0:00:04 

[====|====|====|====|====|====|====|====|====|====] 0:00:04 

[====|====|====|====|====|====|====|====|====|====] 0:00:04 

[====|====|====|====|====|====|====|====|====|====] 0:00:04 

[====|====|====|====|====|====|====|====|====|====] 0:00:04 

[====|====|====|====|====|====|====|====|====|====] 0:00:04 

[====|====|====|====|====|====|====|====|====|====] 0:00:04 

[====|====|====|====|====|====|====|====|====|====] 0:00:04 

[====|====|====|====|====|====|====|====|====|====] 0:00:04 

[====|====|====|====|====|====|====|====|====|====] 0:00:04 

[====|====|====|====|====|====|====|====|====|====] 0:00:04 

[====|====|====|====|====|====|====|====|====|====] 0:00:04 

[====|====|====|====|====|====|====|====|====|====] 0:00:04 

[====|====|====|====|====|====|====|====|====|====] 0:00:04 

[====|====|====|====|====|====|====|====|====|====] 0:00:04 

[====|====|====|====|====|====|====|====|====|====] 0:00:04 

[====|====|====|====|====|====|====|====|====|====] 0:00:04 

[====|====|====|====|====|====|====|====|====|====] 0:00:04 

[====|====|====|====|====|====|====|====|====|====] 0:00:04 

[====|====|====|====|====|====|====|====|====|====] 0:00:04 

[====|====|====|====|====|====|====|====|====|====] 0:00:04 

[====|====|====|====|====|====|====|====|====|====] 0:00:04 

[====|====|====|====|====|====|====|====|====|====] 0:00:04 

[====|====|====|====|====|====|====|====|====|====] 0:00:04 

[====|====|====|====|====|====|====|====|====|====] 0:00:04 

[====|====|====|====|====|====|====|====|====|====] 0:00:04 

[====|====|====|====|====|====|====|====|====|====] 0:00:04 

[====|====|====|====|====|====|====|====|====|====] 0:00:04 

[====|====|====|====|====|====|====|====|====|====] 0:00:04 

[====|====|====|====|====|====|====|====|====|====] 0:00:04 

[====|====|====|====|====|====|====|====|====|====] 0:00:04 

[====|====|====|====|====|====|====|====|====|====] 0:00:04 

[====|====|====|====|====|====|====|====|====|====] 0:00:04 

[====|====|====|====|====|====|====|====|====|====] 0:00:04 

[====|====|====|====|====|====|====|====|====|====] 0:00:04 

[====|====|====|====|====|====|====|====|====|====] 0:00:04 

[====|====|====|====|====|====|====|====|====|====] 0:00:04 

[====|====|====|====|====|====|====|====|====|====] 0:00:04 

[====|====|====|====|====|====|====|====|====|====] 0:00:04 

[====|====|====|====|====|====|====|====|====|====] 0:00:04 

[====|====|====|====|====|====|====|====|====|====] 0:00:04 

[====|====|====|====|====|====|====|====|====|====] 0:00:04 

[====|====|====|====|====|====|====|====|====|====] 0:00:04 

[====|====|====|====|====|====|====|====|====|====] 0:00:04 

[====|====|====|====|====|====|====|====|====|====] 0:00:04 

[====|====|====|====|====|====|====|====|====|====] 0:00:04 

[====|====|====|====|====|====|====|====|====|====] 0:00:04 

[====|====|====|====|====|====|====|====|====|====] 0:00:05 

[====|====|====|====|====|====|====|====|====|====] 0:00:05 

[====|====|====|====|====|====|====|====|====|====] 0:00:05 

[====|====|====|====|====|====|====|====|====|====] 0:00:05 

[====|====|====|====|====|====|====|====|====|====] 0:00:05 

[====|====|====|====|====|====|====|====|====|====] 0:00:05 

[====|====|====|====|====|====|====|====|====|====] 0:00:05 

[====|====|====|====|====|====|====|====|====|====] 0:00:05 

[====|====|====|====|====|====|====|====|====|====] 0:00:05 

[====|====|====|====|====|====|====|====|====|====] 0:00:05 

[14:59:38]   target 0.75: m = 0.38891, AUC 0.75026 (screen iters 4, full 6), Cmax 0.5755
[====|====|====|====|====|====|====|====|====|====] 0:00:04 

[====|====|====|====|====|====|====|====|====|====] 0:00:04 

[====|====|====|====|====|====|====|====|====|====] 0:00:04 

[====|====|====|====|====|====|====|====|====|====] 0:00:04 

[====|====|====|====|====|====|====|====|====|====] 0:00:04 

[====|====|====|====|====|====|====|====|====|====] 0:00:04 

[====|====|====|====|====|====|====|====|====|====] 0:00:04 

[====|====|====|====|====|====|====|====|====|====] 0:00:05 

[====|====|====|====|====|====|====|====|====|====] 0:00:06 

[====|====|====|====|====|====|====|====|====|====] 0:00:05 

[====|====|====|====|====|====|====|====|====|====] 0:00:05 

[====|====|====|====|====|====|====|====|====|====] 0:00:06 

[====|====|====|====|====|====|====|====|====|====] 0:00:05 

[====|====|====|====|====|====|====|====|====|====] 0:00:05 

[====|====|====|====|====|====|====|====|====|====] 0:00:05 

[====|====|====|====|====|====|====|====|====|====] 0:00:05 

[====|====|====|====|====|====|====|====|====|====] 0:00:05 

[15:02:29]   target 0.80: m = 0.44043, AUC 0.79930 (screen iters 7, full 0), Cmax 0.6320
[====|====|====|====|====|====|====|====|====|====] 0:00:04 

[====|====|====|====|====|====|====|====|====|====] 0:00:04 

[====|====|====|====|====|====|====|====|====|====] 0:00:04 

[====|====|====|====|====|====|====|====|====|====] 0:00:04 

[====|====|====|====|====|====|====|====|====|====] 0:00:04 

[====|====|====|====|====|====|====|====|====|====] 0:00:04 

[====|====|====|====|====|====|====|====|====|====] 0:00:04 

[====|====|====|====|====|====|====|====|====|====] 0:00:04 

[====|====|====|====|====|====|====|====|====|====] 0:00:05 

[====|====|====|====|====|====|====|====|====|====] 0:00:05 

[====|====|====|====|====|====|====|====|====|====] 0:00:05 

[====|====|====|====|====|====|====|====|====|====] 0:00:05 

[====|====|====|====|====|====|====|====|====|====] 0:00:05 

[====|====|====|====|====|====|====|====|====|====] 0:00:05 

[====|====|====|====|====|====|====|====|====|====] 0:00:05 

[====|====|====|====|====|====|====|====|====|====] 0:00:05 

[====|====|====|====|====|====|====|====|====|====] 0:00:05 

[====|====|====|====|====|====|====|====|====|====] 0:00:05 

[15:05:31]   target 0.85: m = 0.50975, AUC 0.84956 (screen iters 8, full 0), Cmax 0.6983
[====|====|====|====|====|====|====|====|====|====] 0:00:04 

[====|====|====|====|====|====|====|====|====|====] 0:00:04 

[====|====|====|====|====|====|====|====|====|====] 0:00:04 

[====|====|====|====|====|====|====|====|====|====] 0:00:04 

[====|====|====|====|====|====|====|====|====|====] 0:00:04 

[====|====|====|====|====|====|====|====|====|====] 0:00:04 

[====|====|====|====|====|====|====|====|====|====] 0:00:05 

[====|====|====|====|====|====|====|====|====|====] 0:00:05 

[====|====|====|====|====|====|====|====|====|====] 0:00:05 

[====|====|====|====|====|====|====|====|====|====] 0:00:05 

[====|====|====|====|====|====|====|====|====|====] 0:00:05 

[====|====|====|====|====|====|====|====|====|====] 0:00:05 

[====|====|====|====|====|====|====|====|====|====] 0:00:05 

[====|====|====|====|====|====|====|====|====|====] 0:00:05 

[====|====|====|====|====|====|====|====|====|====] 0:00:05 

[====|====|====|====|====|====|====|====|====|====] 0:00:05 

[15:08:12]   target 0.90: m = 0.60611, AUC 0.89981 (screen iters 6, full 0), Cmax 0.7766
[====|====|====|====|====|====|====|====|====|====] 0:00:04 

[====|====|====|====|====|====|====|====|====|====] 0:00:04 

[====|====|====|====|====|====|====|====|====|====] 0:00:04 

[====|====|====|====|====|====|====|====|====|====] 0:00:04 

[====|====|====|====|====|====|====|====|====|====] 0:00:04 

[====|====|====|====|====|====|====|====|====|====] 0:00:04 

[====|====|====|====|====|====|====|====|====|====] 0:00:04 

[====|====|====|====|====|====|====|====|====|====] 0:00:05 

[====|====|====|====|====|====|====|====|====|====] 0:00:05 

[====|====|====|====|====|====|====|====|====|====] 0:00:05 

[====|====|====|====|====|====|====|====|====|====] 0:00:05 

[====|====|====|====|====|====|====|====|====|====] 0:00:05 

[====|====|====|====|====|====|====|====|====|====] 0:00:05 

[====|====|====|====|====|====|====|====|====|====] 0:00:05 

[====|====|====|====|====|====|====|====|====|====] 0:00:05 

[====|====|====|====|====|====|====|====|====|====] 0:00:05 

[====|====|====|====|====|====|====|====|====|====] 0:00:05 

[15:11:07]   target 0.95: m = 0.75102, AUC 0.94991 (screen iters 7, full 0), Cmax 0.8730
[====|====|====|====|====|====|====|====|====|====] 0:00:06 

[====|====|====|====|====|====|====|====|====|====] 0:00:04 

[====|====|====|====|====|====|====|====|====|====] 0:00:06 

[====|====|====|====|====|====|====|====|====|====] 0:00:04 

[====|====|====|====|====|====|====|====|====|====] 0:00:05 

[====|====|====|====|====|====|====|====|====|====] 0:00:04 

[====|====|====|====|====|====|====|====|====|====] 0:00:05 

[====|====|====|====|====|====|====|====|====|====] 0:00:04 

[====|====|====|====|====|====|====|====|====|====] 0:00:06 

[====|====|====|====|====|====|====|====|====|====] 0:00:04 

[====|====|====|====|====|====|====|====|====|====] 0:00:06 

[====|====|====|====|====|====|====|====|====|====] 0:00:04 

[====|====|====|====|====|====|====|====|====|====] 0:00:06 

[====|====|====|====|====|====|====|====|====|====] 0:00:05 

[====|====|====|====|====|====|====|====|====|====] 0:00:06 

[====|====|====|====|====|====|====|====|====|====] 0:00:04 

[====|====|====|====|====|====|====|====|====|====] 0:00:06 

[====|====|====|====|====|====|====|====|====|====] 0:00:04 

[====|====|====|====|====|====|====|====|====|====] 0:00:06 

[====|====|====|====|====|====|====|====|====|====] 0:00:05 

[====|====|====|====|====|====|====|====|====|====] 0:00:04 

[====|====|====|====|====|====|====|====|====|====] 0:00:04 

[====|====|====|====|====|====|====|====|====|====] 0:00:04 

[====|====|====|====|====|====|====|====|====|====] 0:00:04 

[====|====|====|====|====|====|====|====|====|====] 0:00:04 

[====|====|====|====|====|====|====|====|====|====] 0:00:04 

[====|====|====|====|====|====|====|====|====|====] 0:00:04 

[====|====|====|====|====|====|====|====|====|====] 0:00:04 

[====|====|====|====|====|====|====|====|====|====] 0:00:04 

[====|====|====|====|====|====|====|====|====|====] 0:00:04 

[====|====|====|====|====|====|====|====|====|====] 0:00:04 

[====|====|====|====|====|====|====|====|====|====] 0:00:05 

[15:15:58] ka up scan 1.5522 mins: ratio 1.0251 .. 1.1176
[====|====|====|====|====|====|====|====|====|====] 0:00:06 

[====|====|====|====|====|====|====|====|====|====] 0:00:06 

[====|====|====|====|====|====|====|====|====|====] 0:00:06 

[====|====|====|====|====|====|====|====|====|====] 0:00:06 

[====|====|====|====|====|====|====|====|====|====] 0:00:06 

[====|====|====|====|====|====|====|====|====|====] 0:00:06 

[====|====|====|====|====|====|====|====|====|====] 0:00:06 

[====|====|====|====|====|====|====|====|====|====] 0:00:06 

[====|====|====|====|====|====|====|====|====|====] 0:00:06 

[====|====|====|====|====|====|====|====|====|====] 0:00:06 

[====|====|====|====|====|====|====|====|====|====] 0:00:04 

[====|====|====|====|====|====|====|====|====|====] 0:00:04 

[====|====|====|====|====|====|====|====|====|====] 0:00:04 

[====|====|====|====|====|====|====|====|====|====] 0:00:04 

[====|====|====|====|====|====|====|====|====|====] 0:00:04 

[====|====|====|====|====|====|====|====|====|====] 0:00:05 

[====|====|====|====|====|====|====|====|====|====] 0:00:05 

[====|====|====|====|====|====|====|====|====|====] 0:00:05 

[====|====|====|====|====|====|====|====|====|====] 0:00:05 

[====|====|====|====|====|====|====|====|====|====] 0:00:05 

[====|====|====|====|====|====|====|====|====|====] 0:00:05 

[====|====|====|====|====|====|====|====|====|====] 0:00:05 

[====|====|====|====|====|====|====|====|====|====] 0:00:05 

[====|====|====|====|====|====|====|====|====|====] 0:00:05 

[====|====|====|====|====|====|====|====|====|====] 0:00:05 

[15:20:43]   target 1.05: m = 1.54919, AUC 1.05007 (screen iters 5, full 0), Cmax 1.1868
[====|====|====|====|====|====|====|====|====|====] 0:00:04 

[====|====|====|====|====|====|====|====|====|====] 0:00:04 

[====|====|====|====|====|====|====|====|====|====] 0:00:04 

[====|====|====|====|====|====|====|====|====|====] 0:00:05 

[====|====|====|====|====|====|====|====|====|====] 0:00:06 

[====|====|====|====|====|====|====|====|====|====] 0:00:06 

[====|====|====|====|====|====|====|====|====|====] 0:00:05 

[====|====|====|====|====|====|====|====|====|====] 0:00:06 

[====|====|====|====|====|====|====|====|====|====] 0:00:05 

[====|====|====|====|====|====|====|====|====|====] 0:00:05 

[====|====|====|====|====|====|====|====|====|====] 0:00:06 

[====|====|====|====|====|====|====|====|====|====] 0:00:06 

[====|====|====|====|====|====|====|====|====|====] 0:00:06 

[15:23:11]   target 1.11: m = 6.04296, AUC 1.11033 (screen iters 3, full 0), Cmax 1.6616
    mechanism direction target reachable multiplier auc_ratio cmax_ratio
 1:        ka      down   0.70      TRUE     0.3470    0.7000     0.5238
 2:        ka      down   0.75      TRUE     0.3889    0.7503     0.5755
 3:        ka      down   0.80      TRUE     0.4404    0.7993     0.6320
 4:        ka      down   0.85      TRUE     0.5097    0.8496     0.6983
 5:        ka      down   0.90      TRUE     0.6061    0.8998     0.7766
 6:        ka      down   0.95      TRUE     0.7510    0.9499     0.8730
 7:        ka      down   1.05     FALSE         NA        NA         NA
 8:        ka      down   1.11     FALSE         NA        NA         NA
 9:        ka      down   1.18     FALSE         NA        NA         NA
10:        ka      down   1.25     FALSE         NA        NA         NA
11:        ka      down   1.33     FALSE         NA        NA         NA
12:        ka      down   1.43     FALSE         NA        NA         NA
13:        ka        up   0.70     FALSE         NA        NA         NA
14:        ka        up   0.75     FALSE         NA        NA         NA
15:        ka        up   0.80     FALSE         NA        NA         NA
16:        ka        up   0.85     FALSE         NA        NA         NA
17:        ka        up   0.90     FALSE         NA        NA         NA
18:        ka        up   0.95     FALSE         NA        NA         NA
19:        ka        up   1.05      TRUE     1.5492    1.0501     1.1868
20:        ka        up   1.11      TRUE     6.0430    1.1103     1.6616
21:        ka        up   1.18     FALSE         NA        NA         NA
22:        ka        up   1.25     FALSE         NA        NA         NA
23:        ka        up   1.33     FALSE         NA        NA         NA
24:        ka        up   1.43     FALSE         NA        NA         NA
    mechanism direction target reachable multiplier auc_ratio cmax_ratio
    end_auc_ratio
 1:            NA
 2:            NA
 3:            NA
 4:            NA
 5:            NA
 6:            NA
 7:       0.07589
 8:       0.07589
 9:       0.07589
10:       0.07589
11:       0.07589
12:       0.07589
13:       1.11787
14:       1.11787
15:       1.11787
16:       1.11787
17:       1.11787
18:       1.11787
19:            NA
20:            NA
21:       1.11787
22:       1.11787
23:       1.11787
24:       1.11787
    end_auc_ratio
