run log: /home/user/dupilumab-sim/logs/oc_inversion_k2016_ke_20260924T134159.log
[====|====|====|====|====|====|====|====|====|====] 0:00:04 

[====|====|====|====|====|====|====|====|====|====] 0:00:04 

[====|====|====|====|====|====|====|====|====|====] 0:00:04 

[====|====|====|====|====|====|====|====|====|====] 0:00:04 

[====|====|====|====|====|====|====|====|====|====] 0:00:04 

[====|====|====|====|====|====|====|====|====|====] 0:00:04 

[====|====|====|====|====|====|====|====|====|====] 0:00:04 

[====|====|====|====|====|====|====|====|====|====] 0:00:04 

[====|====|====|====|====|====|====|====|====|====] 0:00:04 

[====|====|====|====|====|====|====|====|====|====] 0:00:04 

[====|====|====|====|====|====|====|====|====|====] 0:00:04 

[====|====|====|====|====|====|====|====|====|====] 0:00:04 

[13:44:12] ke down scan 2.206914 mins: ratio 1.1041 .. 2.0341
[====|====|====|====|====|====|====|====|====|====] 0:00:05 

[====|====|====|====|====|====|====|====|====|====] 0:00:05 

[====|====|====|====|====|====|====|====|====|====] 0:00:05 

[====|====|====|====|====|====|====|====|====|====] 0:00:05 

[====|====|====|====|====|====|====|====|====|====] 0:00:05 

[====|====|====|====|====|====|====|====|====|====] 0:00:05 

[====|====|====|====|====|====|====|====|====|====] 0:00:05 

[====|====|====|====|====|====|====|====|====|====] 0:00:05 

[====|====|====|====|====|====|====|====|====|====] 0:00:05 

[====|====|====|====|====|====|====|====|====|====] 0:00:05 

[====|====|====|====|====|====|====|====|====|====] 0:00:04 

[====|====|====|====|====|====|====|====|====|====] 0:00:04 

[====|====|====|====|====|====|====|====|====|====] 0:00:04 

[====|====|====|====|====|====|====|====|====|====] 0:00:04 

[====|====|====|====|====|====|====|====|====|====] 0:00:04 

[====|====|====|====|====|====|====|====|====|====] 0:00:04 

[====|====|====|====|====|====|====|====|====|====] 0:00:05 

[====|====|====|====|====|====|====|====|====|====] 0:00:05 

[====|====|====|====|====|====|====|====|====|====] 0:00:05 

[====|====|====|====|====|====|====|====|====|====] 0:00:05 

[====|====|====|====|====|====|====|====|====|====] 0:00:05 

[====|====|====|====|====|====|====|====|====|====] 0:00:05 

[====|====|====|====|====|====|====|====|====|====] 0:00:05 

[====|====|====|====|====|====|====|====|====|====] 0:00:05 

[====|====|====|====|====|====|====|====|====|====] 0:00:05 

[====|====|====|====|====|====|====|====|====|====] 0:00:05 

[13:51:45]   target 1.05: m = 0.91125, AUC 1.05008 (screen iters 6, full 0), Cmax 1.0151
[====|====|====|====|====|====|====|====|====|====] 0:00:04 

[====|====|====|====|====|====|====|====|====|====] 0:00:04 

[====|====|====|====|====|====|====|====|====|====] 0:00:04 

[====|====|====|====|====|====|====|====|====|====] 0:00:04 

[====|====|====|====|====|====|====|====|====|====] 0:00:04 

[====|====|====|====|====|====|====|====|====|====] 0:00:04 

[====|====|====|====|====|====|====|====|====|====] 0:00:04 

[====|====|====|====|====|====|====|====|====|====] 0:00:05 

[====|====|====|====|====|====|====|====|====|====] 0:00:05 

[====|====|====|====|====|====|====|====|====|====] 0:00:05 

[====|====|====|====|====|====|====|====|====|====] 0:00:05 

[====|====|====|====|====|====|====|====|====|====] 0:00:05 

[====|====|====|====|====|====|====|====|====|====] 0:00:05 

[====|====|====|====|====|====|====|====|====|====] 0:00:05 

[====|====|====|====|====|====|====|====|====|====] 0:00:05 

[====|====|====|====|====|====|====|====|====|====] 0:00:05 

[====|====|====|====|====|====|====|====|====|====] 0:00:05 

[13:55:33]   target 1.11: m = 0.81679, AUC 1.10960 (screen iters 7, full 0), Cmax 1.0318
[====|====|====|====|====|====|====|====|====|====] 0:00:04 

[====|====|====|====|====|====|====|====|====|====] 0:00:04 

[====|====|====|====|====|====|====|====|====|====] 0:00:04 

[====|====|====|====|====|====|====|====|====|====] 0:00:04 

[====|====|====|====|====|====|====|====|====|====] 0:00:04 

[====|====|====|====|====|====|====|====|====|====] 0:00:05 

[====|====|====|====|====|====|====|====|====|====] 0:00:05 

[====|====|====|====|====|====|====|====|====|====] 0:00:05 

[====|====|====|====|====|====|====|====|====|====] 0:00:05 

[====|====|====|====|====|====|====|====|====|====] 0:00:05 

[====|====|====|====|====|====|====|====|====|====] 0:00:05 

[====|====|====|====|====|====|====|====|====|====] 0:00:05 

[====|====|====|====|====|====|====|====|====|====] 0:00:05 

[====|====|====|====|====|====|====|====|====|====] 0:00:05 

[====|====|====|====|====|====|====|====|====|====] 0:00:05 

[13:58:15]   target 1.18: m = 0.71907, AUC 1.17928 (screen iters 5, full 0), Cmax 1.0501
[====|====|====|====|====|====|====|====|====|====] 0:00:04 

[====|====|====|====|====|====|====|====|====|====] 0:00:04 

[====|====|====|====|====|====|====|====|====|====] 0:00:04 

[====|====|====|====|====|====|====|====|====|====] 0:00:04 

[====|====|====|====|====|====|====|====|====|====] 0:00:04 

[====|====|====|====|====|====|====|====|====|====] 0:00:04 

[====|====|====|====|====|====|====|====|====|====] 0:00:04 

[====|====|====|====|====|====|====|====|====|====] 0:00:04 

[====|====|====|====|====|====|====|====|====|====] 0:00:05 

[====|====|====|====|====|====|====|====|====|====] 0:00:05 

[====|====|====|====|====|====|====|====|====|====] 0:00:05 

[====|====|====|====|====|====|====|====|====|====] 0:00:05 

[====|====|====|====|====|====|====|====|====|====] 0:00:05 

[====|====|====|====|====|====|====|====|====|====] 0:00:05 

[====|====|====|====|====|====|====|====|====|====] 0:00:05 

[====|====|====|====|====|====|====|====|====|====] 0:00:05 

[====|====|====|====|====|====|====|====|====|====] 0:00:05 

[====|====|====|====|====|====|====|====|====|====] 0:00:05 

[14:01:16]   target 1.25: m = 0.63257, AUC 1.24934 (screen iters 8, full 0), Cmax 1.0671
[====|====|====|====|====|====|====|====|====|====] 0:00:04 

[====|====|====|====|====|====|====|====|====|====] 0:00:04 

[====|====|====|====|====|====|====|====|====|====] 0:00:04 

[====|====|====|====|====|====|====|====|====|====] 0:00:04 

[====|====|====|====|====|====|====|====|====|====] 0:00:04 

[====|====|====|====|====|====|====|====|====|====] 0:00:04 

[====|====|====|====|====|====|====|====|====|====] 0:00:04 

[====|====|====|====|====|====|====|====|====|====] 0:00:04 

[====|====|====|====|====|====|====|====|====|====] 0:00:05 

[====|====|====|====|====|====|====|====|====|====] 0:00:05 

[====|====|====|====|====|====|====|====|====|====] 0:00:05 

[====|====|====|====|====|====|====|====|====|====] 0:00:05 

[====|====|====|====|====|====|====|====|====|====] 0:00:05 

[====|====|====|====|====|====|====|====|====|====] 0:00:05 

[====|====|====|====|====|====|====|====|====|====] 0:00:05 

[====|====|====|====|====|====|====|====|====|====] 0:00:05 

[====|====|====|====|====|====|====|====|====|====] 0:00:05 

[====|====|====|====|====|====|====|====|====|====] 0:00:05 

[14:04:21]   target 1.33: m = 0.54614, AUC 1.32896 (screen iters 8, full 0), Cmax 1.0850
[====|====|====|====|====|====|====|====|====|====] 0:00:04 

[====|====|====|====|====|====|====|====|====|====] 0:00:04 

[====|====|====|====|====|====|====|====|====|====] 0:00:04 

[====|====|====|====|====|====|====|====|====|====] 0:00:04 

[====|====|====|====|====|====|====|====|====|====] 0:00:04 

[====|====|====|====|====|====|====|====|====|====] 0:00:04 

[====|====|====|====|====|====|====|====|====|====] 0:00:04 

[====|====|====|====|====|====|====|====|====|====] 0:00:05 

[====|====|====|====|====|====|====|====|====|====] 0:00:05 

[====|====|====|====|====|====|====|====|====|====] 0:00:05 

[====|====|====|====|====|====|====|====|====|====] 0:00:05 

[====|====|====|====|====|====|====|====|====|====] 0:00:05 

[====|====|====|====|====|====|====|====|====|====] 0:00:05 

[====|====|====|====|====|====|====|====|====|====] 0:00:05 

[====|====|====|====|====|====|====|====|====|====] 0:00:05 

[====|====|====|====|====|====|====|====|====|====] 0:00:05 

[====|====|====|====|====|====|====|====|====|====] 0:00:05 

[14:07:09]   target 1.43: m = 0.45248, AUC 1.42881 (screen iters 7, full 0), Cmax 1.1054
[====|====|====|====|====|====|====|====|====|====] 0:00:04 

[====|====|====|====|====|====|====|====|====|====] 0:00:04 

[====|====|====|====|====|====|====|====|====|====] 0:00:04 

[====|====|====|====|====|====|====|====|====|====] 0:00:05 

[====|====|====|====|====|====|====|====|====|====] 0:00:04 

[====|====|====|====|====|====|====|====|====|====] 0:00:05 

[====|====|====|====|====|====|====|====|====|====] 0:00:05 

[====|====|====|====|====|====|====|====|====|====] 0:00:05 

[====|====|====|====|====|====|====|====|====|====] 0:00:05 

[====|====|====|====|====|====|====|====|====|====] 0:00:05 

[====|====|====|====|====|====|====|====|====|====] 0:00:05 

[====|====|====|====|====|====|====|====|====|====] 0:00:05 

[14:08:50] ke up scan 1.678976 mins: ratio 0.1782 .. 0.8985
[====|====|====|====|====|====|====|====|====|====] 0:00:04 

[====|====|====|====|====|====|====|====|====|====] 0:00:04 

[====|====|====|====|====|====|====|====|====|====] 0:00:04 

[====|====|====|====|====|====|====|====|====|====] 0:00:04 

[====|====|====|====|====|====|====|====|====|====] 0:00:04 

[====|====|====|====|====|====|====|====|====|====] 0:00:04 

[====|====|====|====|====|====|====|====|====|====] 0:00:04 

[====|====|====|====|====|====|====|====|====|====] 0:00:04 

[====|====|====|====|====|====|====|====|====|====] 0:00:05 

[====|====|====|====|====|====|====|====|====|====] 0:00:05 

[====|====|====|====|====|====|====|====|====|====] 0:00:06 

[====|====|====|====|====|====|====|====|====|====] 0:00:05 

[====|====|====|====|====|====|====|====|====|====] 0:00:05 

[====|====|====|====|====|====|====|====|====|====] 0:00:05 

[====|====|====|====|====|====|====|====|====|====] 0:00:05 

[====|====|====|====|====|====|====|====|====|====] 0:00:05 

[====|====|====|====|====|====|====|====|====|====] 0:00:05 

[====|====|====|====|====|====|====|====|====|====] 0:00:05 

[14:12:02]   target 0.70: m = 1.81192, AUC 0.70062 (screen iters 8, full 0), Cmax 0.8862
[====|====|====|====|====|====|====|====|====|====] 0:00:04 

[====|====|====|====|====|====|====|====|====|====] 0:00:04 

[====|====|====|====|====|====|====|====|====|====] 0:00:04 

[====|====|====|====|====|====|====|====|====|====] 0:00:04 

[====|====|====|====|====|====|====|====|====|====] 0:00:04 

[====|====|====|====|====|====|====|====|====|====] 0:00:04 

[====|====|====|====|====|====|====|====|====|====] 0:00:05 

[====|====|====|====|====|====|====|====|====|====] 0:00:06 

[====|====|====|====|====|====|====|====|====|====] 0:00:05 

[====|====|====|====|====|====|====|====|====|====] 0:00:06 

[====|====|====|====|====|====|====|====|====|====] 0:00:05 

[====|====|====|====|====|====|====|====|====|====] 0:00:05 

[====|====|====|====|====|====|====|====|====|====] 0:00:06 

[====|====|====|====|====|====|====|====|====|====] 0:00:06 

[====|====|====|====|====|====|====|====|====|====] 0:00:06 

[====|====|====|====|====|====|====|====|====|====] 0:00:05 

[14:15:42]   target 0.75: m = 1.63020, AUC 0.75036 (screen iters 6, full 0), Cmax 0.9086
[====|====|====|====|====|====|====|====|====|====] 0:00:04 

[====|====|====|====|====|====|====|====|====|====] 0:00:04 

[====|====|====|====|====|====|====|====|====|====] 0:00:04 

[====|====|====|====|====|====|====|====|====|====] 0:00:04 

[====|====|====|====|====|====|====|====|====|====] 0:00:04 

[====|====|====|====|====|====|====|====|====|====] 0:00:04 

[====|====|====|====|====|====|====|====|====|====] 0:00:04 

[====|====|====|====|====|====|====|====|====|====] 0:00:04 

[====|====|====|====|====|====|====|====|====|====] 0:00:06 

[====|====|====|====|====|====|====|====|====|====] 0:00:05 

[====|====|====|====|====|====|====|====|====|====] 0:00:06 

[====|====|====|====|====|====|====|====|====|====] 0:00:06 

[====|====|====|====|====|====|====|====|====|====] 0:00:05 

[====|====|====|====|====|====|====|====|====|====] 0:00:05 

[====|====|====|====|====|====|====|====|====|====] 0:00:05 

[====|====|====|====|====|====|====|====|====|====] 0:00:05 

[====|====|====|====|====|====|====|====|====|====] 0:00:05 

[====|====|====|====|====|====|====|====|====|====] 0:00:05 

[14:19:11]   target 0.80: m = 1.47110, AUC 0.80033 (screen iters 8, full 0), Cmax 0.9295
[====|====|====|====|====|====|====|====|====|====] 0:00:04 

[====|====|====|====|====|====|====|====|====|====] 0:00:04 

[====|====|====|====|====|====|====|====|====|====] 0:00:04 

[====|====|====|====|====|====|====|====|====|====] 0:00:04 

[====|====|====|====|====|====|====|====|====|====] 0:00:04 

[====|====|====|====|====|====|====|====|====|====] 0:00:04 

[====|====|====|====|====|====|====|====|====|====] 0:00:04 

[====|====|====|====|====|====|====|====|====|====] 0:00:05 

[====|====|====|====|====|====|====|====|====|====] 0:00:05 

[====|====|====|====|====|====|====|====|====|====] 0:00:05 

[====|====|====|====|====|====|====|====|====|====] 0:00:05 

[====|====|====|====|====|====|====|====|====|====] 0:00:05 

[====|====|====|====|====|====|====|====|====|====] 0:00:05 

[====|====|====|====|====|====|====|====|====|====] 0:00:05 

[====|====|====|====|====|====|====|====|====|====] 0:00:05 

[====|====|====|====|====|====|====|====|====|====] 0:00:05 

[====|====|====|====|====|====|====|====|====|====] 0:00:05 

[14:22:06]   target 0.85: m = 1.33152, AUC 0.85027 (screen iters 7, full 0), Cmax 0.9489
[====|====|====|====|====|====|====|====|====|====] 0:00:04 

[====|====|====|====|====|====|====|====|====|====] 0:00:04 

[====|====|====|====|====|====|====|====|====|====] 0:00:04 

[====|====|====|====|====|====|====|====|====|====] 0:00:04 

[====|====|====|====|====|====|====|====|====|====] 0:00:04 

[====|====|====|====|====|====|====|====|====|====] 0:00:04 

[====|====|====|====|====|====|====|====|====|====] 0:00:05 

[====|====|====|====|====|====|====|====|====|====] 0:00:05 

[====|====|====|====|====|====|====|====|====|====] 0:00:05 

[====|====|====|====|====|====|====|====|====|====] 0:00:05 

[====|====|====|====|====|====|====|====|====|====] 0:00:05 

[====|====|====|====|====|====|====|====|====|====] 0:00:05 

[====|====|====|====|====|====|====|====|====|====] 0:00:05 

[====|====|====|====|====|====|====|====|====|====] 0:00:05 

[====|====|====|====|====|====|====|====|====|====] 0:00:05 

[====|====|====|====|====|====|====|====|====|====] 0:00:05 

[14:24:51]   target 0.90: m = 1.20790, AUC 0.90029 (screen iters 6, full 0), Cmax 0.9671
[====|====|====|====|====|====|====|====|====|====] 0:00:04 

[====|====|====|====|====|====|====|====|====|====] 0:00:04 

[====|====|====|====|====|====|====|====|====|====] 0:00:04 

[====|====|====|====|====|====|====|====|====|====] 0:00:04 

[====|====|====|====|====|====|====|====|====|====] 0:00:04 

[====|====|====|====|====|====|====|====|====|====] 0:00:04 

[====|====|====|====|====|====|====|====|====|====] 0:00:04 

[====|====|====|====|====|====|====|====|====|====] 0:00:04 

[====|====|====|====|====|====|====|====|====|====] 0:00:05 

[====|====|====|====|====|====|====|====|====|====] 0:00:05 

[====|====|====|====|====|====|====|====|====|====] 0:00:05 

[====|====|====|====|====|====|====|====|====|====] 0:00:05 

[====|====|====|====|====|====|====|====|====|====] 0:00:05 

[====|====|====|====|====|====|====|====|====|====] 0:00:05 

[====|====|====|====|====|====|====|====|====|====] 0:00:05 

[====|====|====|====|====|====|====|====|====|====] 0:00:05 

[====|====|====|====|====|====|====|====|====|====] 0:00:05 

[====|====|====|====|====|====|====|====|====|====] 0:00:05 

[14:27:43]   target 0.95: m = 1.09822, AUC 0.95014 (screen iters 8, full 0), Cmax 0.9841
[====|====|====|====|====|====|====|====|====|====] 0:00:06 

[====|====|====|====|====|====|====|====|====|====] 0:00:06 

[====|====|====|====|====|====|====|====|====|====] 0:00:06 

[====|====|====|====|====|====|====|====|====|====] 0:00:06 

[====|====|====|====|====|====|====|====|====|====] 0:00:06 

[====|====|====|====|====|====|====|====|====|====] 0:00:06 

[====|====|====|====|====|====|====|====|====|====] 0:00:06 

[====|====|====|====|====|====|====|====|====|====] 0:00:06 

[====|====|====|====|====|====|====|====|====|====] 0:00:06 

[====|====|====|====|====|====|====|====|====|====] 0:00:06 

    mechanism direction target reachable multiplier auc_ratio cmax_ratio
 1:        ke      down   0.70     FALSE         NA        NA         NA
 2:        ke      down   0.75     FALSE         NA        NA         NA
 3:        ke      down   0.80     FALSE         NA        NA         NA
 4:        ke      down   0.85     FALSE         NA        NA         NA
 5:        ke      down   0.90     FALSE         NA        NA         NA
 6:        ke      down   0.95     FALSE         NA        NA         NA
 7:        ke      down   1.05      TRUE     0.9112    1.0501     1.0151
 8:        ke      down   1.11      TRUE     0.8168    1.1096     1.0318
 9:        ke      down   1.18      TRUE     0.7191    1.1793     1.0501
10:        ke      down   1.25      TRUE     0.6326    1.2493     1.0671
11:        ke      down   1.33      TRUE     0.5461    1.3290     1.0850
12:        ke      down   1.43      TRUE     0.4525    1.4288     1.1054
13:        ke        up   0.70      TRUE     1.8119    0.7006     0.8862
14:        ke        up   0.75      TRUE     1.6302    0.7504     0.9086
15:        ke        up   0.80      TRUE     1.4711    0.8003     0.9295
16:        ke        up   0.85      TRUE     1.3315    0.8503     0.9489
17:        ke        up   0.90      TRUE     1.2079    0.9003     0.9671
18:        ke        up   0.95      TRUE     1.0982    0.9501     0.9841
19:        ke        up   1.05     FALSE         NA        NA         NA
20:        ke        up   1.11     FALSE         NA        NA         NA
21:        ke        up   1.18     FALSE         NA        NA         NA
22:        ke        up   1.25     FALSE         NA        NA         NA
23:        ke        up   1.33     FALSE         NA        NA         NA
24:        ke        up   1.43     FALSE         NA        NA         NA
    mechanism direction target reachable multiplier auc_ratio cmax_ratio
    end_auc_ratio
 1:        2.0291
 2:        2.0291
 3:        2.0291
 4:        2.0291
 5:        2.0291
 6:        2.0291
 7:            NA
 8:            NA
 9:            NA
10:            NA
11:            NA
12:            NA
13:            NA
14:            NA
15:            NA
16:            NA
17:            NA
18:            NA
19:        0.1786
20:        0.1786
21:        0.1786
22:        0.1786
23:        0.1786
24:        0.1786
    end_auc_ratio
