run log: /home/user/dupilumab-sim/logs/oc_inversion_k2016_V2_20260924T143007.log
[====|====|====|====|====|====|====|====|====|====] 0:00:04 

[====|====|====|====|====|====|====|====|====|====] 0:00:04 

[====|====|====|====|====|====|====|====|====|====] 0:00:04 

[====|====|====|====|====|====|====|====|====|====] 0:00:04 

[====|====|====|====|====|====|====|====|====|====] 0:00:03 

[====|====|====|====|====|====|====|====|====|====] 0:00:03 

[====|====|====|====|====|====|====|====|====|====] 0:00:03 

[====|====|====|====|====|====|====|====|====|====] 0:00:03 

[====|====|====|====|====|====|====|====|====|====] 0:00:03 

[====|====|====|====|====|====|====|====|====|====] 0:00:03 

[====|====|====|====|====|====|====|====|====|====] 0:00:03 

[====|====|====|====|====|====|====|====|====|====] 0:00:03 

[14:31:26] V2 down scan 1.312485 mins: ratio 1.0307 .. 1.1907
[====|====|====|====|====|====|====|====|====|====] 0:00:04 

[====|====|====|====|====|====|====|====|====|====] 0:00:04 

[====|====|====|====|====|====|====|====|====|====] 0:00:04 

[====|====|====|====|====|====|====|====|====|====] 0:00:04 

[====|====|====|====|====|====|====|====|====|====] 0:00:04 

[====|====|====|====|====|====|====|====|====|====] 0:00:04 

[====|====|====|====|====|====|====|====|====|====] 0:00:04 

[====|====|====|====|====|====|====|====|====|====] 0:00:04 

[====|====|====|====|====|====|====|====|====|====] 0:00:04 

[====|====|====|====|====|====|====|====|====|====] 0:00:04 

[====|====|====|====|====|====|====|====|====|====] 0:00:04 

[====|====|====|====|====|====|====|====|====|====] 0:00:04 

[====|====|====|====|====|====|====|====|====|====] 0:00:04 

[====|====|====|====|====|====|====|====|====|====] 0:00:04 

[====|====|====|====|====|====|====|====|====|====] 0:00:05 

[====|====|====|====|====|====|====|====|====|====] 0:00:05 

[====|====|====|====|====|====|====|====|====|====] 0:00:05 

[====|====|====|====|====|====|====|====|====|====] 0:00:05 

[====|====|====|====|====|====|====|====|====|====] 0:00:05 

[====|====|====|====|====|====|====|====|====|====] 0:00:05 

[====|====|====|====|====|====|====|====|====|====] 0:00:05 

[====|====|====|====|====|====|====|====|====|====] 0:00:05 

[====|====|====|====|====|====|====|====|====|====] 0:00:05 

[====|====|====|====|====|====|====|====|====|====] 0:00:05 

[14:36:20]   target 1.05: m = 0.72339, AUC 1.05026 (screen iters 4, full 0), Cmax 1.0184
[====|====|====|====|====|====|====|====|====|====] 0:00:04 

[====|====|====|====|====|====|====|====|====|====] 0:00:04 

[====|====|====|====|====|====|====|====|====|====] 0:00:04 

[====|====|====|====|====|====|====|====|====|====] 0:00:04 

[====|====|====|====|====|====|====|====|====|====] 0:00:04 

[====|====|====|====|====|====|====|====|====|====] 0:00:05 

[====|====|====|====|====|====|====|====|====|====] 0:00:05 

[====|====|====|====|====|====|====|====|====|====] 0:00:05 

[====|====|====|====|====|====|====|====|====|====] 0:00:05 

[====|====|====|====|====|====|====|====|====|====] 0:00:05 

[====|====|====|====|====|====|====|====|====|====] 0:00:05 

[====|====|====|====|====|====|====|====|====|====] 0:00:05 

[====|====|====|====|====|====|====|====|====|====] 0:00:05 

[====|====|====|====|====|====|====|====|====|====] 0:00:05 

[====|====|====|====|====|====|====|====|====|====] 0:00:05 

[14:39:13]   target 1.11: m = 0.43977, AUC 1.11046 (screen iters 5, full 0), Cmax 1.0539
[====|====|====|====|====|====|====|====|====|====] 0:00:03 

[====|====|====|====|====|====|====|====|====|====] 0:00:03 

[====|====|====|====|====|====|====|====|====|====] 0:00:03 

[====|====|====|====|====|====|====|====|====|====] 0:00:03 

[====|====|====|====|====|====|====|====|====|====] 0:00:04 

[====|====|====|====|====|====|====|====|====|====] 0:00:04 

[====|====|====|====|====|====|====|====|====|====] 0:00:04 

[====|====|====|====|====|====|====|====|====|====] 0:00:04 

[====|====|====|====|====|====|====|====|====|====] 0:00:04 

[====|====|====|====|====|====|====|====|====|====] 0:00:04 

[====|====|====|====|====|====|====|====|====|====] 0:00:04 

[====|====|====|====|====|====|====|====|====|====] 0:00:04 

[====|====|====|====|====|====|====|====|====|====] 0:00:04 

[====|====|====|====|====|====|====|====|====|====] 0:00:04 

[14:41:18]   target 1.18: m = 0.14503, AUC 1.18028 (screen iters 4, full 0), Cmax 1.1357
[====|====|====|====|====|====|====|====|====|====] 0:00:04 

[====|====|====|====|====|====|====|====|====|====] 0:00:04 

[====|====|====|====|====|====|====|====|====|====] 0:00:04 

[====|====|====|====|====|====|====|====|====|====] 0:00:04 

[====|====|====|====|====|====|====|====|====|====] 0:00:04 

[====|====|====|====|====|====|====|====|====|====] 0:00:04 

[====|====|====|====|====|====|====|====|====|====] 0:00:04 

[====|====|====|====|====|====|====|====|====|====] 0:00:04 

[====|====|====|====|====|====|====|====|====|====] 0:00:04 

[====|====|====|====|====|====|====|====|====|====] 0:00:04 

[====|====|====|====|====|====|====|====|====|====] 0:00:03 

[====|====|====|====|====|====|====|====|====|====] 0:00:04 

[====|====|====|====|====|====|====|====|====|====] 0:00:03 

[====|====|====|====|====|====|====|====|====|====] 0:00:04 

[====|====|====|====|====|====|====|====|====|====] 0:00:03 

[====|====|====|====|====|====|====|====|====|====] 0:00:04 

[====|====|====|====|====|====|====|====|====|====] 0:00:03 

[====|====|====|====|====|====|====|====|====|====] 0:00:04 

[14:43:39] V2 up scan 2.344191 mins: ratio 0.6982 .. 0.9670
[====|====|====|====|====|====|====|====|====|====] 0:00:03 

[====|====|====|====|====|====|====|====|====|====] 0:00:04 

[====|====|====|====|====|====|====|====|====|====] 0:00:03 

[====|====|====|====|====|====|====|====|====|====] 0:00:04 

[====|====|====|====|====|====|====|====|====|====] 0:00:03 

[====|====|====|====|====|====|====|====|====|====] 0:00:04 

[====|====|====|====|====|====|====|====|====|====] 0:00:03 

[====|====|====|====|====|====|====|====|====|====] 0:00:04 

[====|====|====|====|====|====|====|====|====|====] 0:00:04 

[====|====|====|====|====|====|====|====|====|====] 0:00:04 

[====|====|====|====|====|====|====|====|====|====] 0:00:04 

[====|====|====|====|====|====|====|====|====|====] 0:00:04 

[====|====|====|====|====|====|====|====|====|====] 0:00:04 

[====|====|====|====|====|====|====|====|====|====] 0:00:04 

[====|====|====|====|====|====|====|====|====|====] 0:00:04 

[====|====|====|====|====|====|====|====|====|====] 0:00:04 

[====|====|====|====|====|====|====|====|====|====] 0:00:04 

[====|====|====|====|====|====|====|====|====|====] 0:00:04 

[====|====|====|====|====|====|====|====|====|====] 0:00:04 

[====|====|====|====|====|====|====|====|====|====] 0:00:04 

[====|====|====|====|====|====|====|====|====|====] 0:00:04 

[====|====|====|====|====|====|====|====|====|====] 0:00:04 

[====|====|====|====|====|====|====|====|====|====] 0:00:04 

[====|====|====|====|====|====|====|====|====|====] 0:00:04 

[====|====|====|====|====|====|====|====|====|====] 0:00:04 

[====|====|====|====|====|====|====|====|====|====] 0:00:04 

[====|====|====|====|====|====|====|====|====|====] 0:00:04 

[====|====|====|====|====|====|====|====|====|====] 0:00:04 

[14:47:27]   target 0.70: m = 9.64662, AUC 0.69960 (screen iters 4, full 0), Cmax 0.9512
[====|====|====|====|====|====|====|====|====|====] 0:00:04 

[====|====|====|====|====|====|====|====|====|====] 0:00:04 

[====|====|====|====|====|====|====|====|====|====] 0:00:04 

[====|====|====|====|====|====|====|====|====|====] 0:00:04 

[====|====|====|====|====|====|====|====|====|====] 0:00:04 

[====|====|====|====|====|====|====|====|====|====] 0:00:04 

[====|====|====|====|====|====|====|====|====|====] 0:00:04 

[====|====|====|====|====|====|====|====|====|====] 0:00:04 

[====|====|====|====|====|====|====|====|====|====] 0:00:04 

[====|====|====|====|====|====|====|====|====|====] 0:00:04 

[====|====|====|====|====|====|====|====|====|====] 0:00:05 

[====|====|====|====|====|====|====|====|====|====] 0:00:04 

[====|====|====|====|====|====|====|====|====|====] 0:00:05 

[====|====|====|====|====|====|====|====|====|====] 0:00:04 

[====|====|====|====|====|====|====|====|====|====] 0:00:05 

[====|====|====|====|====|====|====|====|====|====] 0:00:04 

[====|====|====|====|====|====|====|====|====|====] 0:00:05 

[====|====|====|====|====|====|====|====|====|====] 0:00:04 

[====|====|====|====|====|====|====|====|====|====] 0:00:05 

[====|====|====|====|====|====|====|====|====|====] 0:00:04 

[====|====|====|====|====|====|====|====|====|====] 0:00:05 

[====|====|====|====|====|====|====|====|====|====] 0:00:04 

[====|====|====|====|====|====|====|====|====|====] 0:00:05 

[====|====|====|====|====|====|====|====|====|====] 0:00:04 

[====|====|====|====|====|====|====|====|====|====] 0:00:04 

[====|====|====|====|====|====|====|====|====|====] 0:00:04 

[====|====|====|====|====|====|====|====|====|====] 0:00:05 

[====|====|====|====|====|====|====|====|====|====] 0:00:04 

[====|====|====|====|====|====|====|====|====|====] 0:00:05 

[====|====|====|====|====|====|====|====|====|====] 0:00:04 

[14:51:48]   target 0.75: m = 4.84056, AUC 0.74953 (screen iters 5, full 0), Cmax 0.9571
[====|====|====|====|====|====|====|====|====|====] 0:00:04 

[====|====|====|====|====|====|====|====|====|====] 0:00:04 

[====|====|====|====|====|====|====|====|====|====] 0:00:04 

[====|====|====|====|====|====|====|====|====|====] 0:00:04 

[====|====|====|====|====|====|====|====|====|====] 0:00:04 

[====|====|====|====|====|====|====|====|====|====] 0:00:04 

[====|====|====|====|====|====|====|====|====|====] 0:00:04 

[====|====|====|====|====|====|====|====|====|====] 0:00:05 

[====|====|====|====|====|====|====|====|====|====] 0:00:05 

[====|====|====|====|====|====|====|====|====|====] 0:00:05 

[====|====|====|====|====|====|====|====|====|====] 0:00:05 

[====|====|====|====|====|====|====|====|====|====] 0:00:05 

[====|====|====|====|====|====|====|====|====|====] 0:00:05 

[====|====|====|====|====|====|====|====|====|====] 0:00:05 

[====|====|====|====|====|====|====|====|====|====] 0:00:05 

[====|====|====|====|====|====|====|====|====|====] 0:00:05 

[====|====|====|====|====|====|====|====|====|====] 0:00:05 

[14:54:39]   target 0.80: m = 3.21004, AUC 0.79972 (screen iters 6, full 0), Cmax 0.9630
[====|====|====|====|====|====|====|====|====|====] 0:00:04 

[====|====|====|====|====|====|====|====|====|====] 0:00:04 

[====|====|====|====|====|====|====|====|====|====] 0:00:04 

[====|====|====|====|====|====|====|====|====|====] 0:00:04 

[====|====|====|====|====|====|====|====|====|====] 0:00:04 

[====|====|====|====|====|====|====|====|====|====] 0:00:04 

[====|====|====|====|====|====|====|====|====|====] 0:00:05 

[====|====|====|====|====|====|====|====|====|====] 0:00:05 

[====|====|====|====|====|====|====|====|====|====] 0:00:05 

[====|====|====|====|====|====|====|====|====|====] 0:00:05 

[====|====|====|====|====|====|====|====|====|====] 0:00:05 

[====|====|====|====|====|====|====|====|====|====] 0:00:05 

[====|====|====|====|====|====|====|====|====|====] 0:00:05 

[====|====|====|====|====|====|====|====|====|====] 0:00:05 

[====|====|====|====|====|====|====|====|====|====] 0:00:05 

[====|====|====|====|====|====|====|====|====|====] 0:00:05 

[14:57:28]   target 0.85: m = 2.33609, AUC 0.84958 (screen iters 6, full 0), Cmax 0.9695
[====|====|====|====|====|====|====|====|====|====] 0:00:04 

[====|====|====|====|====|====|====|====|====|====] 0:00:04 

[====|====|====|====|====|====|====|====|====|====] 0:00:04 

[====|====|====|====|====|====|====|====|====|====] 0:00:04 

[====|====|====|====|====|====|====|====|====|====] 0:00:05 

[====|====|====|====|====|====|====|====|====|====] 0:00:05 

[====|====|====|====|====|====|====|====|====|====] 0:00:05 

[====|====|====|====|====|====|====|====|====|====] 0:00:05 

[====|====|====|====|====|====|====|====|====|====] 0:00:05 

[====|====|====|====|====|====|====|====|====|====] 0:00:05 

[====|====|====|====|====|====|====|====|====|====] 0:00:05 

[====|====|====|====|====|====|====|====|====|====] 0:00:05 

[====|====|====|====|====|====|====|====|====|====] 0:00:05 

[====|====|====|====|====|====|====|====|====|====] 0:00:06 

[15:00:02]   target 0.90: m = 1.75708, AUC 0.89976 (screen iters 4, full 0), Cmax 0.9773
[====|====|====|====|====|====|====|====|====|====] 0:00:04 

[====|====|====|====|====|====|====|====|====|====] 0:00:05 

[====|====|====|====|====|====|====|====|====|====] 0:00:05 

[====|====|====|====|====|====|====|====|====|====] 0:00:05 

[====|====|====|====|====|====|====|====|====|====] 0:00:05 

[====|====|====|====|====|====|====|====|====|====] 0:00:05 

[====|====|====|====|====|====|====|====|====|====] 0:00:06 

[====|====|====|====|====|====|====|====|====|====] 0:00:06 

[====|====|====|====|====|====|====|====|====|====] 0:00:05 

[====|====|====|====|====|====|====|====|====|====] 0:00:05 

[====|====|====|====|====|====|====|====|====|====] 0:00:05 

[15:02:08]   target 0.95: m = 1.33352, AUC 0.94984 (screen iters 1, full 0), Cmax 0.9870
[====|====|====|====|====|====|====|====|====|====] 0:00:04 

[====|====|====|====|====|====|====|====|====|====] 0:00:04 

[====|====|====|====|====|====|====|====|====|====] 0:00:04 

[====|====|====|====|====|====|====|====|====|====] 0:00:04 

[====|====|====|====|====|====|====|====|====|====] 0:00:04 

[====|====|====|====|====|====|====|====|====|====] 0:00:04 

[====|====|====|====|====|====|====|====|====|====] 0:00:04 

[====|====|====|====|====|====|====|====|====|====] 0:00:04 

[====|====|====|====|====|====|====|====|====|====] 0:00:04 

[====|====|====|====|====|====|====|====|====|====] 0:00:04 

[====|====|====|====|====|====|====|====|====|====] 0:00:04 

[====|====|====|====|====|====|====|====|====|====] 0:00:04 

[====|====|====|====|====|====|====|====|====|====] 0:00:04 

[====|====|====|====|====|====|====|====|====|====] 0:00:04 

[====|====|====|====|====|====|====|====|====|====] 0:00:04 

[====|====|====|====|====|====|====|====|====|====] 0:00:04 

[====|====|====|====|====|====|====|====|====|====] 0:00:04 

[====|====|====|====|====|====|====|====|====|====] 0:00:04 

[====|====|====|====|====|====|====|====|====|====] 0:00:04 

[====|====|====|====|====|====|====|====|====|====] 0:00:04 

    mechanism direction target reachable multiplier auc_ratio cmax_ratio
 1:        V2      down   0.70     FALSE         NA        NA         NA
 2:        V2      down   0.75     FALSE         NA        NA         NA
 3:        V2      down   0.80     FALSE         NA        NA         NA
 4:        V2      down   0.85     FALSE         NA        NA         NA
 5:        V2      down   0.90     FALSE         NA        NA         NA
 6:        V2      down   0.95     FALSE         NA        NA         NA
 7:        V2      down   1.05      TRUE     0.7234    1.0503     1.0184
 8:        V2      down   1.11      TRUE     0.4398    1.1105     1.0539
 9:        V2      down   1.18      TRUE     0.1450    1.1803     1.1357
10:        V2      down   1.25     FALSE         NA        NA         NA
11:        V2      down   1.33     FALSE         NA        NA         NA
12:        V2      down   1.43     FALSE         NA        NA         NA
13:        V2        up   0.70      TRUE     9.6466    0.6996     0.9512
14:        V2        up   0.75      TRUE     4.8406    0.7495     0.9571
15:        V2        up   0.80      TRUE     3.2100    0.7997     0.9630
16:        V2        up   0.85      TRUE     2.3361    0.8496     0.9695
17:        V2        up   0.90      TRUE     1.7571    0.8998     0.9773
18:        V2        up   0.95      TRUE     1.3335    0.9498     0.9870
19:        V2        up   1.05     FALSE         NA        NA         NA
20:        V2        up   1.11     FALSE         NA        NA         NA
21:        V2        up   1.18     FALSE         NA        NA         NA
22:        V2        up   1.25     FALSE         NA        NA         NA
23:        V2        up   1.33     FALSE         NA        NA         NA
24:        V2        up   1.43     FALSE         NA        NA         NA
    mechanism direction target reachable multiplier auc_ratio cmax_ratio
    end_auc_ratio
 1:        1.1912
 2:        1.1912
 3:        1.1912
 4:        1.1912
 5:        1.1912
 6:        1.1912
 7:            NA
 8:            NA
 9:            NA
10:        1.1912
11:        1.1912
12:        1.1912
13:            NA
14:            NA
15:            NA
16:            NA
17:            NA
18:            NA
19:        0.6979
20:        0.6979
21:        0.6979
22:        0.6979
23:        0.6979
24:        0.6979
    end_auc_ratio
