run log: /home/user/dupilumab-sim/logs/oc_inversion_k2016_Vmax_20260924T134201.log
[====|====|====|====|====|====|====|====|====|====] 0:00:04 

[====|====|====|====|====|====|====|====|====|====] 0:00:05 

[====|====|====|====|====|====|====|====|====|====] 0:00:05 

[====|====|====|====|====|====|====|====|====|====] 0:00:05 

[====|====|====|====|====|====|====|====|====|====] 0:00:05 

[====|====|====|====|====|====|====|====|====|====] 0:00:04 

[====|====|====|====|====|====|====|====|====|====] 0:00:04 

[====|====|====|====|====|====|====|====|====|====] 0:00:04 

[====|====|====|====|====|====|====|====|====|====] 0:00:04 

[====|====|====|====|====|====|====|====|====|====] 0:00:03 

[====|====|====|====|====|====|====|====|====|====] 0:00:03 

[====|====|====|====|====|====|====|====|====|====] 0:00:03 

[13:44:21] Vmax down scan 2.335818 mins: ratio 1.1163 .. 2.1137
[====|====|====|====|====|====|====|====|====|====] 0:00:04 

[====|====|====|====|====|====|====|====|====|====] 0:00:04 

[====|====|====|====|====|====|====|====|====|====] 0:00:04 

[====|====|====|====|====|====|====|====|====|====] 0:00:04 

[====|====|====|====|====|====|====|====|====|====] 0:00:04 

[====|====|====|====|====|====|====|====|====|====] 0:00:04 

[====|====|====|====|====|====|====|====|====|====] 0:00:04 

[====|====|====|====|====|====|====|====|====|====] 0:00:04 

[====|====|====|====|====|====|====|====|====|====] 0:00:04 

[====|====|====|====|====|====|====|====|====|====] 0:00:04 

[====|====|====|====|====|====|====|====|====|====] 0:00:04 

[====|====|====|====|====|====|====|====|====|====] 0:00:04 

[====|====|====|====|====|====|====|====|====|====] 0:00:04 

[====|====|====|====|====|====|====|====|====|====] 0:00:04 

[====|====|====|====|====|====|====|====|====|====] 0:00:04 

[====|====|====|====|====|====|====|====|====|====] 0:00:04 

[====|====|====|====|====|====|====|====|====|====] 0:00:04 

[====|====|====|====|====|====|====|====|====|====] 0:00:05 

[====|====|====|====|====|====|====|====|====|====] 0:00:05 

[====|====|====|====|====|====|====|====|====|====] 0:00:05 

[====|====|====|====|====|====|====|====|====|====] 0:00:05 

[====|====|====|====|====|====|====|====|====|====] 0:00:05 

[====|====|====|====|====|====|====|====|====|====] 0:00:06 

[====|====|====|====|====|====|====|====|====|====] 0:00:05 

[====|====|====|====|====|====|====|====|====|====] 0:00:05 

[====|====|====|====|====|====|====|====|====|====] 0:00:05 

[====|====|====|====|====|====|====|====|====|====] 0:00:06 

[13:51:53]   target 1.05: m = 0.92086, AUC 1.05013 (screen iters 7, full 0), Cmax 1.0125
[====|====|====|====|====|====|====|====|====|====] 0:00:04 

[====|====|====|====|====|====|====|====|====|====] 0:00:04 

[====|====|====|====|====|====|====|====|====|====] 0:00:04 

[====|====|====|====|====|====|====|====|====|====] 0:00:04 

[====|====|====|====|====|====|====|====|====|====] 0:00:04 

[====|====|====|====|====|====|====|====|====|====] 0:00:04 

[====|====|====|====|====|====|====|====|====|====] 0:00:04 

[====|====|====|====|====|====|====|====|====|====] 0:00:06 

[====|====|====|====|====|====|====|====|====|====] 0:00:05 

[====|====|====|====|====|====|====|====|====|====] 0:00:05 

[====|====|====|====|====|====|====|====|====|====] 0:00:05 

[====|====|====|====|====|====|====|====|====|====] 0:00:05 

[====|====|====|====|====|====|====|====|====|====] 0:00:05 

[====|====|====|====|====|====|====|====|====|====] 0:00:05 

[====|====|====|====|====|====|====|====|====|====] 0:00:05 

[====|====|====|====|====|====|====|====|====|====] 0:00:05 

[====|====|====|====|====|====|====|====|====|====] 0:00:05 

[13:55:45]   target 1.11: m = 0.83411, AUC 1.11021 (screen iters 7, full 0), Cmax 1.0264
[====|====|====|====|====|====|====|====|====|====] 0:00:04 

[====|====|====|====|====|====|====|====|====|====] 0:00:05 

[====|====|====|====|====|====|====|====|====|====] 0:00:04 

[====|====|====|====|====|====|====|====|====|====] 0:00:04 

[====|====|====|====|====|====|====|====|====|====] 0:00:04 

[====|====|====|====|====|====|====|====|====|====] 0:00:05 

[====|====|====|====|====|====|====|====|====|====] 0:00:05 

[====|====|====|====|====|====|====|====|====|====] 0:00:05 

[====|====|====|====|====|====|====|====|====|====] 0:00:06 

[====|====|====|====|====|====|====|====|====|====] 0:00:06 

[====|====|====|====|====|====|====|====|====|====] 0:00:05 

[====|====|====|====|====|====|====|====|====|====] 0:00:05 

[====|====|====|====|====|====|====|====|====|====] 0:00:05 

[====|====|====|====|====|====|====|====|====|====] 0:00:06 

[====|====|====|====|====|====|====|====|====|====] 0:00:06 

[====|====|====|====|====|====|====|====|====|====] 0:00:06 

[====|====|====|====|====|====|====|====|====|====] 0:00:06 

[====|====|====|====|====|====|====|====|====|====] 0:00:05 

[13:59:08]   target 1.18: m = 0.74262, AUC 1.18043 (screen iters 8, full 0), Cmax 1.0411
[====|====|====|====|====|====|====|====|====|====] 0:00:05 

[====|====|====|====|====|====|====|====|====|====] 0:00:05 

[====|====|====|====|====|====|====|====|====|====] 0:00:05 

[====|====|====|====|====|====|====|====|====|====] 0:00:04 

[====|====|====|====|====|====|====|====|====|====] 0:00:05 

[====|====|====|====|====|====|====|====|====|====] 0:00:04 

[====|====|====|====|====|====|====|====|====|====] 0:00:05 

[====|====|====|====|====|====|====|====|====|====] 0:00:06 

[====|====|====|====|====|====|====|====|====|====] 0:00:06 

[====|====|====|====|====|====|====|====|====|====] 0:00:06 

[====|====|====|====|====|====|====|====|====|====] 0:00:06 

[====|====|====|====|====|====|====|====|====|====] 0:00:06 

[====|====|====|====|====|====|====|====|====|====] 0:00:06 

[====|====|====|====|====|====|====|====|====|====] 0:00:06 

[====|====|====|====|====|====|====|====|====|====] 0:00:06 

[====|====|====|====|====|====|====|====|====|====] 0:00:06 

[====|====|====|====|====|====|====|====|====|====] 0:00:06 

[14:02:23]   target 1.25: m = 0.66018, AUC 1.25088 (screen iters 7, full 0), Cmax 1.0544
[====|====|====|====|====|====|====|====|====|====] 0:00:05 

[====|====|====|====|====|====|====|====|====|====] 0:00:05 

[====|====|====|====|====|====|====|====|====|====] 0:00:05 

[====|====|====|====|====|====|====|====|====|====] 0:00:05 

[====|====|====|====|====|====|====|====|====|====] 0:00:05 

[====|====|====|====|====|====|====|====|====|====] 0:00:05 

[====|====|====|====|====|====|====|====|====|====] 0:00:05 

[====|====|====|====|====|====|====|====|====|====] 0:00:05 

[====|====|====|====|====|====|====|====|====|====] 0:00:06 

[====|====|====|====|====|====|====|====|====|====] 0:00:06 

[====|====|====|====|====|====|====|====|====|====] 0:00:06 

[====|====|====|====|====|====|====|====|====|====] 0:00:06 

[====|====|====|====|====|====|====|====|====|====] 0:00:06 

[====|====|====|====|====|====|====|====|====|====] 0:00:06 

[====|====|====|====|====|====|====|====|====|====] 0:00:06 

[====|====|====|====|====|====|====|====|====|====] 0:00:06 

[====|====|====|====|====|====|====|====|====|====] 0:00:06 

[====|====|====|====|====|====|====|====|====|====] 0:00:06 

[14:05:49]   target 1.33: m = 0.57642, AUC 1.33088 (screen iters 8, full 0), Cmax 1.0680
[====|====|====|====|====|====|====|====|====|====] 0:00:05 

[====|====|====|====|====|====|====|====|====|====] 0:00:05 

[====|====|====|====|====|====|====|====|====|====] 0:00:05 

[====|====|====|====|====|====|====|====|====|====] 0:00:05 

[====|====|====|====|====|====|====|====|====|====] 0:00:05 

[====|====|====|====|====|====|====|====|====|====] 0:00:06 

[====|====|====|====|====|====|====|====|====|====] 0:00:06 

[====|====|====|====|====|====|====|====|====|====] 0:00:06 

[====|====|====|====|====|====|====|====|====|====] 0:00:06 

[====|====|====|====|====|====|====|====|====|====] 0:00:06 

[====|====|====|====|====|====|====|====|====|====] 0:00:06 

[====|====|====|====|====|====|====|====|====|====] 0:00:06 

[====|====|====|====|====|====|====|====|====|====] 0:00:06 

[====|====|====|====|====|====|====|====|====|====] 0:00:06 

[====|====|====|====|====|====|====|====|====|====] 0:00:06 

[14:08:45]   target 1.43: m = 0.48406, AUC 1.43124 (screen iters 5, full 0), Cmax 1.0832
[====|====|====|====|====|====|====|====|====|====] 0:00:04 

[====|====|====|====|====|====|====|====|====|====] 0:00:04 

[====|====|====|====|====|====|====|====|====|====] 0:00:03 

[====|====|====|====|====|====|====|====|====|====] 0:00:03 

[====|====|====|====|====|====|====|====|====|====] 0:00:03 

[====|====|====|====|====|====|====|====|====|====] 0:00:03 

[====|====|====|====|====|====|====|====|====|====] 0:00:04 

[====|====|====|====|====|====|====|====|====|====] 0:00:04 

[====|====|====|====|====|====|====|====|====|====] 0:00:04 

[====|====|====|====|====|====|====|====|====|====] 0:00:04 

[====|====|====|====|====|====|====|====|====|====] 0:00:04 

[====|====|====|====|====|====|====|====|====|====] 0:00:04 

[14:10:09] Vmax up scan 1.396277 mins: ratio 0.0141 .. 0.8841
[====|====|====|====|====|====|====|====|====|====] 0:00:03 

[====|====|====|====|====|====|====|====|====|====] 0:00:03 

[====|====|====|====|====|====|====|====|====|====] 0:00:04 

[====|====|====|====|====|====|====|====|====|====] 0:00:03 

[====|====|====|====|====|====|====|====|====|====] 0:00:04 

[====|====|====|====|====|====|====|====|====|====] 0:00:03 

[====|====|====|====|====|====|====|====|====|====] 0:00:04 

[====|====|====|====|====|====|====|====|====|====] 0:00:03 

[====|====|====|====|====|====|====|====|====|====] 0:00:05 

[====|====|====|====|====|====|====|====|====|====] 0:00:05 

[====|====|====|====|====|====|====|====|====|====] 0:00:05 

[====|====|====|====|====|====|====|====|====|====] 0:00:05 

[====|====|====|====|====|====|====|====|====|====] 0:00:05 

[====|====|====|====|====|====|====|====|====|====] 0:00:05 

[====|====|====|====|====|====|====|====|====|====] 0:00:05 

[====|====|====|====|====|====|====|====|====|====] 0:00:04 

[====|====|====|====|====|====|====|====|====|====] 0:00:05 

[====|====|====|====|====|====|====|====|====|====] 0:00:05 

[14:13:05]   target 0.70: m = 1.65358, AUC 0.69943 (screen iters 8, full 0), Cmax 0.8990
[====|====|====|====|====|====|====|====|====|====] 0:00:04 

[====|====|====|====|====|====|====|====|====|====] 0:00:04 

[====|====|====|====|====|====|====|====|====|====] 0:00:04 

[====|====|====|====|====|====|====|====|====|====] 0:00:04 

[====|====|====|====|====|====|====|====|====|====] 0:00:03 

[====|====|====|====|====|====|====|====|====|====] 0:00:04 

[====|====|====|====|====|====|====|====|====|====] 0:00:04 

[====|====|====|====|====|====|====|====|====|====] 0:00:04 

[====|====|====|====|====|====|====|====|====|====] 0:00:05 

[====|====|====|====|====|====|====|====|====|====] 0:00:05 

[====|====|====|====|====|====|====|====|====|====] 0:00:05 

[====|====|====|====|====|====|====|====|====|====] 0:00:05 

[====|====|====|====|====|====|====|====|====|====] 0:00:05 

[====|====|====|====|====|====|====|====|====|====] 0:00:05 

[====|====|====|====|====|====|====|====|====|====] 0:00:05 

[====|====|====|====|====|====|====|====|====|====] 0:00:05 

[====|====|====|====|====|====|====|====|====|====] 0:00:05 

[====|====|====|====|====|====|====|====|====|====] 0:00:04 

[14:16:40]   target 0.75: m = 1.51815, AUC 0.74935 (screen iters 8, full 0), Cmax 0.9196
[====|====|====|====|====|====|====|====|====|====] 0:00:04 

[====|====|====|====|====|====|====|====|====|====] 0:00:04 

[====|====|====|====|====|====|====|====|====|====] 0:00:04 

[====|====|====|====|====|====|====|====|====|====] 0:00:04 

[====|====|====|====|====|====|====|====|====|====] 0:00:04 

[====|====|====|====|====|====|====|====|====|====] 0:00:04 

[====|====|====|====|====|====|====|====|====|====] 0:00:05 

[====|====|====|====|====|====|====|====|====|====] 0:00:05 

[====|====|====|====|====|====|====|====|====|====] 0:00:05 

[====|====|====|====|====|====|====|====|====|====] 0:00:05 

[====|====|====|====|====|====|====|====|====|====] 0:00:05 

[====|====|====|====|====|====|====|====|====|====] 0:00:05 

[====|====|====|====|====|====|====|====|====|====] 0:00:05 

[====|====|====|====|====|====|====|====|====|====] 0:00:05 

[====|====|====|====|====|====|====|====|====|====] 0:00:05 

[====|====|====|====|====|====|====|====|====|====] 0:00:05 

[14:19:22]   target 0.80: m = 1.39486, AUC 0.79942 (screen iters 6, full 0), Cmax 0.9385
[====|====|====|====|====|====|====|====|====|====] 0:00:04 

[====|====|====|====|====|====|====|====|====|====] 0:00:04 

[====|====|====|====|====|====|====|====|====|====] 0:00:04 

[====|====|====|====|====|====|====|====|====|====] 0:00:04 

[====|====|====|====|====|====|====|====|====|====] 0:00:04 

[====|====|====|====|====|====|====|====|====|====] 0:00:04 

[====|====|====|====|====|====|====|====|====|====] 0:00:05 

[====|====|====|====|====|====|====|====|====|====] 0:00:05 

[====|====|====|====|====|====|====|====|====|====] 0:00:05 

[====|====|====|====|====|====|====|====|====|====] 0:00:05 

[====|====|====|====|====|====|====|====|====|====] 0:00:05 

[====|====|====|====|====|====|====|====|====|====] 0:00:05 

[====|====|====|====|====|====|====|====|====|====] 0:00:05 

[====|====|====|====|====|====|====|====|====|====] 0:00:05 

[====|====|====|====|====|====|====|====|====|====] 0:00:05 

[====|====|====|====|====|====|====|====|====|====] 0:00:05 

[14:21:58]   target 0.85: m = 1.28255, AUC 0.84954 (screen iters 6, full 0), Cmax 0.9558
[====|====|====|====|====|====|====|====|====|====] 0:00:04 

[====|====|====|====|====|====|====|====|====|====] 0:00:04 

[====|====|====|====|====|====|====|====|====|====] 0:00:04 

[====|====|====|====|====|====|====|====|====|====] 0:00:04 

[====|====|====|====|====|====|====|====|====|====] 0:00:04 

[====|====|====|====|====|====|====|====|====|====] 0:00:04 

[====|====|====|====|====|====|====|====|====|====] 0:00:04 

[====|====|====|====|====|====|====|====|====|====] 0:00:04 

[====|====|====|====|====|====|====|====|====|====] 0:00:05 

[====|====|====|====|====|====|====|====|====|====] 0:00:05 

[====|====|====|====|====|====|====|====|====|====] 0:00:05 

[====|====|====|====|====|====|====|====|====|====] 0:00:05 

[====|====|====|====|====|====|====|====|====|====] 0:00:05 

[====|====|====|====|====|====|====|====|====|====] 0:00:05 

[====|====|====|====|====|====|====|====|====|====] 0:00:05 

[====|====|====|====|====|====|====|====|====|====] 0:00:05 

[====|====|====|====|====|====|====|====|====|====] 0:00:05 

[====|====|====|====|====|====|====|====|====|====] 0:00:05 

[14:24:54]   target 0.90: m = 1.18016, AUC 0.89960 (screen iters 8, full 0), Cmax 0.9717
[====|====|====|====|====|====|====|====|====|====] 0:00:04 

[====|====|====|====|====|====|====|====|====|====] 0:00:04 

[====|====|====|====|====|====|====|====|====|====] 0:00:04 

[====|====|====|====|====|====|====|====|====|====] 0:00:04 

[====|====|====|====|====|====|====|====|====|====] 0:00:04 

[====|====|====|====|====|====|====|====|====|====] 0:00:04 

[====|====|====|====|====|====|====|====|====|====] 0:00:04 

[====|====|====|====|====|====|====|====|====|====] 0:00:05 

[====|====|====|====|====|====|====|====|====|====] 0:00:05 

[====|====|====|====|====|====|====|====|====|====] 0:00:05 

[====|====|====|====|====|====|====|====|====|====] 0:00:05 

[====|====|====|====|====|====|====|====|====|====] 0:00:05 

[====|====|====|====|====|====|====|====|====|====] 0:00:05 

[====|====|====|====|====|====|====|====|====|====] 0:00:05 

[====|====|====|====|====|====|====|====|====|====] 0:00:05 

[====|====|====|====|====|====|====|====|====|====] 0:00:05 

[====|====|====|====|====|====|====|====|====|====] 0:00:05 

[14:27:33]   target 0.95: m = 1.08594, AUC 0.94994 (screen iters 7, full 0), Cmax 0.9865
[====|====|====|====|====|====|====|====|====|====] 0:00:05 

[====|====|====|====|====|====|====|====|====|====] 0:00:05 

[====|====|====|====|====|====|====|====|====|====] 0:00:05 

[====|====|====|====|====|====|====|====|====|====] 0:00:05 

[====|====|====|====|====|====|====|====|====|====] 0:00:05 

[====|====|====|====|====|====|====|====|====|====] 0:00:05 

[====|====|====|====|====|====|====|====|====|====] 0:00:05 

[====|====|====|====|====|====|====|====|====|====] 0:00:05 

[====|====|====|====|====|====|====|====|====|====] 0:00:05 

[====|====|====|====|====|====|====|====|====|====] 0:00:05 

    mechanism direction target reachable multiplier auc_ratio cmax_ratio
 1:      Vmax      down   0.70     FALSE         NA        NA         NA
 2:      Vmax      down   0.75     FALSE         NA        NA         NA
 3:      Vmax      down   0.80     FALSE         NA        NA         NA
 4:      Vmax      down   0.85     FALSE         NA        NA         NA
 5:      Vmax      down   0.90     FALSE         NA        NA         NA
 6:      Vmax      down   0.95     FALSE         NA        NA         NA
 7:      Vmax      down   1.05      TRUE     0.9209    1.0501     1.0125
 8:      Vmax      down   1.11      TRUE     0.8341    1.1102     1.0264
 9:      Vmax      down   1.18      TRUE     0.7426    1.1804     1.0411
10:      Vmax      down   1.25      TRUE     0.6602    1.2509     1.0544
11:      Vmax      down   1.33      TRUE     0.5764    1.3309     1.0680
12:      Vmax      down   1.43      TRUE     0.4841    1.4312     1.0832
13:      Vmax        up   0.70      TRUE     1.6536    0.6994     0.8990
14:      Vmax        up   0.75      TRUE     1.5182    0.7493     0.9196
15:      Vmax        up   0.80      TRUE     1.3949    0.7994     0.9385
16:      Vmax        up   0.85      TRUE     1.2825    0.8495     0.9558
17:      Vmax        up   0.90      TRUE     1.1802    0.8996     0.9717
18:      Vmax        up   0.95      TRUE     1.0859    0.9499     0.9865
19:      Vmax        up   1.05     FALSE         NA        NA         NA
20:      Vmax        up   1.11     FALSE         NA        NA         NA
21:      Vmax        up   1.18     FALSE         NA        NA         NA
22:      Vmax        up   1.25     FALSE         NA        NA         NA
23:      Vmax        up   1.33     FALSE         NA        NA         NA
24:      Vmax        up   1.43     FALSE         NA        NA         NA
    mechanism direction target reachable multiplier auc_ratio cmax_ratio
    end_auc_ratio
 1:       2.11824
 2:       2.11824
 3:       2.11824
 4:       2.11824
 5:       2.11824
 6:       2.11824
 7:            NA
 8:            NA
 9:            NA
10:            NA
11:            NA
12:            NA
13:            NA
14:            NA
15:            NA
16:            NA
17:            NA
18:            NA
19:       0.01426
20:       0.01426
21:       0.01426
22:       0.01426
23:       0.01426
24:       0.01426
    end_auc_ratio
