run log: /home/user/dupilumab-sim/logs/oc_inversion_k2020_F_20260924T143934.log
[====|====|====|====|====|====|====|====|====|====] 0:00:09 

[====|====|====|====|====|====|====|====|====|====] 0:00:09 

[====|====|====|====|====|====|====|====|====|====] 0:00:09 

[====|====|====|====|====|====|====|====|====|====] 0:00:08 

[====|====|====|====|====|====|====|====|====|====] 0:00:08 

[====|====|====|====|====|====|====|====|====|====] 0:00:08 

[====|====|====|====|====|====|====|====|====|====] 0:00:08 

[====|====|====|====|====|====|====|====|====|====] 0:00:07 

[====|====|====|====|====|====|====|====|====|====] 0:00:07 

[====|====|====|====|====|====|====|====|====|====] 0:00:07 

[====|====|====|====|====|====|====|====|====|====] 0:00:07 

[====|====|====|====|====|====|====|====|====|====] 0:00:07 

[14:42:27] F down scan 2.884022 mins: ratio 0.0029 .. 0.7311
[====|====|====|====|====|====|====|====|====|====] 0:00:09 

[====|====|====|====|====|====|====|====|====|====] 0:00:09 

[====|====|====|====|====|====|====|====|====|====] 0:00:09 

[====|====|====|====|====|====|====|====|====|====] 0:00:09 

[====|====|====|====|====|====|====|====|====|====] 0:00:09 

[====|====|====|====|====|====|====|====|====|====] 0:00:09 

[====|====|====|====|====|====|====|====|====|====] 0:00:09 

[====|====|====|====|====|====|====|====|====|====] 0:00:09 

[====|====|====|====|====|====|====|====|====|====] 0:00:09 

[====|====|====|====|====|====|====|====|====|====] 0:00:11 

[====|====|====|====|====|====|====|====|====|====] 0:00:11 

[====|====|====|====|====|====|====|====|====|====] 0:00:11 

[====|====|====|====|====|====|====|====|====|====] 0:00:11 

[====|====|====|====|====|====|====|====|====|====] 0:00:11 

[====|====|====|====|====|====|====|====|====|====] 0:00:11 

[====|====|====|====|====|====|====|====|====|====] 0:00:11 

[====|====|====|====|====|====|====|====|====|====] 0:00:11 

[====|====|====|====|====|====|====|====|====|====] 0:00:11 

[====|====|====|====|====|====|====|====|====|====] 0:00:11 

[14:48:35]   target 0.70: m = 0.80433, AUC 0.69966 (screen iters 9, full 0), Cmax 0.7753
[====|====|====|====|====|====|====|====|====|====] 0:00:09 

[====|====|====|====|====|====|====|====|====|====] 0:00:09 

[====|====|====|====|====|====|====|====|====|====] 0:00:09 

[====|====|====|====|====|====|====|====|====|====] 0:00:09 

[====|====|====|====|====|====|====|====|====|====] 0:00:09 

[====|====|====|====|====|====|====|====|====|====] 0:00:09 

[====|====|====|====|====|====|====|====|====|====] 0:00:09 

[====|====|====|====|====|====|====|====|====|====] 0:00:09 

[====|====|====|====|====|====|====|====|====|====] 0:00:09 

[====|====|====|====|====|====|====|====|====|====] 0:00:11 

[====|====|====|====|====|====|====|====|====|====] 0:00:11 

[====|====|====|====|====|====|====|====|====|====] 0:00:11 

[====|====|====|====|====|====|====|====|====|====] 0:00:11 

[====|====|====|====|====|====|====|====|====|====] 0:00:11 

[====|====|====|====|====|====|====|====|====|====] 0:00:11 

[====|====|====|====|====|====|====|====|====|====] 0:00:12 

[====|====|====|====|====|====|====|====|====|====] 0:00:11 

[====|====|====|====|====|====|====|====|====|====] 0:00:11 

[====|====|====|====|====|====|====|====|====|====] 0:00:11 

[14:54:36]   target 0.75: m = 0.83818, AUC 0.74975 (screen iters 9, full 0), Cmax 0.8141
[====|====|====|====|====|====|====|====|====|====] 0:00:09 

[====|====|====|====|====|====|====|====|====|====] 0:00:09 

[====|====|====|====|====|====|====|====|====|====] 0:00:09 

[====|====|====|====|====|====|====|====|====|====] 0:00:09 

[====|====|====|====|====|====|====|====|====|====] 0:00:09 

[====|====|====|====|====|====|====|====|====|====] 0:00:09 

[====|====|====|====|====|====|====|====|====|====] 0:00:09 

[====|====|====|====|====|====|====|====|====|====] 0:00:09 

[====|====|====|====|====|====|====|====|====|====] 0:00:09 

[====|====|====|====|====|====|====|====|====|====] 0:00:09 

[====|====|====|====|====|====|====|====|====|====] 0:00:11 

[====|====|====|====|====|====|====|====|====|====] 0:00:11 

[====|====|====|====|====|====|====|====|====|====] 0:00:11 

[====|====|====|====|====|====|====|====|====|====] 0:00:11 

[====|====|====|====|====|====|====|====|====|====] 0:00:11 

[====|====|====|====|====|====|====|====|====|====] 0:00:11 

[====|====|====|====|====|====|====|====|====|====] 0:00:11 

[====|====|====|====|====|====|====|====|====|====] 0:00:11 

[====|====|====|====|====|====|====|====|====|====] 0:00:11 

[====|====|====|====|====|====|====|====|====|====] 0:00:11 

[15:00:50]   target 0.80: m = 0.87134, AUC 0.79962 (screen iters 10, full 0), Cmax 0.8521
[====|====|====|====|====|====|====|====|====|====] 0:00:09 

[====|====|====|====|====|====|====|====|====|====] 0:00:09 

[====|====|====|====|====|====|====|====|====|====] 0:00:09 

[====|====|====|====|====|====|====|====|====|====] 0:00:09 

[====|====|====|====|====|====|====|====|====|====] 0:00:09 

[====|====|====|====|====|====|====|====|====|====] 0:00:09 

[====|====|====|====|====|====|====|====|====|====] 0:00:09 

[====|====|====|====|====|====|====|====|====|====] 0:00:09 

[====|====|====|====|====|====|====|====|====|====] 0:00:09 

[====|====|====|====|====|====|====|====|====|====] 0:00:11 

[====|====|====|====|====|====|====|====|====|====] 0:00:11 

[====|====|====|====|====|====|====|====|====|====] 0:00:11 

[====|====|====|====|====|====|====|====|====|====] 0:00:11 

[====|====|====|====|====|====|====|====|====|====] 0:00:11 

[====|====|====|====|====|====|====|====|====|====] 0:00:11 

[====|====|====|====|====|====|====|====|====|====] 0:00:11 

[====|====|====|====|====|====|====|====|====|====] 0:00:11 

[====|====|====|====|====|====|====|====|====|====] 0:00:12 

[====|====|====|====|====|====|====|====|====|====] 0:00:12 

[15:07:03]   target 0.85: m = 0.90410, AUC 0.84965 (screen iters 9, full 0), Cmax 0.8898
[====|====|====|====|====|====|====|====|====|====] 0:00:09 

[====|====|====|====|====|====|====|====|====|====] 0:00:10 

[====|====|====|====|====|====|====|====|====|====] 0:00:09 

[====|====|====|====|====|====|====|====|====|====] 0:00:09 

[====|====|====|====|====|====|====|====|====|====] 0:00:09 

[====|====|====|====|====|====|====|====|====|====] 0:00:09 

[====|====|====|====|====|====|====|====|====|====] 0:00:09 

[====|====|====|====|====|====|====|====|====|====] 0:00:09 

[====|====|====|====|====|====|====|====|====|====] 0:00:09 

[====|====|====|====|====|====|====|====|====|====] 0:00:12 

[====|====|====|====|====|====|====|====|====|====] 0:00:12 

[====|====|====|====|====|====|====|====|====|====] 0:00:11 

[====|====|====|====|====|====|====|====|====|====] 0:00:11 

[====|====|====|====|====|====|====|====|====|====] 0:00:11 

[====|====|====|====|====|====|====|====|====|====] 0:00:11 

[====|====|====|====|====|====|====|====|====|====] 0:00:11 

[====|====|====|====|====|====|====|====|====|====] 0:00:11 

[====|====|====|====|====|====|====|====|====|====] 0:00:11 

[====|====|====|====|====|====|====|====|====|====] 0:00:11 

[15:13:12]   target 0.90: m = 0.93652, AUC 0.89984 (screen iters 9, full 0), Cmax 0.9270
[====|====|====|====|====|====|====|====|====|====] 0:00:09 

[====|====|====|====|====|====|====|====|====|====] 0:00:09 

[====|====|====|====|====|====|====|====|====|====] 0:00:09 

[====|====|====|====|====|====|====|====|====|====] 0:00:09 

[====|====|====|====|====|====|====|====|====|====] 0:00:09 

[====|====|====|====|====|====|====|====|====|====] 0:00:09 

[====|====|====|====|====|====|====|====|====|====] 0:00:09 

[====|====|====|====|====|====|====|====|====|====] 0:00:09 

[====|====|====|====|====|====|====|====|====|====] 0:00:09 

[====|====|====|====|====|====|====|====|====|====] 0:00:09 

[====|====|====|====|====|====|====|====|====|====] 0:00:11 

[====|====|====|====|====|====|====|====|====|====] 0:00:11 

[====|====|====|====|====|====|====|====|====|====] 0:00:11 

[====|====|====|====|====|====|====|====|====|====] 0:00:12 

[====|====|====|====|====|====|====|====|====|====] 0:00:12 

[====|====|====|====|====|====|====|====|====|====] 0:00:12 

[====|====|====|====|====|====|====|====|====|====] 0:00:12 

[====|====|====|====|====|====|====|====|====|====] 0:00:11 

[====|====|====|====|====|====|====|====|====|====] 0:00:11 

[====|====|====|====|====|====|====|====|====|====] 0:00:11 

[15:19:39]   target 0.95: m = 0.96847, AUC 0.94994 (screen iters 10, full 0), Cmax 0.9637
[====|====|====|====|====|====|====|====|====|====] 0:00:09 

[====|====|====|====|====|====|====|====|====|====] 0:00:09 

[====|====|====|====|====|====|====|====|====|====] 0:00:09 

[====|====|====|====|====|====|====|====|====|====] 0:00:09 

[====|====|====|====|====|====|====|====|====|====] 0:00:09 

[====|====|====|====|====|====|====|====|====|====] 0:00:09 

[====|====|====|====|====|====|====|====|====|====] 0:00:09 

[====|====|====|====|====|====|====|====|====|====] 0:00:09 

[====|====|====|====|====|====|====|====|====|====] 0:00:09 

[====|====|====|====|====|====|====|====|====|====] 0:00:09 

[====|====|====|====|====|====|====|====|====|====] 0:00:10 

[====|====|====|====|====|====|====|====|====|====] 0:00:09 

[====|====|====|====|====|====|====|====|====|====] 0:00:09 

[====|====|====|====|====|====|====|====|====|====] 0:00:09 

[====|====|====|====|====|====|====|====|====|====] 0:00:09 

[====|====|====|====|====|====|====|====|====|====] 0:00:09 

[====|====|====|====|====|====|====|====|====|====] 0:00:09 

[====|====|====|====|====|====|====|====|====|====] 0:00:10 

[====|====|====|====|====|====|====|====|====|====] 0:00:10 

[====|====|====|====|====|====|====|====|====|====] 0:00:09 

[====|====|====|====|====|====|====|====|====|====] 0:00:10 

[====|====|====|====|====|====|====|====|====|====] 0:00:10 

[15:26:55] F up scan 4.244654 mins: ratio 1.0601 .. 1.9546
[====|====|====|====|====|====|====|====|====|====] 0:00:12 

[====|====|====|====|====|====|====|====|====|====] 0:00:12 

[====|====|====|====|====|====|====|====|====|====] 0:00:12 

[====|====|====|====|====|====|====|====|====|====] 0:00:12 

[====|====|====|====|====|====|====|====|====|====] 0:00:12 

[====|====|====|====|====|====|====|====|====|====] 0:00:12 

[====|====|====|====|====|====|====|====|====|====] 0:00:12 

[====|====|====|====|====|====|====|====|====|====] 0:00:12 

[====|====|====|====|====|====|====|====|====|====] 0:00:12 

[====|====|====|====|====|====|====|====|====|====] 0:00:12 

[====|====|====|====|====|====|====|====|====|====] 0:00:09 

[====|====|====|====|====|====|====|====|====|====] 0:00:09 

[====|====|====|====|====|====|====|====|====|====] 0:00:09 

[====|====|====|====|====|====|====|====|====|====] 0:00:09 

[====|====|====|====|====|====|====|====|====|====] 0:00:10 

[====|====|====|====|====|====|====|====|====|====] 0:00:09 

[====|====|====|====|====|====|====|====|====|====] 0:00:09 

[====|====|====|====|====|====|====|====|====|====] 0:00:11 

[====|====|====|====|====|====|====|====|====|====] 0:00:11 

[====|====|====|====|====|====|====|====|====|====] 0:00:12 

[====|====|====|====|====|====|====|====|====|====] 0:00:11 

[====|====|====|====|====|====|====|====|====|====] 0:00:12 

[====|====|====|====|====|====|====|====|====|====] 0:00:12 

[====|====|====|====|====|====|====|====|====|====] 0:00:11 

[====|====|====|====|====|====|====|====|====|====] 0:00:11 

[====|====|====|====|====|====|====|====|====|====] 0:00:12 

[====|====|====|====|====|====|====|====|====|====] 0:00:11 

[15:40:31]   target 1.05: m = 1.03124, AUC 1.05015 (screen iters 7, full 0), Cmax 1.0359
[====|====|====|====|====|====|====|====|====|====] 0:00:09 

[====|====|====|====|====|====|====|====|====|====] 0:00:09 

[====|====|====|====|====|====|====|====|====|====] 0:00:09 

[====|====|====|====|====|====|====|====|====|====] 0:00:09 

[====|====|====|====|====|====|====|====|====|====] 0:00:09 

[====|====|====|====|====|====|====|====|====|====] 0:00:09 

[====|====|====|====|====|====|====|====|====|====] 0:00:09 

[====|====|====|====|====|====|====|====|====|====] 0:00:09 

[====|====|====|====|====|====|====|====|====|====] 0:00:11 

[====|====|====|====|====|====|====|====|====|====] 0:00:12 

[====|====|====|====|====|====|====|====|====|====] 0:00:11 

[====|====|====|====|====|====|====|====|====|====] 0:00:11 

[====|====|====|====|====|====|====|====|====|====] 0:00:12 

[====|====|====|====|====|====|====|====|====|====] 0:00:11 

[====|====|====|====|====|====|====|====|====|====] 0:00:11 

[====|====|====|====|====|====|====|====|====|====] 0:00:11 

[====|====|====|====|====|====|====|====|====|====] 0:00:12 

[====|====|====|====|====|====|====|====|====|====] 0:00:11 

[15:48:48]   target 1.11: m = 1.06821, AUC 1.11017 (screen iters 8, full 0), Cmax 1.0785
[====|====|====|====|====|====|====|====|====|====] 0:00:09 

[====|====|====|====|====|====|====|====|====|====] 0:00:09 

[====|====|====|====|====|====|====|====|====|====] 0:00:09 

[====|====|====|====|====|====|====|====|====|====] 0:00:09 

[====|====|====|====|====|====|====|====|====|====] 0:00:09 

[====|====|====|====|====|====|====|====|====|====] 0:00:09 

[====|====|====|====|====|====|====|====|====|====] 0:00:12 

[====|====|====|====|====|====|====|====|====|====] 0:00:12 

[====|====|====|====|====|====|====|====|====|====] 0:00:12 

[====|====|====|====|====|====|====|====|====|====] 0:00:11 

[====|====|====|====|====|====|====|====|====|====] 0:00:11 

[====|====|====|====|====|====|====|====|====|====] 0:00:11 

[====|====|====|====|====|====|====|====|====|====] 0:00:11 

[====|====|====|====|====|====|====|====|====|====] 0:00:11 

[====|====|====|====|====|====|====|====|====|====] 0:00:12 

[====|====|====|====|====|====|====|====|====|====] 0:00:11 

[15:56:32]   target 1.18: m = 1.11096, AUC 1.18048 (screen iters 6, full 0), Cmax 1.1277
[====|====|====|====|====|====|====|====|====|====] 0:00:09 

[====|====|====|====|====|====|====|====|====|====] 0:00:09 

[====|====|====|====|====|====|====|====|====|====] 0:00:09 

[====|====|====|====|====|====|====|====|====|====] 0:00:09 

[====|====|====|====|====|====|====|====|====|====] 0:00:09 

[====|====|====|====|====|====|====|====|====|====] 0:00:09 

[====|====|====|====|====|====|====|====|====|====] 0:00:09 

[====|====|====|====|====|====|====|====|====|====] 0:00:11 

[====|====|====|====|====|====|====|====|====|====] 0:00:11 

[====|====|====|====|====|====|====|====|====|====] 0:00:11 

[====|====|====|====|====|====|====|====|====|====] 0:00:12 

[====|====|====|====|====|====|====|====|====|====] 0:00:11 

[====|====|====|====|====|====|====|====|====|====] 0:00:11 

[====|====|====|====|====|====|====|====|====|====] 0:00:12 

[====|====|====|====|====|====|====|====|====|====] 0:00:11 

[====|====|====|====|====|====|====|====|====|====] 0:00:12 

[====|====|====|====|====|====|====|====|====|====] 0:00:12 

[16:04:37]   target 1.25: m = 1.15294, AUC 1.25037 (screen iters 7, full 0), Cmax 1.1761
[====|====|====|====|====|====|====|====|====|====] 0:00:09 

[====|====|====|====|====|====|====|====|====|====] 0:00:09 

[====|====|====|====|====|====|====|====|====|====] 0:00:09 

[====|====|====|====|====|====|====|====|====|====] 0:00:09 

[====|====|====|====|====|====|====|====|====|====] 0:00:09 

[====|====|====|====|====|====|====|====|====|====] 0:00:11 

[====|====|====|====|====|====|====|====|====|====] 0:00:11 

[====|====|====|====|====|====|====|====|====|====] 0:00:11 

[====|====|====|====|====|====|====|====|====|====] 0:00:11 

[====|====|====|====|====|====|====|====|====|====] 0:00:12 

[====|====|====|====|====|====|====|====|====|====] 0:00:12 

[====|====|====|====|====|====|====|====|====|====] 0:00:12 

[====|====|====|====|====|====|====|====|====|====] 0:00:11 

[====|====|====|====|====|====|====|====|====|====] 0:00:11 

[====|====|====|====|====|====|====|====|====|====] 0:00:12 

[16:11:53]   target 1.33: m = 1.20064, AUC 1.33079 (screen iters 5, full 0), Cmax 1.2310
[====|====|====|====|====|====|====|====|====|====] 0:00:09 

[====|====|====|====|====|====|====|====|====|====] 0:00:09 

[====|====|====|====|====|====|====|====|====|====] 0:00:10 

[====|====|====|====|====|====|====|====|====|====] 0:00:10 

[====|====|====|====|====|====|====|====|====|====] 0:00:09 

[====|====|====|====|====|====|====|====|====|====] 0:00:09 

[====|====|====|====|====|====|====|====|====|====] 0:00:10 

[====|====|====|====|====|====|====|====|====|====] 0:00:12 

[====|====|====|====|====|====|====|====|====|====] 0:00:11 

[====|====|====|====|====|====|====|====|====|====] 0:00:11 

[====|====|====|====|====|====|====|====|====|====] 0:00:12 

[====|====|====|====|====|====|====|====|====|====] 0:00:11 

[====|====|====|====|====|====|====|====|====|====] 0:00:11 

[====|====|====|====|====|====|====|====|====|====] 0:00:12 

[====|====|====|====|====|====|====|====|====|====] 0:00:12 

[====|====|====|====|====|====|====|====|====|====] 0:00:11 

[====|====|====|====|====|====|====|====|====|====] 0:00:11 

[16:19:55]   target 1.43: m = 1.25897, AUC 1.43047 (screen iters 7, full 0), Cmax 1.2983
    mechanism direction target reachable multiplier auc_ratio cmax_ratio
 1:         F      down   0.70      TRUE     0.8043    0.6997     0.7753
 2:         F      down   0.75      TRUE     0.8382    0.7498     0.8141
 3:         F      down   0.80      TRUE     0.8713    0.7996     0.8521
 4:         F      down   0.85      TRUE     0.9041    0.8497     0.8898
 5:         F      down   0.90      TRUE     0.9365    0.8998     0.9270
 6:         F      down   0.95      TRUE     0.9685    0.9499     0.9637
 7:         F      down   1.05     FALSE         NA        NA         NA
 8:         F      down   1.11     FALSE         NA        NA         NA
 9:         F      down   1.18     FALSE         NA        NA         NA
10:         F      down   1.25     FALSE         NA        NA         NA
11:         F      down   1.33     FALSE         NA        NA         NA
12:         F      down   1.43     FALSE         NA        NA         NA
13:         F        up   0.70     FALSE         NA        NA         NA
14:         F        up   0.75     FALSE         NA        NA         NA
15:         F        up   0.80     FALSE         NA        NA         NA
16:         F        up   0.85     FALSE         NA        NA         NA
17:         F        up   0.90     FALSE         NA        NA         NA
18:         F        up   0.95     FALSE         NA        NA         NA
19:         F        up   1.05      TRUE     1.0312    1.0501     1.0359
20:         F        up   1.11      TRUE     1.0682    1.1102     1.0785
21:         F        up   1.18      TRUE     1.1110    1.1805     1.1277
22:         F        up   1.25      TRUE     1.1529    1.2504     1.1761
23:         F        up   1.33      TRUE     1.2006    1.3308     1.2310
24:         F        up   1.43      TRUE     1.2590    1.4305     1.2983
    mechanism direction target reachable multiplier auc_ratio cmax_ratio
    end_auc_ratio
 1:            NA
 2:            NA
 3:            NA
 4:            NA
 5:            NA
 6:            NA
 7:      0.002887
 8:      0.002887
 9:      0.002887
10:      0.002887
11:      0.002887
12:      0.002887
13:      1.956353
14:      1.956353
15:      1.956353
16:      1.956353
17:      1.956353
18:      1.956353
19:            NA
20:            NA
21:            NA
22:            NA
23:            NA
24:            NA
    end_auc_ratio
