run log: /home/user/dupilumab-sim/logs/oc_inversion_k2020_Km_20260924T182014.log
[====|====|====|====|====|====|====|====|====|====] 0:00:09 

[====|====|====|====|====|====|====|====|====|====] 0:00:09 

[====|====|====|====|====|====|====|====|====|====] 0:00:08 

[====|====|====|====|====|====|====|====|====|====] 0:00:08 

[====|====|====|====|====|====|====|====|====|====] 0:00:08 

[====|====|====|====|====|====|====|====|====|====] 0:00:08 

[====|====|====|====|====|====|====|====|====|====] 0:00:08 

[====|====|====|====|====|====|====|====|====|====] 0:00:08 

[====|====|====|====|====|====|====|====|====|====] 0:00:08 

[====|====|====|====|====|====|====|====|====|====] 0:00:08 

[====|====|====|====|====|====|====|====|====|====] 0:00:09 

[====|====|====|====|====|====|====|====|====|====] 0:00:09 

[18:24:30] Km down scan 4.268894 mins: ratio 0.9990 .. 0.9997
[====|====|====|====|====|====|====|====|====|====] 0:00:10 

[====|====|====|====|====|====|====|====|====|====] 0:00:10 

[====|====|====|====|====|====|====|====|====|====] 0:00:10 

[====|====|====|====|====|====|====|====|====|====] 0:00:10 

[====|====|====|====|====|====|====|====|====|====] 0:00:11 

[====|====|====|====|====|====|====|====|====|====] 0:00:10 

[====|====|====|====|====|====|====|====|====|====] 0:00:10 

[====|====|====|====|====|====|====|====|====|====] 0:00:11 

[====|====|====|====|====|====|====|====|====|====] 0:00:11 

[====|====|====|====|====|====|====|====|====|====] 0:00:11 

[====|====|====|====|====|====|====|====|====|====] 0:00:09 

[====|====|====|====|====|====|====|====|====|====] 0:00:08 

[====|====|====|====|====|====|====|====|====|====] 0:00:08 

[====|====|====|====|====|====|====|====|====|====] 0:00:07 

[====|====|====|====|====|====|====|====|====|====] 0:00:07 

[====|====|====|====|====|====|====|====|====|====] 0:00:07 

[====|====|====|====|====|====|====|====|====|====] 0:00:06 

[====|====|====|====|====|====|====|====|====|====] 0:00:06 

[====|====|====|====|====|====|====|====|====|====] 0:00:06 

[====|====|====|====|====|====|====|====|====|====] 0:00:06 

[====|====|====|====|====|====|====|====|====|====] 0:00:06 

[====|====|====|====|====|====|====|====|====|====] 0:00:05 

[18:32:54] Km up scan 3.397002 mins: ratio 1.0004 .. 1.0538
[====|====|====|====|====|====|====|====|====|====] 0:00:08 

[====|====|====|====|====|====|====|====|====|====] 0:00:08 

[====|====|====|====|====|====|====|====|====|====] 0:00:08 

[====|====|====|====|====|====|====|====|====|====] 0:00:08 

[====|====|====|====|====|====|====|====|====|====] 0:00:07 

[====|====|====|====|====|====|====|====|====|====] 0:00:08 

[====|====|====|====|====|====|====|====|====|====] 0:00:08 

[====|====|====|====|====|====|====|====|====|====] 0:00:08 

[====|====|====|====|====|====|====|====|====|====] 0:00:08 

[====|====|====|====|====|====|====|====|====|====] 0:00:07 

[====|====|====|====|====|====|====|====|====|====] 0:00:06 

[====|====|====|====|====|====|====|====|====|====] 0:00:05 

[====|====|====|====|====|====|====|====|====|====] 0:00:05 

[====|====|====|====|====|====|====|====|====|====] 0:00:05 

[====|====|====|====|====|====|====|====|====|====] 0:00:05 

[====|====|====|====|====|====|====|====|====|====] 0:00:07 

[====|====|====|====|====|====|====|====|====|====] 0:00:07 

[====|====|====|====|====|====|====|====|====|====] 0:00:08 

[====|====|====|====|====|====|====|====|====|====] 0:00:07 

[====|====|====|====|====|====|====|====|====|====] 0:00:08 

[====|====|====|====|====|====|====|====|====|====] 0:00:08 

[====|====|====|====|====|====|====|====|====|====] 0:00:08 

[====|====|====|====|====|====|====|====|====|====] 0:00:08 

[====|====|====|====|====|====|====|====|====|====] 0:00:08 

[====|====|====|====|====|====|====|====|====|====] 0:00:08 

[18:41:50]   target 1.05: m = 91.94787, AUC 1.05010 (screen iters 5, full 0), Cmax 1.0097
    mechanism direction target reachable multiplier auc_ratio cmax_ratio
 1:        Km      down   0.70     FALSE         NA        NA         NA
 2:        Km      down   0.75     FALSE         NA        NA         NA
 3:        Km      down   0.80     FALSE         NA        NA         NA
 4:        Km      down   0.85     FALSE         NA        NA         NA
 5:        Km      down   0.90     FALSE         NA        NA         NA
 6:        Km      down   0.95     FALSE         NA        NA         NA
 7:        Km      down   1.05     FALSE         NA        NA         NA
 8:        Km      down   1.11     FALSE         NA        NA         NA
 9:        Km      down   1.18     FALSE         NA        NA         NA
10:        Km      down   1.25     FALSE         NA        NA         NA
11:        Km      down   1.33     FALSE         NA        NA         NA
12:        Km      down   1.43     FALSE         NA        NA         NA
13:        Km        up   0.70     FALSE         NA        NA         NA
14:        Km        up   0.75     FALSE         NA        NA         NA
15:        Km        up   0.80     FALSE         NA        NA         NA
16:        Km        up   0.85     FALSE         NA        NA         NA
17:        Km        up   0.90     FALSE         NA        NA         NA
18:        Km        up   0.95     FALSE         NA        NA         NA
19:        Km        up   1.05      TRUE      91.95      1.05       1.01
20:        Km        up   1.11     FALSE         NA        NA         NA
21:        Km        up   1.18     FALSE         NA        NA         NA
22:        Km        up   1.25     FALSE         NA        NA         NA
23:        Km        up   1.33     FALSE         NA        NA         NA
24:        Km        up   1.43     FALSE         NA        NA         NA
    mechanism direction target reachable multiplier auc_ratio cmax_ratio
    end_auc_ratio
 1:        0.9989
 2:        0.9989
 3:        0.9989
 4:        0.9989
 5:        0.9989
 6:        0.9989
 7:        0.9989
 8:        0.9989
 9:        0.9989
10:        0.9989
11:        0.9989
12:        0.9989
13:        1.0540
14:        1.0540
15:        1.0540
16:        1.0540
17:        1.0540
18:        1.0540
19:            NA
20:        1.0540
21:        1.0540
22:        1.0540
23:        1.0540
24:        1.0540
    end_auc_ratio
