run log: /home/user/dupilumab-sim/logs/oc_inversion_k2016_Km_20260924T143108.log
[====|====|====|====|====|====|====|====|====|====] 0:00:03 

[====|====|====|====|====|====|====|====|====|====] 0:00:03 

[====|====|====|====|====|====|====|====|====|====] 0:00:03 

[====|====|====|====|====|====|====|====|====|====] 0:00:03 

[====|====|====|====|====|====|====|====|====|====] 0:00:03 

[====|====|====|====|====|====|====|====|====|====] 0:00:03 

[====|====|====|====|====|====|====|====|====|====] 0:00:03 

[====|====|====|====|====|====|====|====|====|====] 0:00:03 

[====|====|====|====|====|====|====|====|====|====] 0:00:03 

[====|====|====|====|====|====|====|====|====|====] 0:00:03 

[====|====|====|====|====|====|====|====|====|====] 0:00:03 

[====|====|====|====|====|====|====|====|====|====] 0:00:03 

[14:32:25] Km down scan 1.280113 mins: ratio 0.9993 .. 0.9998
[====|====|====|====|====|====|====|====|====|====] 0:00:04 

[====|====|====|====|====|====|====|====|====|====] 0:00:04 

[====|====|====|====|====|====|====|====|====|====] 0:00:04 

[====|====|====|====|====|====|====|====|====|====] 0:00:04 

[====|====|====|====|====|====|====|====|====|====] 0:00:04 

[====|====|====|====|====|====|====|====|====|====] 0:00:04 

[====|====|====|====|====|====|====|====|====|====] 0:00:04 

[====|====|====|====|====|====|====|====|====|====] 0:00:04 

[====|====|====|====|====|====|====|====|====|====] 0:00:04 

[====|====|====|====|====|====|====|====|====|====] 0:00:04 

[====|====|====|====|====|====|====|====|====|====] 0:00:05 

[====|====|====|====|====|====|====|====|====|====] 0:00:05 

[====|====|====|====|====|====|====|====|====|====] 0:00:04 

[====|====|====|====|====|====|====|====|====|====] 0:00:04 

[====|====|====|====|====|====|====|====|====|====] 0:00:03 

[====|====|====|====|====|====|====|====|====|====] 0:00:03 

[====|====|====|====|====|====|====|====|====|====] 0:00:04 

[====|====|====|====|====|====|====|====|====|====] 0:00:03 

[====|====|====|====|====|====|====|====|====|====] 0:00:03 

[====|====|====|====|====|====|====|====|====|====] 0:00:02 

[====|====|====|====|====|====|====|====|====|====] 0:00:02 

[====|====|====|====|====|====|====|====|====|====] 0:00:02 

[14:36:03] Km up scan 1.701066 mins: ratio 1.0003 .. 1.0585
[====|====|====|====|====|====|====|====|====|====] 0:00:03 

[====|====|====|====|====|====|====|====|====|====] 0:00:03 

[====|====|====|====|====|====|====|====|====|====] 0:00:03 

[====|====|====|====|====|====|====|====|====|====] 0:00:03 

[====|====|====|====|====|====|====|====|====|====] 0:00:03 

[====|====|====|====|====|====|====|====|====|====] 0:00:03 

[====|====|====|====|====|====|====|====|====|====] 0:00:03 

[====|====|====|====|====|====|====|====|====|====] 0:00:03 

[====|====|====|====|====|====|====|====|====|====] 0:00:03 

[====|====|====|====|====|====|====|====|====|====] 0:00:03 

[====|====|====|====|====|====|====|====|====|====] 0:00:02 

[====|====|====|====|====|====|====|====|====|====] 0:00:02 

[====|====|====|====|====|====|====|====|====|====] 0:00:02 

[====|====|====|====|====|====|====|====|====|====] 0:00:02 

[====|====|====|====|====|====|====|====|====|====] 0:00:02 

[====|====|====|====|====|====|====|====|====|====] 0:00:02 

[====|====|====|====|====|====|====|====|====|====] 0:00:03 

[====|====|====|====|====|====|====|====|====|====] 0:00:03 

[====|====|====|====|====|====|====|====|====|====] 0:00:03 

[====|====|====|====|====|====|====|====|====|====] 0:00:03 

[====|====|====|====|====|====|====|====|====|====] 0:00:03 

[====|====|====|====|====|====|====|====|====|====] 0:00:03 

[====|====|====|====|====|====|====|====|====|====] 0:00:03 

[====|====|====|====|====|====|====|====|====|====] 0:00:03 

[====|====|====|====|====|====|====|====|====|====] 0:00:03 

[====|====|====|====|====|====|====|====|====|====] 0:00:03 

[14:39:24]   target 1.05: m = 84.03867, AUC 1.05015 (screen iters 6, full 0), Cmax 1.0089
    mechanism direction target reachable multiplier auc_ratio cmax_ratio
 1:        Km      down   0.70     FALSE         NA        NA         NA
 2:        Km      down   0.75     FALSE         NA        NA         NA
 3:        Km      down   0.80     FALSE         NA        NA         NA
 4:        Km      down   0.85     FALSE         NA        NA         NA
 5:        Km      down   0.90     FALSE         NA        NA         NA
 6:        Km      down   0.95     FALSE         NA        NA         NA
 7:        Km      down   1.05     FALSE         NA        NA         NA
 8:        Km      down   1.11     FALSE         NA        NA         NA
 9:        Km      down   1.18     FALSE         NA        NA         NA
10:        Km      down   1.25     FALSE         NA        NA         NA
11:        Km      down   1.33     FALSE         NA        NA         NA
12:        Km      down   1.43     FALSE         NA        NA         NA
13:        Km        up   0.70     FALSE         NA        NA         NA
14:        Km        up   0.75     FALSE         NA        NA         NA
15:        Km        up   0.80     FALSE         NA        NA         NA
16:        Km        up   0.85     FALSE         NA        NA         NA
17:        Km        up   0.90     FALSE         NA        NA         NA
18:        Km        up   0.95     FALSE         NA        NA         NA
19:        Km        up   1.05      TRUE      84.04      1.05      1.009
20:        Km        up   1.11     FALSE         NA        NA         NA
21:        Km        up   1.18     FALSE         NA        NA         NA
22:        Km        up   1.25     FALSE         NA        NA         NA
23:        Km        up   1.33     FALSE         NA        NA         NA
24:        Km        up   1.43     FALSE         NA        NA         NA
    mechanism direction target reachable multiplier auc_ratio cmax_ratio
    end_auc_ratio
 1:        0.9992
 2:        0.9992
 3:        0.9992
 4:        0.9992
 5:        0.9992
 6:        0.9992
 7:        0.9992
 8:        0.9992
 9:        0.9992
10:        0.9992
11:        0.9992
12:        0.9992
13:        1.0587
14:        1.0587
15:        1.0587
16:        1.0587
17:        1.0587
18:        1.0587
19:            NA
20:        1.0587
21:        1.0587
22:        1.0587
23:        1.0587
24:        1.0587
    end_auc_ratio
