run log: /home/user/dupilumab-sim/logs/oc_inversion_k2020_Vmax_20260924T152321.log
[====|====|====|====|====|====|====|====|====|====] 0:00:09 

[====|====|====|====|====|====|====|====|====|====] 0:00:08 

[====|====|====|====|====|====|====|====|====|====] 0:00:08 

[====|====|====|====|====|====|====|====|====|====] 0:00:08 

[====|====|====|====|====|====|====|====|====|====] 0:00:08 

[====|====|====|====|====|====|====|====|====|====] 0:00:08 

[====|====|====|====|====|====|====|====|====|====] 0:00:07 

[====|====|====|====|====|====|====|====|====|====] 0:00:07 

[====|====|====|====|====|====|====|====|====|====] 0:00:07 

[====|====|====|====|====|====|====|====|====|====] 0:00:07 

[====|====|====|====|====|====|====|====|====|====] 0:00:07 

[====|====|====|====|====|====|====|====|====|====] 0:00:07 

[15:27:00] Vmax down scan 3.648895 mins: ratio 1.1134 .. 2.0327
[====|====|====|====|====|====|====|====|====|====] 0:00:09 

[====|====|====|====|====|====|====|====|====|====] 0:00:09 

[====|====|====|====|====|====|====|====|====|====] 0:00:09 

[====|====|====|====|====|====|====|====|====|====] 0:00:09 

[====|====|====|====|====|====|====|====|====|====] 0:00:09 

[====|====|====|====|====|====|====|====|====|====] 0:00:09 

[====|====|====|====|====|====|====|====|====|====] 0:00:09 

[====|====|====|====|====|====|====|====|====|====] 0:00:09 

[====|====|====|====|====|====|====|====|====|====] 0:00:09 

[====|====|====|====|====|====|====|====|====|====] 0:00:09 

[====|====|====|====|====|====|====|====|====|====] 0:00:09 

[====|====|====|====|====|====|====|====|====|====] 0:00:09 

[====|====|====|====|====|====|====|====|====|====] 0:00:09 

[====|====|====|====|====|====|====|====|====|====] 0:00:09 

[====|====|====|====|====|====|====|====|====|====] 0:00:11 

[====|====|====|====|====|====|====|====|====|====] 0:00:11 

[====|====|====|====|====|====|====|====|====|====] 0:00:11 

[====|====|====|====|====|====|====|====|====|====] 0:00:11 

[====|====|====|====|====|====|====|====|====|====] 0:00:11 

[====|====|====|====|====|====|====|====|====|====] 0:00:12 

[====|====|====|====|====|====|====|====|====|====] 0:00:11 

[====|====|====|====|====|====|====|====|====|====] 0:00:11 

[====|====|====|====|====|====|====|====|====|====] 0:00:11 

[====|====|====|====|====|====|====|====|====|====] 0:00:11 

[15:38:45]   target 1.05: m = 0.91948, AUC 1.05002 (screen iters 4, full 0), Cmax 1.0122
[====|====|====|====|====|====|====|====|====|====] 0:00:09 

[====|====|====|====|====|====|====|====|====|====] 0:00:09 

[====|====|====|====|====|====|====|====|====|====] 0:00:09 

[====|====|====|====|====|====|====|====|====|====] 0:00:09 

[====|====|====|====|====|====|====|====|====|====] 0:00:09 

[====|====|====|====|====|====|====|====|====|====] 0:00:11 

[====|====|====|====|====|====|====|====|====|====] 0:00:11 

[====|====|====|====|====|====|====|====|====|====] 0:00:11 

[====|====|====|====|====|====|====|====|====|====] 0:00:11 

[====|====|====|====|====|====|====|====|====|====] 0:00:11 

[====|====|====|====|====|====|====|====|====|====] 0:00:11 

[====|====|====|====|====|====|====|====|====|====] 0:00:11 

[====|====|====|====|====|====|====|====|====|====] 0:00:11 

[====|====|====|====|====|====|====|====|====|====] 0:00:11 

[====|====|====|====|====|====|====|====|====|====] 0:00:11 

[15:45:43]   target 1.11: m = 0.83037, AUC 1.11032 (screen iters 5, full 0), Cmax 1.0258
[====|====|====|====|====|====|====|====|====|====] 0:00:09 

[====|====|====|====|====|====|====|====|====|====] 0:00:09 

[====|====|====|====|====|====|====|====|====|====] 0:00:09 

[====|====|====|====|====|====|====|====|====|====] 0:00:09 

[====|====|====|====|====|====|====|====|====|====] 0:00:09 

[====|====|====|====|====|====|====|====|====|====] 0:00:09 

[====|====|====|====|====|====|====|====|====|====] 0:00:09 

[====|====|====|====|====|====|====|====|====|====] 0:00:09 

[====|====|====|====|====|====|====|====|====|====] 0:00:11 

[====|====|====|====|====|====|====|====|====|====] 0:00:11 

[====|====|====|====|====|====|====|====|====|====] 0:00:11 

[====|====|====|====|====|====|====|====|====|====] 0:00:11 

[====|====|====|====|====|====|====|====|====|====] 0:00:10 

[====|====|====|====|====|====|====|====|====|====] 0:00:11 

[====|====|====|====|====|====|====|====|====|====] 0:00:11 

[====|====|====|====|====|====|====|====|====|====] 0:00:11 

[====|====|====|====|====|====|====|====|====|====] 0:00:11 

[====|====|====|====|====|====|====|====|====|====] 0:00:11 

[15:53:39]   target 1.18: m = 0.73597, AUC 1.18083 (screen iters 8, full 0), Cmax 1.0403
[====|====|====|====|====|====|====|====|====|====] 0:00:08 

[====|====|====|====|====|====|====|====|====|====] 0:00:08 

[====|====|====|====|====|====|====|====|====|====] 0:00:08 

[====|====|====|====|====|====|====|====|====|====] 0:00:08 

[====|====|====|====|====|====|====|====|====|====] 0:00:08 

[====|====|====|====|====|====|====|====|====|====] 0:00:09 

[====|====|====|====|====|====|====|====|====|====] 0:00:11 

[====|====|====|====|====|====|====|====|====|====] 0:00:10 

[====|====|====|====|====|====|====|====|====|====] 0:00:11 

[====|====|====|====|====|====|====|====|====|====] 0:00:11 

[====|====|====|====|====|====|====|====|====|====] 0:00:11 

[====|====|====|====|====|====|====|====|====|====] 0:00:10 

[====|====|====|====|====|====|====|====|====|====] 0:00:10 

[====|====|====|====|====|====|====|====|====|====] 0:00:11 

[====|====|====|====|====|====|====|====|====|====] 0:00:11 

[====|====|====|====|====|====|====|====|====|====] 0:00:11 

[16:00:51]   target 1.25: m = 0.65133, AUC 1.25093 (screen iters 6, full 0), Cmax 1.0534
[====|====|====|====|====|====|====|====|====|====] 0:00:09 

[====|====|====|====|====|====|====|====|====|====] 0:00:09 

[====|====|====|====|====|====|====|====|====|====] 0:00:08 

[====|====|====|====|====|====|====|====|====|====] 0:00:08 

[====|====|====|====|====|====|====|====|====|====] 0:00:08 

[====|====|====|====|====|====|====|====|====|====] 0:00:08 

[====|====|====|====|====|====|====|====|====|====] 0:00:11 

[====|====|====|====|====|====|====|====|====|====] 0:00:10 

[====|====|====|====|====|====|====|====|====|====] 0:00:11 

[====|====|====|====|====|====|====|====|====|====] 0:00:10 

[====|====|====|====|====|====|====|====|====|====] 0:00:10 

[====|====|====|====|====|====|====|====|====|====] 0:00:10 

[====|====|====|====|====|====|====|====|====|====] 0:00:10 

[====|====|====|====|====|====|====|====|====|====] 0:00:10 

[====|====|====|====|====|====|====|====|====|====] 0:00:10 

[====|====|====|====|====|====|====|====|====|====] 0:00:10 

[====|====|====|====|====|====|====|====|====|====] 0:00:09 

[====|====|====|====|====|====|====|====|====|====] 0:00:09 

[====|====|====|====|====|====|====|====|====|====] 0:00:09 

[====|====|====|====|====|====|====|====|====|====] 0:00:08 

[====|====|====|====|====|====|====|====|====|====] 0:00:08 

[====|====|====|====|====|====|====|====|====|====] 0:00:08 

[====|====|====|====|====|====|====|====|====|====] 0:00:08 

[====|====|====|====|====|====|====|====|====|====] 0:00:08 

[====|====|====|====|====|====|====|====|====|====] 0:00:09 

[====|====|====|====|====|====|====|====|====|====] 0:00:08 

[====|====|====|====|====|====|====|====|====|====] 0:00:08 

[====|====|====|====|====|====|====|====|====|====] 0:00:08 

[====|====|====|====|====|====|====|====|====|====] 0:00:08 

[====|====|====|====|====|====|====|====|====|====] 0:00:08 

[====|====|====|====|====|====|====|====|====|====] 0:00:09 

[====|====|====|====|====|====|====|====|====|====] 0:00:08 

[====|====|====|====|====|====|====|====|====|====] 0:00:08 

[====|====|====|====|====|====|====|====|====|====] 0:00:08 

[====|====|====|====|====|====|====|====|====|====] 0:00:08 

[====|====|====|====|====|====|====|====|====|====] 0:00:08 

[====|====|====|====|====|====|====|====|====|====] 0:00:08 

[====|====|====|====|====|====|====|====|====|====] 0:00:08 

[====|====|====|====|====|====|====|====|====|====] 0:00:08 

[====|====|====|====|====|====|====|====|====|====] 0:00:08 

[====|====|====|====|====|====|====|====|====|====] 0:00:08 

[====|====|====|====|====|====|====|====|====|====] 0:00:08 

[====|====|====|====|====|====|====|====|====|====] 0:00:08 

[====|====|====|====|====|====|====|====|====|====] 0:00:08 

[====|====|====|====|====|====|====|====|====|====] 0:00:08 

[====|====|====|====|====|====|====|====|====|====] 0:00:08 

[====|====|====|====|====|====|====|====|====|====] 0:00:08 

[====|====|====|====|====|====|====|====|====|====] 0:00:08 

[====|====|====|====|====|====|====|====|====|====] 0:00:08 

[====|====|====|====|====|====|====|====|====|====] 0:00:08 

[====|====|====|====|====|====|====|====|====|====] 0:00:08 

[====|====|====|====|====|====|====|====|====|====] 0:00:08 

[====|====|====|====|====|====|====|====|====|====] 0:00:08 

[====|====|====|====|====|====|====|====|====|====] 0:00:08 

[====|====|====|====|====|====|====|====|====|====] 0:00:08 

[====|====|====|====|====|====|====|====|====|====] 0:00:08 

[====|====|====|====|====|====|====|====|====|====] 0:00:08 

[====|====|====|====|====|====|====|====|====|====] 0:00:08 

[====|====|====|====|====|====|====|====|====|====] 0:00:08 

[====|====|====|====|====|====|====|====|====|====] 0:00:08 

[====|====|====|====|====|====|====|====|====|====] 0:00:08 

[====|====|====|====|====|====|====|====|====|====] 0:00:08 

[====|====|====|====|====|====|====|====|====|====] 0:00:08 

[====|====|====|====|====|====|====|====|====|====] 0:00:08 

[====|====|====|====|====|====|====|====|====|====] 0:00:08 

[====|====|====|====|====|====|====|====|====|====] 0:00:08 

[====|====|====|====|====|====|====|====|====|====] 0:00:10 

[====|====|====|====|====|====|====|====|====|====] 0:00:10 

[====|====|====|====|====|====|====|====|====|====] 0:00:10 

[====|====|====|====|====|====|====|====|====|====] 0:00:10 

[====|====|====|====|====|====|====|====|====|====] 0:00:10 

[====|====|====|====|====|====|====|====|====|====] 0:00:10 

[====|====|====|====|====|====|====|====|====|====] 0:00:10 

[====|====|====|====|====|====|====|====|====|====] 0:00:10 

[====|====|====|====|====|====|====|====|====|====] 0:00:10 

[====|====|====|====|====|====|====|====|====|====] 0:00:10 

[16:30:12]   target 1.33: m = 0.56572, AUC 1.32980 (screen iters 6, full 5), Cmax 1.0668
[====|====|====|====|====|====|====|====|====|====] 0:00:08 

[====|====|====|====|====|====|====|====|====|====] 0:00:08 

[====|====|====|====|====|====|====|====|====|====] 0:00:08 

[====|====|====|====|====|====|====|====|====|====] 0:00:08 

[====|====|====|====|====|====|====|====|====|====] 0:00:08 

[====|====|====|====|====|====|====|====|====|====] 0:00:08 

[====|====|====|====|====|====|====|====|====|====] 0:00:08 

[====|====|====|====|====|====|====|====|====|====] 0:00:08 

[====|====|====|====|====|====|====|====|====|====] 0:00:10 

[====|====|====|====|====|====|====|====|====|====] 0:00:10 

[====|====|====|====|====|====|====|====|====|====] 0:00:10 

[====|====|====|====|====|====|====|====|====|====] 0:00:10 

[====|====|====|====|====|====|====|====|====|====] 0:00:10 

[====|====|====|====|====|====|====|====|====|====] 0:00:10 

[====|====|====|====|====|====|====|====|====|====] 0:00:10 

[====|====|====|====|====|====|====|====|====|====] 0:00:10 

[====|====|====|====|====|====|====|====|====|====] 0:00:10 

[====|====|====|====|====|====|====|====|====|====] 0:00:10 

[====|====|====|====|====|====|====|====|====|====] 0:00:08 

[====|====|====|====|====|====|====|====|====|====] 0:00:08 

[====|====|====|====|====|====|====|====|====|====] 0:00:08 

[====|====|====|====|====|====|====|====|====|====] 0:00:08 

[====|====|====|====|====|====|====|====|====|====] 0:00:08 

[====|====|====|====|====|====|====|====|====|====] 0:00:08 

[====|====|====|====|====|====|====|====|====|====] 0:00:08 

[====|====|====|====|====|====|====|====|====|====] 0:00:08 

[====|====|====|====|====|====|====|====|====|====] 0:00:08 

[====|====|====|====|====|====|====|====|====|====] 0:00:08 

[====|====|====|====|====|====|====|====|====|====] 0:00:08 

[====|====|====|====|====|====|====|====|====|====] 0:00:08 

[====|====|====|====|====|====|====|====|====|====] 0:00:08 

[====|====|====|====|====|====|====|====|====|====] 0:00:08 

[====|====|====|====|====|====|====|====|====|====] 0:00:08 

[====|====|====|====|====|====|====|====|====|====] 0:00:08 

[====|====|====|====|====|====|====|====|====|====] 0:00:08 

[====|====|====|====|====|====|====|====|====|====] 0:00:08 

[====|====|====|====|====|====|====|====|====|====] 0:00:08 

[====|====|====|====|====|====|====|====|====|====] 0:00:08 

[====|====|====|====|====|====|====|====|====|====] 0:00:08 

[====|====|====|====|====|====|====|====|====|====] 0:00:08 

[====|====|====|====|====|====|====|====|====|====] 0:00:08 

[====|====|====|====|====|====|====|====|====|====] 0:00:08 

[====|====|====|====|====|====|====|====|====|====] 0:00:08 

[====|====|====|====|====|====|====|====|====|====] 0:00:08 

[====|====|====|====|====|====|====|====|====|====] 0:00:08 

[====|====|====|====|====|====|====|====|====|====] 0:00:08 

[====|====|====|====|====|====|====|====|====|====] 0:00:08 

[====|====|====|====|====|====|====|====|====|====] 0:00:08 

[====|====|====|====|====|====|====|====|====|====] 0:00:08 

[====|====|====|====|====|====|====|====|====|====] 0:00:08 

[====|====|====|====|====|====|====|====|====|====] 0:00:08 

[====|====|====|====|====|====|====|====|====|====] 0:00:08 

[====|====|====|====|====|====|====|====|====|====] 0:00:08 

[====|====|====|====|====|====|====|====|====|====] 0:00:08 

[====|====|====|====|====|====|====|====|====|====] 0:00:08 

[====|====|====|====|====|====|====|====|====|====] 0:00:08 

[====|====|====|====|====|====|====|====|====|====] 0:00:08 

[====|====|====|====|====|====|====|====|====|====] 0:00:08 

[====|====|====|====|====|====|====|====|====|====] 0:00:10 

[====|====|====|====|====|====|====|====|====|====] 0:00:10 

[====|====|====|====|====|====|====|====|====|====] 0:00:10 

[====|====|====|====|====|====|====|====|====|====] 0:00:10 

[====|====|====|====|====|====|====|====|====|====] 0:00:10 

[====|====|====|====|====|====|====|====|====|====] 0:00:10 

[====|====|====|====|====|====|====|====|====|====] 0:00:10 

[====|====|====|====|====|====|====|====|====|====] 0:00:10 

[====|====|====|====|====|====|====|====|====|====] 0:00:10 

[====|====|====|====|====|====|====|====|====|====] 0:00:10 

[16:56:10]   target 1.43: m = 0.46976, AUC 1.42995 (screen iters 8, full 4), Cmax 1.0820
[====|====|====|====|====|====|====|====|====|====] 0:00:09 

[====|====|====|====|====|====|====|====|====|====] 0:00:09 

[====|====|====|====|====|====|====|====|====|====] 0:00:09 

[====|====|====|====|====|====|====|====|====|====] 0:00:09 

[====|====|====|====|====|====|====|====|====|====] 0:00:09 

[====|====|====|====|====|====|====|====|====|====] 0:00:08 

[====|====|====|====|====|====|====|====|====|====] 0:00:08 

[====|====|====|====|====|====|====|====|====|====] 0:00:08 

[====|====|====|====|====|====|====|====|====|====] 0:00:08 

[====|====|====|====|====|====|====|====|====|====] 0:00:08 

[====|====|====|====|====|====|====|====|====|====] 0:00:08 

[====|====|====|====|====|====|====|====|====|====] 0:00:08 

[17:00:27] Vmax up scan 4.296306 mins: ratio 0.0166 .. 0.8856
[====|====|====|====|====|====|====|====|====|====] 0:00:09 

[====|====|====|====|====|====|====|====|====|====] 0:00:09 

[====|====|====|====|====|====|====|====|====|====] 0:00:09 

[====|====|====|====|====|====|====|====|====|====] 0:00:09 

[====|====|====|====|====|====|====|====|====|====] 0:00:09 

[====|====|====|====|====|====|====|====|====|====] 0:00:09 

[====|====|====|====|====|====|====|====|====|====] 0:00:09 

[====|====|====|====|====|====|====|====|====|====] 0:00:09 

[====|====|====|====|====|====|====|====|====|====] 0:00:11 

[====|====|====|====|====|====|====|====|====|====] 0:00:11 

[====|====|====|====|====|====|====|====|====|====] 0:00:11 

[====|====|====|====|====|====|====|====|====|====] 0:00:11 

[====|====|====|====|====|====|====|====|====|====] 0:00:11 

[====|====|====|====|====|====|====|====|====|====] 0:00:11 

[====|====|====|====|====|====|====|====|====|====] 0:00:11 

[====|====|====|====|====|====|====|====|====|====] 0:00:11 

[====|====|====|====|====|====|====|====|====|====] 0:00:11 

[====|====|====|====|====|====|====|====|====|====] 0:00:11 

[====|====|====|====|====|====|====|====|====|====] 0:00:09 

[====|====|====|====|====|====|====|====|====|====] 0:00:09 

[====|====|====|====|====|====|====|====|====|====] 0:00:09 

[====|====|====|====|====|====|====|====|====|====] 0:00:09 

[====|====|====|====|====|====|====|====|====|====] 0:00:09 

[====|====|====|====|====|====|====|====|====|====] 0:00:09 

[====|====|====|====|====|====|====|====|====|====] 0:00:09 

[====|====|====|====|====|====|====|====|====|====] 0:00:09 

[====|====|====|====|====|====|====|====|====|====] 0:00:09 

[====|====|====|====|====|====|====|====|====|====] 0:00:09 

[====|====|====|====|====|====|====|====|====|====] 0:00:09 

[====|====|====|====|====|====|====|====|====|====] 0:00:09 

[====|====|====|====|====|====|====|====|====|====] 0:00:10 

[====|====|====|====|====|====|====|====|====|====] 0:00:09 

[====|====|====|====|====|====|====|====|====|====] 0:00:10 

[====|====|====|====|====|====|====|====|====|====] 0:00:09 

[====|====|====|====|====|====|====|====|====|====] 0:00:09 

[====|====|====|====|====|====|====|====|====|====] 0:00:09 

[====|====|====|====|====|====|====|====|====|====] 0:00:09 

[====|====|====|====|====|====|====|====|====|====] 0:00:09 

[====|====|====|====|====|====|====|====|====|====] 0:00:09 

[====|====|====|====|====|====|====|====|====|====] 0:00:09 

[====|====|====|====|====|====|====|====|====|====] 0:00:09 

[====|====|====|====|====|====|====|====|====|====] 0:00:09 

[====|====|====|====|====|====|====|====|====|====] 0:00:09 

[====|====|====|====|====|====|====|====|====|====] 0:00:09 

[====|====|====|====|====|====|====|====|====|====] 0:00:09 

[====|====|====|====|====|====|====|====|====|====] 0:00:09 

[====|====|====|====|====|====|====|====|====|====] 0:00:09 

[====|====|====|====|====|====|====|====|====|====] 0:00:09 

[====|====|====|====|====|====|====|====|====|====] 0:00:11 

[====|====|====|====|====|====|====|====|====|====] 0:00:11 

[====|====|====|====|====|====|====|====|====|====] 0:00:11 

[====|====|====|====|====|====|====|====|====|====] 0:00:11 

[====|====|====|====|====|====|====|====|====|====] 0:00:11 

[====|====|====|====|====|====|====|====|====|====] 0:00:11 

[====|====|====|====|====|====|====|====|====|====] 0:00:11 

[====|====|====|====|====|====|====|====|====|====] 0:00:11 

[====|====|====|====|====|====|====|====|====|====] 0:00:11 

[====|====|====|====|====|====|====|====|====|====] 0:00:11 

[17:25:25]   target 0.70: m = 1.65482, AUC 0.70016 (screen iters 8, full 3), Cmax 0.9043
[====|====|====|====|====|====|====|====|====|====] 0:00:09 

[====|====|====|====|====|====|====|====|====|====] 0:00:09 

[====|====|====|====|====|====|====|====|====|====] 0:00:09 

[====|====|====|====|====|====|====|====|====|====] 0:00:09 

[====|====|====|====|====|====|====|====|====|====] 0:00:09 

[====|====|====|====|====|====|====|====|====|====] 0:00:09 

[====|====|====|====|====|====|====|====|====|====] 0:00:09 

[====|====|====|====|====|====|====|====|====|====] 0:00:09 

[====|====|====|====|====|====|====|====|====|====] 0:00:11 

[====|====|====|====|====|====|====|====|====|====] 0:00:11 

[====|====|====|====|====|====|====|====|====|====] 0:00:11 

[====|====|====|====|====|====|====|====|====|====] 0:00:12 

[====|====|====|====|====|====|====|====|====|====] 0:00:11 

[====|====|====|====|====|====|====|====|====|====] 0:00:11 

[====|====|====|====|====|====|====|====|====|====] 0:00:11 

[====|====|====|====|====|====|====|====|====|====] 0:00:12 

[====|====|====|====|====|====|====|====|====|====] 0:00:12 

[====|====|====|====|====|====|====|====|====|====] 0:00:11 

[====|====|====|====|====|====|====|====|====|====] 0:00:09 

[====|====|====|====|====|====|====|====|====|====] 0:00:09 

[====|====|====|====|====|====|====|====|====|====] 0:00:09 

[====|====|====|====|====|====|====|====|====|====] 0:00:09 

[====|====|====|====|====|====|====|====|====|====] 0:00:09 

[====|====|====|====|====|====|====|====|====|====] 0:00:09 

[====|====|====|====|====|====|====|====|====|====] 0:00:09 

[====|====|====|====|====|====|====|====|====|====] 0:00:09 

[====|====|====|====|====|====|====|====|====|====] 0:00:09 

[====|====|====|====|====|====|====|====|====|====] 0:00:09 

[====|====|====|====|====|====|====|====|====|====] 0:00:09 

[====|====|====|====|====|====|====|====|====|====] 0:00:09 

[====|====|====|====|====|====|====|====|====|====] 0:00:09 

[====|====|====|====|====|====|====|====|====|====] 0:00:09 

[====|====|====|====|====|====|====|====|====|====] 0:00:10 

[====|====|====|====|====|====|====|====|====|====] 0:00:09 

[====|====|====|====|====|====|====|====|====|====] 0:00:09 

[====|====|====|====|====|====|====|====|====|====] 0:00:09 

[====|====|====|====|====|====|====|====|====|====] 0:00:09 

[====|====|====|====|====|====|====|====|====|====] 0:00:09 

[====|====|====|====|====|====|====|====|====|====] 0:00:09 

[====|====|====|====|====|====|====|====|====|====] 0:00:09 

[====|====|====|====|====|====|====|====|====|====] 0:00:10 

[====|====|====|====|====|====|====|====|====|====] 0:00:09 

[====|====|====|====|====|====|====|====|====|====] 0:00:09 

[====|====|====|====|====|====|====|====|====|====] 0:00:09 

[====|====|====|====|====|====|====|====|====|====] 0:00:09 

[====|====|====|====|====|====|====|====|====|====] 0:00:09 

[====|====|====|====|====|====|====|====|====|====] 0:00:09 

[====|====|====|====|====|====|====|====|====|====] 0:00:09 

[====|====|====|====|====|====|====|====|====|====] 0:00:09 

[====|====|====|====|====|====|====|====|====|====] 0:00:09 

[====|====|====|====|====|====|====|====|====|====] 0:00:09 

[====|====|====|====|====|====|====|====|====|====] 0:00:09 

[====|====|====|====|====|====|====|====|====|====] 0:00:09 

[====|====|====|====|====|====|====|====|====|====] 0:00:10 

[====|====|====|====|====|====|====|====|====|====] 0:00:10 

[====|====|====|====|====|====|====|====|====|====] 0:00:09 

[====|====|====|====|====|====|====|====|====|====] 0:00:09 

[====|====|====|====|====|====|====|====|====|====] 0:00:09 

[====|====|====|====|====|====|====|====|====|====] 0:00:11 

[====|====|====|====|====|====|====|====|====|====] 0:00:11 

[====|====|====|====|====|====|====|====|====|====] 0:00:11 

[====|====|====|====|====|====|====|====|====|====] 0:00:11 

[====|====|====|====|====|====|====|====|====|====] 0:00:12 

[====|====|====|====|====|====|====|====|====|====] 0:00:11 

[====|====|====|====|====|====|====|====|====|====] 0:00:11 

[====|====|====|====|====|====|====|====|====|====] 0:00:11 

[====|====|====|====|====|====|====|====|====|====] 0:00:11 

[====|====|====|====|====|====|====|====|====|====] 0:00:11 

[17:54:26]   target 0.75: m = 1.52157, AUC 0.74946 (screen iters 8, full 4), Cmax 0.9233
[====|====|====|====|====|====|====|====|====|====] 0:00:10 

[====|====|====|====|====|====|====|====|====|====] 0:00:09 

[====|====|====|====|====|====|====|====|====|====] 0:00:11 

[====|====|====|====|====|====|====|====|====|====] 0:00:11 

[====|====|====|====|====|====|====|====|====|====] 0:00:11 

[====|====|====|====|====|====|====|====|====|====] 0:00:12 

[====|====|====|====|====|====|====|====|====|====] 0:00:11 

[====|====|====|====|====|====|====|====|====|====] 0:00:11 

[====|====|====|====|====|====|====|====|====|====] 0:00:11 

[====|====|====|====|====|====|====|====|====|====] 0:00:11 

[====|====|====|====|====|====|====|====|====|====] 0:00:11 

[====|====|====|====|====|====|====|====|====|====] 0:00:11 

[====|====|====|====|====|====|====|====|====|====] 0:00:10 

[====|====|====|====|====|====|====|====|====|====] 0:00:09 

[====|====|====|====|====|====|====|====|====|====] 0:00:09 

[====|====|====|====|====|====|====|====|====|====] 0:00:09 

[====|====|====|====|====|====|====|====|====|====] 0:00:10 

[====|====|====|====|====|====|====|====|====|====] 0:00:10 

[====|====|====|====|====|====|====|====|====|====] 0:00:09 

[====|====|====|====|====|====|====|====|====|====] 0:00:10 

[====|====|====|====|====|====|====|====|====|====] 0:00:09 

[====|====|====|====|====|====|====|====|====|====] 0:00:09 

[====|====|====|====|====|====|====|====|====|====] 0:00:09 

[====|====|====|====|====|====|====|====|====|====] 0:00:09 

[====|====|====|====|====|====|====|====|====|====] 0:00:09 

[====|====|====|====|====|====|====|====|====|====] 0:00:10 

[====|====|====|====|====|====|====|====|====|====] 0:00:10 

[====|====|====|====|====|====|====|====|====|====] 0:00:09 

[====|====|====|====|====|====|====|====|====|====] 0:00:09 

[====|====|====|====|====|====|====|====|====|====] 0:00:09 

[====|====|====|====|====|====|====|====|====|====] 0:00:10 

[====|====|====|====|====|====|====|====|====|====] 0:00:10 

[====|====|====|====|====|====|====|====|====|====] 0:00:09 

[====|====|====|====|====|====|====|====|====|====] 0:00:09 

[====|====|====|====|====|====|====|====|====|====] 0:00:09 

[====|====|====|====|====|====|====|====|====|====] 0:00:09 

[====|====|====|====|====|====|====|====|====|====] 0:00:09 

[====|====|====|====|====|====|====|====|====|====] 0:00:09 

[====|====|====|====|====|====|====|====|====|====] 0:00:10 

[====|====|====|====|====|====|====|====|====|====] 0:00:10 

[====|====|====|====|====|====|====|====|====|====] 0:00:09 

[====|====|====|====|====|====|====|====|====|====] 0:00:09 

[====|====|====|====|====|====|====|====|====|====] 0:00:10 

[====|====|====|====|====|====|====|====|====|====] 0:00:09 

[====|====|====|====|====|====|====|====|====|====] 0:00:10 

[====|====|====|====|====|====|====|====|====|====] 0:00:10 

[====|====|====|====|====|====|====|====|====|====] 0:00:09 

[====|====|====|====|====|====|====|====|====|====] 0:00:09 

[====|====|====|====|====|====|====|====|====|====] 0:00:10 

[====|====|====|====|====|====|====|====|====|====] 0:00:10 

[====|====|====|====|====|====|====|====|====|====] 0:00:10 

[====|====|====|====|====|====|====|====|====|====] 0:00:09 

[====|====|====|====|====|====|====|====|====|====] 0:00:10 

[====|====|====|====|====|====|====|====|====|====] 0:00:09 

[====|====|====|====|====|====|====|====|====|====] 0:00:09 

[====|====|====|====|====|====|====|====|====|====] 0:00:09 

[====|====|====|====|====|====|====|====|====|====] 0:00:09 

[====|====|====|====|====|====|====|====|====|====] 0:00:09 

[====|====|====|====|====|====|====|====|====|====] 0:00:09 

[====|====|====|====|====|====|====|====|====|====] 0:00:09 

[====|====|====|====|====|====|====|====|====|====] 0:00:09 

[====|====|====|====|====|====|====|====|====|====] 0:00:09 

[====|====|====|====|====|====|====|====|====|====] 0:00:09 

[====|====|====|====|====|====|====|====|====|====] 0:00:09 

[====|====|====|====|====|====|====|====|====|====] 0:00:10 

[====|====|====|====|====|====|====|====|====|====] 0:00:09 

[====|====|====|====|====|====|====|====|====|====] 0:00:09 

[====|====|====|====|====|====|====|====|====|====] 0:00:09 

[====|====|====|====|====|====|====|====|====|====] 0:00:09 

[====|====|====|====|====|====|====|====|====|====] 0:00:09 

[====|====|====|====|====|====|====|====|====|====] 0:00:09 

[====|====|====|====|====|====|====|====|====|====] 0:00:10 

[====|====|====|====|====|====|====|====|====|====] 0:00:10 

[====|====|====|====|====|====|====|====|====|====] 0:00:09 

[====|====|====|====|====|====|====|====|====|====] 0:00:10 

[====|====|====|====|====|====|====|====|====|====] 0:00:10 

[====|====|====|====|====|====|====|====|====|====] 0:00:09 

[====|====|====|====|====|====|====|====|====|====] 0:00:10 

[====|====|====|====|====|====|====|====|====|====] 0:00:10 

[====|====|====|====|====|====|====|====|====|====] 0:00:10 

[====|====|====|====|====|====|====|====|====|====] 0:00:09 

[====|====|====|====|====|====|====|====|====|====] 0:00:10 

[====|====|====|====|====|====|====|====|====|====] 0:00:12 

[====|====|====|====|====|====|====|====|====|====] 0:00:12 

[====|====|====|====|====|====|====|====|====|====] 0:00:12 

[====|====|====|====|====|====|====|====|====|====] 0:00:11 

[====|====|====|====|====|====|====|====|====|====] 0:00:12 

[====|====|====|====|====|====|====|====|====|====] 0:00:12 

[====|====|====|====|====|====|====|====|====|====] 0:00:12 

[====|====|====|====|====|====|====|====|====|====] 0:00:12 

[====|====|====|====|====|====|====|====|====|====] 0:00:11 

[====|====|====|====|====|====|====|====|====|====] 0:00:11 

[18:33:32]   target 0.80: m = 1.39695, AUC 0.80009 (screen iters 2, full 7), Cmax 0.9413
[====|====|====|====|====|====|====|====|====|====] 0:00:10 

[====|====|====|====|====|====|====|====|====|====] 0:00:10 

[====|====|====|====|====|====|====|====|====|====] 0:00:10 

[====|====|====|====|====|====|====|====|====|====] 0:00:09 

[====|====|====|====|====|====|====|====|====|====] 0:00:12 

[====|====|====|====|====|====|====|====|====|====] 0:00:11 

[====|====|====|====|====|====|====|====|====|====] 0:00:11 

[====|====|====|====|====|====|====|====|====|====] 0:00:11 

[====|====|====|====|====|====|====|====|====|====] 0:00:11 

[====|====|====|====|====|====|====|====|====|====] 0:00:11 

[====|====|====|====|====|====|====|====|====|====] 0:00:11 

[====|====|====|====|====|====|====|====|====|====] 0:00:12 

[====|====|====|====|====|====|====|====|====|====] 0:00:11 

[====|====|====|====|====|====|====|====|====|====] 0:00:11 

[18:40:38]   target 0.85: m = 1.28640, AUC 0.84925 (screen iters 4, full 0), Cmax 0.9575
[====|====|====|====|====|====|====|====|====|====] 0:00:09 

[====|====|====|====|====|====|====|====|====|====] 0:00:10 

[====|====|====|====|====|====|====|====|====|====] 0:00:10 

[====|====|====|====|====|====|====|====|====|====] 0:00:11 

[====|====|====|====|====|====|====|====|====|====] 0:00:11 

[====|====|====|====|====|====|====|====|====|====] 0:00:11 

[====|====|====|====|====|====|====|====|====|====] 0:00:11 

[====|====|====|====|====|====|====|====|====|====] 0:00:11 

[====|====|====|====|====|====|====|====|====|====] 0:00:11 

[====|====|====|====|====|====|====|====|====|====] 0:00:11 

[====|====|====|====|====|====|====|====|====|====] 0:00:11 

[====|====|====|====|====|====|====|====|====|====] 0:00:11 

[====|====|====|====|====|====|====|====|====|====] 0:00:11 

[18:45:25]   target 0.90: m = 1.18281, AUC 0.89949 (screen iters 3, full 0), Cmax 0.9727
[====|====|====|====|====|====|====|====|====|====] 0:00:09 

[====|====|====|====|====|====|====|====|====|====] 0:00:10 

[====|====|====|====|====|====|====|====|====|====] 0:00:09 

[====|====|====|====|====|====|====|====|====|====] 0:00:09 

[====|====|====|====|====|====|====|====|====|====] 0:00:11 

[====|====|====|====|====|====|====|====|====|====] 0:00:11 

[====|====|====|====|====|====|====|====|====|====] 0:00:11 

[====|====|====|====|====|====|====|====|====|====] 0:00:12 

[====|====|====|====|====|====|====|====|====|====] 0:00:11 

[====|====|====|====|====|====|====|====|====|====] 0:00:12 

[====|====|====|====|====|====|====|====|====|====] 0:00:12 

[====|====|====|====|====|====|====|====|====|====] 0:00:11 

[====|====|====|====|====|====|====|====|====|====] 0:00:11 

[====|====|====|====|====|====|====|====|====|====] 0:00:12 

[18:50:03]   target 0.95: m = 1.08757, AUC 0.94978 (screen iters 4, full 0), Cmax 0.9869
[====|====|====|====|====|====|====|====|====|====] 0:00:10 

[====|====|====|====|====|====|====|====|====|====] 0:00:10 

[====|====|====|====|====|====|====|====|====|====] 0:00:10 

[====|====|====|====|====|====|====|====|====|====] 0:00:10 

[====|====|====|====|====|====|====|====|====|====] 0:00:10 

[====|====|====|====|====|====|====|====|====|====] 0:00:10 

[====|====|====|====|====|====|====|====|====|====] 0:00:10 

[====|====|====|====|====|====|====|====|====|====] 0:00:10 

[====|====|====|====|====|====|====|====|====|====] 0:00:10 

[====|====|====|====|====|====|====|====|====|====] 0:00:10 

    mechanism direction target reachable multiplier auc_ratio cmax_ratio
 1:      Vmax      down   0.70     FALSE         NA        NA         NA
 2:      Vmax      down   0.75     FALSE         NA        NA         NA
 3:      Vmax      down   0.80     FALSE         NA        NA         NA
 4:      Vmax      down   0.85     FALSE         NA        NA         NA
 5:      Vmax      down   0.90     FALSE         NA        NA         NA
 6:      Vmax      down   0.95     FALSE         NA        NA         NA
 7:      Vmax      down   1.05      TRUE     0.9195    1.0500     1.0122
 8:      Vmax      down   1.11      TRUE     0.8304    1.1103     1.0258
 9:      Vmax      down   1.18      TRUE     0.7360    1.1808     1.0403
10:      Vmax      down   1.25      TRUE     0.6513    1.2509     1.0534
11:      Vmax      down   1.33      TRUE     0.5657    1.3298     1.0668
12:      Vmax      down   1.43      TRUE     0.4698    1.4300     1.0820
13:      Vmax        up   0.70      TRUE     1.6548    0.7002     0.9043
14:      Vmax        up   0.75      TRUE     1.5216    0.7495     0.9233
15:      Vmax        up   0.80      TRUE     1.3970    0.8001     0.9413
16:      Vmax        up   0.85      TRUE     1.2864    0.8493     0.9575
17:      Vmax        up   0.90      TRUE     1.1828    0.8995     0.9727
18:      Vmax        up   0.95      TRUE     1.0876    0.9498     0.9869
19:      Vmax        up   1.05     FALSE         NA        NA         NA
20:      Vmax        up   1.11     FALSE         NA        NA         NA
21:      Vmax        up   1.18     FALSE         NA        NA         NA
22:      Vmax        up   1.25     FALSE         NA        NA         NA
23:      Vmax        up   1.33     FALSE         NA        NA         NA
24:      Vmax        up   1.43     FALSE         NA        NA         NA
    mechanism direction target reachable multiplier auc_ratio cmax_ratio
    end_auc_ratio
 1:       2.03815
 2:       2.03815
 3:       2.03815
 4:       2.03815
 5:       2.03815
 6:       2.03815
 7:            NA
 8:            NA
 9:            NA
10:            NA
11:            NA
12:            NA
13:            NA
14:            NA
15:            NA
16:            NA
17:            NA
18:            NA
19:       0.01628
20:       0.01628
21:       0.01628
22:       0.01628
23:       0.01628
24:       0.01628
    end_auc_ratio
