run log: /home/user/dupilumab-sim/logs/oc_inversion_k2020_V2_20260924T165305.log
[====|====|====|====|====|====|====|====|====|====] 0:00:09 

[====|====|====|====|====|====|====|====|====|====] 0:00:09 

[====|====|====|====|====|====|====|====|====|====] 0:00:09 

[====|====|====|====|====|====|====|====|====|====] 0:00:08 

[====|====|====|====|====|====|====|====|====|====] 0:00:08 

[====|====|====|====|====|====|====|====|====|====] 0:00:08 

[====|====|====|====|====|====|====|====|====|====] 0:00:07 

[====|====|====|====|====|====|====|====|====|====] 0:00:08 

[====|====|====|====|====|====|====|====|====|====] 0:00:08 

[====|====|====|====|====|====|====|====|====|====] 0:00:08 

[====|====|====|====|====|====|====|====|====|====] 0:00:08 

[====|====|====|====|====|====|====|====|====|====] 0:00:07 

[16:57:13] V2 down scan 4.127541 mins: ratio 1.0369 .. 1.2226
[====|====|====|====|====|====|====|====|====|====] 0:00:10 

[====|====|====|====|====|====|====|====|====|====] 0:00:09 

[====|====|====|====|====|====|====|====|====|====] 0:00:09 

[====|====|====|====|====|====|====|====|====|====] 0:00:09 

[====|====|====|====|====|====|====|====|====|====] 0:00:09 

[====|====|====|====|====|====|====|====|====|====] 0:00:09 

[====|====|====|====|====|====|====|====|====|====] 0:00:09 

[====|====|====|====|====|====|====|====|====|====] 0:00:09 

[====|====|====|====|====|====|====|====|====|====] 0:00:09 

[====|====|====|====|====|====|====|====|====|====] 0:00:09 

[====|====|====|====|====|====|====|====|====|====] 0:00:09 

[====|====|====|====|====|====|====|====|====|====] 0:00:09 

[====|====|====|====|====|====|====|====|====|====] 0:00:09 

[====|====|====|====|====|====|====|====|====|====] 0:00:09 

[====|====|====|====|====|====|====|====|====|====] 0:00:09 

[====|====|====|====|====|====|====|====|====|====] 0:00:09 

[====|====|====|====|====|====|====|====|====|====] 0:00:11 

[====|====|====|====|====|====|====|====|====|====] 0:00:11 

[====|====|====|====|====|====|====|====|====|====] 0:00:11 

[====|====|====|====|====|====|====|====|====|====] 0:00:11 

[====|====|====|====|====|====|====|====|====|====] 0:00:11 

[====|====|====|====|====|====|====|====|====|====] 0:00:11 

[====|====|====|====|====|====|====|====|====|====] 0:00:11 

[====|====|====|====|====|====|====|====|====|====] 0:00:11 

[====|====|====|====|====|====|====|====|====|====] 0:00:11 

[====|====|====|====|====|====|====|====|====|====] 0:00:11 

[17:09:23]   target 1.05: m = 0.76580, AUC 1.05022 (screen iters 6, full 0), Cmax 1.0512
[====|====|====|====|====|====|====|====|====|====] 0:00:08 

[====|====|====|====|====|====|====|====|====|====] 0:00:09 

[====|====|====|====|====|====|====|====|====|====] 0:00:09 

[====|====|====|====|====|====|====|====|====|====] 0:00:08 

[====|====|====|====|====|====|====|====|====|====] 0:00:09 

[====|====|====|====|====|====|====|====|====|====] 0:00:11 

[====|====|====|====|====|====|====|====|====|====] 0:00:11 

[====|====|====|====|====|====|====|====|====|====] 0:00:10 

[====|====|====|====|====|====|====|====|====|====] 0:00:10 

[====|====|====|====|====|====|====|====|====|====] 0:00:11 

[====|====|====|====|====|====|====|====|====|====] 0:00:11 

[====|====|====|====|====|====|====|====|====|====] 0:00:11 

[====|====|====|====|====|====|====|====|====|====] 0:00:10 

[====|====|====|====|====|====|====|====|====|====] 0:00:11 

[====|====|====|====|====|====|====|====|====|====] 0:00:10 

[17:16:05]   target 1.11: m = 0.51397, AUC 1.11029 (screen iters 5, full 0), Cmax 1.1329
[====|====|====|====|====|====|====|====|====|====] 0:00:07 

[====|====|====|====|====|====|====|====|====|====] 0:00:07 

[====|====|====|====|====|====|====|====|====|====] 0:00:07 

[====|====|====|====|====|====|====|====|====|====] 0:00:08 

[====|====|====|====|====|====|====|====|====|====] 0:00:08 

[====|====|====|====|====|====|====|====|====|====] 0:00:09 

[====|====|====|====|====|====|====|====|====|====] 0:00:09 

[====|====|====|====|====|====|====|====|====|====] 0:00:09 

[====|====|====|====|====|====|====|====|====|====] 0:00:09 

[====|====|====|====|====|====|====|====|====|====] 0:00:09 

[====|====|====|====|====|====|====|====|====|====] 0:00:09 

[====|====|====|====|====|====|====|====|====|====] 0:00:09 

[====|====|====|====|====|====|====|====|====|====] 0:00:09 

[====|====|====|====|====|====|====|====|====|====] 0:00:10 

[====|====|====|====|====|====|====|====|====|====] 0:00:09 

[17:22:10]   target 1.18: m = 0.25029, AUC 1.18022 (screen iters 5, full 0), Cmax 1.2612
[====|====|====|====|====|====|====|====|====|====] 0:00:09 

[====|====|====|====|====|====|====|====|====|====] 0:00:09 

[====|====|====|====|====|====|====|====|====|====] 0:00:09 

[====|====|====|====|====|====|====|====|====|====] 0:00:08 

[====|====|====|====|====|====|====|====|====|====] 0:00:08 

[====|====|====|====|====|====|====|====|====|====] 0:00:08 

[====|====|====|====|====|====|====|====|====|====] 0:00:08 

[====|====|====|====|====|====|====|====|====|====] 0:00:08 

[====|====|====|====|====|====|====|====|====|====] 0:00:08 

[====|====|====|====|====|====|====|====|====|====] 0:00:08 

[====|====|====|====|====|====|====|====|====|====] 0:00:08 

[====|====|====|====|====|====|====|====|====|====] 0:00:09 

[====|====|====|====|====|====|====|====|====|====] 0:00:08 

[====|====|====|====|====|====|====|====|====|====] 0:00:09 

[17:27:04] V2 up scan 4.895677 mins: ratio 0.4565 .. 0.9590
[====|====|====|====|====|====|====|====|====|====] 0:00:08 

[====|====|====|====|====|====|====|====|====|====] 0:00:08 

[====|====|====|====|====|====|====|====|====|====] 0:00:08 

[====|====|====|====|====|====|====|====|====|====] 0:00:08 

[====|====|====|====|====|====|====|====|====|====] 0:00:08 

[====|====|====|====|====|====|====|====|====|====] 0:00:08 

[====|====|====|====|====|====|====|====|====|====] 0:00:08 

[====|====|====|====|====|====|====|====|====|====] 0:00:11 

[====|====|====|====|====|====|====|====|====|====] 0:00:11 

[====|====|====|====|====|====|====|====|====|====] 0:00:10 

[====|====|====|====|====|====|====|====|====|====] 0:00:11 

[====|====|====|====|====|====|====|====|====|====] 0:00:10 

[====|====|====|====|====|====|====|====|====|====] 0:00:10 

[====|====|====|====|====|====|====|====|====|====] 0:00:11 

[====|====|====|====|====|====|====|====|====|====] 0:00:11 

[====|====|====|====|====|====|====|====|====|====] 0:00:11 

[====|====|====|====|====|====|====|====|====|====] 0:00:11 

[17:34:28]   target 0.70: m = 3.28304, AUC 0.69962 (screen iters 7, full 0), Cmax 0.8652
[====|====|====|====|====|====|====|====|====|====] 0:00:08 

[====|====|====|====|====|====|====|====|====|====] 0:00:08 

[====|====|====|====|====|====|====|====|====|====] 0:00:08 

[====|====|====|====|====|====|====|====|====|====] 0:00:08 

[====|====|====|====|====|====|====|====|====|====] 0:00:08 

[====|====|====|====|====|====|====|====|====|====] 0:00:08 

[====|====|====|====|====|====|====|====|====|====] 0:00:08 

[====|====|====|====|====|====|====|====|====|====] 0:00:10 

[====|====|====|====|====|====|====|====|====|====] 0:00:11 

[====|====|====|====|====|====|====|====|====|====] 0:00:11 

[====|====|====|====|====|====|====|====|====|====] 0:00:11 

[====|====|====|====|====|====|====|====|====|====] 0:00:10 

[====|====|====|====|====|====|====|====|====|====] 0:00:11 

[====|====|====|====|====|====|====|====|====|====] 0:00:11 

[====|====|====|====|====|====|====|====|====|====] 0:00:11 

[====|====|====|====|====|====|====|====|====|====] 0:00:11 

[====|====|====|====|====|====|====|====|====|====] 0:00:10 

[17:41:48]   target 0.75: m = 2.73432, AUC 0.74971 (screen iters 7, full 0), Cmax 0.8767
[====|====|====|====|====|====|====|====|====|====] 0:00:08 

[====|====|====|====|====|====|====|====|====|====] 0:00:09 

[====|====|====|====|====|====|====|====|====|====] 0:00:08 

[====|====|====|====|====|====|====|====|====|====] 0:00:08 

[====|====|====|====|====|====|====|====|====|====] 0:00:08 

[====|====|====|====|====|====|====|====|====|====] 0:00:08 

[====|====|====|====|====|====|====|====|====|====] 0:00:08 

[====|====|====|====|====|====|====|====|====|====] 0:00:10 

[====|====|====|====|====|====|====|====|====|====] 0:00:10 

[====|====|====|====|====|====|====|====|====|====] 0:00:10 

[====|====|====|====|====|====|====|====|====|====] 0:00:10 

[====|====|====|====|====|====|====|====|====|====] 0:00:10 

[====|====|====|====|====|====|====|====|====|====] 0:00:10 

[====|====|====|====|====|====|====|====|====|====] 0:00:10 

[====|====|====|====|====|====|====|====|====|====] 0:00:11 

[====|====|====|====|====|====|====|====|====|====] 0:00:10 

[====|====|====|====|====|====|====|====|====|====] 0:00:10 

[17:49:09]   target 0.80: m = 2.27731, AUC 0.79980 (screen iters 7, full 0), Cmax 0.8909
[====|====|====|====|====|====|====|====|====|====] 0:00:09 

[====|====|====|====|====|====|====|====|====|====] 0:00:09 

[====|====|====|====|====|====|====|====|====|====] 0:00:09 

[====|====|====|====|====|====|====|====|====|====] 0:00:08 

[====|====|====|====|====|====|====|====|====|====] 0:00:08 

[====|====|====|====|====|====|====|====|====|====] 0:00:08 

[====|====|====|====|====|====|====|====|====|====] 0:00:08 

[====|====|====|====|====|====|====|====|====|====] 0:00:08 

[====|====|====|====|====|====|====|====|====|====] 0:00:10 

[====|====|====|====|====|====|====|====|====|====] 0:00:10 

[====|====|====|====|====|====|====|====|====|====] 0:00:10 

[====|====|====|====|====|====|====|====|====|====] 0:00:10 

[====|====|====|====|====|====|====|====|====|====] 0:00:11 

[====|====|====|====|====|====|====|====|====|====] 0:00:10 

[====|====|====|====|====|====|====|====|====|====] 0:00:10 

[====|====|====|====|====|====|====|====|====|====] 0:00:10 

[====|====|====|====|====|====|====|====|====|====] 0:00:11 

[====|====|====|====|====|====|====|====|====|====] 0:00:10 

[17:56:52]   target 0.85: m = 1.88959, AUC 0.84979 (screen iters 8, full 0), Cmax 0.9087
[====|====|====|====|====|====|====|====|====|====] 0:00:09 

[====|====|====|====|====|====|====|====|====|====] 0:00:09 

[====|====|====|====|====|====|====|====|====|====] 0:00:09 

[====|====|====|====|====|====|====|====|====|====] 0:00:09 

[====|====|====|====|====|====|====|====|====|====] 0:00:09 

[====|====|====|====|====|====|====|====|====|====] 0:00:09 

[====|====|====|====|====|====|====|====|====|====] 0:00:11 

[====|====|====|====|====|====|====|====|====|====] 0:00:11 

[====|====|====|====|====|====|====|====|====|====] 0:00:11 

[====|====|====|====|====|====|====|====|====|====] 0:00:11 

[====|====|====|====|====|====|====|====|====|====] 0:00:11 

[====|====|====|====|====|====|====|====|====|====] 0:00:11 

[====|====|====|====|====|====|====|====|====|====] 0:00:11 

[====|====|====|====|====|====|====|====|====|====] 0:00:10 

[====|====|====|====|====|====|====|====|====|====] 0:00:11 

[====|====|====|====|====|====|====|====|====|====] 0:00:11 

[18:04:03]   target 0.90: m = 1.55384, AUC 0.89991 (screen iters 6, full 0), Cmax 0.9315
[====|====|====|====|====|====|====|====|====|====] 0:00:09 

[====|====|====|====|====|====|====|====|====|====] 0:00:09 

[====|====|====|====|====|====|====|====|====|====] 0:00:09 

[====|====|====|====|====|====|====|====|====|====] 0:00:09 

[====|====|====|====|====|====|====|====|====|====] 0:00:09 

[====|====|====|====|====|====|====|====|====|====] 0:00:09 

[====|====|====|====|====|====|====|====|====|====] 0:00:11 

[====|====|====|====|====|====|====|====|====|====] 0:00:11 

[====|====|====|====|====|====|====|====|====|====] 0:00:11 

[====|====|====|====|====|====|====|====|====|====] 0:00:12 

[====|====|====|====|====|====|====|====|====|====] 0:00:11 

[====|====|====|====|====|====|====|====|====|====] 0:00:11 

[====|====|====|====|====|====|====|====|====|====] 0:00:11 

[====|====|====|====|====|====|====|====|====|====] 0:00:11 

[====|====|====|====|====|====|====|====|====|====] 0:00:11 

[====|====|====|====|====|====|====|====|====|====] 0:00:11 

[18:11:34]   target 0.95: m = 1.25968, AUC 0.95006 (screen iters 6, full 0), Cmax 0.9612
[====|====|====|====|====|====|====|====|====|====] 0:00:10 

[====|====|====|====|====|====|====|====|====|====] 0:00:09 

[====|====|====|====|====|====|====|====|====|====] 0:00:10 

[====|====|====|====|====|====|====|====|====|====] 0:00:09 

[====|====|====|====|====|====|====|====|====|====] 0:00:10 

[====|====|====|====|====|====|====|====|====|====] 0:00:09 

[====|====|====|====|====|====|====|====|====|====] 0:00:10 

[====|====|====|====|====|====|====|====|====|====] 0:00:09 

[====|====|====|====|====|====|====|====|====|====] 0:00:10 

[====|====|====|====|====|====|====|====|====|====] 0:00:09 

[====|====|====|====|====|====|====|====|====|====] 0:00:10 

[====|====|====|====|====|====|====|====|====|====] 0:00:09 

[====|====|====|====|====|====|====|====|====|====] 0:00:10 

[====|====|====|====|====|====|====|====|====|====] 0:00:09 

[====|====|====|====|====|====|====|====|====|====] 0:00:10 

[====|====|====|====|====|====|====|====|====|====] 0:00:09 

[====|====|====|====|====|====|====|====|====|====] 0:00:10 

[====|====|====|====|====|====|====|====|====|====] 0:00:09 

[====|====|====|====|====|====|====|====|====|====] 0:00:10 

[====|====|====|====|====|====|====|====|====|====] 0:00:09 

    mechanism direction target reachable multiplier auc_ratio cmax_ratio
 1:        V2      down   0.70     FALSE         NA        NA         NA
 2:        V2      down   0.75     FALSE         NA        NA         NA
 3:        V2      down   0.80     FALSE         NA        NA         NA
 4:        V2      down   0.85     FALSE         NA        NA         NA
 5:        V2      down   0.90     FALSE         NA        NA         NA
 6:        V2      down   0.95     FALSE         NA        NA         NA
 7:        V2      down   1.05      TRUE     0.7658    1.0502     1.0512
 8:        V2      down   1.11      TRUE     0.5140    1.1103     1.1329
 9:        V2      down   1.18      TRUE     0.2503    1.1802     1.2612
10:        V2      down   1.25     FALSE         NA        NA         NA
11:        V2      down   1.33     FALSE         NA        NA         NA
12:        V2      down   1.43     FALSE         NA        NA         NA
13:        V2        up   0.70      TRUE     3.2830    0.6996     0.8652
14:        V2        up   0.75      TRUE     2.7343    0.7497     0.8767
15:        V2        up   0.80      TRUE     2.2773    0.7998     0.8909
16:        V2        up   0.85      TRUE     1.8896    0.8498     0.9087
17:        V2        up   0.90      TRUE     1.5538    0.8999     0.9315
18:        V2        up   0.95      TRUE     1.2597    0.9501     0.9612
19:        V2        up   1.05     FALSE         NA        NA         NA
20:        V2        up   1.11     FALSE         NA        NA         NA
21:        V2        up   1.18     FALSE         NA        NA         NA
22:        V2        up   1.25     FALSE         NA        NA         NA
23:        V2        up   1.33     FALSE         NA        NA         NA
24:        V2        up   1.43     FALSE         NA        NA         NA
    mechanism direction target reachable multiplier auc_ratio cmax_ratio
    end_auc_ratio
 1:        1.2231
 2:        1.2231
 3:        1.2231
 4:        1.2231
 5:        1.2231
 6:        1.2231
 7:            NA
 8:            NA
 9:            NA
10:        1.2231
11:        1.2231
12:        1.2231
13:            NA
14:            NA
15:            NA
16:            NA
17:            NA
18:            NA
19:        0.4563
20:        0.4563
21:        0.4563
22:        0.4563
23:        0.4563
24:        0.4563
    end_auc_ratio
