run log: /home/user/dupilumab-sim/logs/oc_random_k2016_truth_20260924T222255.log
[====|==[====|======||=======|===|=====|==|=====|=====|==|=======||========||========||=======|=] 0:00:05 

====] 0:00:05 

[====|====[====||=======|==|====|======|==|======|==|=======||========||========||========||======] 0:00:05 

==] 0:00:05 

[====|[====|=======|==|======|==|======|==|======|=|========||=======|==|=====|====|====|====|===] 0:00:05 

===] 0:00:05 

[====|==[====|====|====|====|====|====|====|====|====|====|====|====|=====|==|======|==|======|==] 0:00:05 

===] 0:00:05 

[====|==[====|=====|==|======|==|======|==|======|==|======|==|=====|====|======||========||=======] 0:00:05 

=] 0:00:05 

[====|=[====|=======||========||========||========||========||========||========||=======|==|======] 0:00:05 

=] 0:00:05 

[====|[====|========||========||=======|==|======|===|====|=====|===|====|=====|==|=====|===|=====] 0:00:05 

==] 0:00:05 

[====|[====|========|=|======|==|======|===|===|======|==|======|==|=====|====|===|=====|====|===] 0:00:05 

===] 0:00:05 

[====|====[====|=|=======||========||=======|==|=======||========||=======|==|======|==|======|=] 0:00:05 

====] 0:00:05 

[====|=[====|======|==|======|==|======|==|======|==|======|=|========||========||========||======] 0:00:05 

==] 0:00:05 

[====|=[====|======|==|======|==|======|==|=====|====|===|=======||========||========||=======] 0:00:05 

=|====] 0:00:05 

[====|====|==[====|=====|==|======|===|=====|===|====|====|===|=======||========||=======] 0:00:05 

=|====|====] 0:00:05 

[====|====|====|=[====|=======||=======|==|=====|=====|===|====|====|====|====|====|===] 0:00:05 

===|====|====] 0:00:05 

[====|====|====|[=====|=======||========||========||========||=======|==|======|===|=====|=] 0:00:05 

====|====] 0:00:05 

[====|====|===[====|===|=====|==|======|==|======|==|=====|====|====|====|====|====|===|=====] 0:00:05 

==|====] 0:00:05 

[====|====|==[====|====|===|======|==|=====|====|===|=======||========||========||=======|=] 0:00:05 

====|====] 0:00:05 

[====|====|====[====||========||=======|=|=======|==|======|==|======|==|======|===|====|===] 0:00:05 

===|====] 0:00:05 

[====|====|==[====|======||========||========||========||========||========||=======|==|=======] 0:00:05 

|====] 0:00:05 

[====|===[====|==|======|==|======|==|======|==|======|=|========||========||========||=======] 0:00:05 

=|====] 0:00:05 

[====|====|[====|========||========||========||========||========||========||========||========] 0:00:05 

|====] 0:00:05 

[====|====|=[=====|=====|==|=======||========|=|=======|=|====|=======||========||=======] 0:00:05 

=|====|====] 0:00:05 

[====|====|====|====[====||========||=======|==|======|==|======|==|======|===|====] 0:00:05 

==|====|====|====] 0:00:05 

[====|====|====|====[====||========||========||========||========||========||========] 0:00:05 

|====|====|====] 0:00:05 

[====|====|====|====|[====|========||=======|==|======|==|======|===|===|=======] 0:00:05 

|====|====|====|====] 0:00:05 

[====|====|====|====|===[====|==|======|==|======|==|=====|====|===|======|==|=====] 0:00:05 

==|====|====|====] 0:00:05 

truth products 1–1000 done in 6.909893 mins 
[====|=[====|======|=|========||========||========||========||========||=======|==|=======|=|=====] 0:00:05 

==] 0:00:05 

[====|===[====|==|=====|====|====|====|=====|==|=======||========||========||=======|==|======|=] 0:00:05 

====] 0:00:05 

[====|====|=[====|=======|=|======|==|======|==|======|==|======|==|=====|===|======|=|=======] 0:00:05 

=|====] 0:00:05 

[====|====|===[====|==|=====|====|===|======|===|=====|==|=====|=====|==|======|==|======|==] 0:00:05 

===|====] 0:00:05 

[====|====|==[====|=====|==|=====|====|===|======|==|======|==|======|===|====|====|====|===] 0:00:05 

===|====] 0:00:05 

[====|====|[====|=======|==|=======||========||========||========||========||========||========] 0:00:05 

|====] 0:00:05 

[====|====|[====|=======|==|======|==|=====|====|====|====|====|=====|==|=======||========||=======] 0:00:05 

=] 0:00:05 

[====[====|=|=====|====|====|====|====|====|====|===|=======||========||=======|==|=====|=====|=] 0:00:05 

====] 0:00:05 

[====|=[====|=======||========||=======|==|======|==|======|==|=======||========||=======|==|=====] 0:00:05 

==] 0:00:05 

[====|[====|=======|==|======|==|======|===|====|====|====|====|====|=====|==|=====|====|====|===] 0:00:05 

===] 0:00:05 

[====|==[=====|===|=====|==|======|==|======|===|====|===|=====|====|====|====|====|====|=====|=] 0:00:05 

====] 0:00:05 

[====|===[====|==|======|==|=======||========||========||=======|==|======|==|======|==|======|=] 0:00:05 

====] 0:00:05 

[====|==[====|=====|==|======|==|=====|====|====|=====|===|=====|===|====|====|====|====|====|==] 0:00:05 

====] 0:00:05 

[====|==[====|====|====|====|===|======|==|======|==|======|==|======|==|=======||========||======] 0:00:05 

==] 0:00:05 

[====|=[====|=======||=======|==|======|==|======|==|=======||========||========||========||======] 0:00:05 

==] 0:00:05 

[====|===[====|==|=====|====|====|====|===|=======||========||========||========||========||=======] 0:00:05 

=] 0:00:05 

[====|[====|========||========||========||========|=|======|==|======|==|======|==|=======||=======] 0:00:05 

=] 0:00:05 

[====|[====|========||========|=|=======||=======|==|=====|====|====|====|====|====|====|====|===] 0:00:05 

===] 0:00:05 

[====|===[=====||========||========||========||=======|==|======|=|========||========||========] 0:00:05 

|====] 0:00:05 

[====|====[====||=======|==|======|==|======|==|======|===|====|===|======|==|======|==|=====|===] 0:00:05 

===] 0:00:05 

[====|=[====|======|==|=======||========|=|======|==|======|==|=====|====|===|======|====|===|====] 0:00:05 

==] 0:00:05 

[====|==[====|=====|===|====|====|====|====|=====|==|=====|====|====|====|====|====|===|======|=] 0:00:05 

====] 0:00:05 

[====|====|[====|========||========||========||========||=======|==|=======||=======|===|=====|=] 0:00:05 

====] 0:00:05 

[====|=[====|=======||========||=======|==|======|==|======|===|====|=====|==|=======||=======|=] 0:00:05 

====] 0:00:05 

[====|===[====|===|====|===|=====|====|====|====|===|======|=|========||========||========||=======] 0:00:05 

=] 0:00:05 

truth products 1001–2000 done in 6.998065 mins 
[====|[====|=======|==|======|==|=======||========||========||========||========||========||=======] 0:00:05 

=] 0:00:05 

[====|[====|========||========||========||========||=======|=|========||=======|==|======|==|====] 0:00:05 

===] 0:00:05 

[====|==[====|====|====|=====|==|======|==|======|==|=======||========||========||========||=======] 0:00:05 

=] 0:00:05 

[====|=[====|=======||========||========||========||========||========||========||========||=======] 0:00:05 

=] 0:00:05 

[====|====[====|=|======|==|======|==|=======||========||========||========||========||=======] 0:00:05 

=|====] 0:00:05 

[====|====|=[====|=====|=====|==|=====|====|===|======|===|===|======|==|======|==|======|=] 0:00:05 

====|====] 0:00:05 

[====|====|===[====|===|=====|==|======|==|=======||=======|==|=======||=======|==|======|=] 0:00:05 

====|====] 0:00:05 

[====|====|===[=====||=======|=|=======|==|=======||=======|==|=======||========||=======] 0:00:05 

=|====|====] 0:00:05 

[====|====|====[====|=|======|==|=======||========||=======|==|======|==|=====|====|===] 0:00:05 

===|====|====] 0:00:05 

[====|====|====|===[====|===|=====|==|======|==|======|=|========||=======|==|======|==] 0:00:05 

===|====|====] 0:00:05 

[====|====|====|====[====||========||========||=======|==|======|==|=======||=======] 0:00:05 

=|====|====|====] 0:00:05 

[====|====|====|===[====|==|======|==|=====|====|=====|==|======|===|====|====|====|===] 0:00:05 

===|====|====] 0:00:05 

[====|====|====|=[====|=======||=======|==|======|==|=======||========||========||=======] 0:00:05 

=|====|====] 0:00:05 

[====|====|===[====|==|======|===|====|===|======|==|=======||======|====|====|===|======|=] 0:00:05 

====|====] 0:00:05 

[====|====|====[====||========||========|=|======|===|====|====|===|=====|====|=====|=] 0:00:05 

====|====|====] 0:00:05 

[====|====|====|====|[====|========|=|======|===|=====|==|======|==|======|==|=====] 0:00:05 

==|====|====|====] 0:00:05 

[====|====|====|====|====[====||========||========||========||========|=|======|==] 0:00:05 

===|====|====|====] 0:00:05 

[====|====|====|====|====|[=====|=====|====|====|====|=====|==|=====|====|===] 0:00:04 

===|====|====|====|====] 0:00:05 

[====|====|====|====|==[====|====|====|=====|===|=====|===|===|======|==|======|=] 0:00:05 

====|====|====|====] 0:00:05 

[====|====|====|====|====|=[====|=======||========||========||========||=======] 0:00:05 

=|====|====|====|====] 0:00:05 

[====|====|====|====|====|=[====|======|=|========||======|====|===|====|======] 0:00:05 

=|====|====|====|====] 0:00:05 

[====|====|====|====|===[====|==|=======||========||========||========||========] 0:00:05 

|====|====|====|====] 0:00:05 

[====|====|====|====|===[====|=====||========||========||=======|=|========||=======|=] 0:00:05 

====|====|====] 0:00:05 

[====|====|====|==[=====|===|=====|==|======|==|======|==|=====|=====|==|======|==|=====] 0:00:05 

==|====|====] 0:00:05 

[====|====|====|=[====|=======||========||=======|===|====|===|======|=|========||=======] 0:00:05 

=|====|====] 0:00:05 

truth products 2001–3000 done in 6.217299 mins 
[====|[====|========||========||========||========||========||========||========||========||======] 0:00:05 

==] 0:00:05 

[====[====||========|=|=======||=======|==|=====|====|====|====|====|=====|==|======|==|======|=] 0:00:05 

====] 0:00:05 

[====|===[====|===|===|=======||========||=======|==|=======||=======|==|======|==|=======||=======] 0:00:05 

=] 0:00:05 

[====|==[=====|==|=======||========|=|=======||=======|==|=======||=======|==|=====|=====|=] 0:00:05 

====|====] 0:00:05 

[====|====|====|[=====|=======||=======|===|====|====|=====|==|=======||========||========] 0:00:05 

|====|====] 0:00:05 

[====|====|====[====|=|=======||========||========||========||========||========||========] 0:00:05 

|====|====] 0:00:05 

[====|====|====|[====|========||========||========|=|======|==|======|==|=====|====|==] 0:00:05 

====|====|====] 0:00:05 

[====|====|====|====[====||=======|==|=======||========||=======|===|====|===|=====] 0:00:05 

==|====|====|====] 0:00:05 

[====|====|====|===[=====||========||========||=======|==|=====|====|====|====|====|===] 0:00:05 

===|====|====] 0:00:05 

[====|====|====[====||========||========||========||========||======|====|====|=====|=] 0:00:05 

====|====|====] 0:00:05 

[====|====|====|==[====|===|======|==|=======|=|=======||========|=|=======||========] 0:00:05 

|====|====|====] 0:00:05 

[====|====|====|====|===[=====||=======|==|=====|====|===|=====|====|====|====|===] 0:00:05 

===|====|====|====] 0:00:05 

[====|====|====|====|====[====|=|====|======|=|========||========||========||========] 0:00:05 

|====|====|====] 0:00:05 

[====|====|====|====|[=====|=======|=|======|==|======|=|=======|==|======|===|===] 0:00:05 

===|====|====|====] 0:00:05 

[====|====|====|====|====[====||=======|=|========|=|======|==|======|==|======] 0:00:05 

=|====|====|====|====] 0:00:05 

[====|====|====|====|==[====|====|====|====|====|====|===|======|==|======|==|=====] 0:00:05 

==|====|====|====] 0:00:05 

[====|====|====|====|[====|========||=======|===|====|====|====|=====|==|=======|=|=====] 0:00:05 

==|====|====] 0:00:05 

[====|====|====[====|=|=======||========||========||========||=======|==|======|==|=====] 0:00:05 

==|====|====] 0:00:05 

[====|====|====|====[====||=======|==|=====|=====|==|=====|=====|==|====|======|==|=====] 0:00:05 

==|====|====] 0:00:05 

[====|====|====|==[====|=====|==|======|==|======|==|=======|=|=====|====|=====|==|=====] 0:00:05 

==|====|====] 0:00:05 

[====|====|====[====||=======|==|======|==|=======||========||========||========||=======] 0:00:05 

=|====|====] 0:00:05 

[====|====|====[====||=======|=|========||========||========||========||========||=======] 0:00:05 

=|====|====] 0:00:05 

[====|====|====|==[====|====|====|===|======|==|======|==|======|=|========||=======] 0:00:05 

=|====|====|====] 0:00:05 

[====|====|====|====|[=====|=======||========|=|=======||========||========||=======] 0:00:05 

=|====|====|====] 0:00:05 

[====|====|====|===[=====||========||========||=======|==|=====|====|====|====|===|=====] 0:00:05 

==|====|====] 0:00:05 

truth products 3001–4000 done in 5.14072 mins 
[====|[====|========||=======|==|======|==|======|===|=====|==|=====|===|======|==|======|==|=====] 0:00:05 

==] 0:00:05 

[====|===[====|==|======|==|=======||=======|==|=====|===|=======||========||========|=|=====|===] 0:00:05 

===] 0:00:05 

[====[====||=======|==|======|===|===|=======||========||========||=======|==|=======||=======] 0:00:05 

=|====] 0:00:05 

[====|====|===[====|===|====|====|===|=====|====|=====|==|=====|====|====|=====|==|======|=] 0:00:05 

====|====] 0:00:05 

[====|====|==[====|====|=====|==|======|==|======|==|=====|====|====|====|===|=====|=====|=] 0:00:05 

====|====] 0:00:05 

[====|====|[====|=======|=|========||========||========||========||========|=|======|===|====|===] 0:00:05 

===] 0:00:04 

[====|==[====|======||========||========||=======|===|===|=======||========||========||=======] 0:00:05 

=|====] 0:00:05 

[====|====|====|[====|=======|==|=====|====|=====|==|=======||========||=======|===|====|==] 0:00:05 

====|====] 0:00:05 

[====|====|=[====|======|==|=====|=====|==|=======||=======|==|=======||========||========] 0:00:05 

|====|====] 0:00:05 

[====|====|====|==[====|====|====|====|=====|==|======|==|=======||========|=|=======] 0:00:05 

|====|====|====] 0:00:05 

[====|====|====|===[====|==|======|==|=====|====|====|====|===|=====|===|=====|====|===] 0:00:05 

===|====|====] 0:00:05 

[====|====|====|=[====|======|===|====|======|=|=======||========||========||========] 0:00:05 

|====|====|====] 0:00:05 

[====|====|====|[====|=======|=|========||=======|=|========||========||========||=======] 0:00:05 

=|====|====] 0:00:05 

[====|====|====[====|=|======|==|======|=|========||=======|==|=====|====|===|=======||=======] 0:00:05 

=|====] 0:00:05 

[====|==[====|====|=====|==|======|==|=====|====|======||========||========||=======|=|========] 0:00:05 

|====] 0:00:05 

[====[====||=======|==|======|==|======|==|======|==|======|==|======|==|======|===|======||=======] 0:00:05 

=] 0:00:05 

[====|====[====||=======|==|=====|====|=====|==|=======||=======|==|=======||========||=======] 0:00:05 

=|====] 0:00:05 

[====|===[====|===|=====|==|======|===|====|====|=====|==|======|==|=======||=======|==|======] 0:00:05 

=|====] 0:00:05 

[====|====[====|=|======|==|======|==|=====|=====|==|=====|====|====|====|===|=====|=====|==|=====] 0:00:05 

==] 0:00:05 

[====|==[====|====|====|===|======|=|========|=|=======|=|======|==|======|==|=======||=======|=] 0:00:05 

====] 0:00:05 

[====|===[====|====|==|=====|====|====|====|====|===|=====|===|=====|====|===|=======||========] 0:00:05 

|====] 0:00:05 

[====|====|[====|========||=======|==|=======||=======|==|=======||========||=======|==|======|=] 0:00:05 

====] 0:00:05 

[====|===[====|==|======|==|=======||========||=======|==|======|==|=======||=======|==|=======] 0:00:05 

|====] 0:00:05 

[====|====[====||========||========||=======|===|===|======|==|=======||=======|==|======|=] 0:00:05 

====|====] 0:00:05 

[====|====|[====|========||========||========||========||=======|==|=======||=======|==|=======] 0:00:05 

|====] 0:00:05 

truth products 4001–5000 done in 4.976054 mins 
[====|=[====|======|=|=======|==|=====|====|====|====|====|====|===|======|==|=======||=======] 0:00:05 

=|====] 0:00:05 

[====|==[====|====|===|======|==|=====|=====|==|=======||========||========||========||=======] 0:00:05 

=|====] 0:00:05 

[====|====[====|=|=======||========||======|====|====|===|=======||========||========||=======] 0:00:05 

=|====] 0:00:05 

[====|====|=[====|======|==|======|===|=====|==|=====|=====|==|======|===|===|=======||=======] 0:00:05 

=|====] 0:00:05 

[====|====|==[====|====|====|=====|==|=======||========||========||========||========||=======] 0:00:05 

=|====] 0:00:04 

[====|====|==[====|======||=======|==|======|===|====|===|======|==|=======|=|======|====|=] 0:00:05 

====|====] 0:00:05 

[====|====|====[====||========||========||========||========||=======|==|======|==|=====] 0:00:05 

==|====|====] 0:00:05 

[====|====|====[====|=|=======|=|======|==|======|==|======|==|=======||========||=======|=] 0:00:05 

====|====] 0:00:05 

[====|====|====|====|[====|=======|==|======|=|=======|==|======|==|=====|====|=====|=] 0:00:04 

====|====|====] 0:00:05 

[====|====|====|===[====|==|=====|=====|===|===|======|==|======|==|======|==|======|=] 0:00:05 

====|====|====] 0:00:05 

[====|====|====|===[====|==|======|==|======|==|=======||========||========||=======|=] 0:00:05 

====|====|====] 0:00:05 

[====|====|====[====||=======|==|====|======|==|======|=|========|=|=======||========||=======|=] 0:00:05 

====] 0:00:05 

[====|===[====|====|==|=======||========||=======|==|======|==|======|===|====|===|=======||======] 0:00:05 

==] 0:00:05 

[====|[====|========||=======|==|======|==|======|==|======|===|===|======|==|=======||=======|=] 0:00:05 

====] 0:00:05 

[====|===[====|=|========||========||========||=======|==|======|==|======|==|=======||=======] 0:00:05 

=|====] 0:00:04 

[====|====|=[====|======|==|=====|====|====|=====|===|====|====|====|===|======|==|======|==] 0:00:05 

===|====] 0:00:05 

[====|====|=[====|=======||=======|==|=======||=======|==|=======||========||========||========] 0:00:05 

|====] 0:00:05 

[====|===[====|===|=====|==|======|===|====|===|======|==|======|==|=====|====|====|====|====|===] 0:00:05 

===] 0:00:05 

[====|==[=====|==|=====|====|====|===|=======||========||========||========||========|=|=====|===] 0:00:05 

===] 0:00:05 

[====|====|[====|========|=|=======||========||========||========||=======|==|=====|===|=====|===] 0:00:05 

===] 0:00:05 

[====|===[====|====|==|=====|====|====|=====|==|=====|====|=====|==|=======||========||=======] 0:00:05 

=|====] 0:00:05 

[====|====|[====|========||========||========||========|=|======|==|======|=|========||========] 0:00:05 

|====] 0:00:05 

[====|====|[====|=======|==|======|==|======|==|=======|=|======|==|======|===|=====|==|=======] 0:00:05 

|====] 0:00:05 

[====|==[====|====|====|====|====|===|=====|=====|==|======|==|=====|===|=====|=====|==|======|=] 0:00:05 

====] 0:00:05 

[====|==[====|=====|==|======|===|====|====|====|====|====|=====|==|=====|=====|==|======|=|======] 0:00:05 

==] 0:00:05 

truth products 5001–6000 done in 4.944119 mins 
[====|[=====|======|=|========||========||========||========||========||=======|==|=======||=======] 0:00:05 

=] 0:00:05 

[====|[====|========||========||=======|==|=====|===|======|==|=======|=|======|==|======|==|=====] 0:00:05 

==] 0:00:05 

[====|===[====|=|========||=======|==|======|==|======|==|=====|====|====|====|=====|==|====] 0:00:05 

===|====] 0:00:05 

[====|====|====[====|=|=====|====|=====|==|======|==|======|==|======|==|=======||=======|=] 0:00:05 

====|====] 0:00:05 

[====|====|=[====|=======||=======|==|======|==|======|===|===|=======||=======|=|=======] 0:00:05 

=|====|====] 0:00:05 

[====|====|==[====|=====|==|======|==|======|==|=====|====|====|====|====|=====|=|========] 0:00:05 

|====|====] 0:00:05 

[====|====|===[=====|=|=======||=======|==|=====|====|====|====|===|=====|===|=======||=======|=] 0:00:05 

====] 0:00:05 

[====|[=====|=======||=======|==|====|======|==|======|==|======|===|====|=====|==|=====|===|====] 0:00:04 

===] 0:00:05 

[====|====[====||=======|===|====|====|====|===|======|==|=====|====|=====|==|======|==|======|==] 0:00:05 

===] 0:00:05 

[====|====|[====|========||========||========||========||========||=======|==|=======||=======] 0:00:05 

=|====] 0:00:05 

[====|===[====|==|=====|=====|==|=====|======||=======|==|======|==|======|==|======|===|====] 0:00:05 

==|====] 0:00:05 

[====|===[====|==|=====|=====|==|=====|====|====|====|====|====|=====|==|=====|===|======|===|===] 0:00:05 

===] 0:00:05 

[====|===[====|==|=======||========||========||========||========||======|======||======] 0:00:04 

==|====|====] 0:00:05 

[====|====|====|==[====|=====|==|=======||======|====|====|===|======|=|========||=======|=] 0:00:05 

====|====] 0:00:05 

[====|====|====[====||======|====|===|======|==|======|==|======|==|======|==|======|==|=====] 0:00:05 

==|====] 0:00:05 

[====|====|=[====|=======||========||========||========||========||========||========||=======] 0:00:05 

=|====] 0:00:05 

[====|===[====|==|======|==|======|===|====|====|===|=====|=====|==|======|==|======|==|======|=] 0:00:05 

====] 0:00:05 

[====|=[=====|===|=====|====|=====|==|======|==|======|==|=====|====|====|====|====|======||=======] 0:00:05 

=] 0:00:05 

[====|=[====|======|=|========||========||========|=|=======||========|=|=======||=======|===|===] 0:00:05 

===] 0:00:05 

[====|====|[====|=======|==|=======||========||========||========||========||========||=======] 0:00:04 

=|====] 0:00:04 

[====|====|[====|=======|==|======|==|======|===|====|===|=====|====|===|=====|====|====|====|====] 0:00:05 

==] 0:00:05 

[====|[====|=======|==|=======||======|====|====|====|====|=====|==|======|==|======|==|======|=] 0:00:05 

====] 0:00:05 

[====|==[====|====|=====|===|====|====|====|====|=====|==|======|==|======|==|=======||========] 0:00:05 

|====] 0:00:05 

[====|===[=====||========||=======|==|======|==|=====|====|=====|==|=======||========||======] 0:00:05 

==|====] 0:00:05 

[====|====|[====|========||========||========||========||========||========||=======|=|=======|=] 0:00:05 

====] 0:00:04 

truth products 6001–7000 done in 4.935549 mins 
[====|=[====|=======||=======|==|=====|=====|==|=====|====|====|====|====|====|=====|==|======|=] 0:00:05 

====] 0:00:05 

[====|===[====|===|====|====|=====|==|=======||========||========|=|======|===|===|======|=] 0:00:05 

====|====] 0:00:05 

[====|====|===[====|==|=====|====|====|====|====|====|=====|==|======|==|======|==|=======] 0:00:05 

|====|====] 0:00:05 

[====|====|====|[====|=======|==|=====|===|======|=|========||========||=======|==|======|=] 0:00:05 

====|====] 0:00:05 

[====|====[====|=|=======||========||========||======|=====|==|=====|====|====|====|====|====|===] 0:00:05 

===] 0:00:05 

[====|=[====|======|==|======|==|=====|=====|===|=====|==|=====|====|====|====|====|====|=====|=] 0:00:05 

====] 0:00:05 

[====|===[====|===|=====|==|=======||========||========|=|======|==|======|==|======|==|=====] 0:00:05 

==|====] 0:00:05 

[====|====|==[====|====|=====|==|=======||========|=|======|===|=====|==|======|==|=====] 0:00:05 

==|====|====] 0:00:05 

[====|====|====|[====|=======|==|=====|=====|==|======|==|=======|=|======|===|=====|==|====] 0:00:05 

===|====] 0:00:05 

[====|====|=[====|=======||========||========||=======|==|=====|====|====|=====|==|=======||=======] 0:00:05 

=] 0:00:05 

[====|====[====||========||========||========|=|======|==|======|==|=====|====|====|===|======|=] 0:00:05 

====] 0:00:05 

[====|====|[====|=======|==|=======||========||========||=======|=|========||========||=======|=] 0:00:05 

====] 0:00:05 

[====|====[====||========|=|======|==|=======||========||========|=|=======||=======|==|=======] 0:00:05 

|====] 0:00:05 

[====|=[====|======|==|=====|=====|=|========|=|=======||========||========||========||=======] 0:00:04 

=|====] 0:00:05 

[====|===[====|==|======|===|=====|==|======|==|=======||======|====|=====|===|===|======|==|======] 0:00:05 

=] 0:00:05 

[====|[=====|=======||========||========||======|====|====|====|====|====|====|====|====|====|===] 0:00:05 

===] 0:00:05 

[====|==[====|====|====|====|===|======|==|=======|=|======|===|=====|==|=====|====|====|====|====] 0:00:05 

==] 0:00:05 

[====|==[=====|==|=======|=|=======||========|=|=======||========||========||========||=======] 0:00:05 

=|====] 0:00:05 

[====|===[====|===|===|====|======|===|=====|==|======|===|=====|==|======|==|======|==|=====|===] 0:00:05 

===] 0:00:05 

[====|===[=====||========||========||========||=======|==|=======|=|======|==|=====|====|===] 0:00:05 

===|====] 0:00:05 

[====|===[=====||========|=|=======||=======|==|=====|====|=====|===|======||========||=======] 0:00:05 

=|====] 0:00:05 

[====|[=====|=====|====|====|===|=====|====|====|=====|==|=======|=|=======||========||=======] 0:00:05 

=|====] 0:00:05 

[====|=[====|======|=|=======|==|======|==|=======||========||========|=|=======|=|=====|===|=====] 0:00:05 

==] 0:00:05 

[====|=[=====|===|=======||========||========||========||=======|==|=======||========||========] 0:00:05 

|====] 0:00:05 

[====|====[====|=|======|====|==|======|==|=======|=|=======||========||========||=======|==|=====] 0:00:05 

==] 0:00:05 

truth products 7001–8000 done in 5.031017 mins 
[====|[====|========|=|=======||========||========||=======|==|=====|=====|==|=======||=======] 0:00:05 

=|====] 0:00:05 

[====|====|[=====|======|===|====|====|===|=======||========||========||=======|=|=======] 0:00:05 

=|====|====] 0:00:05 

[====|====|===[====|==|======|==|=====|====|====|====|====|====|=====|===|====|====|===|=====] 0:00:05 

==|====] 0:00:05 

[====|====|=[====|======|==|======|==|=====|====|====|====|===|=======||=======|==|=====|===] 0:00:05 

===|====] 0:00:05 

[====|====|====[====||=======|==|======|==|======|=|=======|==|=====|====|===|======|===|===] 0:00:05 

===|====] 0:00:04 

[====|====|=[=====|===|=======||========||========|=|======|==|======|=|========||=======|=] 0:00:05 

====|====] 0:00:05 

[====|====|====[====|=|======|==|=======||=======|===|=====|===|=====|==|======|===|====] 0:00:05 

==|====|====] 0:00:05 

[====|====|===[====|==|=======|=|=======||=======|===|====|===|======|==|======|=|======|====] 0:00:05 

==|====] 0:00:05 

[====|====|====[====|=|=====|====|=====|===|====|====|=====|==|=======||=======|==|======|=] 0:00:04 

====|====] 0:00:05 

[====|====|[====|========||========||========||========|=|=======|=|======|===|====|===|======|=] 0:00:05 

====] 0:00:05 

[====|====|==[====|=====|==|=======||========||========||=======|==|=======||========||=======] 0:00:05 

=|====] 0:00:05 

[====|====|[====|========||========||========||========||=======|===|====|===|======|==|======|=] 0:00:05 

====] 0:00:05 

[====|===[=====||========||========||========||========||========||========||========||=======|==] 0:00:05 

===] 0:00:05 

[====|===[====|===|====|====|====|====|===|=======||========||========||========||=======|==|=====] 0:00:05 

==] 0:00:05 

[====|==[====|======||=======|==|======|==|=====|=====|==|=====|====|=====|==|======|==|=======] 0:00:05 

|====] 0:00:05 

[====|[====|========|=|======|==|======|==|=====|=====|==|======|===|=====|==|=====|====|=====|=] 0:00:05 

====] 0:00:05 

[====|====|=[=====|====|======||=======|==|======|==|=======||========||========||=======] 0:00:04 

=|====|====] 0:00:05 

[====|====|====|===[====|==|=======|=|=====|====|====|====|====|===|======|==|=====|====] 0:00:05 

==|====|====] 0:00:05 

[====|====|====|====|====|[====|========||========||========||========|=|=====] 0:00:05 

==|====|====|====|====] 0:00:05 

[====|====|====|====|=[====|======|===|===|=====|=====|==|=======||========||========] 0:00:05 

|====|====|====] 0:00:05 

[====|====|====|==[====|=====|==|======|===|====|===|======|===|=====|==|=====|=====|=] 0:00:05 

====|====|====] 0:00:05 

[====|====|====|====|====|=[====|=======||========||========||========||=======|=] 0:00:05 

====|====|====|====] 0:00:05 

[====|====|====|====|====|===[====|===|=====|==|======|===|====|===|=======] 0:00:05 

|====|====|====|====|====] 0:00:05 

[====|====|====|====|====|====|====[====|=|=======||======|===|=======] 0:00:05 

|====|====|====|====|====|====] 0:00:05 

[====|====|====|====|====|===[====|===|====|====|=====|=|========||========] 0:00:05 

|====|====|====|====|====] 0:00:05 

truth products 8001–9000 done in 5.035119 mins 
[====|===[====|=|========||========||========|=|=====|====|====|====|====|=====|==|======|=] 0:00:04 

====|====] 0:00:05 

[====|====|====|[====|========||========||========||=======|==|======|==|=======||=======|=] 0:00:05 

====|====] 0:00:05 

[====|====|===[====|==|======|==|======|===|=====|==|=======||=======|===|===|=====|==] 0:00:05 

====|====|====] 0:00:05 

[====|====|====|=[====|=======|=|=====|====|====|====|======||========||========||========] 0:00:05 

|====|====] 0:00:05 

[====|====|===[====|====|==|=====|======||=======|==|=====|=====|===|=====|==|======|===|===] 0:00:05 

===|====] 0:00:05 

[====|====|==[=====|===|=====|==|======|==|======|===|=====|===|====|===|=======||========] 0:00:05 

|====|====] 0:00:05 

[====|====|====|[====|========||=======|==|======|=|========||========||========||========] 0:00:05 

|====|====] 0:00:05 

[====|====|===[====|===|===|=====|====|======||========||========||=======|=|========||=======] 0:00:05 

=|====] 0:00:05 

[====|====|=[====|======|==|=======||========||========||========|=|=======||========|=|======|=] 0:00:05 

====] 0:00:05 

[====|==[=====|=|========||========||========||========||========||========||=======|==|=====|===] 0:00:05 

===] 0:00:05 

[====|===[====|===|===|=======||=======|==|=======||========||=======|==|======|===|====|====|===] 0:00:05 

===] 0:00:05 

[====|=[=====|=====|==|======|==|======|==|=====|====|===|=======||========||========|=|=======] 0:00:05 

|====] 0:00:05 

[====|====|[====|=======|=|========||=======|=|========||========||=======|===|====|====|==] 0:00:05 

====|====] 0:00:05 

[====|====|===[====|===|===|=======||======|====|====|=====|==|=======||=======|===|=====|==|=====] 0:00:05 

==] 0:00:05 

[====|==[====|====|====|===|======|==|=====|====|====|======||=======|=|=======|==|======|==|=====] 0:00:05 

==] 0:00:05 

[====|=[====|======|==|======|===|=====|=|========||========||========|=|======|==|=======||=======] 0:00:05 

=] 0:00:05 

[====|==[====|=====|==|=====|=====|===|====|====|====|====|====|===|======|===|=====|==|======|=] 0:00:05 

====] 0:00:05 

[====|==[====|====|====|=====|==|======|=|========||========||=======|===|=====|==|======|==|=====] 0:00:05 

==] 0:00:05 

[====|====[====||========||========||========||========||========|=|======|==|=======||=======|=] 0:00:05 

====] 0:00:05 

[====|====|==[====|====|====|===|=======||=======|=|========||========||========||=======] 0:00:05 

=|====|====] 0:00:05 

[====|====|====|[====|========||========||=======|==|=====|=====|==|=====|===|=====|====] 0:00:05 

==|====|====] 0:00:05 

[====|====|====|====[====|=|=====|====|===|=======||========||========||========||=======] 0:00:05 

=|====|====] 0:00:05 

[====|====|====|====|[====|========||=======|==|======|==|======|==|======|===|===] 0:00:05 

===|====|====|====] 0:00:05 

[====|====|====|==[====|=====|==|=======|=|=======||========|=|======|====|==|=====|===|======] 0:00:05 

=|====] 0:00:05 

[====|====[====||========||========||=======|==|======|==|=====|=====|==|=======||======|==] 0:00:05 

====|====] 0:00:05 

truth products 9001–10000 done in 5.180049 mins 
[====|=[====|=======||========|=|=======||========||========||=======|==|=====|=====|==|======|=] 0:00:05 

====] 0:00:05 

[====|====|[=====|=======||=======|===|===|=======||=======|==|======|==|======|===|====|=====|=] 0:00:05 

====] 0:00:05 

[====|====|[====|=======|=|========||=======|===|====|====|===|=====|====|====|===|=====|====] 0:00:05 

==|====] 0:00:05 

[====|====|==[====|=====|==|=======||=======|=|=======|==|======|==|======|==|======|==|======] 0:00:05 

=|====] 0:00:05 

[====|====|[====|======|====|===|======|==|======|===|====|=====|==|=======||========||========] 0:00:05 

|====] 0:00:05 

[====|====|[=====|=======||========||========||========||=======|===|====|===|=======||========] 0:00:05 

|====] 0:00:05 

[====|====[====||========|=|======|==|======|==|======|===|====|====|===|=======|=|======|=] 0:00:05 

====|====] 0:00:05 

[====|====|==[====|====|====|=====|==|=====|====|===|======|==|======|==|=======||=======|=] 0:00:05 

====|====] 0:00:05 

[====|====|====|=[=====|=====|==|=====|====|====|====|====|=====|==|=====|===|======|=] 0:00:05 

====|====|====] 0:00:05 

[====|====|====|====[====|=|=====|=====|==|======|==|=====|====|====|=====|=|========] 0:00:05 

|====|====|====] 0:00:05 

[====|====|====|====|==[====|=====|==|=======|=|=======||========||=======|==|=====|===] 0:00:05 

===|====|====] 0:00:04 

[====|====|===[====|==|=======||========|=|=====|===|======|==|=====|===|======|==|=====] 0:00:05 

==|====|====] 0:00:05 

[====|====|=[====|=======||========||========||=======|==|=======|=|=====|=====|==|=====|===] 0:00:05 

===|====] 0:00:05 

[====|====|=[====|=======||=======|===|=====|===|=====|==|======|==|======|===|===|=====|===] 0:00:05 

===|====] 0:00:05 

[====|====|==[====|====|====|=====|==|======|==|=====|====|===|======|==|=====|====|====|===] 0:00:05 

===|====] 0:00:05 

[====|====|===[====|====|==|=====|=====|=|========||=======|==|======|===|=====|==|======] 0:00:05 

=|====|====] 0:00:05 

[====|====|====|[====|=======|==|======|==|======|==|======|==|======|==|=====|====|====|===] 0:00:05 

===|====] 0:00:05 

[====|====|====[====||========||========||========||========||========||========||======] 0:00:05 

==|====|====] 0:00:05 

[====|====|====|====|[====|========||=======|==|======|===|====|====|====|=====|==|=====] 0:00:05 

==|====|====] 0:00:05 

[====|====|====|==[====|====|====|====|====|=====|==|=======|=|=======|=|======|=|=======|=] 0:00:05 

====|====] 0:00:05 

[====|====|===[====|==|=====|====|====|====|====|====|====|===|=======||========||=======|=] 0:00:05 

====|====] 0:00:05 

[====|====|====|=[=====|===|======|==|======|===|===|======|==|=======|=|=======||=======] 0:00:05 

=|====|====] 0:00:05 

[====|====|====|[====|======|====|===|=====|====|====|======||========||=======|=|=======] 0:00:05 

=|====|====] 0:00:05 

[====|====|====[====|=|======|==|=======||========||========|=|=====|====|===|======|==|====] 0:00:05 

===|====] 0:00:05 

[====|====|===[====|==|=======||=======|==|=====|====|===|======|===|====|=====|==|=======] 0:00:05 

|====|====] 0:00:05 

truth products 10001–11000 done in 5.106241 mins 
[====|==[=====|==|=======||========|=|======|=|========||========||=======|==|=====|====|===] 0:00:05 

===|====] 0:00:05 

[====|====|===[====|==|======|==|=====|====|====|====|====|=====|==|======|==|=======||======] 0:00:05 

==|====] 0:00:05 

[====|====|===[====|===|====|=====|==|=======|=|=======||=======|=|========||========||========] 0:00:05 

|====] 0:00:05 

[====|====[====||=======|==|=======||=======|===|=====|===|=====|===|====|===|======|===|===] 0:00:05 

===|====] 0:00:05 

[====|====|==[====|====|===|=======||========|=|=======||=======|==|=======||========||========] 0:00:05 

|====] 0:00:05 

[====|====|==[====|=====|==|=======||========|=|=====|====|===|======|==|======|=|=======|=] 0:00:05 

====|====] 0:00:05 

[====|====|====|==[====|====|====|====|====|=====|==|======|=|========||========||========] 0:00:05 

|====|====] 0:00:05 

[====|====|====|==[====|====|====|====|====|===|=======||========||========||======] 0:00:05 

==|====|====|====] 0:00:05 

[====|====|====|====|[====|========||========||========||========||========||========] 0:00:05 

|====|====|====] 0:00:05 

[====|====|====|====|===[====|==|=====|====|===|======|==|======|===|====|======] 0:00:05 

|====|====|====|====] 0:00:05 

[====|====|====|====|====|[====|========||========||========||=======|==|=====] 0:00:05 

==|====|====|====|====] 0:00:05 

[====|====|====|====|==[====|====|=====|===|===|======|==|=======|=|=====|=====|=] 0:00:05 

====|====|====|====] 0:00:05 

[====|====|====|====|[====|========||========||========||========||========|=|=====] 0:00:05 

==|====|====|====] 0:00:05 

[====|====|====|====|[====|=======|==|======|===|====|===|=======||========|=|======|=] 0:00:05 

====|====|====] 0:00:05 

[====|====|====|[====|=======|==|=======||========||=======|=|========||========||========] 0:00:05 

|====|====] 0:00:05 

[====|====|====|=[====|======|==|======|==|======|==|======|==|======|==|======|==|=====] 0:00:05 

==|====|====] 0:00:05 

[====|====|====|[====|========||========||========||=======|==|======|==|=======||========] 0:00:05 

|====|====] 0:00:04 

[====|====|====|==[====|====|====|====|====|=====|==|=======|=|=====|===|======|==|======|=] 0:00:05 

====|====] 0:00:05 

[====|====|=[====|======|==|=======||========|=|=====|====|=====|===|===|=====|====|=====|==] 0:00:05 

===|====] 0:00:05 

[====|====|====[====||========|=|======|==|=======||=======|==|======|==|=======||=======] 0:00:05 

=|====|====] 0:00:05 

[====|====|=[====|======|==|======|==|======|==|=====|====|====|====|====|====|====|====|===] 0:00:05 

===|====] 0:00:05 

[====|=[=====|====|=====|==|=====|=====|==|======|==|=====|====|====|======||========||=======] 0:00:05 

=|====] 0:00:05 

[====|====|==[====|======||========||=======|==|=======||=======|==|======|==|=====|====|====|===] 0:00:05 

===] 0:00:05 

[====|==[=====|==|=======|=|======|==|======|==|=======||========||========||========||=======] 0:00:05 

=|====] 0:00:05 

[====|===[====|==|=====|====|=====|==|=======|=|======|=|======|====|====|=====|=|========||======] 0:00:05 

==] 0:00:05 

truth products 11001–12000 done in 5.696253 mins 
[====|==[====|====|===|======|==|=====|===|======|==|======|==|======|==|=====|=====|=|=======|=] 0:00:05 

====] 0:00:05 

[====|====[====|=|=======||========|=|======|==|=======||========||========||========||========] 0:00:05 

|====] 0:00:05 

[====|===[=====|=|======|==|=======||========||=======|==|======|==|=======||======|====|====] 0:00:05 

==|====] 0:00:05 

[====|====|===[====|==|=======|=|======|===|====|===|======|===|====|=====|=|=======|==|=====|====] 0:00:05 

==] 0:00:05 

[====|===[====|=|========||=======|=|========||========||========||========||=======|=|========] 0:00:05 

|====] 0:00:05 

[====|====[====||=======|=|========||=======|==|=====|=====|=|========||=======|==|=====|====|===] 0:00:05 

===] 0:00:05 

[====|==[====|=====|==|======|=|=======|==|=======||========||========||=======|==|=======||=======] 0:00:05 

=] 0:00:05 

[====|====|==[====|====|=====|==|=======||=======|==|=====|====|====|=====|===|===|======|=] 0:00:05 

====|====] 0:00:05 

[====|====|====|=[=====|====|=====|=|========||========||========||========||========] 0:00:05 

|====|====|====] 0:00:05 

[====|====|====|====[====||========||=======|==|=====|====|===|=======||=======|==|=====] 0:00:05 

==|====|====] 0:00:05 

[====|====|===[=====||=======|==|======|==|=======||========||========||========||========] 0:00:05 

|====|====] 0:00:05 

[====|====|====|[====|========||========||========||========||=======|==|======|==|=======] 0:00:05 

|====|====] 0:00:05 

[====|====|====|====[====|=|=======||========||========||========||=======|=|========] 0:00:05 

|====|====|====] 0:00:05 

[====|====|====|====[====||========||========||=======|==|======|==|=====|====|====|===] 0:00:05 

===|====|====] 0:00:05 

[====|====|====|=[=====|====|====|====|====|====|====|====|====|===|======|==|=====|===] 0:00:05 

===|====|====] 0:00:05 

[====|====|====|===[====|===|====|====|===|======|==|=====|====|====|===|=====|====|===] 0:00:05 

===|====|====] 0:00:05 

[====|====|====|=[====|=======||========||========||========||========||========||========] 0:00:05 

|====|====] 0:00:05 

[====|====|====[====|=|======|==|=======||=======|==|======|==|=======||========||=======|==] 0:00:05 

===|====] 0:00:05 

[====|====|====|[====|========|=|======|==|=======||========||========||========||=======|=] 0:00:05 

====|====] 0:00:05 

[====|====|====[====||========||=======|=|======|====|====|====|====|======||=======|=] 0:00:05 

====|====|====] 0:00:05 

[====|====|====|=[====|======|==|=====|=====|==|=======||========||========||========] 0:00:05 

|====|====|====] 0:00:05 

[====|====|====|====|[====|========||========||========||========||========||=======] 0:00:05 

=|====|====|====] 0:00:05 

[====|====|==[=====|===|====|====|===|=====|====|=====|==|=======||=======|==|=======||=======] 0:00:05 

=|====] 0:00:05 

[====|====|=[====|======|==|=====|====|====|=====|==|======|=|========||=======|==|======|=] 0:00:05 

====|====] 0:00:05 

[====|====|====|[====|========||=======|==|======|==|=======||========||========||=======] 0:00:05 

=|====|====] 0:00:05 

truth products 12001–13000 done in 5.828509 mins 
[====|=[====|=======||========||=======|===|===|=======||=======|=|========||========||========] 0:00:05 

|====] 0:00:05 

[====|====|[====|========||========||=======|==|=======||========||=======|==|======|==|=======] 0:00:05 

|====] 0:00:05 

[====|===[====|===|====|====|====|====|====|====|=====|==|=======||=======|==|======|==|======|=] 0:00:05 

====] 0:00:05 

[====|====[====||=======|==|=======||========||========||========|=|======|==|======|==|=====] 0:00:05 

==|====] 0:00:05 

[====|====|[====|========||========|=|======|==|=======||========||========||========||=======] 0:00:05 

=|====] 0:00:05 

[====|====|[=====|======|=|========||========||========||========||=======|==|=======||=======] 0:00:05 

=|====] 0:00:05 

[====|====|=[====|======|=|========|=|======|===|=====|==|=====|====|===|=====|====|====|===] 0:00:05 

===|====] 0:00:05 

[====|====|==[====|====|====|=====|==|======|==|=======||========||========||========||=======] 0:00:05 

=|====] 0:00:05 

[====|====[====|=|======|==|======|==|======|==|=====|===|=====|====|=====|==|=======||=======] 0:00:05 

=|====] 0:00:05 

[====|====|[====|========||========||=======|==|=====|====|=====|==|=======||========||=======|=] 0:00:05 

====] 0:00:05 

[====|===[====|===|====|====|====|====|===|======|===|====|====|====|====|====|====|====|====|===] 0:00:05 

===] 0:00:05 

[====|====|[=====|=====|=====|==|======|==|======|==|======|==|=======||========||=======|=] 0:00:05 

====|====] 0:00:05 

[====|====|====[====|=|======|==|=====|===|======|==|=====|=====|==|======|===|=====|==|=====] 0:00:05 

==|====] 0:00:05 

[====|====|[====|=======|=|========||========||========||========||========||========||=======] 0:00:05 

=|====] 0:00:05 

[====|====|[====|========|=|=====|====|=====|==|=======||========|=|=======||========||========] 0:00:05 

|====] 0:00:05 

[====|====|[====|=======|===|====|=====|==|======|==|=====|===|======|===|=====|==|=======] 0:00:05 

|====|====] 0:00:05 

[====|====|===[====|===|====|====|===|======|==|=====|=====|==|======|===|=====|=|=======|=] 0:00:05 

====|====] 0:00:05 

[====|====|==[====|=====|===|====|====|===|======|==|======|==|=======||=======|==|=====] 0:00:05 

==|====|====] 0:00:05 

[====|====|===[====|==|=======||========||=======|==|======|==|======|==|======|==|=====|===] 0:00:05 

===|====] 0:00:05 

[====|====|====[====|=|=====|====|====|=====|==|======|==|======|==|=====|====|====|====|====] 0:00:05 

==|====] 0:00:05 

[====|====|=[====|=====|====|=====|==|=====|====|====|=====|===|===|=====|===|======|==|=====] 0:00:05 

==|====] 0:00:05 

[====|====|[====|========||========||========||========||========||=======|===|====|===|=====] 0:00:05 

==|====] 0:00:05 

[====|====|[=====|======|==|=====|====|====|====|====|====|====|====|====|====|=====|==|=====] 0:00:05 

==|====] 0:00:05 

[====|====[====|=|=====|====|====|=====|==|======|==|======|==|======|==|======|==|=======||=======] 0:00:05 

=] 0:00:05 

[====|==[====|=====|==|======|==|=====|====|====|====|====|====|====|=====|==|======|==|======|=] 0:00:05 

====] 0:00:05 

truth products 13001–14000 done in 6.837221 mins 
[====|[====|========||========||========||========||=======|==|======|===|=====|==|=====|====|===] 0:00:05 

===] 0:00:05 

[====|==[====|======||========||========||=======|==|=======||========||========||=======|=|=======] 0:00:05 

=] 0:00:05 

[====|[=====|======|==|=====|====|=====|==|======|=|========||=======|==|=====|=====|==|======|=] 0:00:05 

====] 0:00:05 

[====|==[=====|==|======|==|======|==|=======||========||========||=======|==|=====|====|====] 0:00:05 

==|====] 0:00:05 

[====|====|====[====||========|=|======|===|=====|==|=====|====|====|====|====|====|====|====] 0:00:05 

==|====] 0:00:05 

[====|===[====|==|=======||========||========||=======|==|=======||========||=======|==|====] 0:00:05 

===|====] 0:00:05 

[====|====|[====|========||========||========||========||=======|==|======|==|=======||=======] 0:00:05 

=|====] 0:00:05 

[====|====|==[====|=====|==|======|===|=====|===|=====|==|======|=|=======|==|======|==|=====] 0:00:05 

==|====] 0:00:05 

[====|====|==[====|=====|==|=======||========||=======|==|======|==|======|==|=======||=======] 0:00:05 

=|====] 0:00:05 

[====|====|====[====|=|=====|====|=====|==|======|===|=====|==|======|==|=====|====|===|======] 0:00:05 

=|====] 0:00:05 

[====|===[====|==|======|==|=======|=|=======||========||========||========||========||=======] 0:00:05 

=|====] 0:00:05 

[====|====[====|=|======|==|=======||========||========||========||======|====|====|===|=======] 0:00:05 

|====] 0:00:05 

[====|===[====|===|====|===|======|===|====|====|===|======|==|======|==|=======||========||=======] 0:00:05 

=] 0:00:05 

[====|=[====|======|==|======|==|=======||========||=======|==|======|===|====|=====|=|========] 0:00:05 

|====] 0:00:05 

[====|==[=====|==|======|==|=====|=====|===|=====|===|====|====|=====|==|====|======|===|====|===] 0:00:05 

===] 0:00:05 

[====|=[=====|====|====|====|====|====|====|====|====|===|=====|====|===|======|=|========||======] 0:00:05 

==] 0:00:05 

[====|==[====|======||=======|===|====|====|====|====|====|====|====|===|======|==|======|===|====] 0:00:05 

==] 0:00:05 

[====|==[====|===|======|===|====|===|======|==|=======||========|=|======|===|====|====|====|===] 0:00:05 

===] 0:00:05 

[====|===[====|===|====|===|======|==|======|===|====|=====|==|======|==|=====|=====|==|=======] 0:00:05 

|====] 0:00:05 

[====|==[=====|==|======|==|=====|====|===|======|==|=======||========||=======|==|=======||=======] 0:00:05 

=] 0:00:05 

[====|=[====|=======||========|=|======|=|========||========||========||========||========||=======] 0:00:05 

=] 0:00:05 

[====|=[====|=======||========||========||======|====|===|======|==|======|==|=======||========] 0:00:05 

|====] 0:00:05 

[====|====|=[====|=======||========||========||=======|==|======|=|========||========||=======] 0:00:05 

=|====] 0:00:05 

[====|==[====|====|====|=====|==|=======||========||========|=|======|===|====|===|======|==|=====] 0:00:04 

==] 0:00:05 

[====|==[====|=====|==|======|==|======|==|=======||========||========||=======|==|======|===|===] 0:00:05 

===] 0:00:05 

truth products 14001–15000 done in 7.310884 mins 
[====|[=====|======|==|======|===|====|=====|=|========||========||========|=|=====|===|=====] 0:00:05 

==|====] 0:00:05 

[====|====[====||========||=======|==|=======||========||=======|==|=======||========||========] 0:00:05 

|====] 0:00:05 

[====|====|[====|========||========||========||========||========||========||========||=======] 0:00:05 

=|====] 0:00:05 

[====|====|[====|========||=======|==|=====|====|====|===|======|==|=====|=====|=|========||=======] 0:00:05 

=] 0:00:05 

[====|====[====|=|=======||========||=======|==|=======|=|=======||========||========|=|====] 0:00:05 

===|====] 0:00:05 

[====|====|====|[====|========||========|=|=====|=====|==|======|===|=====|==|=======] 0:00:04 

|====|====|====] 0:00:05 

[====|====|====|====[====||=======|==|=======||========||========||========||========] 0:00:05 

|====|====|====] 0:00:05 

[====|====|====|====|[====|========||========||========||========||========||========] 0:00:05 

|====|====|====] 0:00:05 

[====|====|====|==[====|====|====|====|===|=======||========||========||========||=======] 0:00:05 

=|====|====] 0:00:05 

[====|====|====|====|===[====|==|======|==|======|==|=====|====|====|=====|==|====] 0:00:05 

===|====|====|====] 0:00:05 

[====|====|====[====||=======|==|======|===|====|===|======|==|======|===|=====|==|=======] 0:00:05 

|====|====] 0:00:05 

[====|====|===[====|===|====|===|======|===|====|====|===|=======||========||=======|=|=======] 0:00:05 

=|====] 0:00:05 

[====|====|===[====|=|========||========||========||========||========||========||=======|=] 0:00:05 

====|====] 0:00:05 

[====|====|====|===[====|==|=====|=====|==|=======||========||=======|==|======|==|======|=] 0:00:05 

====|====] 0:00:05 

[====|====|=[====|=====|====|====|=====|==|======|==|======|=|========||========||========] 0:00:05 

|====|====] 0:00:05 

[====|====|====[====||========||========||=======|==|======|===|====|====|====|====|===|======] 0:00:05 

=|====] 0:00:05 

[====|====[====|=|======|==|=======||=======|==|======|==|======|=|========||========||=======] 0:00:05 

=|====] 0:00:05 

[====|====|[====|========||========||========||========||======|====|====|====|====|====|====|====] 0:00:05 

==] 0:00:05 

[====|===[====|==|=======||========||========||========||========||========||========||=======] 0:00:05 

=|====] 0:00:05 

[====|====|===[====|===|====|====|====|====|===|=======|=|======|==|======|==|=======||=======] 0:00:05 

=|====] 0:00:05 

[====|===[====|===|=====|==|=======||========||========||========||========||========||=======] 0:00:05 

=|====] 0:00:05 

[====|=[====|=====|=====|==|======|==|======|==|======|==|======|===|====|======||========||=======] 0:00:05 

=] 0:00:05 

[====|[====|========|=|=====|====|====|====|===|======|=|========||========||========||========] 0:00:05 

|====] 0:00:05 

[====|====|=[====|=======|=|=======|=|======|===|====|====|====|=====|==|=======||=======|=] 0:00:05 

====|====] 0:00:05 

[====|====|===[====|====|===|===|=======||========||========||========|=|=====|===|=======] 0:00:05 

|====|====] 0:00:05 

truth products 15001–16000 done in 5.852583 mins 
[====|[====|========||========||========||========||=======|==|=======||========|=|======|==|=====] 0:00:05 

==] 0:00:05 

[====|====[====||========||=======|===|====|=====|=|========|==|====|===|======|==|=======||======] 0:00:05 

==] 0:00:05 

[====|=[=====|====|====|===|======|==|======|==|======|=|=======|==|=====|====|===|======|==|=======] 0:00:05 

] 0:00:05 

[====|=[====|=======||========||=======|==|======|===|===|======|==|=======||=======|==|=====] 0:00:05 

==|====] 0:00:05 

[====|====|[====|========||=======|===|====|===|=====|===|=======||========||=======|==|=====|===] 0:00:05 

===] 0:00:05 

[====|====[====||========||========||========||========||========||========||=======|==|======|=] 0:00:05 

====] 0:00:05 

[====|[====|=======|==|=======||========||========||=======|===|=====|=|========||========||=======] 0:00:05 

=] 0:00:05 

[====|[====|=======|==|======|==|=======||========||========|=|======|===|====|=====|==|======|=] 0:00:04 

====] 0:00:05 

[====|====[====|=|=======||========||========||========||========|=|=====|====|===|=======] 0:00:05 

|====|====] 0:00:05 

[====|====|==[====|====|====|====|=====|==|======|=|========||=======|==|=====|=====|=] 0:00:05 

====|====|====] 0:00:05 

[====|====|====|====|====|=[====|======|==|=======|=|======|===|====|====|==] 0:00:05 

====|====|====|====|====] 0:00:05 

[====|====|====|====|====[====|=|======|==|=====|====|====|===|======|==|=====|====] 0:00:05 

==|====|====|====] 0:00:05 

[====|====|====|====|=[====|=======||========||========||========||========||=======] 0:00:05 

=|====|====|====] 0:00:05 

[====|====|====|===[====|=|========|=|=====|====|=====|==|=======||========||=======] 0:00:05 

=|====|====|====] 0:00:05 

[====|====|====|====|==[====|====|===|=====|=====|==|======|==|=======||========] 0:00:05 

|====|====|====|====] 0:00:05 

[====|====|====|====|=[====|======|==|=====|====|===|======|==|=====|=====|==|=====] 0:00:05 

==|====|====|====] 0:00:05 

[====|====|====|====|[====|=======|=|========||========||========||========||=======] 0:00:05 

=|====|====|====] 0:00:05 

[====|====|====|====[====||=======|==|======|===|====|====|===|======|==|======|==|=====] 0:00:05 

==|====|====] 0:00:05 

[====|====|====|=[====|======|==|=======||======|====|=====|==|=====|===|=======||=======] 0:00:05 

=|====|====] 0:00:05 

[====|====|====[====||=======|===|====|====|====|====|====|===|======|==|=====|=====|=] 0:00:05 

====|====|====] 0:00:05 

[====|====|====|====|=[====|======|===|====|====|====|====|====|====|======||========] 0:00:05 

|====|====|====] 0:00:05 

[====|====|====|===[====|==|=======||========||=======|==|======|===|====|===|=======] 0:00:05 

|====|====|====] 0:00:05 

[====|====|====|====|=[====|=======||========||=======|==|=======||========||======] 0:00:05 

==|====|====|====] 0:00:05 

[====|====|====|====[====||========||=======|==|======|==|=====|====|====|====|===] 0:00:05 

===|====|====|====] 0:00:05 

[====|====|====|====|[====|========||========||========||=======|===|====|====|===] 0:00:05 

===|====|====|====] 0:00:05 

truth products 16001–17000 done in 6.346989 mins 
[====|[====|========||========||========||========||=======|==|======|==|=====|====|====|=====|=] 0:00:05 

====] 0:00:05 

[====[====|=|======|===|====|====|===|=======||=======|==|=======||=======|===|====|====|===] 0:00:05 

===|====] 0:00:05 

[====|====|====[====||========||========||========||========||=======|==|======|==|=====] 0:00:05 

==|====|====] 0:00:05 

[====|====|====|===[====|===|====|=====|=|=======|=|========||=======|==|======|==|=======] 0:00:05 

|====|====] 0:00:05 

[====|====|===[====|==|=====|====|====|====|====|====|===|======|=|=======|==|======|==|====] 0:00:05 

===|====] 0:00:05 

[====|====|=[====|=======||========||=======|==|======|==|======|=|========||========||=======] 0:00:05 

=|====] 0:00:05 

[====|===[====|==|=======||=======|==|======|=|========||=======|==|======|===|=====|==|=====] 0:00:05 

==|====] 0:00:05 

[====|====|==[=====|===|===|=====|====|=====|==|=====|====|====|====|====|====|=====|==|=====] 0:00:05 

==|====] 0:00:05 

[====|===[====|====|==|======|===|===|======|==|======|==|=====|===|=======||========|=|======|=] 0:00:04 

====] 0:00:05 

[====|====|[====|========||=======|==|=====|====|=====|==|======|==|======|==|=======|=|======|=] 0:00:05 

====] 0:00:05 

[====|===[====|===|====|=====|=|========||========||=======|==|=======||=======|=|========||======] 0:00:05 

==] 0:00:05 

[====|==[====|=====|===|====|====|====|===|======|==|======|=|========||========||========|=|======] 0:00:05 

=] 0:00:05 

[====|====[====|=|======|=|=======|==|=======||=======|==|=====|=====|==|======|==|=======||=======] 0:00:05 

=] 0:00:05 

[====|====[====|=|=======||========||========||========||========||=======|==|=======||========] 0:00:05 

|====] 0:00:05 

[====|====[====||=======|==|======|==|======|==|=======||=======|==|======|==|======|===|===] 0:00:05 

===|====] 0:00:05 

[====|====|===[====|===|====|====|====|====|===|=======||========||========||=======|==|=====] 0:00:05 

==|====] 0:00:05 

[====|====|====[====||========||========|=|======|===|===|=======|==|===|======|=|=======] 0:00:05 

=|====|====] 0:00:05 

[====|====|====|[====|=======|==|======|=====|=|======|==|=======||=======|=|========] 0:00:05 

|====|====|====] 0:00:05 

[====|====|====|====[====|=|=====|=====|===|====|====|====|====|=====|==|======|==|=====] 0:00:05 

==|====|====] 0:00:05 

[====|====|====|[=====|======|==|======|===|====|=====|==|=====|===|======|==|======|=] 0:00:05 

====|====|====] 0:00:05 

[====|====|====[====||========||========||========||=======|===|====|====|===|======|=] 0:00:05 

====|====|====] 0:00:05 

[====|====|====|[====|========||========||=======|==|======|==|=====|=====|=|=======] 0:00:05 

=|====|====|====] 0:00:05 

[====|====|====|===[=====||========||========||=======|==|======|==|=====|====|=====|=] 0:00:05 

====|====|====] 0:00:05 

[====|====|====|==[====|======|=|======|==|=======||========||=======|==|======|=|======] 0:00:05 

==|====|====] 0:00:05 

[====|====|====|==[====|======||========||========||========||========||========||=======] 0:00:05 

=|====|====] 0:00:05 

truth products 17001–18000 done in 6.072447 mins 
[====|=[=====|=====|==|=======|=|======|=|========||=======|==|=====|=====|==|======|===|====|==] 0:00:05 

====] 0:00:05 

[====|====|=[=====|=====|==|======|===|=====|==|=====|=====|==|======|====|==|=======|=|======|===] 0:00:05 

==] 0:00:05 

[====|==[====|===|=======|=|=======||========||=======|==|=======||========||=======|==|=====] 0:00:05 

==|====] 0:00:05 

[====|====[====||=======|==|======|=|========||========||=======|===|====|===|=======||======] 0:00:05 

==|====] 0:00:05 

[====|====[====||======|====|====|====|======|=|=====|======||=======|==|=======||========|=|=====] 0:00:05 

==] 0:00:05 

[====|=[====|======|===|====|====|=====|===|====|===|=======||========||======|====|====|====|===] 0:00:05 

===] 0:00:05 

[====|[====|========||========||=======|==|======|==|======|==|=====|=====|===|====|=====|=|=======] 0:00:05 

=] 0:00:05 

[====|===[=====||========||========||=======|===|======|=|======|==|=====|=====|=|========|=|====] 0:00:05 

===] 0:00:05 

[====|==[====|=====|===|====|====|===|======|==|======|===|====|===|=======||========||=======] 0:00:05 

=|====] 0:00:05 

[====|====|=[====|=====|====|====|===|======|==|======|===|=====|==|======|=|========||========] 0:00:05 

|====] 0:00:05 

[====|====[====||======|====|=====|===|===|=======||========||========||========||========||=======] 0:00:05 

=] 0:00:05 

[====[====|=|=======|=|=====|===|=====|===|=======|=|======|=|======|====|====|===|=======||=======] 0:00:05 

=] 0:00:05 

[====|==[====|======||========||=======|=|========||======|===|=======||========||=======|==|======] 0:00:05 

=] 0:00:05 

[====|==[====|====|====|=====|===|====|====|=====|==|======|==|=====|====|====|===|=====|====|=====] 0:00:05 

=] 0:00:05 

[====|[====|=======|=|=======|=|=======|==|======|==|=====|=====|===|===|=====|=====|==|=====|===] 0:00:05 

===] 0:00:05 

[====|====|[=====|=======||=======|==|=======||=======|===|===|======|==|======|====|==|======] 0:00:05 

=|====] 0:00:05 

[====|====|[====|========||========||=======|==|=====|=====|===|===|=====|===|======|==|=====|===] 0:00:05 

===] 0:00:05 

[====|[====|========||========||========||========||========||=======|==|=======||=======|==|====] 0:00:05 

===] 0:00:05 

[====|==[====|======||========||========||========||========||========||========||=======|===|===] 0:00:05 

===] 0:00:05 

[====|[====|========||========||=======|===|===|======|=|=======|=|=======|==|=======||=======] 0:00:05 

=|====] 0:00:05 

[====|====|====[====|=|=======||=======|==|======|===|=====|==|=======||=======|==|=====] 0:00:05 

==|====|====] 0:00:05 

[====|====|====[====||=======|==|=======||========||=======|==|======|==|======|==|=======] 0:00:04 

|====|====] 0:00:05 

[====|====|===[====|====|==|======|===|====|====|===|====|=====|======||=======|==|======|=] 0:00:05 

====|====] 0:00:05 

[====|====|====|=[=====|=====|==|=====|=====|===|===|======|==|=====|=====|==|====|=======] 0:00:05 

|====|====] 0:00:05 

[====|====|==[=====|==|======|==|=======||=======|=|========|=|======|==|======|==|======|=] 0:00:05 

====|====] 0:00:05 

truth products 18001–19000 done in 5.100482 mins 
[====|==[====|======|=|======|==|=====|====|====|=====|===|===|======|===|====|=====|===|====|===] 0:00:05 

===] 0:00:05 

[====|==[====|====|===|======|==|=====|====|=====|==|======|==|=======||=======|==|=====|=====|=] 0:00:05 

====] 0:00:05 

[====|====|===[=====||=======|=|======|===|======|==|=====|====|===|=======||======] 0:00:05 

==|====|====|====] 0:00:05 

[====|====|====|====|===[====|===|====|===|=====|====|=====|==|======|==|======|=] 0:00:05 

====|====|====|====] 0:00:05 

[====|====|====|====|=[=====|=====|===|====|====|===|=======|=|======|===|===] 0:00:05 

===|====|====|====|====] 0:00:05 

[====|====|====|====|====|==[====|====|====|=====|===|====|=====|==|=======] 0:00:05 

|====|====|====|====|====] 0:00:05 

[====|====|====|====|====|====|====|[====|=======|==|=======|=|=====|====] 0:00:05 

==|====|====|====|====|====] 0:00:05 

[====|====|====|====|====|====[====||========||======|====|====|====|======] 0:00:05 

|====|====|====|====|====] 0:00:05 

[====|====|====|====|====|====|==[====|====|======||=======|==|=====|===] 0:00:05 

===|====|====|====|====|====] 0:00:05 

[====|====|====|====|====|====|====|=[====|=====|=====|==|======|=] 0:00:05 

====|====|====|====|====|====|[====|========] 0:00:05 

|====|====|====|====|====|====[====||========|=|======|=] 0:00:05 

====|====|====|====|====|====|=[====|=====] 0:00:05 

==|====|====|====|====|====|===[=====|=|======|==|======|=] 0:00:05 

====|====|====|====|====|====[====|=|=======] 0:00:05 

|====|====|====|====|====|===[====|==|======|==|=====|===] 0:00:05 

===|====|====|====|====|====|====] 0:00:05 

[====|====|====|====|====|====|====|[====|========||=======|==|=====] 0:00:05 

==|====|====|====|====|====|==[====|====] 0:00:05 

==|====|====|====|====|====|===[====|==|=====|=====|==|=====] 0:00:05 

==|====|====|====|====|====|====] 0:00:05 

[====|====|====|====|====|====|===[====|==|=======||=======|==|======] 0:00:05 

=|====|====|====|====|====|===[====|==] 0:00:05 

===|====|====|====|====|====|=[====|====|=====|=====|==|=====] 0:00:05 

==|====|====|====|====|====|[====|=======] 0:00:05 

=|====|====|====|====|====|====|=[=====|====|====|===] 0:00:05 

===|====|====|====|====|====|==[====|=====|==|=====] 0:00:05 

==|====|====|====|====|====[====||=======|===|=====|=] 0:00:05 

====|====|====|====|====|===[====|===|====|===] 0:00:05 

===|====|====|====|====|====[====||========||======] 0:00:05 

==|====|====|====|====|====|=[====|======|==|====] 0:00:05 

===|====|====|====|====|====|===[====|==|=======] 0:00:05 

|====|====|====|====|====|====|==[====|======||======] 0:00:05 

==|====|====|====|====|====[====|=|======|==|=====|===] 0:00:05 

===|====|====|====|====|====[====||======|==] 0:00:05 

====|====|====|====|====|====|[====|========||=======|=] 0:00:05 

====|====|====|====|====|====|====] 0:00:05 

[====|====|====|====|====|====|====|[=====|=====|====|=====|==|=====] 0:00:05 

==|====|====|====|====|====|====] 0:00:05 

[====|====|====|====|====|====|==[====|====|====|=====|==|=====|===|====] 0:00:05 

===|====|====|====|====|====] 0:00:05 

truth products 19001–20000 done in 5.157566 mins 
