- The project is out-of-sync -- use `renv::status()` for details.
k2016: 경계 시나리오 8개 + S00, 시험 1–10000, cores 2, 출력 /home/user/dupilumab-sim/results/oc
run log: /home/user/dupilumab-sim/logs/oc_rejudge_k2016_20260925T004955.log
trials 1-500 (9 scenarios, 8 endpoints) done in 4.328156 mins; stored-row check passed 
trials 501-1000 (9 scenarios, 8 endpoints) done in 4.370151 mins; stored-row check passed 
trials 1001-1500 (9 scenarios, 8 endpoints) done in 4.28945 mins; stored-row check passed 
trials 1501-2000 (9 scenarios, 8 endpoints) done in 4.311595 mins; stored-row check passed 
trials 2001-2500 (9 scenarios, 8 endpoints) done in 4.898829 mins; stored-row check passed 
trials 2501-3000 (9 scenarios, 8 endpoints) done in 5.566984 mins; stored-row check passed 
trials 3001-3500 (9 scenarios, 8 endpoints) done in 5.095419 mins; stored-row check passed 
trials 3501-4000 (9 scenarios, 8 endpoints) done in 4.700374 mins; stored-row check passed 
trials 4001-4500 (9 scenarios, 8 endpoints) done in 4.161659 mins; stored-row check passed 
trials 4501-5000 (9 scenarios, 8 endpoints) done in 4.32994 mins; stored-row check passed 
trials 5001-5500 (9 scenarios, 8 endpoints) done in 4.307595 mins; stored-row check passed 
trials 5501-6000 (9 scenarios, 8 endpoints) done in 4.463995 mins; stored-row check passed 
trials 6001-6500 (9 scenarios, 8 endpoints) done in 4.515383 mins; stored-row check passed 
trials 6501-7000 (9 scenarios, 8 endpoints) done in 4.361587 mins; stored-row check passed 
trials 7001-7500 (9 scenarios, 8 endpoints) done in 4.555 mins; stored-row check passed 
trials 7501-8000 (9 scenarios, 8 endpoints) done in 4.354066 mins; stored-row check passed 
trials 8001-8500 (9 scenarios, 8 endpoints) done in 4.622108 mins; stored-row check passed 
trials 8501-9000 (9 scenarios, 8 endpoints) done in 4.75658 mins; stored-row check passed 
trials 9001-9500 (9 scenarios, 8 endpoints) done in 4.366727 mins; stored-row check passed 
trials 9501-10000 (9 scenarios, 8 endpoints) done in 5.599977 mins; stored-row check passed 
done: 540000 stored rows matched (6 original endpoints), output /home/user/dupilumab-sim/results/oc/oc_rejudge_be_k2016.csv.gz 
