run log: /home/user/dupilumab-sim/logs/oc_random_k2020_truth_20260924T185844.log
[=[=======||========||========||=======|==|======|===|====|=====|===|===|======|==|======|===|===] 0:00:10 

===] 0:00:11 

[====|[========||========||=======|=|=======|==|=====|====|=====|==|======|===|====|=====|=] 0:00:10 

====|====] 0:00:10 

[====|====[==|====|=====|===|=====|==|======|=|========||========||========||========||========] 0:00:11 

|====] 0:00:10 

[====|=[=======||========||========||========|=|======|==|======|===|====|====|====|====|===] 0:00:10 

===|====] 0:00:11 

[====|====|==[======||========||========||========||========||========||========||========] 0:00:10 

|====|====] 0:00:11 

[====|====|====[==|====|=====|==|======|==|====|======|==|=======||========||=======] 0:00:10 

=|====|====|====] 0:00:10 

[====|====|====|====[===|==|=======||=======|===|====|====|====|=====|==|======|=] 0:00:10 

====|====|====|==[====] 0:00:10 

==|====|====|===[====|==|======|==|=======||========||=======|=|=======|==|======] 0:00:10 

=|====|====|====] 0:00:10 

[====|====|====|====|[======|====|====|====|====|====|===|======|==|======|==|====] 0:00:10 

===|====|====|==[====] 0:00:10 

==|====|====|====[=|=====|====|====|=====|==|======|===|====|====|====|=====|==] 0:00:11 

===|====|====|====] 0:00:10 

[====|====|====|====|===[====|==|======|==|=====|===|======|==|======|===|===] 0:00:10 

===|====|====|==[======||=======] 0:00:11 

=|====|====|====|[=======|==|======|==|=====|====|====|====|===|======] 0:00:11 

=|====|====|====|=[=======] 0:00:10 

|====|====|====|=[=======||========||======|====|=====|=|========||=======] 0:00:10 

=|====|====|====|[========] 0:00:10 

|====|====|====[===|==|======|==|======|==|=======||========||========|=|======|=] 0:00:11 

====|====|====] 0:00:10 

[====|====|====|[=======|==|=====|====|====|====|=====|===|====|=====|=|========||=======] 0:00:10 

=|====|====] 0:00:10 

[====|====|====[=|=====|====|====|====|====|=====|===|====|====|====|=====|==|======|=] 0:00:10 

====|====|====] 0:00:10 

[====|====|====|==[======||========||========||========||=======|===|====|====|===|=====] 0:00:11 

==|====|====] 0:00:11 

[====|====|===[====|==|======|==|=======||========||========||========|=|=======||========] 0:00:10 

|====|====] 0:00:10 

[====|====[=|======|==|=======||========||========||========||========||========||=======|=] 0:00:11 

====|====] 0:00:11 

[====|====|[======|====|=====|===|======||========||========|=|=====|====|====|====|===] 0:00:10 

===|====|====] 0:00:10 

[====|====|====|[=======|==|======|=|========||=======|==|=======||========||=======] 0:00:10 

=|====|====|====] 0:00:10 

[====|====|====|===[====|==|=====|====|====|====|=====|==|=====|===|======|==|=====] 0:00:10 

==|====|====|====] 0:00:10 

[====|====|====|==[======||=======|==|======|==|=====|====|=====|==|======|===|===] 0:00:10 

===|====|====|====] 0:00:10 

[====|====|====|====[==|====|====|=====|==|======|==|=======||========||=======] 0:00:10 

=|====|====|====[==|===|=====] 0:00:10 

==|====|====|==[======||========||========||========|=|======|===|====|===] 0:00:10 

===|====|====|====] 0:00:11 

truth products 1–1000 done in 8.973059 mins 
[==[======||========||=======|==|======|===|====|===|=====|====|====|====|====|===|=====|====|====] 0:00:10 

==] 0:00:10 

[==[======||========||========||========||========||========||=======|==|======|==|======|==|====] 0:00:10 

===] 0:00:10 

[==[=====|===|=====|==|======|=|========||=======|==|======|==|======|==|======|===|===|=======] 0:00:10 

|====] 0:00:10 

[====|=[=======|=|======|==|=======||========||=======|=|=======|==|======|===|====|====|====|====] 0:00:10 

==] 0:00:10 

[===[====|==|======|==|======|=|======|====|====|====|===|======|==|=====|====|===|=====|===|=====] 0:00:11 

==] 0:00:10 

[===[====|==|=======||========|=|======|=|=======|==|=====|====|====|====|====|====|===|=====|==] 0:00:10 

====] 0:00:10 

[===[====|==|======|==|======|==|=====|====|====|====|===|======|==|======|==|=====|====|====|==] 0:00:10 

====] 0:00:10 

[====|[======|====|=====|==|======|===|=====|===|=====|==|======|==|=======||=======|===|====|==] 0:00:10 

====] 0:00:10 

[====[=|======|==|======|=|========||========||=======|==|=======|=|======|==|======|==|=====] 0:00:10 

==|====] 0:00:10 

[====|[=======|=|========||========||========||========||========||========||=======|==|======] 0:00:11 

=|====] 0:00:10 

[====|[========|=|======|==|======|==|=======||========||========||========|=|======|==|=====] 0:00:10 

==|====] 0:00:11 

[====|=[======|=|=======|==|======|==|======|==|======|===|====|====|=====|==|=====|===|======|==] 0:00:10 

===] 0:00:10 

[==[======||========||========|=|======|==|=======||======|====|=====|==|=====|====|====|=====|=] 0:00:10 

====] 0:00:10 

[====|[========||========||========||========||========|=|=======||========||========||=======] 0:00:10 

=|====] 0:00:10 

[====|[=======|==|======|==|======|==|=======||========||========||========||=======|=|=======] 0:00:10 

=|====] 0:00:11 

[====|==[======||=======|==|======|==|=======||========||=======|===|=====|===|====|====|===] 0:00:10 

===|====] 0:00:10 

[====|====[=|======|==|======|==|======|==|======|===|====|====|====|====|====|====|====|===] 0:00:10 

===|====] 0:00:10 

[====|==[=====|===|=====|==|=======||========||========||=======|==|======|==|=======||========] 0:00:10 

|====] 0:00:10 

[====[=|=====|====|=====|==|=====|====|===|=====|===|======|=|=======|===|=====|==|======|=|=======] 0:00:10 

=] 0:00:10 

[====[==|====|=====|==|======|===|=====|==|======|===|===|======|==|======|==|======|==|======|=] 0:00:10 

====] 0:00:10 

[====|=[======|==|=====|====|====|=====|=|========||========||========||=======|==|======] 0:00:10 

=|====|====] 0:00:10 

[====|====|[=======|==|=====|===|======|==|======|==|======|==|======|==|======|=|=======|=] 0:00:10 

====|====] 0:00:10 

[====|====|=[=======||=======|==|======|=|========||========||========||========||========] 0:00:10 

|====|====] 0:00:11 

[====|====|[========||========||========||=======|==|=====|====|====|====|=====|==|=====|===] 0:00:10 

===|====] 0:00:10 

[====|====|[======|====|=====|==|=======||=======|==|======|===|====|===|======|==|=====] 0:00:10 

==|====|====] 0:00:10 

truth products 1001–2000 done in 8.783581 mins 
[==[=====|=|=======|==|=====|====|====|====|===|======|==|======|==|=====|====|=====|==|======|=] 0:00:10 

====] 0:00:10 

[====[=|=====|====|=====|==|======|===|===|=======||========||========||========||======|====|===] 0:00:10 

===] 0:00:10 

[==[======||========||========||========|=|======|=|========||=======|==|=====|====|=====|==|====] 0:00:10 

===] 0:00:10 

[====[=|======|=|=======|==|=====|=====|==|=====|====|=====|==|======|===|======||========||=======] 0:00:10 

=] 0:00:10 

[==[=====|==|=======||========||========||=======|==|======|==|======|==|======|==|======|==|=====] 0:00:10 

==] 0:00:10 

[===[====|==|=======||========||========||========||========|=|=======||=======|==|=======||=======] 0:00:10 

=] 0:00:10 

[===[====|=|=======|==|=======||========||========||========||========||========||========||=======] 0:00:10 

=] 0:00:10 

[==[======||=======|====|==|=====|===|======|==|======|===|=====|==|======|==|======|==|======|=] 0:00:10 

====] 0:00:11 

[====|=[=======||========||========||========||========||========||========||========||========] 0:00:10 

|====] 0:00:10 

[====|[========||========||========||========||========||========|=|=======||========||=======] 0:00:10 

=|====] 0:00:10 

[====|====|[=======|=|========||========||=======|==|======|==|=====|====|=====|==|=====] 0:00:10 

==|====|====] 0:00:10 

[====|====|===[====|==|======|==|======|==|======|==|======|==|======|==|=====|====|===] 0:00:10 

===|====|====] 0:00:10 

[====|====|====[==|====|=====|===|====|====|====|====|===|======|==|======|=|========] 0:00:10 

|====|====|====] 0:00:10 

[====|====|====|=[=======||========|=|======|==|======|==|======|==|======|==|======] 0:00:10 

=|====|====|====] 0:00:10 

[====|====|====|[========||========||========||========||=======|===|=====|==|=====] 0:00:10 

==|====|====|====] 0:00:10 

[====|====|====[=|======|===|====|====|=====|=|========|=|=======||========||=======] 0:00:10 

=|====|====|====] 0:00:10 

[====|====|====|==[======||========||========|=|======|==|=====|====|====|====|====|====] 0:00:10 

==|====|====] 0:00:10 

[====|====|====[=|=====|====|===|=====|=====|==|======|==|======|==|======|==|=======] 0:00:10 

|====|====|====] 0:00:10 

[====|====|====[=|======|===|=====|==|=======||========||========||========||=======] 0:00:10 

=|====|====|====] 0:00:11 

[====|====|====|[=======|==|======|==|======|==|=======||========||========||========] 0:00:10 

|====|====|====] 0:00:10 

[====|====|====[==|====|=====|==|======|=|========||========||========||========||=======|=] 0:00:10 

====|====] 0:00:10 

[====|====|[========||========||=======|==|=======||========||=======|==|=====|===|=====] 0:00:10 

==|====|====] 0:00:10 

[====|====|=[=======||=======|=|========||========||=======|==|======|==|=======||=======] 0:00:10 

=|====|====] 0:00:10 

[====|====|[=======|==|=======||=======|==|=======||========||=======|==|======|==|=====] 0:00:10 

==|====|====] 0:00:10 

[====|====|===[====|==|======|==|======|==|=======||========||========|=|======|===|====] 0:00:10 

==|====|====] 0:00:10 

truth products 2001–3000 done in 9.053033 mins 
[==[======||========|=|=====|====|=====|==|======|==|=======||========||========||========||=======] 0:00:10 

=] 0:00:10 

[=[=======||=======|==|======|===|=====|==|======|==|=====|====|====|=====|==|======|===|====|====] 0:00:10 

==] 0:00:10 

[===[====|==|=====|===|=====|====|====|====|====|===|======|==|=======||========||=======|==|====] 0:00:10 

===] 0:00:11 

[====[==|====|=====|===|===|=======||========||========||========||=======|==|======|==|=====] 0:00:10 

==|====] 0:00:10 

[====|==[======||========|=|=======||========||========||=======|==|=====|===|======|==|======] 0:00:10 

=|====] 0:00:10 

[====|=[=======||========||========||========||========||========||========||========||========] 0:00:10 

|====] 0:00:10 

[====|==[=====|=|=======|==|=====|====|====|===|=====|====|====|===|======|==|======|==|=====] 0:00:10 

==|====] 0:00:10 

[====|====|[========||========||======|====|===|=====|====|====|===|======|=|=======|=|======] 0:00:10 

==|====] 0:00:10 

[====|====[=|=====|===|======|===|=====|==|=======||=======|==|======|=|========||========] 0:00:10 

|====|====] 0:00:10 

[====|====|[=======|==|=======|=|=======|=|======|==|=======||========||========||=======] 0:00:10 

=|====|====] 0:00:10 

[====|====|==[======|=|=======||========||========||========||========||========||========] 0:00:10 

|====|====] 0:00:10 

[====|===[====|==|======|==|======|==|=====|=====|===|====|====|====|====|====|=====|=|=======] 0:00:10 

=|====] 0:00:10 

[====|=[=======||=======|==|=====|====|===|======|==|=======||========||=======|==|======|==|=====] 0:00:10 

==] 0:00:10 

[====[===|==|======|=|========||========||========|=|======|=|=======|==|======|====|==|======|=] 0:00:10 

====] 0:00:10 

[=[=======|=|=====|====|===|=====|====|====|===|======|==|======|==|=====|===|======|==|=====|===] 0:00:10 

===] 0:00:10 

[====|[=======|==|======|==|======|==|=======|=|======|==|======|==|======|===|===|======|===|====] 0:00:10 

==] 0:00:10 

[===[=====||=======|===|=====|==|=====|====|=====|==|======|===|====|====|=====|==|======|===|===] 0:00:10 

===] 0:00:10 

[===[===|===|======|===|===|=====|====|====|====|===|=====|=====|==|======|==|=====|====|====|===] 0:00:10 

===] 0:00:10 

[===[=====||========||========||========||=======|==|=======||========|=|======|==|=======||=======] 0:00:10 

=] 0:00:10 

[==[======||======|====|====|====|====|====|====|====|====|====|====|====|=====|==|======|==|====] 0:00:10 

===] 0:00:10 

[====|=[=======|=|======|==|=======||========||========||========||========||========||=======] 0:00:10 

=|====] 0:00:10 

[====|===[===|===|======|==|=====|====|===|=====|====|====|====|====|====|===|======|==|=====] 0:00:10 

==|====] 0:00:10 

[====|===[===|====|=====|==|======|==|======|===|====|====|====|====|====|====|====|====|===] 0:00:10 

===|====] 0:00:10 

[====|====[=|=======||=======|==|======|==|======|==|======|==|=======||========||=======] 0:00:11 

=|====|====] 0:00:11 

[====|====|====[==|====|====|====|====|===|=====|====|===|=======||========||======] 0:00:10 

==|====|====|====] 0:00:10 

truth products 3001–4000 done in 8.841319 mins 
[==[=====|==|=====|====|====|===|======|==|======|==|======|===|====|====|====|=====|===|=====|=] 0:00:10 

====] 0:00:11 

[====|[=======|==|=======||========||========||========||========||=======|==|======|==|======|=] 0:00:10 

====] 0:00:10 

[====|[========|=|=======|=|======|==|======|=|=======|==|=====|===|=====|====|=====|==|======|=] 0:00:10 

====] 0:00:10 

[====|[=======|===|===|=======||========||========||========||======|====|======||=======|==|======] 0:00:10 

=] 0:00:10 

[==[======||=======|==|=======||========|=|=====|====|====|=====|=|========|=|=======|=|======|=] 0:00:10 

====] 0:00:10 

[====[==|=====|==|======|==|======|==|=====|====|====|===|=======||=======|==|======|==|=====|===] 0:00:10 

===] 0:00:10 

[====[==|====|====|===|======|==|=======||========||========||========||=======|==|======|==|=====] 0:00:10 

==] 0:00:10 

[===[====|==|=====|===|=======||========||=======|==|======|==|=======||========||=======|=|=======] 0:00:10 

=] 0:00:10 

[=[======|==|=======||========||========||========||========||=======|==|======|===|===|======|=] 0:00:10 

====] 0:00:10 

[====[=|=====|===|=====|=====|===|===|=====|===|=======|=|======|===|====|====|===|=====|=====|=] 0:00:11 

====] 0:00:11 

[====|==[======||========||========||========||========||=======|==|=======||========||=======|=] 0:00:11 

====] 0:00:10 

[====|=[=======|=|=====|====|====|====|====|=====|==|======|==|=====|====|=====|==|======|==|=====] 0:00:10 

==] 0:00:10 

[==[======||========||========|=|======|==|======|==|======|==|======|==|=====|====|====|=====|=] 0:00:10 

====] 0:00:11 

[====|=[=======||========||========||=======|==|======|===|====|====|===|=======||=======|=] 0:00:10 

====|====] 0:00:11 

[====|===[====|==|======|===|====|=====|=|========||========||========||=======|==|====] 0:00:10 

===|====|====] 0:00:11 

[====|====|==[=====|==|======|===|====|=====|=|========||========||========||=======] 0:00:10 

=|====|====|====] 0:00:10 

[====|====|====|=[=======||========||=======|==|======|==|======|==|======|=|=======] 0:00:10 

=|====|====|====] 0:00:11 

[====|====|====|====[==|====|====|=====|==|======|==|======|==|=======||========] 0:00:10 

|====|====|====|=[=======] 0:00:10 

|====|====|====|==[======|=|=======||========||=======|==|=====|===|=====] 0:00:10 

==|====|====|===[====|==|====] 0:00:11 

===|====|====|===[====|==|======|==|======|====|==|=======||========] 0:00:10 

|====|====|====|=[=======||========] 0:00:11 

|====|====|====|==[=====|==|======|==|======|==|======|=|=======] 0:00:10 

=|====|====|====|[======|===|=====|====] 0:00:10 

==|====|====|====[=|=====|====|====|====|===|======|==|=====] 0:00:10 

==|====|====|=[=======||========||=======|=] 0:00:10 

====|====|====|===[===|====|===|=======||========] 0:00:10 

|====|====|====|=[=======||========|=|======|==|=====|===] 0:00:10 

===|====|====|====[=|======|==|=====|===] 0:00:10 

===|====|====|====[=|=======||=======|==|======|==|======|==] 0:00:10 

===|====|====|====|==[=====|==|=====] 0:00:10 

==|====|====|====|====|====|====|====|====] 0:00:10 

truth products 4001–5000 done in 8.890055 mins 
[===[====|===|====|====|====|====|====|===|======|===|====|=====|==|=======||========|=|=======] 0:00:10 

|====] 0:00:10 

[====|[=======|==|=======|=|=======|=|======|==|=======||=======|==|=======||=======|==|======|=] 0:00:10 

====] 0:00:10 

[===[====|====|==|======|=|=======|==|======|==|======|=|=======|===|=====|===|====|====|===] 0:00:10 

===|====] 0:00:11 

[====|[=======|===|====|====|===|======|===|=====|==|======|==|======|==|======|==|======|==|=====] 0:00:11 

==] 0:00:11 

[==[=====|==|======|==|=======||========||========||=======|==|======|=|=======|==|======|==|====] 0:00:10 

===] 0:00:10 

[====[=|=====|====|====|===|=======||========||=======|==|=======||========||========||=======] 0:00:10 

=|====] 0:00:10 

[====|====[=|======|==|=======|=|=======||========||========||========||========||=======] 0:00:10 

=|====|====] 0:00:10 

[====|===[===|====|====|====|===|======|==|=====|====|====|=====|==|======|==|======|===|===] 0:00:10 

===|====] 0:00:10 

[====|===[====|=|========||========||========||========||========||========|=|=======||======] 0:00:10 

==|====] 0:00:11 

[====|====|==[======||========||========||========||========||========||=======|==|=====] 0:00:10 

==|====|====] 0:00:10 

[====|==[=====|=|========||========||========||========||========|=|=======||========||=======] 0:00:10 

=|====] 0:00:10 

[====|===[====|===|=====|==|======|==|======|==|======|==|======|==|======|=|=======|==|======] 0:00:10 

=|====] 0:00:10 

[====|[=======|==|=======||========||========||========||========||========||========||=======] 0:00:10 

=|====] 0:00:10 

[====|[=======|==|=======||========||========||========||========||========|=|======|==|=======] 0:00:10 

|====] 0:00:10 

[====|==[======||========||========||=======|==|======|===|====|====|=====|===|====|===|=====|====] 0:00:10 

==] 0:00:10 

[===[====|==|======|==|=====|====|====|====|=====|==|======|==|=====|====|====|====|====|====|===] 0:00:10 

===] 0:00:10 

[===[===|====|====|====|====|=====|==|======|==|=======|=|=======||========||========||========] 0:00:10 

|====] 0:00:10 

[====|=[======|==|======|==|======|=|=======|===|====|====|===|=====|===|=====|===|======|===|===] 0:00:10 

===] 0:00:10 

[====|[=======|==|=====|===|======|==|=======||=======|==|======|==|======|===|====|=====|=] 0:00:10 

====|====] 0:00:11 

[====|===[====|==|======|==|=======||=======|===|====|====|====|====|====|====|====|====|===] 0:00:10 

===|====] 0:00:10 

[====|===[=====||=======|==|=======||========||=======|===|====|====|=====|===|=====|=|=======|==] 0:00:10 

===] 0:00:10 

[===[====|===|===|=======||=======|=|=======|==|======|===|===|======|==|======|==|======|===|==] 0:00:10 

====] 0:00:10 

[====[=|=====|=====|==|======|==|======|==|=======||========||========||========||========||=======] 0:00:10 

=] 0:00:10 

[====|[=======|===|=====|==|=====|====|===|======|===|====|====|====|====|====|====|====|===|=====] 0:00:10 

==] 0:00:10 

[====|==[======||========||======|====|===|======|=|========||========||========||========||=======] 0:00:10 

=] 0:00:10 

truth products 5001–6000 done in 8.888854 mins 
[==[=====|==|======|==|======|==|=====|====|====|=====|==|=====|====|====|===|=======||========] 0:00:10 

|====] 0:00:11 

[====|[========|=|======|===|====|====|=====|==|=====|=====|===|====|=====|=|========|=|======|=] 0:00:10 

====] 0:00:10 

[====[===|==|======|=|========||========||========||=======|==|======|==|======|==|======|==|=====] 0:00:10 

==] 0:00:10 

[==[=====|==|=======||========||========||========||========||=======|==|=====|====|====|====|==] 0:00:10 

====] 0:00:10 

[====[=|======|===|====|=====|==|======|=|========||========||========||========||=======|==|====] 0:00:10 

===] 0:00:11 

[==[======||========|=|======|==|=====|=====|==|=====|====|===|======|==|======|==|=======||=======] 0:00:10 

=] 0:00:10 

[==[=====|==|======|==|=======||======|===|======|==|======|==|=====|=====|==|======|==|======|=] 0:00:10 

====] 0:00:11 

[====[=|======|==|=====|====|=====|==|=======||========||=======|==|=====|=====|===|====|====] 0:00:11 

==|====] 0:00:10 

[====|====[==|=====|==|======|==|======|==|=======||========||========||========||========] 0:00:10 

|====|====] 0:00:10 

[====|====|===[====|=|========||========||========||========|=|======|==|=======|=|=====] 0:00:10 

==|====|====] 0:00:10 

[====|====|[======|====|===|======|==|=======||=======|==|======|==|======|==|======|==|=====] 0:00:10 

==|====] 0:00:10 

[====|===[====|=|========||========||========||========||========|=|=====|====|====|===|=====] 0:00:10 

==|====] 0:00:10 

[====|==[======||========||========||========||========||=======|==|======|==|=====|=====|==|=====] 0:00:10 

==] 0:00:10 

[==[======||=======|==|======|===|===|=====|====|=====|=|========||========||========||=======|=] 0:00:10 

====] 0:00:10 

[=[=======||=======|==|======|===|====|====|====|===|======|==|======|==|=====|====|====|=====|=] 0:00:10 

====] 0:00:10 

[====[==|=====|==|======|==|======|==|======|==|======|===|====|====|====|====|====|====|====|===] 0:00:10 

===] 0:00:11 

[==[======||========||========||========||========||=======|=|=======|===|=====|===|====|===|=====] 0:00:10 

==] 0:00:10 

[====[==|===|======|=|=======|==|=====|====|=====|==|======|==|======|==|======|==|======|==|=====] 0:00:10 

==] 0:00:10 

[====[=|=====|====|====|====|===|======|==|=======|=|======|==|=======||========||========||=======] 0:00:10 

=] 0:00:10 

[=[=======||========||========||========||========||=======|==|======|==|=====|===|======|==|======] 0:00:10 

=] 0:00:10 

[===[====|==|======|==|======|===|======||========||========||========||========||========||=======] 0:00:10 

=] 0:00:10 

[===[===|====|====|====|=====|==|======|==|======|===|====|====|====|====|====|====|====|====|===] 0:00:10 

===] 0:00:10 

[===[===|====|====|====|===|======|===|====|======||========||========|=|======|===|=====|===|===] 0:00:10 

===] 0:00:10 

[===[====|===|=====|==|=====|====|====|====|=====|=|=======|==|======|==|=======||========||=======] 0:00:10 

=] 0:00:10 

[====|[========|=|======|=|========||========|=|=======||========|=|=======||========||=======|=] 0:00:10 

====] 0:00:11 

truth products 6001–7000 done in 8.844712 mins 
[==[=====|==|======|==|======|==|======|==|======|===|===|======|==|======|==|=======||========] 0:00:10 

|====] 0:00:10 

[====|=[=======||========||========||========||========||========||========||========||=======] 0:00:11 

=|====] 0:00:10 

[====|====|[========||=======|==|=======||=======|==|=====|===|=====|====|====|====|=====|=] 0:00:10 

====|====] 0:00:10 

[====|====[=|======|===|====|====|===|=======|=|======|==|======|===|===|======|==|=====|===] 0:00:10 

===|====] 0:00:10 

[====|====[==|=====|==|=======||========||=======|==|======|==|=====|===|======|=|========] 0:00:10 

|====|====] 0:00:10 

[====|====|=[=======||========||========||========||=======|==|======|==|=====|====|====|====] 0:00:10 

==|====] 0:00:10 

[====|====[==|===|======|==|======|==|======|==|=======||========||========||=======|==|======|=] 0:00:10 

====] 0:00:10 

[====|[=======|===|====|====|====|====|====|====|====|====|====|===|======|==|======|===|=====|==] 0:00:10 

===] 0:00:10 

[====[==|=====|==|======|===|====|====|====|====|====|====|===|=====|====|====|====|====|====|===] 0:00:10 

===] 0:00:10 

[====[=|=====|===|=======||=======|==|======|==|=====|====|===|======|==|======|==|======|=] 0:00:10 

====|====] 0:00:10 

[====|=[======|==|=======||========||========||========||========||=======|==|=====|====|===|=====] 0:00:10 

==] 0:00:10 

[====[=|======|===|====|====|===|=====|=====|==|======|==|======|==|=======||=======|==|======|=] 0:00:10 

====] 0:00:10 

[====|[=======|===|====|====|=====|===|====|====|=====|===|====|===|======|==|======|==|=====|===] 0:00:10 

===] 0:00:10 

[====|=[=======|=|=======||========||========|=|=======||========||========||========||=======] 0:00:10 

=|====] 0:00:10 

[====|=[=======||========||========|=|=======||========||=======|==|=======||========||=======] 0:00:10 

=|====] 0:00:10 

[====|====|[=======|==|=======||=======|==|======|===|=====|==|=====|====|====|====|====|===] 0:00:10 

===|====] 0:00:11 

[====|====[===|==|=====|====|=====|==|======|=|========||========||========||=======|==|======|=] 0:00:10 

====] 0:00:10 

[====|=[=======||========||=======|==|=====|====|====|=====|===|====|=====|==|======|===|======] 0:00:10 

|====] 0:00:10 

[====|[=======|==|======|==|=====|====|====|====|====|====|====|====|====|===|======|=|======|===] 0:00:10 

===] 0:00:11 

[===[===|===|=====|=====|===|====|====|===|======|===|====|====|=====|==|=====|====|===|=====|====] 0:00:10 

==] 0:00:10 

[====|[=======|===|===|======|==|=======||========||========||========||========||========||=======] 0:00:10 

=] 0:00:11 

[==[======|=|======|===|====|===|=======||========||========||========||========||=======|==|=====] 0:00:11 

==] 0:00:10 

[===[====|==|======|==|=====|===|=======||=======|==|======|==|======|=|========||========||======] 0:00:11 

==] 0:00:11 

[=[=======||========||========||========|=|======|==|======|===|=====|===|====|===|======|==|======] 0:00:10 

=] 0:00:10 

[==[======||========||=======|==|=====|====|===|=====|====|====|====|====|====|===|=======||=======] 0:00:10 

=] 0:00:10 

truth products 7001–8000 done in 8.872467 mins 
[=[=======||========||========||========||========||========||========||=======|=|========|=|=====] 0:00:10 

==] 0:00:10 

[====[===|==|======|==|======|==|=====|===|=====|====|===|=====|===|======|===|====|===|=====|===] 0:00:10 

===] 0:00:10 

[====[==|===|=====|====|====|=====|==|=======||=======|==|======|==|=======||========||========] 0:00:10 

|====] 0:00:10 

[====[==|====|====|===|=======||========||========|=|======|==|======|===|====|====|=====|==|====] 0:00:10 

===] 0:00:10 

[====|[======|===|======|==|======|==|=======||========||=======|==|======|==|======|==|=====] 0:00:10 

==|====] 0:00:10 

[====|[========||========||========||=======|===|====|===|======|==|=======||========||======] 0:00:10 

==|====] 0:00:10 

[====|==[======||========||=======|==|======|==|=======|=|======|==|======|===|====|===|=====] 0:00:10 

==|====] 0:00:10 

[====|==[======||=======|==|=======||========||========||========||========||=======|=|======] 0:00:10 

==|====] 0:00:10 

[====|====[=|======|==|=====|===|=====|===|=====|=====|==|======|==|=======||========||=======|=] 0:00:10 

====] 0:00:10 

[====[==|===|=====|====|====|====|====|====|====|====|=====|==|=====|====|===|=====|====|===|=====] 0:00:10 

==] 0:00:10 

[===[====|==|=======||=======|==|======|=|=======|==|======|=|=======|==|=====|====|======||=======] 0:00:10 

=] 0:00:10 

[====|==[=====|==|======|==|======|==|======|==|======|==|======|==|======|==|======|==|=====] 0:00:10 

==|====] 0:00:11 

[====|====|[=======|===|=====|===|====|====|=====|==|=======||========|=|=======||======] 0:00:10 

==|====|====] 0:00:11 

[====|====|=[=======||======|=====|==|======|===|====|====|====|====|=====|===|===|=======] 0:00:10 

|====|====] 0:00:10 

[====|====|===[===|====|====|===|=======|=|======|===|=====|===|=====|==|=====|====|===] 0:00:10 

===|====|====] 0:00:10 

[====|====|====|=[======|==|=======||========||========||========||=======|==|=====] 0:00:10 

==|====|====|====] 0:00:10 

[====|====|====|=[======|==|======|===|====|===|======|==|======|==|=======||========] 0:00:10 

|====|====|====] 0:00:10 

[====|====|====|===[===|====|===|======|==|=====|====|====|====|====|====|====|===] 0:00:10 

===|====|====|===[===] 0:00:10 

==|====|====|===[====|==|======|==|=====|=====|==|======|==|======|==|======|=] 0:00:10 

====|====|====|==[=====] 0:00:10 

=|====|====|====|=[=======||========||========||=======|==|======|==|=====] 0:00:10 

==|====|====|====|[========] 0:00:10 

|====|====|====|===[====|==|=======||========||========||=======|==|=======] 0:00:10 

|====|====|====|==[=====] 0:00:10 

=|====|====|====|==[======||========||========||========||=======|==|====] 0:00:10 

===|====|====|====[=|======|=] 0:00:10 

====|====|====|===[===|====|====|=====|==|=====|====|=====|==|======|=] 0:00:10 

====|====|====|=[=======||=======] 0:00:10 

=|====|====|====|[=======|==|=======||=======|=|=======|=|========] 0:00:10 

|====|====|====|==[======||======] 0:00:10 

==|====|====|====[==|====|=====|==|======|==|=======||========||=======|=] 0:00:10 

====|====|====|====] 0:00:10 

truth products 8001–9000 done in 8.756368 mins 
[===[====|==|======|==|=====|===|=====|===|=====|====|====|====|====|===|======|==|=======||=======] 0:00:10 

=] 0:00:10 

[==[======||========||========||=======|==|=====|====|====|=====|==|=======||======|===|======|=] 0:00:10 

====] 0:00:10 

[====|===[====|=|========||========||=======|==|=====|====|====|===|=====|=====|==|======|=] 0:00:10 

====|====] 0:00:10 

[====|====[==|====|====|====|====|====|====|=====|==|======|==|======|==|=====|====|====|====] 0:00:10 

==|====] 0:00:10 

[====|===[====|==|======|==|=======||========||=======|==|=======||========|=|=======||========] 0:00:10 

|====] 0:00:10 

[====|=[=======||=======|==|======|==|======|===|====|=====|=|========||========||=======] 0:00:10 

=|====|====] 0:00:10 

[====|====|====[===|==|=====|===|=====|====|=====|==|======|==|======|==|======|===|===] 0:00:10 

===|====|====] 0:00:10 

[====|====|===[====|==|======|==|=====|===|======|===|====|=====|==|======|===|====|===] 0:00:10 

===|====|====] 0:00:10 

[====|====|===[====|===|====|====|===|=====|===|======|==|======|=|=======|===|====|===] 0:00:10 

===|====|====] 0:00:10 

[====|====|====|[======|====|====|=====|==|======|==|=======||=======|===|====|====|===] 0:00:10 

===|====|====] 0:00:10 

[====|====|====|==[======||========||========||========||========||========||========] 0:00:10 

|====|====|====] 0:00:10 

[====|====|==[=====|==|=====|=====|=|========||=======|==|=====|====|====|====|=====|=] 0:00:10 

====|====|====] 0:00:10 

[====|====|====|=[=======||=======|==|======|==|======|=|========||========||========] 0:00:10 

|====|====|====] 0:00:10 

[====|====|====|==[=====|==|=====|====|====|=====|==|=======||=======|=|========] 0:00:10 

|====|====|====|=[=======] 0:00:10 

|====|====|====|===[====|=|========|=|=======||========||========||=======|=] 0:00:10 

====|====|====|====] 0:00:10 

[====|====|====|=[=======||========||=======|==|======|===|====|====|=====|==|=====|===] 0:00:10 

===|====|====] 0:00:10 

[====|====|====|[========||=======|==|=======|=|=====|====|====|====|====|====|====|===] 0:00:10 

===|====|====] 0:00:10 

[====|====|==[=====|==|=======||========||========|=|======|==|======|==|======|==|=====] 0:00:10 

==|====|====] 0:00:10 

[====|====|===[====|==|======|==|======|==|=======|=|=======||========||========||======] 0:00:10 

==|====|====] 0:00:10 

[====|====|====[==|====|====|====|===|======|==|======|===|====|=====|==|=======||========] 0:00:10 

|====|====] 0:00:10 

[====|====|==[======||========||========||========||========||========||========||=======] 0:00:10 

=|====|====] 0:00:10 

[====|====|=[=======||=======|==|======|==|=======||========||========||=======|==|======|=] 0:00:10 

====|====] 0:00:10 

[====|====[==|====|====|====|====|====|====|=====|==|=======||========||========||=======|=] 0:00:10 

====|====] 0:00:10 

[====|==[=====|==|=====|===|=====|====|====|===|======|==|======|==|======|==|=======||========] 0:00:10 

|====] 0:00:10 

[====|=[=======||=======|==|======|==|=======||========|=|=====|=====|===|====|===|======|==|======] 0:00:10 

=] 0:00:10 

truth products 9001–10000 done in 8.727183 mins 
[=[=======||========||========||========|=|======|==|======|==|=======||=======|==|======|==|=====] 0:00:10 

==] 0:00:10 

[====[==|===|======|==|======|==|======|==|=======||=======|==|======|==|======|==|=======|=|=====] 0:00:11 

==] 0:00:10 

[====|==[======||=======|===|====|===|=======||========||========||========||=======|=|=======|==] 0:00:11 

===] 0:00:10 

[==[======|=|======|===|====|====|====|===|=======||=======|==|======|==|======|=|========||=======] 0:00:10 

=] 0:00:10 

[====[==|=====|==|=======|=|======|==|=======||========||========||========||========||=======] 0:00:10 

=|====] 0:00:10 

[====|====[==|====|====|====|====|====|====|===|======|==|=======||========||========||=======|=] 0:00:10 

====] 0:00:10 

[====|[======|====|====|====|====|=====|==|=======|=|=====|====|====|=====|==|=======|=|======|=] 0:00:10 

====] 0:00:10 

[===[====|==|======|===|===|=======||========||========||=======|==|=======||========||=======] 0:00:10 

=|====] 0:00:10 

[====|====|[=======|===|=====|===|====|=====|==|======|==|=====|====|====|=====|==|======|==] 0:00:10 

===|====] 0:00:10 

[====|=[=======||=======|===|=====|==|======|==|=====|====|====|====|=====|===|===|=====|====|===] 0:00:10 

===] 0:00:10 

[====|=[======|==|=======||=======|==|=====|====|====|====|====|====|====|=====|==|=====|====|===] 0:00:10 

===] 0:00:10 

[====|[========||========||========||=======|==|=======||========||========||=======|==|======|=] 0:00:10 

====] 0:00:11 

[====|==[=====|==|=====|=====|==|=======||=======|=|========||========||========||=======|=] 0:00:10 

====|====] 0:00:10 

[====|====|=[=======||========||========||======|====|=====|===|=====|==|=======||=======] 0:00:11 

=|====|====] 0:00:10 

[====|====|===[===|====|=====|===|====|====|=====|===|====|===|======|==|=====|===|====] 0:00:10 

===|====|====] 0:00:10 

[====|====|==[=====|==|=======||=======|===|====|====|====|===|=======||========||========] 0:00:10 

|====|====] 0:00:10 

[====|====|==[=====|==|=======||=======|===|====|====|====|====|====|====|===|=====|===] 0:00:10 

===|====|====] 0:00:10 

[====|====|====|=[=======||=======|===|=====|==|======|===|===|======|==|=======||=======] 0:00:11 

=|====|====] 0:00:10 

[====|====|==[======||=======|=|=======|==|=====|====|=====|==|=======||========||======] 0:00:10 

==|====|====] 0:00:10 

[====|====|[======|===|======|==|======|==|=====|====|====|====|====|====|====|===|=====|==] 0:00:11 

====|====] 0:00:10 

[====|====[=|======|==|======|==|======|==|======|==|======|==|======|==|======|=|========] 0:00:10 

|====|====] 0:00:10 

[====|====|=[=======||=======|==|=======||========||========||========||========||=======|=] 0:00:10 

====|====] 0:00:10 

[====|====|[=======|==|======|==|======|==|======|==|======|==|=======|=|======|==|=======] 0:00:10 

|====|====] 0:00:10 

[====|====[=|======|==|======|==|======|==|======|==|======|=|=======|==|======|==|======|=] 0:00:10 

====|====] 0:00:10 

[====|====|=[=======||========||========||========||========||========||========||========] 0:00:10 

|====|====] 0:00:10 

truth products 10001–11000 done in 9.440734 mins 
[=[=======||========||========||========|=|=======||=======|==|=====|===|======|==|======|==|=====] 0:00:10 

==] 0:00:11 

[===[====|==|======|==|======|===|====|====|====|====|=====|==|======|==|======|==|======|==|======] 0:00:10 

=] 0:00:10 

[==[======||========||========||========||========||========||========||========||========||=======] 0:00:10 

=] 0:00:10 

[=[=======||========||========||========|=|======|==|======|==|======|==|======|==|======|===|===] 0:00:10 

===] 0:00:10 

[===[===|====|====|====|=====|==|======|==|======|==|======|==|======|==|=======||========|=|=====] 0:00:10 

==] 0:00:10 

[===[===|====|====|====|====|====|====|====|====|====|====|====|====|====|====|====|====|====|====] 0:00:10 

==] 0:00:10 

[==[=====|==|======|==|======|==|======|==|======|==|======|==|======|==|=====|====|=====|==|====] 0:00:10 

===] 0:00:10 

[===[===|===|======|==|======|==|======|==|=====|===|======|==|======|==|======|==|======|==|=====] 0:00:10 

==] 0:00:10 

[====[==|====|===|======|==|======|==|======|=|========||========||========||========||========] 0:00:10 

|====] 0:00:10 

[====|[=======|==|======|==|======|==|=======|=|======|==|======|==|======|==|======|==|======|=] 0:00:10 

====] 0:00:10 

[====[==|====|====|=====|===|=====|===|====|====|====|====|====|====|=====|==|======|==|======|=] 0:00:10 

====] 0:00:11 

[====|[=======|==|======|==|======|==|======|==|======|==|======|==|======|==|======|==|======|=] 0:00:10 

====] 0:00:10 

[====[=|======|==|======|==|======|==|======|==|=====|====|====|=====|==|======|==|=======||=======] 0:00:10 

=] 0:00:10 

[=[=======||========||========||========||========||========||========||========||========||=======] 0:00:10 

=] 0:00:10 

[=[=======||========||========||========||========||========||========||========||========||=======] 0:00:10 

=] 0:00:10 

[==[======||========||=======|==|======|==|======|==|======|==|======|===|====|====|=====|==|=====] 0:00:10 

==] 0:00:10 

[===[====|==|======|==|======|==|======|==|======|==|======|==|======|===|====|====|====|====|===] 0:00:10 

===] 0:00:10 

[===[====|==|======|==|======|==|======|==|======|==|======|==|======|==|=======||========||=======] 0:00:10 

=] 0:00:10 

[=[=======||========||========||========||========||========||========||========||=======|==|=====] 0:00:10 

==] 0:00:10 

[==[======||=======|==|======|==|======|==|======|=|========||========||========||========||=======] 0:00:10 

=] 0:00:10 

[=[=======||========||========||========||========||========||========||========||========||=======] 0:00:10 

=] 0:00:10 

[==[======||========||========||========||========||=======|==|======|==|======|==|======|==|=====] 0:00:10 

==] 0:00:10 

[===[====|==|=======|=|=======||=======|==|=======||========||========||========||========||=======] 0:00:10 

=] 0:00:10 

[==[======||========||========||=======|==|======|==|======|==|======|==|======|==|======|==|=====] 0:00:10 

==] 0:00:10 

[===[====|==|======|==|=====|===|======|==|======|==|======|==|======|==|=======||========||=======] 0:00:10 

=] 0:00:10 

truth products 11001–12000 done in 11.65713 mins 
[=[=======||========||========||========||========||========||========||========|=|======|==|=====] 0:00:10 

==] 0:00:10 

[==[=====|==|======|==|======|==|======|==|======|===|====|====|====|====|=====|==|=====|====|===] 0:00:10 

===] 0:00:10 

[====[==|====|===|======|==|======|==|======|==|======|==|======|==|======|==|======|==|=======] 0:00:10 

|====] 0:00:10 

[====|[========||========||=======|==|======|=|========||========||========||========||========] 0:00:10 

|====] 0:00:10 

[====|=[=======||========||========||========||========||========||========||========||========] 0:00:10 

|====] 0:00:10 

[====|=[=======||========||========||========||=======|==|=======||========||=======|==|====] 0:00:10 

===|====] 0:00:10 

[====|===[===|====|====|====|====|====|===|=====|====|=====|==|======|==|======|=|========] 0:00:10 

|====|====] 0:00:10 

[====|====|=[=======||========||========||========||========||========||========||=======] 0:00:10 

=|====|====] 0:00:10 

[====|====|==[======||========||========||========||========||========||========||========] 0:00:10 

|====|====] 0:00:10 

[====|====|==[======||========||========||========||========||========||=======|==|======|=] 0:00:10 

====|====] 0:00:10 

[====|====|[========||========||========||========||========||=======|==|======|==|=====] 0:00:10 

==|====|====] 0:00:10 

[====|====|==[======||========||========||========||========||========||========||========] 0:00:10 

|====|====] 0:00:10 

[====|====|=[=======||========||========||========||========||========||=======|==|=====] 0:00:10 

==|====|====] 0:00:10 

[====|====|===[====|==|=====|====|====|=====|==|=====|====|=====|==|======|==|======|=] 0:00:10 

====|====|====] 0:00:10 

[====|====|====[=|======|==|======|==|======|==|=====|====|====|====|====|====|====|===] 0:00:10 

===|====|====] 0:00:10 

[====|====|====|[========||========||========||========||========||=======|==|======|=] 0:00:10 

====|====|====] 0:00:10 

[====|====|====|[=======|==|======|==|======|==|=======||========||========||========] 0:00:10 

|====|====|====] 0:00:10 

[====|====|====|==[======||========||========||=======|=|========||========||=======] 0:00:10 

=|====|====|====] 0:00:10 

[====|====|====|===[====|==|======|==|======|==|======|=|========||=======|==|=====] 0:00:10 

==|====|====|====] 0:00:10 

[====|====|====|===[====|==|=======|=|======|==|======|==|======|==|======|==|=====] 0:00:10 

==|====|====|====] 0:00:10 

[====|====|====|===[====|==|=====|====|====|====|====|=====|==|======|==|======|==] 0:00:10 

===|====|====|==[=====] 0:00:10 

=|====|====|====|[======|====|====|====|====|====|====|====|====|====|====|===] 0:00:10 

===|====|====|===[===] 0:00:10 

==|====|====|====|[=======|==|======|==|======|==|======|==|======|==|=======] 0:00:10 

|====|====|====|==[=====] 0:00:10 

=|====|====|====|[=======|==|======|==|=======||========||========||=======] 0:00:10 

=|====|====|====|[=======|=] 0:00:10 

====|====|====|==[======||========|=|======|==|======|==|=======||=======] 0:00:10 

=|====|====|====|====] 0:00:10 

truth products 12001–13000 done in 11.6912 mins 
[=[=======||========||========||=======|==|======|==|=======||=======|==|======|==|======|==|====] 0:00:10 

===] 0:00:10 

[===[====|==|======|==|======|==|======|==|======|==|======|==|======|==|======|==|======|==|=====] 0:00:10 

==] 0:00:10 

[===[=====||=======|==|======|==|======|==|=======||========||=======|==|======|==|=======||=======] 0:00:10 

=] 0:00:10 

[==[======||========||========||========||========||========||========||========||========||=======] 0:00:10 

=] 0:00:10 

[==[======||========||========||========||========||========||=======|==|======|==|======|==|=====] 0:00:10 

==] 0:00:10 

[====[==|====|====|====|====|====|====|===|======|===|=====|==|=====|====|====|====|====|====|===] 0:00:10 

===] 0:00:10 

[====[==|====|====|====|====|====|====|====|====|====|====|====|====|====|====|====|====|====|====] 0:00:10 

==] 0:00:10 

[===[====|==|======|==|======|==|=====|====|====|====|====|====|====|====|====|====|====|====|===] 0:00:10 

===] 0:00:10 

[====[=|=======|=|=======||========|=|=======||========||========||========||========||========] 0:00:10 

|====] 0:00:10 

[====|[=======|==|======|===|====|===|======|==|=====|====|=====|==|======|==|======|==|======|=] 0:00:11 

====] 0:00:10 

[====[=|=====|====|====|=====|===|====|====|====|====|====|====|====|====|=====|==|=====|====|===] 0:00:10 

===] 0:00:11 

[====[==|====|=====|==|=====|====|====|===|=====|====|====|===|======|===|=====|==|======|==|====] 0:00:10 

===] 0:00:10 

[===[===|====|====|====|===|======|=|========||========||========||========||=======|==|======|=] 0:00:10 

====] 0:00:10 

[====[==|=====|==|======|==|======|==|======|==|======|==|======|==|======|==|=======||========] 0:00:10 

|====] 0:00:10 

[====|[=======|==|======|==|======|==|======|==|======|==|======|==|======|==|======|==|======|=] 0:00:10 

====] 0:00:10 

[====|[=======|==|======|==|======|==|======|==|======|==|=====|====|====|====|====|===|======|==] 0:00:10 

===] 0:00:10 

[====[==|====|====|====|====|====|===|======|==|======|==|=====|====|====|====|====|====|====|===] 0:00:10 

===] 0:00:10 

[===[====|===|====|====|====|====|=====|=|=======|==|======|==|======|==|======|==|======|==|=====] 0:00:10 

==] 0:00:10 

[==[======||========|=|=======||========||========||========||========||========||========||======] 0:00:10 

==] 0:00:10 

[==[=====|==|======|==|======|==|======|==|======|==|======|==|======|==|======|===|====|====|===] 0:00:10 

===] 0:00:10 

[====[==|===|======|==|======|==|======|==|======|==|======|==|======|==|======|==|======|==|=====] 0:00:10 

==] 0:00:10 

[==[======|=|=======|=|=======||========||========||========||========||========||========||=======] 0:00:10 

=] 0:00:10 

[==[======||========||========||========||========||========||========||=======|==|======|==|=====] 0:00:10 

==] 0:00:10 

[===[====|===|====|====|====|====|====|====|====|====|====|====|====|===|======|==|=======||=======] 0:00:10 

=] 0:00:10 

[==[======||========||========||========||=======|=|========||=======|=|========||========||=======] 0:00:10 

=] 0:00:10 

truth products 13001–14000 done in 11.73021 mins 
[=[=======||========||=======|==|======|=|========||========||========||========||========||======] 0:00:10 

==] 0:00:10 

[====[==|====|====|====|====|====|====|====|====|====|====|====|=====|==|======|==|======|==|======] 0:00:11 

=] 0:00:10 

[==[======||========||========||========||========||========||========||========||========||=======] 0:00:10 

=] 0:00:10 

[==[======||========||========||========||========||========||=======|==|======|==|======|==|=====] 0:00:10 

==] 0:00:10 

[==[======||========||========||=======|==|======|==|======|=|========||========||=======|==|=====] 0:00:10 

==] 0:00:10 

[===[====|==|======|==|======|==|======|==|======|==|=======||=======|==|=======||========||=======] 0:00:10 

=] 0:00:10 

[==[======||========||========||========||========||========||========||========||========||======] 0:00:10 

==] 0:00:10 

[==[=====|==|======|==|======|==|======|==|======|==|======|==|======|==|======|==|======|==|=====] 0:00:10 

==] 0:00:10 

[===[====|===|===|=====|====|====|====|====|====|====|====|=====|==|======|===|====|====|====|===] 0:00:10 

===] 0:00:10 

[===[===|====|====|====|====|====|====|====|====|====|====|====|====|====|====|====|====|====|===] 0:00:10 

===] 0:00:10 

[===[===|====|====|====|====|====|====|====|====|===|======|==|======|==|======|==|======|==|=====] 0:00:10 

==] 0:00:10 

[==[======||========||=======|==|======|==|======|==|=======||========||========||========||=======] 0:00:10 

=] 0:00:10 

[==[======||========||========||========||========||========||========||========||========||=======] 0:00:10 

=] 0:00:10 

[==[======||========||========||========||========||========||========||========||========||=======] 0:00:10 

=] 0:00:10 

[==[======|=|======|==|======|===|====|====|====|====|====|====|====|====|====|====|====|====|===] 0:00:10 

===] 0:00:10 

[====[==|====|===|======|==|======|==|======|==|======|==|======|==|======|==|=======||========] 0:00:10 

|====] 0:00:11 

[====|=[=======||========||========||========||========||=======|==|======|==|======|==|======|=] 0:00:10 

====] 0:00:10 

[====|[=======|==|======|==|======|==|======|==|======|==|=======||========||========||=======] 0:00:10 

=|====] 0:00:10 

[====|==[======||========||========||========||=======|==|======|==|======|==|=======||=======] 0:00:10 

=|====] 0:00:10 

[====|==[======||========||=======|==|=======||=======|==|=======||========||========||=======] 0:00:10 

=|====] 0:00:10 

[====|=[=======||========||=======|==|======|==|======|==|======|==|======|==|=======||========] 0:00:10 

|====] 0:00:10 

[====|[========||========||========||========||========||=======|==|=======|=|=====|====|===] 0:00:10 

===|====] 0:00:11 

[====|==[======||=======|==|======|==|=======||========||========||========||========||=======] 0:00:11 

=|====] 0:00:10 

[====|=[=======||========||========||========||========||========||========||========||=======] 0:00:10 

=|====] 0:00:10 

[====|==[======||========||========|=|=======||========||========||========||========||========] 0:00:10 

|====] 0:00:10 

truth products 14001–15000 done in 11.78683 mins 
[==[======||========||========||========||========||=======|==|======|==|======|==|=====|===|=====] 0:00:10 

==] 0:00:10 

[===[===|====|=====|==|======|==|======|===|====|====|=====|==|======|===|====|====|====|===|=====] 0:00:10 

==] 0:00:10 

[===[====|==|======|==|=======||========||=======|==|=======||========||========||========||=======] 0:00:10 

=] 0:00:10 

[==[======||========||========||========||========||========||========||========|=|======|==|=====] 0:00:10 

==] 0:00:10 

[==[======||========||========||========||========||========||=======|==|=======||========||=======] 0:00:10 

=] 0:00:10 

[==[======||========|=|======|==|======|==|=======|=|======|==|======|=|========||========||=======] 0:00:10 

=] 0:00:10 

[==[======||========||========||========||========||========||========||=======|==|======|==|=====] 0:00:10 

==] 0:00:10 

[==[======||========||=======|==|======|===|====|====|====|====|====|====|====|====|====|====|===] 0:00:10 

===] 0:00:10 

[===[====|==|======|==|======|==|=====|===|=====|====|====|====|====|====|====|====|====|====|==] 0:00:10 

====] 0:00:10 

[====|[=======|==|=====|====|====|===|======|==|======|===|====|====|=====|==|======|==|======|=] 0:00:10 

====] 0:00:10 

[====|[=======|==|======|==|=======||========||========||========||========||========||=======] 0:00:10 

=|====] 0:00:10 

[====|==[======||========||========||========||========||========||========||========||========] 0:00:10 

|====] 0:00:10 

[====|=[=======||========||========||========|=|======|==|======|==|======|=|========||========] 0:00:10 

|====] 0:00:10 

[====|[=======|==|======|==|======|==|======|==|======|==|======|==|======|==|======|==|======|=] 0:00:10 

====] 0:00:10 

[====|[=======|==|=======||=======|==|======|==|======|==|======|==|=====|===|=====|====|=====|=] 0:00:10 

====] 0:00:10 

[====|[======|===|======|==|======|==|======|==|=======|=|======|==|=======||=======|==|=======] 0:00:10 

|====] 0:00:10 

[====[=|=====|====|====|====|=====|==|======|==|=======||========||========||========||========] 0:00:10 

|====] 0:00:10 

[====|=[=======||========||========||========||========||========||========||========||========] 0:00:10 

|====] 0:00:10 

[====|=[=======||========||========||========||========||========||========||========||========] 0:00:10 

|====] 0:00:10 

[====|=[=======||========||========||========||========||========||========||========||=======] 0:00:10 

=|====] 0:00:10 

[====|=[=======||========||========||=======|==|======|==|======|==|======|==|======|==|=====] 0:00:10 

==|====] 0:00:11 

[====|===[=====||=======|==|======|==|======|==|======|==|======|==|======|==|======|==|=====] 0:00:10 

==|====] 0:00:10 

[====|=[=======||========||========||========||========||========||========|=|======|==|======|=] 0:00:10 

====] 0:00:10 

[====|=[=======||========||========||========||========||========||========||========||=======] 0:00:10 

=|====] 0:00:10 

[====|=[=======||========||========||========||========||========||========||========||========] 0:00:10 

|====] 0:00:10 

truth products 15001–16000 done in 11.68581 mins 
[=[=======||========||========||========||========||========||========||========||========||=======] 0:00:11 

=] 0:00:11 

[=[=======||========||========||========||========||========||========||========||========||=======] 0:00:10 

=] 0:00:10 

[=[=======||========||========||========||========||========||========||========||========||=======] 0:00:10 

=] 0:00:10 

[=[=======||========||=======|==|======|==|======|==|======|==|=====|===|=====|====|=====|==|=====] 0:00:10 

==] 0:00:10 

[===[====|==|======|==|======|==|=======|=|======|==|======|==|======|==|=====|====|====|====|===] 0:00:10 

===] 0:00:10 

[===[===|====|====|====|====|====|===|=====|====|====|====|====|====|====|====|====|====|====|===] 0:00:10 

===] 0:00:10 

[====[===|==|======|==|======|===|====|====|====|====|====|====|====|=====|==|======|==|======|=] 0:00:10 

====] 0:00:10 

[====|[=======|==|======|==|======|==|======|==|======|==|=======||=======|==|=======||========] 0:00:10 

|====] 0:00:10 

[====[==|====|====|====|=====|==|======|==|=====|===|======|==|======|==|======|==|======|==|======] 0:00:10 

=] 0:00:10 

[==[======||=======|==|======|==|======|==|======|==|======|==|======|==|=======||========||=======] 0:00:10 

=] 0:00:10 

[=[=======||========||========||========||========||========|=|======|==|======|===|====|====|===] 0:00:10 

===] 0:00:11 

[====[==|====|====|====|====|====|=====|==|======|==|======|==|=====|====|=====|==|======|==|====] 0:00:10 

===] 0:00:10 

[===[====|==|=======||========||========||========||========||========||========||========||=======] 0:00:10 

=] 0:00:10 

[==[======||========||========||========||========||=======|==|======|==|=====|====|====|====|===] 0:00:10 

===] 0:00:10 

[====[=|======|==|======|==|=======||========||========||========||=======|=|=======|==|=====] 0:00:10 

==|====] 0:00:10 

[====|===[====|==|======|=|========||========||========||========||========||========||=======] 0:00:10 

=|====] 0:00:10 

[====|=[=======||========||========||========||========||========||=======|==|======|==|=====|===] 0:00:10 

===] 0:00:10 

[====[==|===|======|==|======|===|====|====|====|====|===|======|==|======|==|======|==|======|=] 0:00:10 

====] 0:00:10 

[====|[=======|==|======|==|======|==|======|=|========||========||========||=======|==|=======|] 0:00:10 

====] 0:00:10 

[====|[========||========||========||========||========||========||========||========||=======] 0:00:10 

=|====] 0:00:10 

[====|==[======|=|=======||========||========||========||=======|==|======|==|======|==|=====] 0:00:10 

==|====] 0:00:10 

[====|====[===|===|====|====|====|===|======|=|=======|==|=======||========||========||=======] 0:00:10 

=|====] 0:00:10 

[====|=[=======||========||========||========||========||========||========||========||========] 0:00:10 

|====] 0:00:10 

[====|=[=======||========||========||========||========||========||========||=======|==|=====] 0:00:10 

==|====] 0:00:10 

[====|===[====|==|======|==|=======||========||========||========||========||========||========] 0:00:10 

|====] 0:00:10 

truth products 16001–17000 done in 11.63182 mins 
[=[=======||========||========||========||========||========||========||========||========||======] 0:00:10 

==] 0:00:10 

[==[======||========||========||========||========||========||========||========||========||=======] 0:00:10 

=] 0:00:10 

[==[======||========||========||========||========||========||========||========||========||=======] 0:00:10 

=] 0:00:10 

[=[=======||========||========||========||========||========||========||========||========||=======] 0:00:10 

=] 0:00:10 

[==[=====|==|======|==|======|==|=====|===|======|==|=====|====|====|====|====|====|====|====|===] 0:00:10 

===] 0:00:10 

[====[==|====|====|====|====|===|======|==|======|==|======|==|=====|====|====|====|====|====|===] 0:00:10 

===] 0:00:10 

[====[==|====|====|====|====|====|====|=====|==|======|==|======|==|======|===|====|====|====|===] 0:00:10 

===] 0:00:10 

[===[====|==|=====|===|======|==|======|==|======|==|======|==|======|==|=====|====|====|====|===] 0:00:10 

===] 0:00:10 

[===[===|=====|==|=====|====|====|====|====|=====|==|======|==|=====|====|====|====|====|====|===] 0:00:10 

===] 0:00:10 

[====[==|====|=====|==|=====|====|=====|===|====|====|====|====|=====|==|=====|====|====|====|===] 0:00:10 

===] 0:00:10 

[===[===|===|======|==|======|==|=======||=======|==|======|==|======|==|======|===|====|====|===] 0:00:10 

===] 0:00:10 

[====[==|====|====|====|===|======|==|======|==|=====|====|====|====|====|====|====|=====|===|===] 0:00:10 

===] 0:00:10 

[====[==|====|====|====|=====|==|======|==|======|==|======|==|======|==|=======||========||=======] 0:00:10 

=] 0:00:10 

[==[======||========||========||========||========||=======|==|======|==|=======||========||=======] 0:00:10 

=] 0:00:10 

[==[======||========||========||========||========||========|=|======|==|======|==|======|==|=====] 0:00:10 

==] 0:00:10 

[==[=====|==|======|===|====|====|====|====|====|====|====|=====|==|======|==|======|==|======|=] 0:00:10 

====] 0:00:10 

[====|[=======|==|======|==|======|==|======|==|======|==|======|==|======|==|======|==|======|=] 0:00:10 

====] 0:00:10 

[====[=|=====|====|====|====|====|====|====|===|======|==|======|==|=======||=======|==|======|=] 0:00:10 

====] 0:00:10 

[====|[=======|==|======|==|======|==|=======||=======|=|========||========||========||========] 0:00:10 

|====] 0:00:10 

[====|[=======|==|======|==|======|===|====|====|====|====|====|====|====|====|====|====|====|===] 0:00:10 

===] 0:00:10 

[===[====|==|=====|====|=====|===|====|====|====|=====|==|=====|====|====|====|=====|==|======|=] 0:00:10 

====] 0:00:10 

[====|[=======|==|======|==|======|==|======|==|======|==|======|==|======|==|======|==|======|=] 0:00:10 

====] 0:00:10 

[====[==|====|====|====|====|====|===|======|==|======|==|======|==|======|==|======|==|=======] 0:00:10 

|====] 0:00:10 

[====|=[=======||========||========||========||========||========||========||========||========|] 0:00:10 

====] 0:00:10 

[====|=[=======||========||========||========||========|=|=====|====|====|====|=====|==|=====|===] 0:00:10 

===] 0:00:10 

truth products 17001–18000 done in 11.57825 mins 
[==[======||========||========||========||=======|=|========||=======|==|=======||========||=======] 0:00:10 

=] 0:00:10 

[===[====|==|======|==|======|==|======|==|======|==|======|==|======|==|======|==|======|==|=====] 0:00:10 

==] 0:00:10 

[===[====|==|======|==|=====|====|=====|==|======|==|======|==|=====|====|====|====|====|====|===] 0:00:10 

===] 0:00:10 

[====[=|======|==|======|==|======|==|======|==|======|==|=======||========||=======|==|======|=] 0:00:10 

====] 0:00:10 

[====[==|====|====|====|====|====|====|=====|==|======|==|=======||========||=======|==|======|==] 0:00:10 

===] 0:00:10 

[====[==|=====|==|======|==|======|===|====|====|====|====|====|===|======|==|=====|====|===|=====] 0:00:10 

==] 0:00:10 

[==[======||========||========||========||========||========||========||========||========||=======] 0:00:10 

=] 0:00:10 

[=[=======||========||========||========||========||========||========||========||========||=======] 0:00:10 

=] 0:00:10 

[==[======||========||========||========||========||========||========||========||=======|==|=====] 0:00:10 

==] 0:00:10 

[===[====|==|=======||========||=======|==|======|==|======|==|======|==|======|==|======|==|=====] 0:00:10 

==] 0:00:10 

[===[====|==|=====|====|====|====|====|====|====|====|====|====|====|======||========||========] 0:00:10 

|====] 0:00:10 

[====|==[=====|==|======|==|======|==|=====|====|====|====|====|====|====|====|===|=====|===] 0:00:10 

===|====] 0:00:10 

[====|===[====|===|====|===|=====|====|====|====|=====|==|======|==|======|==|======|==|=====] 0:00:10 

==|====] 0:00:10 

[====|===[====|==|======|===|====|===|======|==|======|==|======|===|====|====|====|====|===] 0:00:10 

===|====] 0:00:10 

[====|===[====|==|=====|===|======|==|======|==|======|==|======|==|=======|=|=======||=======] 0:00:10 

=|====] 0:00:10 

[====|===[===|====|====|=====|==|======|=|========||========||========||========|=|======|=] 0:00:10 

====|====] 0:00:10 

[====|====|[=======|==|=====|====|===|======|==|======|==|=======||========||========|=|======|=] 0:00:10 

====] 0:00:10 

[====|=[=======||========||=======|=|========||=======|==|======|==|======|==|======|==|=====] 0:00:10 

==|====] 0:00:10 

[====|==[=====|==|======|==|======|==|======|==|======|=|=======|==|======|==|=====|====|===] 0:00:10 

===|====] 0:00:10 

[====|====[==|====|====|====|====|====|====|====|=====|==|======|===|=====|==|======|==|=====] 0:00:10 

==|====] 0:00:10 

[====|==[======|=|======|==|======|==|======|==|======|==|=======||========||========||=======] 0:00:10 

=|====] 0:00:10 

[====|=[=======||========||========||========||========||========||========||========||========] 0:00:10 

|====] 0:00:10 

[====|[=======|==|======|==|=======||=======|==|======|==|=======|=|=======||=======|==|======|=] 0:00:10 

====] 0:00:10 

[====[=|======|==|======|==|======|==|======|==|======|==|======|==|======|==|=====|====|=====|=] 0:00:10 

====] 0:00:10 

[===[====|===|====|====|====|====|====|====|====|====|====|=====|==|======|===|====|===|=====|===] 0:00:10 

===] 0:00:10 

truth products 18001–19000 done in 11.95327 mins 
[=[=======||========||========|=|======|==|=======||========||========|=|======|==|======|===|===] 0:00:10 

===] 0:00:10 

[====|[========||=======|==|======|==|=====|====|=====|==|======|==|======|==|======|==|=======] 0:00:10 

|====] 0:00:10 

[====|[========||========||========||========||========||========||========||========||=======] 0:00:10 

=|====] 0:00:11 

[====|==[======||========||========||========||========||========|=|======|==|======|==|=====] 0:00:10 

==|====] 0:00:10 

[====|==[======||========||========||========||========||========||========||========||========] 0:00:11 

|====] 0:00:10 

[====|==[======||========||========||=======|==|======|==|======|==|======|==|======|==|=====] 0:00:10 

==|====] 0:00:10 

[====|===[====|==|======|==|======|==|======|==|======|==|=======||========||========||========] 0:00:11 

|====] 0:00:10 

[====|[=======|==|======|==|======|==|======|==|======|==|======|==|======|===|=====|==|======|=] 0:00:10 

====] 0:00:10 

[====[=|=======||========||========||========||========||========||========||=======|==|======|=] 0:00:10 

====] 0:00:10 

[====[==|====|====|====|====|====|====|====|====|====|====|====|====|====|====|====|====|====|===] 0:00:10 

===] 0:00:10 

[===[===|====|====|====|====|====|====|=====|==|======|==|======|=|=======|==|======|==|======|=] 0:00:10 

====] 0:00:10 

[====[=|======|==|======|==|=====|====|====|====|====|====|====|====|====|====|=====|==|=====|===] 0:00:10 

===] 0:00:10 

[====[=|======|==|======|==|=====|====|====|===|======|==|======|==|======|==|======|==|======|=] 0:00:10 

====] 0:00:10 

[====[=|======|==|======|==|======|===|=====|==|======|==|======|==|======|==|======|==|======|=] 0:00:11 

====] 0:00:10 

[====|[=======|==|======|==|======|==|=====|====|====|===|======|==|======|=|========||========] 0:00:10 

|====] 0:00:10 

[====|==[======||========||========||========||========||========||========||========|=|=======] 0:00:10 

|====] 0:00:10 

[====|[========||========||========||========||========||=======|==|======|==|======|==|=====] 0:00:10 

==|====] 0:00:10 

[====|===[====|==|======|==|======|==|======|=|========||========||========||========||=======] 0:00:10 

=|====] 0:00:10 

[====|==[=====|==|======|==|======|==|======|==|======|==|======|==|======|==|======|==|=====] 0:00:10 

==|====] 0:00:10 

[====|===[=====||========||========||========||========|=|======|==|======|==|======|==|======|=] 0:00:10 

====] 0:00:10 

[====|[========||========||========||========||========||========||========||========||=======] 0:00:10 

=|====] 0:00:11 

[====|=[=======||=======|==|======|==|=====|===|======|==|=====|====|====|====|====|====|====|===] 0:00:10 

===] 0:00:10 

[====[==|====|====|====|====|====|====|======|=|======|=|========||=======|==|======|==|======|=] 0:00:10 

====] 0:00:10 

[====|[======|====|====|====|====|====|====|=====|==|======|==|=====|====|====|====|====|====|===] 0:00:11 

===] 0:00:10 

[===[====|==|======|==|======|==|======|==|=======||========||========||========||========||=======] 0:00:11 

=] 0:00:10 

truth products 19001–20000 done in 11.84308 mins 
