run_name: oc_trials_k2020
started_utc: 2026-09-24 19:17:59
run_mode: final
master_seed: 20260923
seed_rule_version: 1
git_sha: 0599b4b6628785a4398464f89458c59b73556526
R_version: R version 4.3.3 (2024-02-29)
rxode2: 5.1.7
BEmaster: not installed
config_sha256:
  crossval_reference.yaml: 7a0aa327432c1978f539f74910d53125dacc54f1455cb02a7fdb0d4a65e73988
  design_clot2021.yaml: 4b3ddc374dfbf3f451d3fe3d6a865645b0b5d93b0ea7eea9a3f24cd8d2f05da5
  gate_decision.yaml: fec8e5a4376e78560e2945be2c69db22e63e6b6731a2413101efa1ac58cb1838
  nca_rules.yaml: 0f53d9e003bf1df504df24201f06301cabe423babd1078def5c5a4b3b2c1db94
  oc_design.yaml: 629011b264fbc4c3f03f8a3989bac1f2711d49959f3268f5e8f758c80f93ea0a
  params_k2020_model1.yaml: b6e3816238f158ab76cda1edfc4ce9ae49b53fdd4836de8be36bd64664dca96f
  params_typical.yaml: 0661b248227771273d5c58c86c61f35ef655fdeecebe3f188868fd61cff4b801
  params_variability.yaml: b849a4cc3acc6d47f9833392ac4f47ebacc6ad9fa79fcc5848628fd4b5aa99a9
  scenarios.yaml: 7243c4f34f21614eccae4c143ba05b8a9eb9183a76770cfce7153ef30a5dc17c
  schedule_decision.yaml: de62d815c54d33e4016ed7fdb535ede38ae9c0a6350ef8e7e0a26cb5dd9572b2
  trial_design.yaml: ff6424d371b8f6a6c9bfef3035cf242fa4c9c5c92819cfd699f0c467e8f605db
extra:
  model: k2020
  n_scen_all: 54
  n_scen_bnd: 9
  reps_other: 2000
  reps_boundary: 10000
  cores: 3
session_info:
  R version 4.3.3 (2024-02-29)
  Platform: x86_64-pc-linux-gnu (64-bit)
  Running under: Ubuntu 24.04.4 LTS
  
  Matrix products: default
  BLAS:   /usr/lib/x86_64-linux-gnu/blas/libblas.so.3.12.0 
  LAPACK: /usr/lib/x86_64-linux-gnu/lapack/liblapack.so.3.12.0
  
  locale:
   [1] LC_CTYPE=C.UTF-8       LC_NUMERIC=C           LC_TIME=C.UTF-8       
   [4] LC_COLLATE=C.UTF-8     LC_MONETARY=C.UTF-8    LC_MESSAGES=C.UTF-8   
   [7] LC_PAPER=C.UTF-8       LC_NAME=C              LC_ADDRESS=C          
  [10] LC_TELEPHONE=C         LC_MEASUREMENT=C.UTF-8 LC_IDENTIFICATION=C   
  
  time zone: Etc/UTC
  tzcode source: system (glibc)
  
  attached base packages:
  [1] stats     graphics  grDevices datasets  utils     methods   base     
  
  other attached packages:
  [1] digest_0.6.34      data.table_1.14.10 yaml_2.3.8        
  
  loaded via a namespace (and not attached):
  [1] compiler_4.3.3 tools_4.3.3    renv_1.2.4    
[20:04:57] trials 1–500 (54 scenarios) done in 46.97394 mins
[20:56:56] trials 501–1000 (54 scenarios) done in 51.97324 mins
[21:57:58] trials 1001–1500 (54 scenarios) done in 1.017286 hours
[22:54:26] trials 1501–2000 (54 scenarios) done in 56.47733 mins
[23:03:31] trials 2001–2500 (9 scenarios) done in 9.079527 mins
[23:12:49] trials 2501–3000 (9 scenarios) done in 9.290679 mins
[23:22:08] trials 3001–3500 (9 scenarios) done in 9.323285 mins
[23:32:12] trials 3501–4000 (9 scenarios) done in 10.07212 mins
[23:44:09] trials 4001–4500 (9 scenarios) done in 11.95147 mins
[23:55:25] trials 4501–5000 (9 scenarios) done in 11.25451 mins
[00:06:29] trials 5001–5500 (9 scenarios) done in 11.07397 mins
[00:16:05] trials 5501–6000 (9 scenarios) done in 9.590923 mins
[00:22:34] trials 6001–6500 (9 scenarios) done in 6.495134 mins
[00:27:34] trials 6501–7000 (9 scenarios) done in 4.993035 mins
[00:31:29] trials 7001–7500 (9 scenarios) done in 3.910884 mins
[00:35:24] trials 7501–8000 (9 scenarios) done in 3.921815 mins
[00:39:21] trials 8001–8500 (9 scenarios) done in 3.956327 mins
[00:43:17] trials 8501–9000 (9 scenarios) done in 3.926456 mins
[00:47:12] trials 9001–9500 (9 scenarios) done in 3.910679 mins
[00:51:34] trials 9501–10000 (9 scenarios) done in 4.377055 mins
[00:51:34] done
