run log: /home/user/dupilumab-sim/logs/pillar2_curvature_20260924T074144.log
  trial 250 (2000개 중) 07:42:50
  trial 500 (2000개 중) 07:43:55
  trial 750 (2000개 중) 07:44:58
  trial 1000 (2000개 중) 07:46:04
  trial 1250 (2000개 중) 07:47:06
  trial 1500 (2000개 중) 07:48:14
  trial 1750 (2000개 중) 07:49:23
  trial 2000 (2000개 중) 07:50:26
    scenario schedule        endpoint n_trials pass_rate  pass_lo   pass_hi
 1:     F090       B0            Cmax     2000     78.30 76.44014  80.05135
 2:     F090       B0         AUClast     2000     29.80 27.83576  31.84169
 3:     F090       B0 AUCinf_reliable     2000     37.75 35.65087  39.89610
 4:     F090       B0     AUCinf_true     2000     34.60 32.54653  36.71251
 5:    KE120       B0            Cmax     2000     99.90 99.63611  99.97257
 6:    KE120       B0         AUClast     2000     73.80 71.82855  75.68020
 7:    KE120       B0 AUCinf_reliable     2000     74.70 72.74863  76.55667
 8:    KE120       B0     AUCinf_true     2000     79.00 77.16018  80.72863
 9:     KM10       B0            Cmax     2000    100.00 99.80830 100.00000
10:     KM10       B0         AUClast     2000     99.60 99.21265  99.79718
11:     KM10       B0 AUCinf_reliable     2000     99.75 99.41608  99.89317
12:     KM10       B0     AUCinf_true     2000     99.85 99.55990  99.94897
13:      S00       B0            Cmax     2000    100.00 99.80830 100.00000
14:      S00       B0         AUClast     2000     99.80 99.48686  99.92220
15:      S00       B0 AUCinf_reliable     2000     99.60 99.21265  99.79718
16:      S00       B0     AUCinf_true     2000     99.95 99.71731  99.99117
17:    VM125       B0            Cmax     2000     99.90 99.63611  99.97257
18:    VM125       B0         AUClast     2000     55.50 53.31351  57.66540
19:    VM125       B0 AUCinf_reliable     2000     73.75 71.77746  75.63148
20:    VM125       B0     AUCinf_true     2000     64.85 62.73092  66.91215
     GMR_mean    GMR_lo    GMR_hi width_mean_pp n_R_mean n_T_mean
 1: 0.8863226 0.8847532 0.8878921      12.21277 117.0000 117.0000
 2: 0.8476561 0.8458905 0.8494218      13.70288 117.0000 117.0000
 3: 0.8565216 0.8547195 0.8583237      13.98913 105.9375 104.1875
 4: 0.8495570 0.8478725 0.8512414      13.06329 117.0000 117.0000
 5: 0.9635375 0.9618318 0.9652432      13.27402 117.0000 117.0000
 6: 0.8950034 0.8931400 0.8968667      14.42668 117.0000 117.0000
 7: 0.8972545 0.8953686 0.8991405      14.61397 105.9375 106.2280
 8: 0.8964050 0.8946280 0.8981819      13.74782 117.0000 117.0000
 9: 1.0010111 0.9992585 1.0027636      13.64229 117.0000 117.0000
10: 1.0079909 1.0059155 1.0100664      16.10773 117.0000 117.0000
11: 0.9939632 0.9918461 0.9960803      16.27011 105.9375 105.6525
12: 1.0057433 1.0037621 1.0077246      15.35319 117.0000 117.0000
13: 0.9999856 0.9982328 1.0017384      13.64408 117.0000 117.0000
14: 1.0004777 0.9984100 1.0025453      16.04725 117.0000 117.0000
15: 1.0008723 0.9987658 1.0029789      16.26312 105.9375 106.0575
16: 1.0001962 0.9982218 1.0021706      15.30006 117.0000 117.0000
17: 0.9659816 0.9642481 0.9677152      13.48245 117.0000 117.0000
18: 0.8756296 0.8737888 0.8774703      14.30608 117.0000 117.0000
19: 0.8968593 0.8949155 0.8988031      14.79336 105.9375 101.0380
20: 0.8807858 0.8790265 0.8825451      13.65403 117.0000 117.0000
   scenario schedule n_trials agree agree_lo agree_hi last_pass_inf_fail
1:     F090       B0     2000 86.35 84.77551 87.78512               2.85
2:    KE120       B0     2000 89.60 88.18537 90.86279               4.75
3:     KM10       B0     2000 99.65 99.27928 99.83036               0.10
4:      S00       B0     2000 99.70 99.34701 99.86244               0.25
5:    VM125       B0     2000 78.85 77.00582 80.58357               1.45
   last_pass_inf_fail_lo last_pass_inf_fail_hi last_fail_inf_pass
1:            2.20625161             3.6745260              10.80
2:            3.90140206             5.7720907               5.65
3:            0.02742789             0.3638934               0.25
4:            0.10683087             0.5839153               0.05
5:            1.01146773             2.0746776              19.70
   joint_last_cmax joint_last_cmax_lo joint_last_cmax_hi joint_3rel
1:           29.25           27.29760           31.28196      26.45
2:           73.80           71.82855           75.68020      69.05
3:           99.60           99.21265           99.79718      99.50
4:           99.80           99.48686           99.92220      99.55
5:           55.50           53.31351           57.66540      54.05
   joint_3rel_lo joint_3rel_hi joint_3all joint_3all_lo joint_3all_hi
1:      24.56345      28.42684      28.85      26.90643      30.87466
2:      66.98907      71.03789      72.80      70.80745      74.70513
3:      99.08203      99.72818      99.55      99.14695      99.76307
4:      99.14695      99.76307      99.75      99.41608      99.89317
5:      51.86021      56.22426      55.35      53.16308      57.51640
   cor_logGMR_last_infrel
1:              0.9128125
2:              0.9238852
3:              0.9249378
4:              0.9201869
5:              0.8970460
