run_name: products5000_base
started_utc: 2026-09-24 05:58:19
run_mode: final
master_seed: 20260923
seed_rule_version: 1
git_sha: c0187296e7dbb87b384cd75c5d5571f5b481294f
R_version: R version 4.3.3 (2024-02-29)
rxode2: 5.1.7
BEmaster: not installed
config_sha256:
  crossval_reference.yaml: 98c48f9b384b4bca9a998cfcd77e3c85dd5ea2ba4af4c3505118560e1f033f8d
  design_clot2021.yaml: 3c1ebdafce8d39185553fdcc9c9086d15a8a44b687caad8b718c72925618ff7f
  gate_decision.yaml: fec8e5a4376e78560e2945be2c69db22e63e6b6731a2413101efa1ac58cb1838
  nca_rules.yaml: 127297024e38ae75f49355bf87ce29574510ff68f83f606fefb12ae567594556
  params_k2020_model1.yaml: b6e3816238f158ab76cda1edfc4ce9ae49b53fdd4836de8be36bd64664dca96f
  params_typical.yaml: 0661b248227771273d5c58c86c61f35ef655fdeecebe3f188868fd61cff4b801
  params_variability.yaml: b849a4cc3acc6d47f9833392ac4f47ebacc6ad9fa79fcc5848628fd4b5aa99a9
  scenarios.yaml: 7243c4f34f21614eccae4c143ba05b8a9eb9183a76770cfce7153ef30a5dc17c
  schedule_decision.yaml: de62d815c54d33e4016ed7fdb535ede38ae9c0a6350ef8e7e0a26cb5dd9572b2
  trial_design.yaml: ff6424d371b8f6a6c9bfef3035cf242fa4c9c5c92819cfd699f0c467e8f605db
extra:
  variant: base
  scenarios: S00  ,F085 ,VM150,VM125,KE110,KE120,F110 ,F097 ,F090 
  n_base: 5000
  batch: 500
  cores: 3
session_info:
  R version 4.3.3 (2024-02-29)
  Platform: x86_64-pc-linux-gnu (64-bit)
  Running under: Ubuntu 24.04.4 LTS
  
  Matrix products: default
  BLAS:   /usr/lib/x86_64-linux-gnu/blas/libblas.so.3.12.0 
  LAPACK: /usr/lib/x86_64-linux-gnu/lapack/liblapack.so.3.12.0
  
  locale:
   [1] LC_CTYPE=C.UTF-8    LC_NUMERIC=C        LC_TIME=C          
   [4] LC_COLLATE=C        LC_MONETARY=C       LC_MESSAGES=C      
   [7] LC_PAPER=C          LC_NAME=C           LC_ADDRESS=C       
  [10] LC_TELEPHONE=C      LC_MEASUREMENT=C    LC_IDENTIFICATION=C
  
  time zone: Etc/UTC
  tzcode source: system (glibc)
  
  attached base packages:
  [1] stats     graphics  grDevices datasets  utils     methods   base     
  
  other attached packages:
  [1] digest_0.6.34      data.table_1.14.10 yaml_2.3.8        
  
  loaded via a namespace (and not attached):
  [1] compiler_4.3.3 tools_4.3.3    renv_1.2.4    
[06:02:02] batch 1–500 (S00,F085,VM150,VM125,KE110,KE120,F110,F097,F090) done
[06:05:56] batch 501–1000 (S00,F085,VM150,VM125,KE110,KE120,F110,F097,F090) done
[06:10:01] batch 1001–1500 (S00,F085,VM150,VM125,KE110,KE120,F110,F097,F090) done
[06:13:42] batch 1501–2000 (S00,F085,VM150,VM125,KE110,KE120,F110,F097,F090) done
[06:17:39] batch 2001–2500 (S00,F085,VM150,VM125,KE110,KE120,F110,F097,F090) done
[06:21:51] batch 2501–3000 (S00,F085,VM150,VM125,KE110,KE120,F110,F097,F090) done
[06:25:39] batch 3001–3500 (S00,F085,VM150,VM125,KE110,KE120,F110,F097,F090) done
[06:29:22] batch 3501–4000 (S00,F085,VM150,VM125,KE110,KE120,F110,F097,F090) done
[06:33:03] batch 4001–4500 (S00,F085,VM150,VM125,KE110,KE120,F110,F097,F090) done
[06:36:44] batch 4501–5000 (S00,F085,VM150,VM125,KE110,KE120,F110,F097,F090) done
[06:36:45] escalate to 10000: VM150
[06:37:52] batch 5001–5500 (S00,VM150) done
[06:39:01] batch 5501–6000 (S00,VM150) done
[06:40:10] batch 6001–6500 (S00,VM150) done
[06:41:19] batch 6501–7000 (S00,VM150) done
[06:42:27] batch 7001–7500 (S00,VM150) done
[06:43:37] batch 7501–8000 (S00,VM150) done
[06:44:45] batch 8001–8500 (S00,VM150) done
[06:45:54] batch 8501–9000 (S00,VM150) done
[06:47:03] batch 9001–9500 (S00,VM150) done
[06:48:10] batch 9501–10000 (S00,VM150) done
[06:48:11] escalate to 20000: VM150
[06:49:18] batch 10001–10500 (S00,VM150) done
[06:50:26] batch 10501–11000 (S00,VM150) done
[06:51:35] batch 11001–11500 (S00,VM150) done
[06:52:43] batch 11501–12000 (S00,VM150) done
[06:53:51] batch 12001–12500 (S00,VM150) done
[06:55:00] batch 12501–13000 (S00,VM150) done
[06:56:09] batch 13001–13500 (S00,VM150) done
[06:57:17] batch 13501–14000 (S00,VM150) done
[06:58:25] batch 14001–14500 (S00,VM150) done
[06:59:34] batch 14501–15000 (S00,VM150) done
[07:00:44] batch 15001–15500 (S00,VM150) done
[07:01:55] batch 15501–16000 (S00,VM150) done
[07:03:05] batch 16001–16500 (S00,VM150) done
[07:04:17] batch 16501–17000 (S00,VM150) done
[07:05:28] batch 17001–17500 (S00,VM150) done
[07:06:39] batch 17501–18000 (S00,VM150) done
[07:07:50] batch 18001–18500 (S00,VM150) done
[07:08:59] batch 18501–19000 (S00,VM150) done
[07:10:08] batch 19001–19500 (S00,VM150) done
[07:11:18] batch 19501–20000 (S00,VM150) done
[07:11:19] done
