run_name: products5000_base
started_utc: 2026-09-24 15:30:53
run_mode: final
master_seed: 20260923
seed_rule_version: 1
git_sha: 96c83829caddf40b707045713a8dbca978521412
R_version: R version 4.3.3 (2024-02-29)
rxode2: 5.1.7
BEmaster: not installed
config_sha256:
  crossval_reference.yaml: 7a0aa327432c1978f539f74910d53125dacc54f1455cb02a7fdb0d4a65e73988
  design_clot2021.yaml: 4b3ddc374dfbf3f451d3fe3d6a865645b0b5d93b0ea7eea9a3f24cd8d2f05da5
  gate_decision.yaml: fec8e5a4376e78560e2945be2c69db22e63e6b6731a2413101efa1ac58cb1838
  nca_rules.yaml: 0f53d9e003bf1df504df24201f06301cabe423babd1078def5c5a4b3b2c1db94
  oc_design.yaml: 629011b264fbc4c3f03f8a3989bac1f2711d49959f3268f5e8f758c80f93ea0a
  params_k2020_model1.yaml: b6e3816238f158ab76cda1edfc4ce9ae49b53fdd4836de8be36bd64664dca96f
  params_typical.yaml: 0661b248227771273d5c58c86c61f35ef655fdeecebe3f188868fd61cff4b801
  params_variability.yaml: b849a4cc3acc6d47f9833392ac4f47ebacc6ad9fa79fcc5848628fd4b5aa99a9
  scenarios.yaml: 7243c4f34f21614eccae4c143ba05b8a9eb9183a76770cfce7153ef30a5dc17c
  schedule_decision.yaml: de62d815c54d33e4016ed7fdb535ede38ae9c0a6350ef8e7e0a26cb5dd9572b2
  trial_design.yaml: ff6424d371b8f6a6c9bfef3035cf242fa4c9c5c92819cfd699f0c467e8f605db
extra:
  variant: base
  scenarios: S00  ,F085 ,VM150,VM125,KE110,KE120,F110 ,F097 ,F090 
  n_base: 5000
  batch: 500
  cores: 3
session_info:
  R version 4.3.3 (2024-02-29)
  Platform: x86_64-pc-linux-gnu (64-bit)
  Running under: Ubuntu 24.04.4 LTS
  
  Matrix products: default
  BLAS:   /usr/lib/x86_64-linux-gnu/blas/libblas.so.3.12.0 
  LAPACK: /usr/lib/x86_64-linux-gnu/lapack/liblapack.so.3.12.0
  
  locale:
   [1] LC_CTYPE=C.UTF-8       LC_NUMERIC=C           LC_TIME=C.UTF-8       
   [4] LC_COLLATE=C.UTF-8     LC_MONETARY=C.UTF-8    LC_MESSAGES=C.UTF-8   
   [7] LC_PAPER=C.UTF-8       LC_NAME=C              LC_ADDRESS=C          
  [10] LC_TELEPHONE=C         LC_MEASUREMENT=C.UTF-8 LC_IDENTIFICATION=C   
  
  time zone: Etc/UTC
  tzcode source: system (glibc)
  
  attached base packages:
  [1] stats     graphics  grDevices datasets  utils     methods   base     
  
  other attached packages:
  [1] digest_0.6.34      data.table_1.14.10 yaml_2.3.8        
  
  loaded via a namespace (and not attached):
  [1] compiler_4.3.3 tools_4.3.3    renv_1.2.4    
[15:42:59] batch 1–500 (S00,F085,VM150,VM125,KE110,KE120,F110,F097,F090) done
[15:54:56] batch 501–1000 (S00,F085,VM150,VM125,KE110,KE120,F110,F097,F090) done
[16:07:01] batch 1001–1500 (S00,F085,VM150,VM125,KE110,KE120,F110,F097,F090) done
[16:19:08] batch 1501–2000 (S00,F085,VM150,VM125,KE110,KE120,F110,F097,F090) done
[16:31:01] batch 2001–2500 (S00,F085,VM150,VM125,KE110,KE120,F110,F097,F090) done
[16:43:00] batch 2501–3000 (S00,F085,VM150,VM125,KE110,KE120,F110,F097,F090) done
[16:54:53] batch 3001–3500 (S00,F085,VM150,VM125,KE110,KE120,F110,F097,F090) done
[17:07:04] batch 3501–4000 (S00,F085,VM150,VM125,KE110,KE120,F110,F097,F090) done
[17:19:16] batch 4001–4500 (S00,F085,VM150,VM125,KE110,KE120,F110,F097,F090) done
[17:31:01] batch 4501–5000 (S00,F085,VM150,VM125,KE110,KE120,F110,F097,F090) done
[17:31:02] escalate to 10000: VM150,F110
[17:35:51] batch 5001–5500 (S00,VM150,F110) done
[17:40:48] batch 5501–6000 (S00,VM150,F110) done
[17:45:40] batch 6001–6500 (S00,VM150,F110) done
[17:50:32] batch 6501–7000 (S00,VM150,F110) done
[17:55:25] batch 7001–7500 (S00,VM150,F110) done
[18:00:10] batch 7501–8000 (S00,VM150,F110) done
[18:04:59] batch 8001–8500 (S00,VM150,F110) done
[18:09:48] batch 8501–9000 (S00,VM150,F110) done
[18:14:46] batch 9001–9500 (S00,VM150,F110) done
[18:19:40] batch 9501–10000 (S00,VM150,F110) done
[18:19:41] escalate to 20000: VM150,F110
[18:24:42] batch 10001–10500 (S00,VM150,F110) done
[18:29:57] batch 10501–11000 (S00,VM150,F110) done
[18:35:09] batch 11001–11500 (S00,VM150,F110) done
[18:40:07] batch 11501–12000 (S00,VM150,F110) done
[18:45:00] batch 12001–12500 (S00,VM150,F110) done
[18:49:51] batch 12501–13000 (S00,VM150,F110) done
[18:54:37] batch 13001–13500 (S00,VM150,F110) done
[18:59:00] batch 13501–14000 (S00,VM150,F110) done
[19:04:10] batch 14001–14500 (S00,VM150,F110) done
[19:09:10] batch 14501–15000 (S00,VM150,F110) done
[19:14:05] batch 15001–15500 (S00,VM150,F110) done
[19:19:05] batch 15501–16000 (S00,VM150,F110) done
[19:24:07] batch 16001–16500 (S00,VM150,F110) done
[19:28:59] batch 16501–17000 (S00,VM150,F110) done
[19:33:55] batch 17001–17500 (S00,VM150,F110) done
[19:39:02] batch 17501–18000 (S00,VM150,F110) done
[19:44:10] batch 18001–18500 (S00,VM150,F110) done
[19:49:15] batch 18501–19000 (S00,VM150,F110) done
[19:54:24] batch 19001–19500 (S00,VM150,F110) done
[19:59:14] batch 19501–20000 (S00,VM150,F110) done
[19:59:16] done
