[====|====|====|====|====|====|====|====|====|====] 0:00:08 

[====|====|====|====|====|====|====|====|====|====] 0:00:08 

[====|====|====|====|====|====|====|====|====|====] 0:00:08 

[====|====|====|====|====|====|====|====|====|====] 0:00:08 

[====|====|====|====|====|====|====|====|====|====] 0:00:08 

[====|====|====|====|====|====|====|====|====|====] 0:00:08 

[====|====|====|====|====|====|====|====|====|====] 0:00:08 

[====|====|====|====|====|====|====|====|====|====] 0:00:08 

[====|====|====|====|====|====|====|====|====|====] 0:00:08 

[====|====|====|====|====|====|====|====|====|====] 0:00:08 

[====|====|====|====|====|====|====|====|====|====] 0:00:08 

[====|====|====|====|====|====|====|====|====|====] 0:00:08 

[====|====|====|====|====|====|====|====|====|====] 0:00:08 

[====|====|====|====|====|====|====|====|====|====] 0:00:08 

[====|====|====|====|====|====|====|====|====|====] 0:00:08 

[====|====|====|====|====|====|====|====|====|====] 0:00:08 

[====|====|====|====|====|====|====|====|====|====] 0:00:08 

[====|====|====|====|====|====|====|====|====|====] 0:00:08 

      study       arm    70    74    78    82    86    90
1:  HV-1108 reference 1.298 1.221 1.143 1.091 1.035 0.992
2:  HV-1108      test 1.092 1.027 0.961 0.917 0.871 0.835
3: PKM12350 reference 1.383 1.300 1.226 1.168 1.104 1.052
4: PKM12350      test 1.418 1.334 1.257 1.198 1.132 1.079
5: PKM14161 reference 1.200 1.127 1.064 1.001 0.961 0.911
6: PKM14161      test 1.176 1.104 1.042 0.981 0.941 0.892
