run log: /home/user/dupilumab-sim/logs/absorption_diagnostic_20260924T133734.log
[====|====|====|====|====|====|====|====|====|====] 0:00:09 

[====|====|====|====|====|====|====|====|====|====] 0:00:09 

[====|====|====|====|====|====|====|====|====|====] 0:00:09 

[====|====|====|====|====|====|====|====|====|====] 0:00:10 

[====|====|====|====|====|====|====|====|====|====] 0:00:09 

[====|====|====|====|====|====|====|====|====|====] 0:00:09 

[====|====|====|====|====|====|====|====|====|====] 0:00:10 

[====|====|====|====|====|====|====|====|====|====] 0:00:11 

[====|====|====|====|====|====|====|====|====|====] 0:00:10 


부록: 제형 흡수 진단 (채택 아님)
          condition ka_multiplier Cmax_sim_mean tmax_sim_median
1:       cohen_like           1.0          20.5               7
2:       cohen_like           1.5          23.9               3
3:       cohen_like           2.0          26.3               3
4:       cohen_like           3.0          29.4               3
5:    pkm14271_like           1.0          21.4               7
6:    pkm14271_like           1.5          25.0               3
7:    pkm14271_like           2.0          27.4               3
8:    pkm14271_like           3.0          30.6               3
9: nonasian300_like           1.0          35.6               7
   AUClast_sim_mean AUClast_obs_nweighted AUClast_ratio_nweighted
1:              260                   297                   0.874
2:              279                   297                   0.939
3:              289                   297                   0.971
4:              298                   297                   1.003
5:              278                   331                   0.840
6:              298                   331                   0.899
7:              307                   331                   0.928
8:              317                   331                   0.957
9:              569                   544                   1.047
   Cmax_ratio_nweighted
1:                0.975
2:                1.140
3:                1.251
4:                1.399
5:                0.931
6:                1.087
7:                1.192
8:                1.330
9:                1.114

관측 용량 형태 비(AUClast/mg, 200 vs 300 mg):
                   basis AUClast_200 n_200 AUClast_300 ratio_per_mg
1: 200 mg 4개 arm n 가중     305.227   163         544    0.8416185
2:    PKM14271 Test 단독     339.000    19         544    0.9347426

모델 용량 형태 비(200 mg 조건만 ka 배율, 채택 아님):
   ka_multiplier AUClast_200_sim AUClast_300_sim ratio_per_mg
1:           1.0        264.2051        569.4117    0.6959948
2:           1.5        283.5592        569.4117    0.7469794
3:           2.0        293.0959        569.4117    0.7721018
4:           3.0        302.5237        569.4117    0.7969374
   AUClast_200_sim_pkm_only ratio_per_mg_pkm_only
1:                 277.9385             0.7321728
2:                 297.5942             0.7839517
3:                 307.2562             0.8094042
4:                 316.7907             0.8345211
