[====|====|====|====|====|====|====|====|====|====] 0:00:05 

[====|====|====|====|====|====|====|====|====|====] 0:00:05 

[====|====|====|====|====|====|====|====|====|====] 0:00:05 

[====|====|====|====|====|====|====|====|====|====] 0:00:05 

[====|====|====|====|====|====|====|====|====|====] 0:00:05 

[====|====|====|====|====|====|====|====|====|====] 0:00:05 

[====|====|====|====|====|====|====|====|====|====] 0:00:05 

[====|====|====|====|====|====|====|====|====|====] 0:00:05 

[====|====|====|====|====|====|====|====|====|====] 0:00:05 

[====|====|====|====|====|====|====|====|====|====] 0:00:05 

[====|====|====|====|====|====|====|====|====|====] 0:00:05 

[====|====|====|====|====|====|====|====|====|====] 0:00:05 

[====|====|====|====|====|====|====|====|====|====] 0:00:05 

[====|====|====|====|====|====|====|====|====|====] 0:00:05 

[====|====|====|====|====|====|====|====|====|====] 0:00:05 

[====|====|====|====|====|====|====|====|====|====] 0:00:05 

[====|====|====|====|====|====|====|====|====|====] 0:00:05 

[====|====|====|====|====|====|====|====|====|====] 0:00:05 

      study       arm    70    74    78    82    86    90
1:  HV-1108 reference 1.198 1.126 1.053 1.005 0.951 0.912
2:  HV-1108      test 1.008 0.947 0.886 0.846 0.800 0.767
3: PKM12350 reference 1.277 1.198 1.130 1.074 1.015 0.968
4: PKM12350      test 1.310 1.228 1.159 1.101 1.041 0.993
5: PKM14161 reference 1.106 1.039 0.979 0.922 0.883 0.837
6: PKM14161      test 1.084 1.018 0.959 0.903 0.865 0.820
