run log: /home/user/dupilumab-sim/logs/step1_diagnostics_20260924T133716.log

1) 용량 정규화 비교:
                                            comparison    observed   simulated
1: 비아시아인 ≈80 kg: 200 mg vs 300 mg (AUClast/mg 비)   0.9347426   0.7315647
2:     중국인 ≈59 kg: 600 mg vs 300 mg (AUClast/mg 비)   1.3320707   1.3809719
3:    Cohen 2022 두 arm 평균 vs 모의 (200 mg, 80.6 kg) 297.5000000 261.5786826
   sim_over_obs
1:    0.7826376
2:    1.0367106
3:    0.8792561

2) 실패 데이터셋의 확정 전 가정 민감도 (AUClast 모의/관측):
            variant cohen2022_200_armA cohen2022_200_armB pkm14271_200_nonasian
 1:   bounds_40_150              0.852              0.947                 0.801
 2:       lloq_0.02              0.851              0.928                 0.839
 3:       lloq_0.05              0.841              0.920                 0.829
 4:   sched_B0_to42              0.845              0.922                 0.833
 5: sched_clot_to56              0.837              0.916                 0.827
 6:         wtSD_10              0.831              0.899                 0.819
 7:         wtSD_12              0.821              0.900                 0.843
 8:         wtSD_14              0.817              0.898                 0.859
 9:          wtSD_6              0.841              0.932                 0.793
10:          wtSD_8              0.834              0.914                 0.802

3) 대안 모델 gate (AUClast 모의/관측):
                          id  base iiv150 struct2020
1:           clot300_chinese 0.935  0.940      0.997
2: clot300_japanese_TDU12265 0.992  1.008      1.057
3:   clot300_nonasian_pooled 1.049  1.063      1.127
4:           clot600_chinese 0.969  0.975      1.015
5:          clot600_japanese 1.075  1.072      1.118
6:        cohen2022_200_armA 0.839  0.846      0.893
7:        cohen2022_200_armB 0.923  0.921      0.975
8:     pkm14271_200_nonasian 0.821  0.823      0.879
   log-CV:
                          id base iiv150 struct2020
1:           clot300_chinese 40.2   49.7       40.7
2: clot300_japanese_TDU12265 40.9   50.1       40.4
3:   clot300_nonasian_pooled 41.3   52.5       40.8
4:           clot600_chinese 35.8   42.5       35.0
5:          clot600_japanese 36.4   43.9       36.2
6:        cohen2022_200_armA 47.1   62.6       45.8
7:        cohen2022_200_armB 46.4   60.7       45.6
8:     pkm14271_200_nonasian 48.4   62.8       46.1
   통과 여부(평균·CV):
      variant all_mean all_cv n_fail_mean
1:       base    FALSE   TRUE           2
2: struct2020     TRUE   TRUE           0
3:     iiv150    FALSE  FALSE           2

4) 대표 개체 프로파일:
   dose   WT     Cmax tmax t_cross_lloq AUC_0_14 AUC_14_inf AUCinf_true
1:  200 80.0 19.23040  5.5        27.50 212.2422   70.41514    282.6573
2:  300 78.0 31.61950  6.0        36.75 358.5336  210.05971    568.5933
3:  300 60.0 38.93966  6.0        41.25 444.6655  312.87475    757.5402
4:  600 58.3 84.22199  6.5        61.25 975.6386 1125.19791   2100.8365
   frac_after_d14
1:      0.2491184
2:      0.3694375
3:      0.4130140
4:      0.5355952

5) 용량 형태 진단 (AUClast/mg 비; 채택 아님):
                 variant ratio_200v300_nonasian ratio_600v300_chinese
 1:             OBSERVED                  0.935                  1.33
 2:              Km_x0.5                  0.733                  1.40
 3:               Km_x10                  0.744                  1.39
 4:                Km_x2                  0.734                  1.39
 5:                Km_x5                  0.725                  1.38
 6: MM_not_weight_scaled                  0.741                  1.45
 7:            Vmax_x0.8                  0.761                  1.30
 8:           Vmax_x1.25                  0.693                  1.48
 9:                 base                  0.726                  1.40
10:           struct2020                  0.737                  1.37
    pkm200_sim_obs nonasian300_sim_obs chinese300_sim_obs chinese600_sim_obs
 1:             NA                  NA                 NA                 NA
 2:          0.822               1.048              0.926              0.976
 3:          0.837               1.052              0.939              0.979
 4:          0.826               1.052              0.929              0.972
 5:          0.819               1.057              0.935              0.967
 6:          0.829               1.046              0.847              0.924
 7:          0.970               1.192              1.056              1.031
 8:          0.674               0.909              0.820              0.912
 9:          0.812               1.046              0.923              0.968
10:          0.880               1.117              0.993              1.019
