    analysis      condition                 metric ref_8000 sim_20000
 1:      5-1    Km ×0.5–×10 extrap_true_median_min    0.380     0.400
 2:      5-1    Km ×0.5–×10 extrap_true_median_max    0.670     0.669
 3:      5-1    Km ×0.5–×10    extrap_true_p95_min    2.600     2.790
 4:      5-1    Km ×0.5–×10    extrap_true_p95_max    3.500     3.667
 5:      5-1    Km ×0.5–×10  coverage_lt80_pct_max    0.000     0.000
 6:      5-1   vmax080_both     extrap_true_median    0.530     0.530
 7:      5-1   vmax080_both        extrap_true_p95    2.630     2.799
 8:      5-1   vmax080_both      coverage_lt80_pct    0.000     0.000
 9:      5-1   vmax050_both     extrap_true_median    0.620     0.632
10:      5-1   vmax050_both        extrap_true_p95    6.520     6.414
11:      5-1   vmax050_both        extrap_true_max   31.700    23.076
12:      5-1   vmax050_both      coverage_lt80_pct    0.110     0.035
13:      6-1   (a) 40-60 kg     extrap_true_median    0.500     0.506
14:      6-1   (a) 40-60 kg        extrap_true_p95    2.530     2.694
15:      6-1   (a) 40-60 kg      coverage_lt80_pct    0.012     0.005
16:      6-1   (a) 40-60 kg           reliable_pct   90.900    90.805
17:      6-1   (a) 40-60 kg        lambda_fail_pct    0.380     0.230
18:      6-1   (a) 60-75 kg     extrap_true_median    0.590     0.611
19:      6-1   (a) 60-75 kg        extrap_true_p95    3.030     3.241
20:      6-1   (a) 60-75 kg      coverage_lt80_pct    0.000     0.000
21:      6-1   (a) 60-75 kg           reliable_pct   87.400    88.065
22:      6-1   (a) 60-75 kg        lambda_fail_pct    1.040     0.745
23:      6-1   (a) 75-90 kg     extrap_true_median    0.720     0.739
24:      6-1   (a) 75-90 kg        extrap_true_p95    3.780     4.027
25:      6-1   (a) 75-90 kg      coverage_lt80_pct    0.000     0.000
26:      6-1   (a) 75-90 kg           reliable_pct   84.900    84.410
27:      6-1   (a) 75-90 kg        lambda_fail_pct    1.940     1.895
28:      6-1  (a) 90-110 kg     extrap_true_median    0.910     0.900
29:      6-1  (a) 90-110 kg        extrap_true_p95    4.790     5.209
30:      6-1  (a) 90-110 kg      coverage_lt80_pct    0.000     0.000
31:      6-1  (a) 90-110 kg           reliable_pct   79.700    80.350
32:      6-1  (a) 90-110 kg        lambda_fail_pct    3.160     3.520
33:      6-1 (a) 110-130 kg     extrap_true_median    1.120     1.126
34:      6-1 (a) 110-130 kg        extrap_true_p95    6.080     6.646
35:      6-1 (a) 110-130 kg      coverage_lt80_pct    0.000     0.000
36:      6-1 (a) 110-130 kg           reliable_pct   76.000    75.380
37:      6-1 (a) 110-130 kg        lambda_fail_pct    5.740     5.825
38:      6-1 (a) 130-150 kg     extrap_true_median    1.390     1.404
39:      6-1 (a) 130-150 kg        extrap_true_p95    7.780     8.464
40:      6-1 (a) 130-150 kg      coverage_lt80_pct    0.000     0.010
41:      6-1 (a) 130-150 kg           reliable_pct   71.200    70.850
42:      6-1 (a) 130-150 kg        lambda_fail_pct    8.110     8.515
43:      6-1 (a) 130-150 kg            AUClast_geo  254.000   250.575
44:      6-1 (c) 130-150 kg     extrap_true_median    1.420     1.563
45:      6-1 (c) 130-150 kg        extrap_true_p95    8.570     9.205
46:      6-1 (c) 130-150 kg      coverage_lt80_pct    0.000     0.000
47:      6-1 (c) 130-150 kg           reliable_pct   70.400    69.735
48:      6-1 (c) 130-150 kg        lambda_fail_pct    8.920     9.465
49:      6-1 (c) 130-150 kg            AUClast_geo  228.000   226.943
50:      6-1  (d) 90-110 kg     extrap_true_median    1.020     1.020
51:      6-1  (d) 90-110 kg        extrap_true_p95    5.360     5.650
52:      6-1  (d) 90-110 kg      coverage_lt80_pct    0.000     0.005
53:      6-1  (d) 90-110 kg           reliable_pct   78.900    79.270
54:      6-1  (d) 90-110 kg        lambda_fail_pct    4.120     4.370
55:      6-1 (d) 110-130 kg     extrap_true_median    1.360     1.376
56:      6-1 (d) 110-130 kg        extrap_true_p95    7.260     8.136
57:      6-1 (d) 110-130 kg      coverage_lt80_pct    0.000     0.015
58:      6-1 (d) 110-130 kg           reliable_pct   73.600    72.640
59:      6-1 (d) 110-130 kg        lambda_fail_pct    7.690     7.865
60:      6-1 (d) 130-150 kg     extrap_true_median    1.680     1.796
61:      6-1 (d) 130-150 kg        extrap_true_p95    9.680     9.910
62:      6-1 (d) 130-150 kg      coverage_lt80_pct    0.012     0.010
63:      6-1 (d) 130-150 kg           reliable_pct   67.300    65.625
64:      6-1 (d) 130-150 kg        lambda_fail_pct   10.810    11.590
65:      6-1 (d) 130-150 kg            AUClast_geo  199.000   198.474
    analysis      condition                 metric ref_8000 sim_20000
    sim_20000_nojitter  abs_diff rel_diff_pct
 1:                 NA  1.99e-02      5.23807
 2:                 NA -5.46e-04     -0.08148
 3:                 NA  1.90e-01      7.30968
 4:                 NA  1.67e-01      4.78521
 5:                 NA  0.00e+00           NA
 6:                 NA  3.07e-05      0.00578
 7:                 NA  1.69e-01      6.42500
 8:                 NA  0.00e+00           NA
 9:                 NA  1.16e-02      1.87415
10:                 NA -1.06e-01     -1.62948
11:                 NA -8.62e+00    -27.20588
12:                 NA -7.50e-02    -68.18182
13:              0.507  6.07e-03      1.21472
14:              2.574  1.64e-01      6.46272
15:              0.005 -7.00e-03    -58.33333
16:             90.815 -9.50e-02     -0.10451
17:              0.230 -1.50e-01    -39.47368
18:              0.610  2.14e-02      3.62121
19:              2.992  2.11e-01      6.97123
20:              0.000  0.00e+00           NA
21:             87.945  6.65e-01      0.76087
22:              0.750 -2.95e-01    -28.36538
23:              0.735  1.92e-02      2.66269
24:              3.857  2.47e-01      6.54513
25:              0.000  0.00e+00           NA
26:             84.755 -4.90e-01     -0.57715
27:              1.755 -4.50e-02     -2.31959
28:                 NA -9.53e-03     -1.04736
29:                 NA  4.19e-01      8.74233
30:                 NA  0.00e+00           NA
31:                 NA  6.50e-01      0.81556
32:                 NA  3.60e-01     11.39241
33:                 NA  5.71e-03      0.50943
34:                 NA  5.66e-01      9.30249
35:                 NA  0.00e+00           NA
36:                 NA -6.20e-01     -0.81579
37:                 NA  8.50e-02      1.48084
38:              1.407  1.43e-02      1.03062
39:              8.051  6.84e-01      8.79297
40:              0.000  1.00e-02           NA
41:             71.370 -3.50e-01     -0.49157
42:              8.355  4.05e-01      4.99383
43:            250.886 -3.42e+00     -1.34833
44:                 NA  1.43e-01     10.05047
45:                 NA  6.35e-01      7.41326
46:                 NA  0.00e+00           NA
47:                 NA -6.65e-01     -0.94460
48:                 NA  5.45e-01      6.10987
49:                 NA -1.06e+00     -0.46373
50:                 NA  3.97e-04      0.03890
51:                 NA  2.90e-01      5.41749
52:                 NA  5.00e-03           NA
53:                 NA  3.70e-01      0.46895
54:                 NA  2.50e-01      6.06796
55:                 NA  1.61e-02      1.18656
56:                 NA  8.76e-01     12.06087
57:                 NA  1.50e-02           NA
58:                 NA -9.60e-01     -1.30435
59:                 NA  1.75e-01      2.27568
60:                 NA  1.16e-01      6.90854
61:                 NA  2.30e-01      2.38031
62:                 NA -2.00e-03    -16.66667
63:                 NA -1.67e+00     -2.48886
64:                 NA  7.80e-01      7.21554
65:                 NA -5.26e-01     -0.26429
    sim_20000_nojitter  abs_diff rel_diff_pct
                                            note
 1:                                             
 2:                                             
 3:                                             
 4:                                             
 5: 희귀 사건·극값: 표본 수 차이로 변동 큼(참고)
 6:                                             
 7:                                             
 8: 희귀 사건·극값: 표본 수 차이로 변동 큼(참고)
 9:                                             
10:                                             
11: 희귀 사건·극값: 표본 수 차이로 변동 큼(참고)
12: 희귀 사건·극값: 표본 수 차이로 변동 큼(참고)
13:                                             
14:                                             
15: 희귀 사건·극값: 표본 수 차이로 변동 큼(참고)
16:                                             
17:                                             
18:                                             
19:                                             
20: 희귀 사건·극값: 표본 수 차이로 변동 큼(참고)
21:                                             
22:                                             
23:                                             
24:                                             
25: 희귀 사건·극값: 표본 수 차이로 변동 큼(참고)
26:                                             
27:                                             
28:                                             
29:                                             
30: 희귀 사건·극값: 표본 수 차이로 변동 큼(참고)
31:                                             
32:                                             
33:                                             
34:                                             
35: 희귀 사건·극값: 표본 수 차이로 변동 큼(참고)
36:                                             
37:                                             
38:                                             
39:                                             
40: 희귀 사건·극값: 표본 수 차이로 변동 큼(참고)
41:                                             
42:                                             
43:                                             
44:                                             
45:                                             
46: 희귀 사건·극값: 표본 수 차이로 변동 큼(참고)
47:                                             
48:                                             
49:                                             
50:                                             
51:                                             
52: 희귀 사건·극값: 표본 수 차이로 변동 큼(참고)
53:                                             
54:                                             
55:                                             
56:                                             
57: 희귀 사건·극값: 표본 수 차이로 변동 큼(참고)
58:                                             
59:                                             
60:                                             
61:                                             
62: 희귀 사건·극값: 표본 수 차이로 변동 큼(참고)
63:                                             
64:                                             
65:                                             
                                            note
|상대 차이| ≤ 10%: 46 / 55 (희귀 사건·극값 제외 46 / 51)
