- The project is out-of-sync -- use `renv::status()` for details.
There were 14 warnings (use warnings() to see them)
`geom_line()`: Each group consists of only one observation.
ℹ Do you need to adjust the group aesthetic?
`geom_line()`: Each group consists of only one observation.
ℹ Do you need to adjust the group aesthetic?
Warning messages:
1: Removed 2 rows containing missing values (`geom_bar()`). 
2: Removed 2 rows containing missing values (`geom_bar()`). 
3: Removed 2 rows containing missing values (`geom_bar()`). 
4: Removed 2 rows containing missing values (`geom_bar()`). 
summary written
    model mechanism direction target config pass_pct     lo      hi
 1: k2016         F      down   0.80     P2     3.71  3.357  4.0986
 2: k2016         F      down   0.80    F3A     2.69  2.391  3.0257
 3: k2016         F      down   0.80    F3C     3.51  3.167  3.8889
 4: k2016         F      down   0.80     G2     7.35  6.855  7.8780
 5: k2016         F        up   1.25     P2     3.24  2.911  3.6054
 6: k2016         F        up   1.25    F3A     2.63  2.334  2.9623
 7: k2016         F        up   1.25    F3C     3.14  2.816  3.5002
 8: k2016         F        up   1.25     G2     7.40  6.903  7.9296
 9: k2016        V2        up   0.80     P2     3.97  3.605  4.3707
10: k2016        V2        up   0.80    F3A     1.96  1.706  2.2507
11: k2016        V2        up   0.80    F3C     3.35  3.015  3.7210
12: k2016        V2        up   0.80     G2     4.03  3.662  4.4334
13: k2016      Vmax      down   1.25     P2     2.67  2.372  3.0046
14: k2016      Vmax      down   1.25    F3A     2.65  2.353  2.9834
15: k2016      Vmax      down   1.25    F3C     2.64  2.343  2.9729
16: k2016      Vmax      down   1.25     G2    24.58 23.746 25.4335
17: k2016      Vmax        up   0.80     P2     2.25  1.977  2.5595
18: k2016      Vmax        up   0.80    F3A     2.07  1.809  2.3680
19: k2016      Vmax        up   0.80    F3C     2.06  1.799  2.3574
20: k2016      Vmax        up   0.80     G2    22.46 21.653 23.2884
21: k2016        ka      down   0.80     P2     0.00  0.000  0.0384
22: k2016        ka      down   0.80    F3A     0.00  0.000  0.0384
23: k2016        ka      down   0.80    F3C     0.00  0.000  0.0384
24: k2016        ka      down   0.80     G2     0.00  0.000  0.0384
25: k2016        ke      down   1.25     P2     3.37  3.034  3.7420
26: k2016        ke      down   1.25    F3A     2.24  1.968  2.5489
27: k2016        ke      down   1.25    F3C     3.23  2.901  3.5949
28: k2016        ke      down   1.25     G2     6.95  6.468  7.4651
29: k2016        ke        up   0.80     P2     3.67  3.319  4.0567
30: k2016        ke        up   0.80    F3A     2.29  2.015  2.6020
31: k2016        ke        up   0.80    F3C     3.47  3.129  3.8470
32: k2016        ke        up   0.80     G2     5.71  5.272  6.1820
33: k2020         F      down   0.80     P2     3.70  3.347  4.0881
34: k2020         F      down   0.80    F3A     3.03  2.712  3.3844
35: k2020         F      down   0.80    F3C     3.56  3.214  3.9414
36: k2020         F      down   0.80     G2     8.33  7.804  8.8877
37: k2020         F        up   1.25     P2     3.41  3.072  3.7840
38: k2020         F        up   1.25    F3A     2.67  2.372  3.0046
39: k2020         F        up   1.25    F3C     3.26  2.929  3.6264
40: k2020         F        up   1.25     G2     7.88  7.368  8.4244
41: k2020        V2        up   0.80     P2     5.18  4.881  5.4958
42: k2020        V2        up   0.80    F3A     0.95  0.825  1.0942
43: k2020        V2        up   0.80    F3C     4.75  4.469  5.0587
44: k2020        V2        up   0.80     G2     1.06  0.927  1.2116
45: k2020      Vmax      down   1.25     P2     2.72  2.419  3.0574
46: k2020      Vmax      down   1.25    F3A     2.71  2.409  3.0469
47: k2020      Vmax      down   1.25    F3C     2.72  2.419  3.0574
48: k2020      Vmax      down   1.25     G2    27.60 26.733 28.4846
49: k2020      Vmax        up   0.80     P2     2.76  2.457  3.0997
50: k2020      Vmax        up   0.80    F3A     2.64  2.343  2.9729
51: k2020      Vmax        up   0.80    F3C     2.72  2.419  3.0574
52: k2020      Vmax        up   0.80     G2    23.29 22.472 24.1286
53: k2020        ka      down   0.80     P2     0.00  0.000  0.0384
54: k2020        ka      down   0.80    F3A     0.00  0.000  0.0384
55: k2020        ka      down   0.80    F3C     0.00  0.000  0.0384
56: k2020        ka      down   0.80     G2     0.00  0.000  0.0384
57: k2020        ke      down   1.25     P2     3.68  3.328  4.0671
58: k2020        ke      down   1.25    F3A     2.80  2.494  3.1419
59: k2020        ke      down   1.25    F3C     3.58  3.233  3.9623
60: k2020        ke      down   1.25     G2    10.02  9.447 10.6240
61: k2020        ke        up   0.80     P2     3.77  3.414  4.1614
62: k2020        ke        up   0.80    F3A     2.54  2.249  2.8671
63: k2020        ke        up   0.80    F3C     3.65  3.300  4.0357
64: k2020        ke        up   0.80     G2     5.88  5.436  6.3582
    model mechanism direction target config pass_pct     lo      hi
**P2(AUClast + Cmax)의 경계 1종 오류 점추정이 5%를 넘는 경우가 있다(Wilson 95% 구간은 5%를 포함: 명목).** Kovalenko 2020 Model 1 V2(분포), 참값 0.80(배율 2.28): 5.18% [4.88, 5.50], 시험 20,000회 — Wilson 하한은 5% 이하. 해당 기전·크기·구간은 3절 표와 그림 3-B에 있다. 적응적 연장(사전 고정 10,000회의 P2 Wilson 95% 구간이 5%를 포함한 경계 시나리오를 20,000회로 늘림; 5,000회 제품 시나리오와 같은 규칙을 모든 모델에 적용, scripts/42): Kovalenko 2020 Model 1 V2 상향 0.80 — 10,000회 5.32% [4.90, 5.78] → 20,000회 5.18% [4.88, 5.50].

G2(AUCinf 규칙 A + Cmax)의 경계 1종 오류: 범위 0.0–27.6%, 5% 초과 12건(2016 F 0.80: 7.3%; 2016 F 1.25: 7.4%; 2016 Vmax 1.25: 24.6%; 2016 Vmax 0.80: 22.5%; 2016 ke 1.25: 7.0%; 2016 ke 0.80: 5.7%; Model 1 F 0.80: 8.3%; Model 1 F 1.25: 7.9%; Model 1 Vmax 1.25: 27.6%; Model 1 Vmax 0.80: 23.3%; Model 1 ke 1.25: 10.0%; Model 1 ke 0.80: 5.9%).

Kovalenko 2016 (주) G2 최대 시나리오(Vmax(표적 매개 소실) down, 참 AUC0-inf 비 1.251): 시험 GMR 기하평균은 AUCinf 규칙 A 1.190, 규칙 B 1.240, AUClast 1.262, Cmax 1.061(참값 1.054). 비구획 AUCinf가 참값보다 1 쪽으로 치우쳐(규칙 A -4.8%, 규칙 B -0.9%; AUClast +0.9%) 범위 밖 제품이 통과하기 쉽다.

Kovalenko 2020 Model 1 G2 최대 시나리오(Vmax(표적 매개 소실) down, 참 AUC0-inf 비 1.251): 시험 GMR 기하평균은 AUCinf 규칙 A 1.183, 규칙 B 1.242, AUClast 1.260, Cmax 1.058(참값 1.053). 비구획 AUCinf가 참값보다 1 쪽으로 치우쳐(규칙 A -5.4%, 규칙 B -0.7%; AUClast +0.7%) 범위 밖 제품이 통과하기 쉽다.

F3 대 P2: 경계 시나리오에서 F3-A가 추가로 막는 비율(P2 통과·F3-A 불통과, 같은 시험 쌍대) 0.00–4.23%p, 범위 밖 0.00–0.25%p; 범위 안(참값 0.85–1.18)에서 추가 탈락 0.00–20.50%p. G2 대 P2: 경계에서 G2 − P2 통과율 차이 -4.12–24.88%p.

검정력(참값 1.00, 동일 제품, 시험 10,000회): 2016 P2: 99.6% [99.4, 99.7]; 2016 F3-A: 99.1% [98.9, 99.2]; 2016 F3-C: 99.5% [99.4, 99.6]; 2016 G2: 99.3% [99.2, 99.5]; Model 1 P2: 99.0% [98.8, 99.2]; Model 1 F3-A: 98.3% [98.0, 98.5]; Model 1 F3-C: 99.0% [98.8, 99.1]; Model 1 G2: 98.9% [98.7, 99.1].

보조 지표: 무작위 제품 공간의 소비자·생산자 위험은 가정한 가상 제품 분포(라틴 하이퍼큐브, 기전별 배율 로그 균등 F 0.80–1.25, ka 0.67–1.50, ke 0.80–1.25, Vmax 0.67–1.50, Km 0.20–5, V2 0.90–1.11)에 의존한다. 1차 지표는 경계 1종 오류(기전 × 방향 × 구성 × 모델)다.

무작위 제품 공간(보조 지표; Kovalenko 2016 (주), 20,000개 제품, 제품당 시험 1회; 참 AUC0-inf 비 범위 안 57.3%, 참 AUC0-inf·Cmax 모두 범위 안 51.9%): 소비자 위험(참 AUC0-inf 범위 밖 제품 중 통과, 8,540개) P2 0.14% [0.08, 0.25], F3-A 0.12% [0.06, 0.22], F3-C 0.14% [0.08, 0.25], G2 1.08% [0.88, 1.32]; 경계 근처(0.75–0.80, 1.25–1.33, 2,483개) P2 0.48% [0.28, 0.84], F3-A 0.40% [0.22, 0.74], F3-C 0.48% [0.28, 0.84], G2 3.42% [2.78, 4.21]. 생산자 위험(참 AUC0-inf 범위 안 제품 중 불통과, 11,460개) P2 49.6% [48.7, 50.5], F3-A 52.6% [51.7, 53.5], F3-C 49.8% [48.9, 50.8], G2 45.4% [44.5, 46.3]; 경계 근처(0.80–0.85, 1.18–1.25, 2,763개) P2 90.7% [89.6, 91.8], F3-A 92.5% [91.4, 93.4], F3-C 90.8% [89.7, 91.9], G2 81.5% [80.1, 82.9]. 참 AUC0-inf·Cmax 모두 기준: 소비자 위험 P2 0.30% [0.21, 0.43], F3-A 0.25% [0.17, 0.37], F3-C 0.30% [0.21, 0.43], G2 1.11% [0.92, 1.34], 생산자 위험 P2 44.5% [43.6, 45.5], F3-A 47.8% [46.8, 48.7], F3-C 44.8% [43.8, 45.8], G2 39.9% [39.0, 40.8].

무작위 제품 공간(보조 지표; Kovalenko 2020 Model 1, 20,000개 제품, 제품당 시험 1회; 참 AUC0-inf 비 범위 안 57.7%, 참 AUC0-inf·Cmax 모두 범위 안 52.2%): 소비자 위험(참 AUC0-inf 범위 밖 제품 중 통과, 8,460개) P2 0.18% [0.11, 0.29], F3-A 0.13% [0.07, 0.23], F3-C 0.17% [0.10, 0.28], G2 1.39% [1.17, 1.67]; 경계 근처(0.75–0.80, 1.25–1.33, 2,498개) P2 0.56% [0.33, 0.94], F3-A 0.44% [0.25, 0.79], F3-C 0.52% [0.30, 0.89], G2 4.44% [3.70, 5.32]. 생산자 위험(참 AUC0-inf 범위 안 제품 중 불통과, 11,540개) P2 50.9% [50.0, 51.8], F3-A 54.0% [53.1, 54.9], F3-C 51.2% [50.2, 52.1], G2 46.2% [45.3, 47.1]; 경계 근처(0.80–0.85, 1.18–1.25, 2,756개) P2 90.1% [89.0, 91.2], F3-A 91.7% [90.6, 92.7], F3-C 90.3% [89.2, 91.4], G2 80.4% [78.8, 81.8]. 참 AUC0-inf·Cmax 모두 기준: 소비자 위험 P2 0.39% [0.28, 0.53], F3-A 0.30% [0.21, 0.44], F3-C 0.37% [0.26, 0.51], G2 1.44% [1.22, 1.70], 생산자 위험 P2 46.0% [45.0, 46.9], F3-A 49.4% [48.4, 50.3], F3-C 46.2% [45.3, 47.2], G2 40.7% [39.8, 41.7].
