   scenario n_trials last_pass_inf_fail last_pass_inf_fail_lo
1:    KE120     5000              7.300          6.6112642974
2:     F110    20000              4.605          4.3231382675
3:     F090     5000              4.060          3.5472934599
4:    KE110     5000              2.360          1.9743891499
5:     F097     5000              2.100          1.7377941133
6:    VM125     5000              1.800          1.4667759588
7:      S00    20000              0.525          0.4339065919
8:     F085     5000              0.120          0.0550083168
9:    VM150    20000              0.005          0.0008826282
   last_pass_inf_fail_hi true_ratio true_inside
1:            8.05429745  0.9046091        TRUE
2:            4.90429669  1.1650315        TRUE
3:            4.64324299  0.8434053        TRUE
4:            2.81875749  0.9502463        TRUE
5:            2.53575173  0.9530463        TRUE
6:            2.20723051  0.8659159        TRUE
7:            0.63509538  1.0012040        TRUE
8:            0.26157763  0.7671935       FALSE
9:            0.02831906  0.7575013       FALSE
                         classification
1:  AUCinf 위음성(참값 비가 80–125% 안)
2:  AUCinf 위음성(참값 비가 80–125% 안)
3:  AUCinf 위음성(참값 비가 80–125% 안)
4:  AUCinf 위음성(참값 비가 80–125% 안)
5:  AUCinf 위음성(참값 비가 80–125% 안)
6:  AUCinf 위음성(참값 비가 80–125% 안)
7:  AUCinf 위음성(참값 비가 80–125% 안)
8: 참값 비 범위 밖: 소비자 위험 표 참조
9: 참값 비 범위 밖: 소비자 위험 표 참조
   scenario true_ratio n_trials joint_last_cmax joint_last_cmax_lo
1:     F085  0.7671935     5000           0.320         0.19707278
2:    VM150  0.7575013    20000           0.075         0.04545802
   joint_last_cmax_hi joint_3 joint_3_lo joint_3_hi only_inf_fails
1:          0.5192061    0.20 0.10867469  0.3677884          0.120
2:          0.1237168    0.07 0.04170369  0.1174730          0.005
   only_inf_fails_lo only_inf_fails_hi
1:        0.02402980        0.21597020
2:       -0.00479982        0.01479982
   scenario true_ratio n_trials i_last_cmax     i_lo     i_hi ii_plus_inf_rel
1:      S00  1.0012040    20000      99.515 99.40875 99.60223           98.99
2:    KE110  0.9502463     5000      96.460 95.91109 96.93758           94.10
3:     F097  0.9530463     5000      96.820 96.29655 97.27156           94.76
      ii_lo    ii_hi iii_plus_inf_all   iii_lo   iii_hi cost_ii_pp cost_ii_lo
1: 98.84171 99.11947            99.50 99.39229 99.58870      0.525  0.4248432
2: 93.41241 94.71988            96.12 95.54834 96.62084      2.360  1.9391993
3: 94.10727 95.34400            96.66 96.12505 97.12331      2.060  1.6662503
   cost_ii_hi cost_iii_pp  cost_iii_lo cost_iii_hi
1:  0.6251568       0.015 -0.001972937  0.03197294
2:  2.7808007       0.340  0.178636085  0.50136392
3:  2.4537497       0.160  0.049205347  0.27079465
                 rule        endpoint n_R_mean n_T_mean pass_S00 pass_S00_lo
1:                  A AUCinf_reliable  94.2172  94.2146   99.310    99.18543
2:                  B      AUCinf_all 115.4046 115.4196   99.760    99.68197
3:                  C     AUCinf_subC 117.0000 117.0000   99.575    99.47483
4: Reference: AUClast         AUClast 117.0000 117.0000   99.540    99.43623
   pass_S00_hi bias_VM125_pct GMR_VM125 bias_F090_pct  GMR_F090 agree_S00
1:    99.41563      3.2422599 0.8939912     1.4967822 0.8560293    99.180
2:    99.81892      1.8868118 0.8822542     0.7863803 0.8500377    99.750
3:    99.65613     -0.7823488 0.8591415    -0.2871211 0.8409837    99.915
4:    99.62474     -0.9312427 0.8578522    -0.3901080 0.8401151   100.000
   agree_VM125 agree_VM125_lo agree_VM125_hi agree_F090
1:       68.56       67.25928       69.83222      80.90
2:       73.90       72.66466       75.09865      88.52
3:       97.70       97.24643       98.08034      98.02
4:      100.00       99.92323      100.00000     100.00
                                              variant AUClast_logsd
1:                                               base     0.3879219
2:                                         struct2020     0.4099213
3: Cohen 2022 역산(AUClast 90% CI 0.96–1.28, n 62/63)     0.4900000
4:                                        Syneos 제안            NA
   AUClast_logcv Cmax_logsd Cmax_logcv
1:      40.29839  0.3335536   34.30499
2:      42.77600  0.3299906   33.91812
3:      52.09379         NA         NA
4:      43.00000         NA         NA
   model scenario n_trials power_last_cmax       lo       hi power_3      lo3
1: k2016      S00    20000          99.515 99.40875 99.60223   98.99 98.84171
2: k2016     F097     5000          96.820 96.29655 97.27156   94.76 94.10727
3: k2020      S00      500          99.000 97.68069 99.57212   97.80 96.10391
4: k2020     F097      500          94.000 91.56389 95.76516   91.00 88.16906
        hi3
1: 99.11947
2: 95.34400
3: 98.76720
4: 93.20575
