                                            metric   ref        sim
 1:                             LLOQ 도달일 중앙값 38.40 38.4647597
 2:                                        5백분위 27.00 27.1952126
 3:                                       95백분위 55.00 54.2389099
 4:                                  Day 58 이후 %  2.50  2.4700000
 5:                          절벽 시작 농도 중앙값  0.87  0.8790432
 6:                             구간 길이 1일 정의  1.38  1.3815221
 7:                             구간 길이 2일 정의  2.94  2.9408510
 8:          current, 1일 정의: 1점/2점/3점 이상 %    NA         NA
 9:       plus_39_46, 1일 정의: 1점/2점/3점 이상 %    NA         NA
10:    plus_39_46_53, 1일 정의: 1점/2점/3점 이상 %    NA         NA
11: plus_32_39_46_53, 1일 정의: 1점/2점/3점 이상 %    NA         NA
12:       plus_40_47, 1일 정의: 1점/2점/3점 이상 %    NA         NA
13:      daily_29_57, 1일 정의: 1점/2점/3점 이상 %    NA         NA
14:          current, 2일 정의: 1점/2점/3점 이상 %    NA         NA
15:       plus_39_46, 2일 정의: 1점/2점/3점 이상 %    NA         NA
16:    plus_39_46_53, 2일 정의: 1점/2점/3점 이상 %    NA         NA
17: plus_32_39_46_53, 2일 정의: 1점/2점/3점 이상 %    NA         NA
18:       plus_40_47, 2일 정의: 1점/2점/3점 이상 %    NA         NA
19:      daily_29_57, 2일 정의: 1점/2점/3점 이상 %    NA         NA
               ref_txt            sim_txt    sim_in_window_txt
 1:               <NA>               <NA>                 <NA>
 2:               <NA>               <NA>                 <NA>
 3:               <NA>               <NA>                 <NA>
 4:               <NA>               <NA>                 <NA>
 5:               <NA>               <NA>                 <NA>
 6:               <NA>               <NA>                 <NA>
 7:               <NA>               <NA>                 <NA>
 8:       19.6 / 0 / 0   20.0 / 0.0 / 0.0     17.4 / 0.0 / 0.0
 9:       29.2 / 0 / 0   30.0 / 0.0 / 0.0     29.3 / 0.0 / 0.0
10:       30.6 / 0 / 0   31.4 / 0.0 / 0.0     31.0 / 0.0 / 0.0
11:       36.8 / 0 / 0   37.1 / 0.0 / 0.0     37.9 / 0.0 / 0.0
12:       28.9 / 0 / 0   29.4 / 0.0 / 0.0     28.6 / 0.0 / 0.0
13:    97.3 / 36.6 / 0  89.2 / 32.6 / 0.0   100.0 / 37.2 / 0.0
14:       42.8 / 0 / 0   42.5 / 0.0 / 0.0     37.4 / 0.0 / 0.0
15:       62.5 / 0 / 0   62.7 / 0.0 / 0.0     63.5 / 0.0 / 0.0
16:       65.2 / 0 / 0   65.3 / 0.0 / 0.0     66.7 / 0.0 / 0.0
17:     78.6 / 0.1 / 0   78.1 / 0.1 / 0.0     83.2 / 0.0 / 0.0
18:       60.7 / 0 / 0   61.2 / 0.0 / 0.0     61.5 / 0.0 / 0.0
19: 97.9 / 97.1 / 90.7 91.1 / 86.0 / 76.7 100.0 / 100.0 / 93.0
절벽 구간 길이는 1일 정의 중앙값 1.38일(5–95백분위 1.33–1.43), 2일 정의 2.94일(2.86–3.09)이다(2016 모델, 60–90 kg, 20,000명; Model 1 1.38일, 2.94일). 추가 채혈 일정의 Day 22 이후 최소 방문 간격 3일보다 짧은 대상자는 1일 정의 100.0%, 2일 정의 79.7%(2016).

명목 채혈일에서 고정 방문 일정이 한 대상자의 절벽 구간에 2점 이상 찍는 비율은 1일 정의 0.0%(구조적으로 불가능), 2일 정의 최대 0.1%(최대: 2016 +Day 32·39·46·53)다. 방문 허용창(±1일)을 적용하면 1일 정의 최대 0.0%, 2일 정의 최대 4.5%(허용창 때문에 두 방문이 절벽 길이 안으로 붙는 경우).

λz 산출에 필요한 3점은 Day 29–57 매일 채혈에서도 1일 정의 기준 명목일 0.0%(방문 허용창 적용 시 7.7%)다. 설령 절벽에서 λz를 구해도 순간 반감기가 0에 가까운 기울기라 외삽 면적은 0에 수렴하고 AUCinf는 AUClast로 수렴한다.

Day 29–57 매일 채혈에서 절벽에 1점 이상은 전체 대상자 기준 89.2%, 절벽이 Day 29–57 안에 있는 대상자 기준 100.0%다(2016, 1일 정의). 차이는 절벽이 Day 29 이전에 시작하는 13.2%와 LLOQ 도달이 Day 57 이후인 3.0% 때문이다.

정량한계 도달일 중앙값 Day 38.5(5–95백분위 Day 27.2–54.2), Day 58 이후 2.5%; 절벽 시작 농도 중앙값 0.88 mg/L(2016 모델, 60–90 kg). 비만 밴드(90–150 kg)에서도 절벽 길이 중앙값 1.38–1.39일.
