   model       group n_subjects extrap_true_median extrap_true_p95
1: k2016        전체      20000          0.6520501        3.632657
2: k2016  체중 60-75       9948          0.6175640        3.345473
3: k2016 체중 >75-90      10052          0.6981185        3.920580
4: k2020        전체      20000          0.6403502        3.539560
5: k2020  체중 60-75      10081          0.5977277        3.213603
6: k2020 체중 >75-90       9919          0.6860360        3.816501
   extrap_true_max coverage_lt80_pct_ci extrap_nca_median extrap_nca_p95
1:        15.22356    0.00 [0.00, 0.02]          2.744099       12.14849
2:        13.56753    0.00 [0.00, 0.04]          2.615306       11.37015
3:        15.22356    0.00 [0.00, 0.04]          2.866774       12.72783
4:        15.68403    0.00 [0.00, 0.02]          2.948550       11.94649
5:        12.33768    0.00 [0.00, 0.04]          2.786667       10.98278
6:        15.68403    0.00 [0.00, 0.04]          3.119409       12.64506
   extrap_nca_gt20_pct_ci     lambda_ok_pct_ci      reliable_pct_ci
1:      1.10 [0.96, 1.25] 98.54 [98.36, 98.70] 80.73 [80.18, 81.28]
2:      0.94 [0.76, 1.15] 98.87 [98.65, 99.06] 82.36 [81.60, 83.09]
3:      1.26 [1.05, 1.50] 98.21 [97.93, 98.45] 79.13 [78.32, 79.91]
4:      0.80 [0.69, 0.94] 99.39 [99.27, 99.48] 83.91 [83.40, 84.42]
5:      0.54 [0.41, 0.70] 99.62 [99.48, 99.73] 84.85 [84.14, 85.54]
6:      1.08 [0.89, 1.30] 99.14 [98.94, 99.31] 82.96 [82.21, 83.69]
   reliable_pct extrap_gt20_pct
1:     80.73500       1.0960016
2:     82.35826       0.9353396
3:     79.12853       1.2560778
4:     83.91500       0.8049504
5:     84.85269       0.5376879
6:     82.96199       1.0778930
   reliable_min reliable_max  gt20_min gt20_max
1:       80.735       83.915 0.8049504 1.096002
    model scenario       source n_trials GMR_mean_AUClast GMR_mean_AUCinf_true
 1: k2016     F085 5,000회 이상     5000        0.7622639            0.7671935
 2: k2016     F090 5,000회 이상     5000        0.8401151            0.8434053
 3: k2016     F097 5,000회 이상     5000        0.9522367            0.9530463
 4: k2016     F110 5,000회 이상    20000        1.1688602            1.1650315
 5: k2016    KE110 5,000회 이상     5000        0.9492415            0.9502463
 6: k2016    KE120 5,000회 이상     5000        0.9024477            0.9046091
 7: k2016      S00 5,000회 이상    20000        1.0013537            1.0012040
 8: k2016    VM125 5,000회 이상     5000        0.8578522            0.8659159
 9: k2016    VM150 5,000회 이상    20000        0.7425521            0.7575013
10: k2016    KA075        500회      500        0.9494474            0.9492355
11: k2016     KM05        500회      500        1.0001181            0.9994358
12: k2016     KM10        500회      500        1.0096392            1.0060149
13: k2016      KM2        500회      500        1.0015475            1.0005296
14: k2016      KM5        500회      500        1.0045018            1.0026321
15: k2016    VM080        500회      500        1.1434082            1.1352971
16: k2020     F085        500회      500        0.7635872            0.7678263
17: k2020     F090        500회      500        0.8410355            0.8437706
18: k2020     F097        500회      500        0.9522992            0.9528359
19: k2020     F110        500회      500        1.1665812            1.1629103
20: k2020    KA075        500회      500        0.9538048            0.9538204
21: k2020    KE110        500회      500        0.9474478            0.9482116
22: k2020    KE120        500회      500        0.8994413            0.9013390
23: k2020     KM05        500회      500        1.0003893            1.0000383
24: k2020     KM10        500회      500        1.0095191            1.0066328
25: k2020      KM2        500회      500        1.0020033            1.0012827
26: k2020      KM5        500회      500        1.0048796            1.0034025
27: k2020      S00        500회      500        1.0009644            1.0004874
28: k2020    VM080        500회      500        1.1393142            1.1327144
29: k2020    VM125        500회      500        0.8598786            0.8668630
30: k2020    VM150        500회      500        0.7452705            0.7582889
    model scenario       source n_trials GMR_mean_AUClast GMR_mean_AUCinf_true
    pass_rate_AUClast pass_rate_AUCinf_reliable  agree last_pass_inf_fail
 1:             0.340                     2.240 97.860              0.120
 2:            23.320                    34.300 80.900              4.060
 3:            96.860                    96.320 96.340              2.100
 4:            38.400                    49.205 79.985              4.605
 5:            96.460                    95.720 96.020              2.360
 6:            76.640                    76.460 85.580              7.300
 7:            99.540                    99.310 99.180              0.525
 8:            36.600                    64.440 68.560              1.800
 9:             0.075                     6.495 93.570              0.005
10:            94.800                    97.000 96.200              0.800
11:           100.000                    99.000 99.000              1.000
12:            99.600                    99.200 98.800              0.800
13:           100.000                    99.000 99.000              1.000
14:            99.800                    99.000 98.800              1.000
15:            57.400                    77.200 78.200              1.000
16:             0.400                     3.000 97.400              0.000
17:            22.400                    35.400 82.200              2.400
18:            94.000                    94.000 94.000              3.000
19:            37.200                    48.800 81.600              3.400
20:            92.800                    94.400 93.200              2.600
21:            92.000                    92.800 93.600              2.800
22:            70.600                    72.400 85.400              6.400
23:            99.000                    98.200 98.000              1.400
24:            99.400                    98.200 97.600              1.800
25:            99.000                    98.600 98.400              1.000
26:            99.200                    97.600 97.200              2.200
27:            99.000                    98.400 98.200              1.200
28:            55.200                    77.600 76.000              0.800
29:            35.600                    62.400 70.400              1.400
30:             0.200                     7.200 93.000              0.000
    pass_rate_AUClast pass_rate_AUCinf_reliable  agree last_pass_inf_fail
   model max_abs_GMR_change_pct max_abs_pass_change_pp                worst
1: k2016               1.447040                    0.4 KM10 AUCinf_reliable
2: k2020               1.163542                    0.8 KM10 AUCinf_reliable
