run log: /home/user/dupilumab-sim/logs/curve_shape_20260924T141338.log
[====|====|====|====|====|====|====|====|====|====] 0:00:10 

  base done 14:14:09
[====|====|====|====|====|====|====|====|====|====] 0:00:13 

  km05_both done 14:14:43
[====|====|====|====|====|====|====|====|====|====] 0:00:08 

  km2_both done 14:15:07
[====|====|====|====|====|====|====|====|====|====] 0:00:09 

  km5_both done 14:15:32
[====|====|====|====|====|====|====|====|====|====] 0:00:06 

  km10_both done 14:15:53
[====|====|====|====|====|====|====|====|====|====] 0:00:09 

  vmax080_both done 14:16:18
[====|====|====|====|====|====|====|====|====|====] 0:00:11 

  vmax125_both done 14:16:46
[====|====|====|====|====|====|====|====|====|====] 0:00:08 

  vmax050_both done 14:17:10
        variant extrap_true_median extrap_true_p95 extrap_true_max
1:         base              0.651            3.59            16.6
2:    km05_both              0.669            3.67            17.6
3:    km10_both              0.400            2.79            14.0
4:     km2_both              0.654            3.56            17.7
5:     km5_both              0.553            3.26            16.4
6: vmax050_both              0.632            6.41            23.1
7: vmax080_both              0.530            2.80            14.2
8: vmax125_both              0.934            5.29            19.9
   coverage_lt80_pct extrap_nca_median extrap_gt20_pct reliable_pct
1:             0.000              2.73           1.135         80.8
2:             0.000              2.79           1.101         80.3
3:             0.000              1.57           0.494         82.6
4:             0.000              2.70           1.246         81.0
5:             0.000              2.28           0.809         81.1
6:             0.035              2.33           2.195         80.9
7:             0.000              2.24           0.442         85.0
8:             0.000              3.65           3.268         72.5
   lambda_fail_pct tlast_median AUClast_geo AUClast_ratio_vs_obs544
1:           1.360         34.7         546                   1.044
2:           1.445         34.7         542                   1.031
3:           0.730         35.2         551                   1.057
4:           1.315         34.8         544                   1.037
5:           1.090         34.9         545                   1.045
6:           0.015         55.0         775                   1.481
7:           0.395         41.3         622                   1.183
8:           3.775         28.2         467                   0.894
                               gate_note
1:                          gate 범위 안
2:                          gate 범위 안
3:                          gate 범위 안
4:                          gate 범위 안
5:                          gate 범위 안
6: gate 불통과(±15% 밖), 스트레스 테스트
7:                  gate 불통과(±15% 밖)
8:                          gate 범위 안
