run log: /home/user/dupilumab-sim/logs/criterion_d_200k_struct2020_20260924T144224.log
[====|====|====|====|====|====|====|====|====|====] 0:00:16 

  chunk 1/10 14:43:32
[====|====|====|====|====|====|====|====|====|====] 0:00:16 

  chunk 2/10 14:44:33
[====|====|====|====|====|====|====|====|====|====] 0:00:16 

  chunk 3/10 14:45:35
[====|====|====|====|====|====|====|====|====|====] 0:00:16 

  chunk 4/10 14:46:34
[====|====|====|====|====|====|====|====|====|====] 0:00:16 

  chunk 5/10 14:47:30
[====|====|====|====|====|====|====|====|====|====] 0:00:16 

  chunk 6/10 14:48:19
[====|====|====|====|====|====|====|====|====|====] 0:00:16 

  chunk 7/10 14:49:18
[====|====|====|====|====|====|====|====|====|====] 0:00:17 

  chunk 8/10 14:50:16
[====|====|====|====|====|====|====|====|====|====] 0:00:16 

  chunk 9/10 14:51:15
[====|====|====|====|====|====|====|====|====|====] 0:00:16 

  chunk 10/10 14:52:14
      variant n_subjects schedule reliable_gain_pp c_gain_boot_lo
1: struct2020     200000       D3          -2.0145      -2.216512
   c_gain_boot_hi extrap_gt20_ratio d_ratio_boot_lo d_ratio_boot_hi d_n_ref
1:      -1.801487         0.7246193       0.7010213        0.747976    1576
   d_n_sched extrap_gt20_mcnemar_p d_abs_change_per_arm d_meets_point d_fragile
1:      1142         9.610677e-110             -0.25389         FALSE     FALSE
   schedule      n reliable_pct extrap_gt20_pct n_extrap_gt20
1:       B0 200000      83.8930       0.7931076          1576
2:       D3 200000      81.8785       0.5730918          1142
