run log: /home/user/dupilumab-sim/logs/criterion_d_200k_base_20260924T143318.log
[====|====|====|====|====|====|====|====|====|====] 0:00:10 

  chunk 1/10 14:34:20
[====|====|====|====|====|====|====|====|====|====] 0:00:10 

  chunk 2/10 14:35:17
[====|====|====|====|====|====|====|====|====|====] 0:00:10 

  chunk 3/10 14:36:32
[====|====|====|====|====|====|====|====|====|====] 0:00:10 

  chunk 4/10 14:37:30
[====|====|====|====|====|====|====|====|====|====] 0:00:10 

  chunk 5/10 14:38:20
[====|====|====|====|====|====|====|====|====|====] 0:00:10 

  chunk 6/10 14:39:05
[====|====|====|====|====|====|====|====|====|====] 0:00:10 

  chunk 7/10 14:39:51
[====|====|====|====|====|====|====|====|====|====] 0:00:10 

  chunk 8/10 14:40:27
[====|====|====|====|====|====|====|====|====|====] 0:00:10 

  chunk 9/10 14:41:18
[====|====|====|====|====|====|====|====|====|====] 0:00:10 

  chunk 10/10 14:42:09
   variant n_subjects schedule reliable_gain_pp c_gain_boot_lo c_gain_boot_hi
1:    base     200000       D3            1.813         1.6175         2.0165
   extrap_gt20_ratio d_ratio_boot_lo d_ratio_boot_hi d_n_ref d_n_sched
1:         0.6034559       0.5825275       0.6241742    2257      1362
   extrap_gt20_mcnemar_p d_abs_change_per_arm d_meets_point d_fragile
1:         4.108303e-243            -0.523575         FALSE     FALSE
   schedule      n reliable_pct extrap_gt20_pct n_extrap_gt20
1:       B0 200000      80.5235        1.144175          2257
2:       D3 200000      82.3365        0.686665          1362
