run log: /home/user/dupilumab-sim/logs/crossval_20260924T222828.log
[====|====|====|====|====|====|====|====|====|====] 0:00:10 


개인 수준 교차검증:
                    metric         sim    ref  rel_diff_pct
 1:            AUClast_geo 544.3539285 546.00 -3.014783e-01
 2:      AUClast_logcv_pct  40.1526130  40.40 -6.123440e-01
 3:         Cmax_logcv_pct  34.0319565  34.40 -1.069894e+00
 4:           tlast_median  35.0000000  35.00  0.000000e+00
 5:              tlast_p05  21.0000000  21.00  0.000000e+00
 6:              tlast_p95  49.0000000  49.00  0.000000e+00
 7:     quant_at_day56_pct   3.1500000   3.60 -1.250000e+01
 8:          lambda_ok_pct  98.4400000  98.70 -2.634245e-01
 9:           reliable_pct  85.8400000  86.40 -6.481481e-01
10:        n_lambda_median   3.0000000   3.00  0.000000e+00
11:      extrap_median_pct   2.8347750   2.70  4.991665e+00
12:         extrap_p95_pct  11.8999233  11.90 -6.445135e-04
13:        extrap_gt20_pct   0.8888663   1.00 -1.111337e+01
14: extrap_true_median_pct   0.6829625   0.65  5.071150e+00
15:    extrap_true_p95_pct   3.4564080   3.30  4.739638e+00
16:      coverage_lt80_pct   0.0000000   0.00           NaN
[====|====|====|====|====|====|====|====|====|====] 0:00:10 

[====|====|====|====|====|====|====|====|====|====] 0:00:10 

[====|====|====|====|====|====|====|====|====|====] 0:00:10 

[====|====|====|====|====|====|====|====|====|====] 0:00:10 

[====|====|====|====|====|====|====|====|====|====] 0:00:10 


체중 분포 형태별 AUClast log-CV:
           weight_shape sim_logcv  wt_mean     wt_sd ref_logcv
1: normal78_sd12_50_115  42.75241 78.31795 11.542827        43
2:       uniform_50_115  49.11682 82.17238 18.687569        43
3: normal78_sd13_50_115  43.21619 78.48213 12.278435        43
4: normal78_sd10_50_115  41.57429 78.14160  9.864424        43
5:   normal75_sd9_60_90  39.94079 74.92885  7.156051        40
[====|====|====|====|====|====|====|====|====|====] 0:00:10 

[====|====|====|====|====|====|====|====|====|====] 0:00:10 


밀도 방향(검토자: 외삽 2.9→2.3, 참값 0.69→0.46, 신뢰 87.8→87.9):
           weight_shape     schedule extrap_median extrap_true_median
1: normal78_sd12_50_115           B0      2.820705          0.6804869
2: normal78_sd12_50_115   XV_B0_dens      2.245023          0.4722653
3: normal78_sd12_50_115      XV_prev      2.839405          0.6804869
4: normal78_sd12_50_115 XV_prev_dens      2.260084          0.4722653
5:       uniform_50_115           B0      2.907206          0.7076365
6:       uniform_50_115   XV_B0_dens      2.343464          0.4970499
7:       uniform_50_115      XV_prev      2.923137          0.7076365
8:       uniform_50_115 XV_prev_dens      2.362150          0.4970499
   reliable_pct
1:       79.860
2:       79.515
3:       81.260
4:       80.940
5:       78.960
6:       78.570
7:       80.605
8:       80.140
  trial 50 (500개 중) 22:32:02
  trial 100 (500개 중) 22:32:47
  trial 150 (500개 중) 22:33:31
  trial 200 (500개 중) 22:34:18
  trial 250 (500개 중) 22:35:00
  trial 300 (500개 중) 22:35:44
  trial 350 (500개 중) 22:36:33
  trial 400 (500개 중) 22:37:14
  trial 450 (500개 중) 22:37:57
  trial 500 (500개 중) 22:38:43
normal78_sd12_50_115 trial-level elapsed: 7.423554 mins 

시험 수준 교차검증:
            weight_shape scenario               metric        sim    ref
 1: normal78_sd12_50_115      S00         pass_AUClast 99.2000000 99.000
 2: normal78_sd12_50_115      S00 pass_AUCinf_reliable 99.2000000 98.200
 3: normal78_sd12_50_115      S00     width_AUClast_pp 17.6639498 17.600
 4: normal78_sd12_50_115     F090         pass_AUClast 19.4000000 22.000
 5: normal78_sd12_50_115     F090 pass_AUCinf_reliable 30.6000000 30.600
 6: normal78_sd12_50_115    VM125         pass_AUClast 30.0000000 32.000
 7: normal78_sd12_50_115    VM125 pass_AUCinf_reliable 61.4000000 56.400
 8: normal78_sd12_50_115    VM125      gmr_AUCinf_true  0.8632634  0.863
 9: normal78_sd12_50_115    VM125          gmr_AUClast  0.8554420  0.856
10: normal78_sd12_50_115    VM125  gmr_AUCinf_reliable  0.8950947  0.885
     mc_se_pp          diff
 1: 0.4449719  2.000000e-01
 2: 0.5945755  1.000000e+00
 3:        NA  6.394976e-02
 4: 1.8525658 -2.600000e+00
 5: 2.0608930 -3.552714e-15
 6: 2.0861448 -2.000000e+00
 7: 2.2176745  5.000000e+00
 8:        NA  2.633760e-04
 9:        NA -5.579622e-04
10:        NA  1.009471e-02

KM10 vs S00 GMR (기준: 전 지표 ±1.1% 이내):
