run log: /home/user/dupilumab-sim/logs/criterion_d_200k_vmax080_both_20260924T145226.log
[====|====|====|====|====|====|====|====|====|====] 0:00:09 

  chunk 1/10 14:53:16
[====|====|====|====|====|====|====|====|====|====] 0:00:09 

  chunk 2/10 14:54:00
[====|====|====|====|====|====|====|====|====|====] 0:00:09 

  chunk 3/10 14:54:34
[====|====|====|====|====|====|====|====|====|====] 0:00:09 

  chunk 4/10 14:55:17
[====|====|====|====|====|====|====|====|====|====] 0:00:09 

  chunk 5/10 14:56:03
[====|====|====|====|====|====|====|====|====|====] 0:00:09 

  chunk 6/10 14:56:48
[====|====|====|====|====|====|====|====|====|====] 0:00:09 

  chunk 7/10 14:57:31
[====|====|====|====|====|====|====|====|====|====] 0:00:09 

  chunk 8/10 14:58:15
[====|====|====|====|====|====|====|====|====|====] 0:00:09 

  chunk 9/10 14:58:58
[====|====|====|====|====|====|====|====|====|====] 0:00:09 

  chunk 10/10 14:59:42
        variant n_subjects schedule reliable_gain_pp c_gain_boot_lo
1: vmax080_both     200000       D3           -0.477     -0.6800125
   c_gain_boot_hi extrap_gt20_ratio d_ratio_boot_lo d_ratio_boot_hi d_n_ref
1:     -0.2709875         0.5864583         0.55176       0.6227064     960
   d_n_sched extrap_gt20_mcnemar_p d_abs_change_per_arm d_meets_point d_fragile
1:       563          5.040693e-72            -0.232245         FALSE     FALSE
   schedule      n reliable_pct extrap_gt20_pct n_extrap_gt20
1:       B0 200000       84.789       0.4817149           960
2:       D3 200000       84.312       0.2819243           563
