run log: /home/user/dupilumab-sim/logs/individual_schedules_20260924T140137.log

=== variant resid12 (잔차: 비례 12%) ===
[====|====|====|====|====|====|====|====|====|====] 0:00:10 

   schedule n_points tlast_median quant_at_last_pct lambda_ok_pct reliable_pct
1:       B0       13     34.75574               3.3          99.5         87.9
2:   Bminus       12     34.76141               3.5          99.5         85.8
3:       D1       15     35.63485               3.3          99.5         84.9
4:       D2       16     35.63485               3.2          99.5         85.5
5:       D3       17     35.62602               3.2          99.6         84.2
6:       D4       15     35.18106               3.3          99.5         84.5
   extrap_median extrap_p95 extrap_gt20_pct extrap_true_median err_tlast_sd
1:          2.91       10.7            0.54               0.64       0.0462
2:          3.49       11.8            0.61               0.82       0.0463
3:          1.55       10.4            0.54               0.29       0.0461
4:          1.46       10.4            0.54               0.26       0.0461
5:          1.03        7.6            0.41               0.20       0.0456
6:          1.64       10.4            0.54               0.31       0.0461
   err_inf_sd AUClast_logcv
1:     0.0478          38.6
2:     0.0478          38.3
3:     0.0481          38.7
4:     0.0482          38.8
5:     0.0474          38.6
6:     0.0481          38.7
