run log: /home/user/dupilumab-sim/logs/individual_schedules_20260924T140018.log

=== variant iiv150 (변동: ω² ×1.5) ===
[====|====|====|====|====|====|====|====|====|====] 0:00:10 

   schedule n_points tlast_median quant_at_last_pct lambda_ok_pct reliable_pct
1:       B0       13     34.70103               6.5          97.8         78.2
2:   Bminus       12     34.70103               6.6          97.8         75.9
3:       D1       15     35.60398               6.5          97.9         78.0
4:       D2       16     35.60398               6.4          97.9         78.3
5:       D3       17     35.59822               6.4          98.4         79.9
6:       D4       15     35.14332               6.4          97.9         78.0
   extrap_median extrap_p95 extrap_gt20_pct extrap_true_median err_tlast_sd
1:          2.88       13.5            1.91               0.71       0.0938
2:          3.54       15.1            2.37               0.96       0.0940
3:          1.67       12.9            1.78               0.35       0.0934
4:          1.52       12.9            1.78               0.30       0.0933
5:          1.12       10.4            1.30               0.22       0.0924
6:          1.72       12.9            1.78               0.36       0.0935
   err_inf_sd AUClast_logcv
1:     0.0952          50.7
2:     0.0952          50.3
3:     0.0949          50.8
4:     0.0950          50.9
5:     0.0939          50.7
6:     0.0951          50.8
