run log: /home/user/dupilumab-sim/logs/individual_schedules_20260924T135835.log

=== variant struct2020 (구조: Kovalenko 2020 Model 1 (transit)) ===
[====|====|====|====|====|====|====|====|====|====] 0:00:16 

   schedule n_points tlast_median quant_at_last_pct lambda_ok_pct reliable_pct
1:       B0       13     35.38050               5.5          99.4         83.9
2:   Bminus       12     35.38050               5.7          99.4         80.7
3:       D1       15     37.89145               5.5          99.4         80.8
4:       D2       16     37.89145               5.4          99.4         81.6
5:       D3       17     37.88956               5.4          99.7         82.0
6:       D4       15     38.68351               5.5          99.4         80.4
   extrap_median extrap_p95 extrap_gt20_pct extrap_true_median err_tlast_sd
1:          2.95       11.9            0.80               0.64       0.0570
2:          3.81       13.3            1.04               0.93       0.0571
3:          1.41       11.3            0.78               0.27       0.0567
4:          1.26       11.3            0.78               0.23       0.0567
5:          0.97        6.8            0.55               0.19       0.0558
6:          1.48       11.3            0.78               0.28       0.0567
   err_inf_sd AUClast_logcv
1:     0.0583          42.8
2:     0.0584          42.4
3:     0.0583          42.9
4:     0.0584          43.0
5:     0.0570          42.7
6:     0.0583          42.9
