run log: /home/user/dupilumab-sim/logs/individual_schedules_20260924T140738.log

=== variant vmax125_both (곡률: Vmax ×1.25 (양 군)) ===
[====|====|====|====|====|====|====|====|====|====] 0:00:11 

   schedule n_points tlast_median quant_at_last_pct lambda_ok_pct reliable_pct
1:       B0       13     28.20935               0.6          95.9         72.3
2:   Bminus       12     28.20935               0.7          95.9         71.7
3:       D1       15     28.20946               0.6          96.0         72.1
4:       D2       16     28.20946               0.6          96.0         72.3
5:       D3       17     30.59369               0.6          96.8         75.2
6:       D4       15     28.20767               0.6          96.0         72.0
   extrap_median extrap_p95 extrap_gt20_pct extrap_true_median err_tlast_sd
1:          3.61       16.8            3.18               0.95       0.0975
2:          3.83       17.1            3.31               1.04       0.0975
3:          2.63       16.6            3.12               0.58       0.0974
4:          2.60       16.6            3.12               0.57       0.0974
5:          1.58       14.8            2.53               0.31       0.0967
6:          2.75       16.7            3.13               0.62       0.0974
   err_inf_sd AUClast_logcv
1:     0.0990          42.3
2:     0.0989          42.2
3:     0.0991          42.5
4:     0.0991          42.5
5:     0.0986          42.6
6:     0.0990          42.5
