run log: /home/user/dupilumab-sim/logs/individual_schedules_20260924T140310.log

=== variant weight_alt (체중: 평균 72, SD 10, 절단 50–90) ===
[====|====|====|====|====|====|====|====|====|====] 0:00:11 

   schedule n_points tlast_median quant_at_last_pct lambda_ok_pct reliable_pct
1:       B0       13     34.95334               4.2          98.8         81.8
2:   Bminus       12     34.95166               4.4          98.8         79.5
3:       D1       15     37.13194               4.2          98.9         81.0
4:       D2       16     37.13194               4.1          98.9         81.3
5:       D3       17     37.12758               4.1          99.3         83.3
6:       D4       15     35.58779               4.1          98.9         81.0
   extrap_median extrap_p95 extrap_gt20_pct extrap_true_median err_tlast_sd
1:          2.61       11.6            0.86               0.62       0.0933
2:          3.21       13.0            1.25               0.84       0.0936
3:          1.42       10.8            0.74               0.28       0.0929
4:          1.30       10.8            0.73               0.25       0.0928
5:          0.97        7.2            0.50               0.19       0.0917
6:          1.46       10.9            0.71               0.29       0.0930
   err_inf_sd AUClast_logcv
1:     0.0939          40.8
2:     0.0941          40.5
3:     0.0936          40.9
4:     0.0936          41.0
5:     0.0922          40.8
6:     0.0937          40.9
