run log: /home/user/dupilumab-sim/logs/individual_schedules_20260924T140441.log

=== variant ada10 (ADA 유사 소집단 10%, 14일 이후 ke ×2) ===
[====|====|====|====|====|====|====|====|====|====] 0:00:10 

   schedule n_points tlast_median quant_at_last_pct lambda_ok_pct reliable_pct
1:       B0       13     34.58183               2.9          98.3         80.6
2:   Bminus       12     34.57985               3.1          98.3         78.8
3:       D1       15     35.17055               2.9          98.3         80.2
4:       D2       16     35.17055               2.8          98.3         80.5
5:       D3       17     35.16210               2.8          99.0         82.2
6:       D4       15     34.89961               2.8          98.3         79.8
   extrap_median extrap_p95 extrap_gt20_pct extrap_true_median err_tlast_sd
1:          2.79       12.2            1.11               0.67       0.0946
2:          3.25       13.5            1.43               0.85       0.0947
3:          1.58       11.5            1.04               0.31       0.0942
4:          1.48       11.4            1.03               0.28       0.0942
5:          1.03        8.1            0.81               0.20       0.0930
6:          1.64       11.5            1.03               0.33       0.0943
   err_inf_sd AUClast_logcv
1:     0.0953          40.3
2:     0.0954          40.1
3:     0.0951          40.5
4:     0.0951          40.5
5:     0.0939          40.4
6:     0.0952          40.5
