run log: /home/user/dupilumab-sim/logs/individual_schedules_20260924T135706.log

=== variant base (기본(Kovalenko 2016)) ===
[====|====|====|====|====|====|====|====|====|====] 0:00:10 

   schedule n_points tlast_median quant_at_last_pct lambda_ok_pct reliable_pct
1:       B0       13     34.74845               3.4          98.5         80.7
2:   Bminus       12     34.74860               3.5          98.5         78.9
3:       D1       15     35.59221               3.4          98.6         80.1
4:       D2       16     35.59221               3.3          98.6         80.5
5:       D3       17     35.58625               3.3          99.1         82.4
6:       D4       15     35.16982               3.3          98.6         79.9
   extrap_median extrap_p95 extrap_gt20_pct extrap_true_median err_tlast_sd
1:          2.74       12.1            1.10               0.65       0.0950
2:          3.28       13.3            1.41               0.84       0.0952
3:          1.54       11.4            1.01               0.30       0.0946
4:          1.42       11.4            1.02               0.27       0.0946
5:          1.01        7.7            0.66               0.20       0.0935
6:          1.61       11.4            1.01               0.32       0.0947
   err_inf_sd AUClast_logcv
1:     0.0959          40.3
2:     0.0960          40.0
3:     0.0957          40.5
4:     0.0957          40.5
5:     0.0944          40.3
6:     0.0957          40.5
