run log: /home/user/dupilumab-sim/logs/individual_schedules_20260924T140611.log

=== variant vmax080_both (곡률: Vmax ×0.8 (양 군)) ===
[====|====|====|====|====|====|====|====|====|====] 0:00:09 

   schedule n_points tlast_median quant_at_last_pct lambda_ok_pct reliable_pct
1:       B0       13     41.30513              11.4          99.7         84.8
2:   Bminus       12     41.19991              11.6          99.7         81.4
3:       D1       15     41.57570              11.3          99.7         83.8
4:       D2       16     41.57570              11.3          99.7         84.1
5:       D3       17     41.57570              11.3          99.9         83.9
6:       D4       15     41.44928              11.3          99.7         83.2
   extrap_median extrap_p95 extrap_gt20_pct extrap_true_median err_tlast_sd
1:          2.28        9.6            0.43               0.54       0.0915
2:          3.18       12.6            1.06               0.86       0.0918
3:          1.14        8.2            0.39               0.23       0.0907
4:          0.97        8.0            0.35               0.19       0.0906
5:          0.81        5.3            0.21               0.16       0.0892
6:          1.15        8.2            0.35               0.23       0.0908
   err_inf_sd AUClast_logcv
1:     0.0918          38.0
2:     0.0923          37.6
3:     0.0911          38.1
4:     0.0911          38.1
5:     0.0895          37.9
6:     0.0912          38.1
