run log: /home/user/dupilumab-sim/logs/pillar2_curvature_20260924T215037.log
  trial 250 (2000개 중) 21:55:15
  trial 500 (2000개 중) 21:59:56
  trial 750 (2000개 중) 22:04:28
  trial 1000 (2000개 중) 22:09:28
  trial 1250 (2000개 중) 22:14:15
  trial 1500 (2000개 중) 22:19:16
  trial 1750 (2000개 중) 22:23:31
  trial 2000 (2000개 중) 22:28:18
    scenario schedule        endpoint n_trials pass_rate  pass_lo   pass_hi
 1:     F090       B0            Cmax     2000     78.30 76.44014  80.05135
 2:     F090       B0         AUClast     2000     29.65 27.68895  31.68907
 3:     F090       B0 AUCinf_reliable     2000     41.00 38.86374  43.17077
 4:     F090       B0     AUCinf_true     2000     34.60 32.54653  36.71251
 5:    KE120       B0            Cmax     2000     99.90 99.63611  99.97257
 6:    KE120       B0         AUClast     2000     73.65 71.67530  75.53402
 7:    KE120       B0 AUCinf_reliable     2000     77.25 75.36151  79.03401
 8:    KE120       B0     AUCinf_true     2000     79.00 77.16018  80.72863
 9:     KM10       B0            Cmax     2000    100.00 99.80830 100.00000
10:     KM10       B0         AUClast     2000     99.60 99.21265  99.79718
11:     KM10       B0 AUCinf_reliable     2000     99.55 99.14695  99.76307
12:     KM10       B0     AUCinf_true     2000     99.85 99.55990  99.94897
13:      S00       B0            Cmax     2000    100.00 99.80830 100.00000
14:      S00       B0         AUClast     2000     99.80 99.48686  99.92220
15:      S00       B0 AUCinf_reliable     2000     99.50 99.08203  99.72818
16:      S00       B0     AUCinf_true     2000     99.95 99.71731  99.99117
17:    VM125       B0            Cmax     2000     99.90 99.63611  99.97257
18:    VM125       B0         AUClast     2000     55.30 53.11294  57.46673
19:    VM125       B0 AUCinf_reliable     2000     78.70 76.85149  80.43847
20:    VM125       B0     AUCinf_true     2000     64.85 62.73092  66.91215
     GMR_mean    GMR_lo    GMR_hi width_mean_pp n_R_mean n_T_mean
 1: 0.8863226 0.8847532 0.8878921      12.21277  117.000 117.0000
 2: 0.8475996 0.8458332 0.8493660      13.70798  117.000 117.0000
 3: 0.8609198 0.8590859 0.8627538      14.24702   99.084  97.5645
 4: 0.8495570 0.8478725 0.8512414      13.06329  117.000 117.0000
 5: 0.9635375 0.9618318 0.9652432      13.27402  117.000 117.0000
 6: 0.8949528 0.8930887 0.8968170      14.43195  117.000 117.0000
 7: 0.9017171 0.8997962 0.9036381      14.85288   99.084 100.4885
 8: 0.8964050 0.8946280 0.8981819      13.74782  117.000 117.0000
 9: 1.0010111 0.9992585 1.0027636      13.64229  117.000 117.0000
10: 1.0080118 1.0059354 1.0100882      16.11332  117.000 117.0000
11: 0.9912908 0.9891850 0.9933967      16.29428   99.084 101.3250
12: 1.0057433 1.0037621 1.0077246      15.35319  117.000 117.0000
13: 0.9999856 0.9982328 1.0017384      13.64408  117.000 117.0000
14: 1.0004854 0.9984170 1.0025538      16.05297  117.000 117.0000
15: 1.0007416 0.9986286 1.0028545      16.43175   99.084  99.2725
16: 1.0001962 0.9982218 1.0021706      15.30006  117.000 117.0000
17: 0.9659816 0.9642481 0.9677152      13.48245  117.000 117.0000
18: 0.8754982 0.8736564 0.8773401      14.31133  117.000 117.0000
19: 0.9053345 0.9033545 0.9073146      15.18980   99.084  94.1310
20: 0.8807858 0.8790265 0.8825451      13.65403  117.000 117.0000
   scenario schedule n_trials agree agree_lo agree_hi last_pass_inf_fail
1:     F090       B0     2000 81.85 80.10026 83.47763                3.4
2:    KE120       B0     2000 86.40 84.82773 87.83271                5.0
3:     KM10       B0     2000 99.65 99.27928 99.83036                0.2
4:      S00       B0     2000 99.70 99.34701 99.86244                0.3
5:    VM125       B0     2000 73.60 71.62423 75.48529                1.5
   last_pass_inf_fail_lo last_pass_inf_fail_hi last_fail_inf_pass
1:            2.69082602             4.2878428              14.75
2:            4.12812336             6.0444109               8.60
3:            0.07780273             0.5131352               0.15
4:            0.13756299             0.6529915               0.00
5:            1.05270980             2.1332438              24.90
   joint_last_cmax joint_last_cmax_lo joint_last_cmax_hi joint_3rel
1:           29.15           27.19979           31.18015      25.80
2:           73.65           71.67530           75.53402      68.65
3:           99.60           99.21265           99.79718      99.40
4:           99.80           99.48686           99.92220      99.50
5:           55.30           53.11294           57.46673      53.80
   joint_3rel_lo joint_3rel_hi joint_3all joint_3all_lo joint_3all_hi
1:      23.93013      27.76266      28.80      26.85754      30.82374
2:      66.58272      70.64577      72.75      70.75643      74.65634
3:      98.95416      99.65644      99.55      99.14695      99.76307
4:      99.08203      99.72818      99.75      99.41608      99.89317
5:      51.60983      55.97560      55.15      52.96254      57.31771
   cor_logGMR_last_infrel
1:              0.8604407
2:              0.8729668
3:              0.8763322
4:              0.8639141
5:              0.8457066
