run log: /home/user/dupilumab-sim/logs/validate_step1_k2016_20260924T132547.log
[====|====|====|====|====|====|====|====|====|====] 0:00:07 

[====|====|====|====|====|====|====|====|====|====] 0:00:08 

[====|====|====|====|====|====|====|====|====|====] 0:00:09 


(a) 코호트 중앙값 tlast:
   dose_mg gate_role obs_median sim_median_of_cohort_medians  p05  p95
1:     200  external         28                         28.0 21.0 35.0
2:     300      gate         42                         38.5 31.5 45.5
3:     600      gate         56                         56.0 49.0 56.0
   pct_cohorts_at_obs pass
1:              55.95   NA
2:              26.10 TRUE
3:              70.30 TRUE
[====|====|====|====|====|====|====|====|====|====] 0:00:09 

[====|====|====|====|====|====|====|====|====|====] 0:00:10 

[====|====|====|====|====|====|====|====|====|====] 0:00:10 

[====|====|====|====|====|====|====|====|====|====] 0:00:11 

[====|====|====|====|====|====|====|====|====|====] 0:00:09 

[====|====|====|====|====|====|====|====|====|====] 0:00:08 

[====|====|====|====|====|====|====|====|====|====] 0:00:09 

[====|====|====|====|====|====|====|====|====|====] 0:00:09 


(b) 정량 gate + 외부 점검:
                          id gate_role      dev                 schedule
1:   clot300_nonasian_pooled      gate  partial as0907+pkm12350+pkm14161
2: clot300_japanese_TDU12265      gate external                 tdu12265
3:           clot300_chinese      gate external                     clot
4:           clot600_chinese      gate external                     clot
5:          clot600_japanese      gate external                 tdu12265
6:       PKM14271_200mg_test  external external                 pkm14271
7:  PKM14271_200mg_reference  external external                 pkm14271
8:        Cohen2022_200mg_AI  external external                cohen_d42
9:      Cohen2022_200mg_PFSS  external external                cohen_d42
   AUClast_obs_mean AUClast_sim_mean AUClast_ratio AUClast_z AUClast_sim_logcv
1:              544              566         1.040      0.63              41.3
2:              700              702         1.003      0.02              39.7
3:              792              744         0.939     -0.42              40.9
4:             2110             2059         0.976     -0.30              36.1
5:             1780             1902         1.068        NA              36.0
6:              339              277         0.818     -2.10              47.7
7:              323              277         0.857     -1.52              47.3
8:              311              260         0.838     -3.37              46.2
9:              284              259         0.912     -1.63              46.9
   Cmax_ratio pass_mean pass_cv
1:      1.116      TRUE    TRUE
2:      1.079      TRUE    TRUE
3:      1.160      TRUE    TRUE
4:      1.224      TRUE    TRUE
5:      1.270      TRUE    TRUE
6:      0.922        NA      NA
7:      0.936        NA      NA
8:      0.944        NA      NA
9:      1.006        NA      NA

일정 변경 전후 비교:
[====|====|====|====|====|====|====|====|====|====] 0:00:10 


(c) 체중 기울기:
   slope_per_5kg expected pct_change_per_5kg        r2 pass
1:     -40.89113      -50          -7.097044 0.3359359 TRUE
[====|====|====|====|====|====|====|====|====|====] 0:00:10 

[====|====|====|====|====|====|====|====|====|====] 0:00:09 

[====|====|====|====|====|====|====|====|====|====] 0:00:10 

[====|====|====|====|====|====|====|====|====|====] 0:00:10 

[====|====|====|====|====|====|====|====|====|====] 0:00:10 


(f) 300 mg 개별 arm (연구별 일정):
      study       arm schedule      dev auclast_obs auclast_sim     ratio
1: PKM12350      test pkm12350 external       487.5    571.1113 1.1715103
2: PKM12350 reference pkm12350 external       500.0    571.1113 1.1422225
3: PKM14161      test pkm14161 external       587.0    570.5847 0.9720352
4: PKM14161 reference pkm14161 external       575.0    570.5847 0.9923212
5:  HV-1108      test   hv1108 internal       630.0    570.4724 0.9055117
6:  HV-1108 reference   hv1108 internal       530.0    570.4724 1.0763630
   sim_logcv tmax_obs tmax_sim pass_mean pass_cv
1:  41.24561      7.0        7     FALSE    TRUE
2:  41.24561      7.0        7      TRUE    TRUE
3:  41.70560      7.0        7      TRUE    TRUE
4:  41.70560      7.0        7      TRUE    TRUE
5:  41.50056      5.0        7      TRUE    TRUE
6:  41.50056      6.9        7      TRUE    TRUE
   model_mean_pooled arm_min arm_max in_range
1:          565.8811   487.5     630     TRUE

완전 외부 데이터셋 gate:
                         item         type     ratio       cv pass_mean pass_cv
 1: clot300_japanese_TDU12265      dataset 1.0029602 39.69621      TRUE    TRUE
 2:           clot300_chinese      dataset 0.9388641 40.87342      TRUE    TRUE
 3:           clot600_chinese      dataset 0.9759012 36.07976      TRUE    TRUE
 4:          clot600_japanese      dataset 1.0683128 36.03457      TRUE    TRUE
 5:             PKM12350 test  Li 2020 arm 1.1715103 41.24561     FALSE    TRUE
 6:        PKM12350 reference  Li 2020 arm 1.1422225 41.24561      TRUE    TRUE
 7:             PKM14161 test  Li 2020 arm 0.9720352 41.70560      TRUE    TRUE
 8:        PKM14161 reference  Li 2020 arm 0.9923212 41.70560      TRUE    TRUE
 9:  Clot 300 mg 코호트 tlast cohort tlast        NA       NA      TRUE      NA
10:  Clot 600 mg 코호트 tlast cohort tlast        NA       NA      TRUE      NA

단계 1 상태:
            role                                                  check
 1:         gate            (a) 코호트 중앙값 tlast 5–95% (300, 600 mg)
 2:         gate                  (b) AUClast 평균 ±15% (연구 제형 5개)
 3:         gate              (b) AUClast log-CV 35–51% (연구 제형 5개)
 4:         gate                              (c) 체중 기울기 부호·크기
 5:         gate                                              gate 종합
 6: gate(외부만)                            완전 외부 데이터셋만의 gate
 7:     external                                (a) 200 mg 코호트 tlast
 8:     external (b) 200 mg 1.14 mL 제형 4개 arm: 모의/관측 AUClast (z)
 9:     external                                  (d) Cohen 2022 log SD
10:     external             (f) 300 mg 개별 arm (Li 2020, 연구별 일정)
11:   limitation                                         Cmax 모의/관측
                                                                                                                                                                                                                                                                               status
 1:                                                                                                                                                                                                                                                                              PASS
 2:                                                                                                                                                                                                                                                                              PASS
 3:                                                                                                                                                                                                                                                                              PASS
 4:                                                                                                                                                                                                                                                                              PASS
 5:                                                                                                                                                                                                                                                                              PASS
 6: FAIL (10개 항목: clot300_japanese_TDU12265 1.00; clot300_chinese 0.94; clot600_chinese 0.98; clot600_japanese 1.07; PKM12350 test 1.17; PKM12350 reference 1.14; PKM14161 test 0.97; PKM14161 reference 0.99; Clot 300 mg 코호트 tlast 범위 안; Clot 600 mg 코호트 tlast 범위 안)
 7:                                                                                                                                                                                                                                                    관측 28일, 모의 5–95% [21, 35]
 8:                                                                                                                                   PKM14271_200mg_test 0.82 (z -2.1); PKM14271_200mg_reference 0.86 (z -1.5); Cohen2022_200mg_AI 0.84 (z -3.4); Cohen2022_200mg_PFSS 0.91 (z -1.6)
 9:                                                                                                                                                                                                                                                             모의 0.440, 관측 0.49
10:                                                                                                                                               PKM12350 test 1.17; PKM12350 reference 1.14; PKM14161 test 0.97; PKM14161 reference 0.99; HV-1108 test 0.91; HV-1108 reference 1.08
11:                                      clot300_nonasian_pooled 1.12; clot300_japanese_TDU12265 1.08; clot300_chinese 1.16; clot600_chinese 1.22; clot600_japanese 1.27; PKM14271_200mg_test 0.92; PKM14271_200mg_reference 0.94; Cohen2022_200mg_AI 0.94; Cohen2022_200mg_PFSS 1.01
