run log: /home/user/dupilumab-sim/logs/validate_step1_k2020_20260924T133005.log
[====|====|====|====|====|====|====|====|====|====] 0:00:12 

[====|====|====|====|====|====|====|====|====|====] 0:00:13 

[====|====|====|====|====|====|====|====|====|====] 0:00:14 


(a) 코호트 중앙값 tlast:
   dose_mg gate_role obs_median sim_median_of_cohort_medians  p05 p95
1:     200  external         28                           28 24.5  35
2:     300      gate         42                           42 35.0  49
3:     600      gate         56                           56 49.0  56
   pct_cohorts_at_obs pass
1:              44.15   NA
2:              39.05 TRUE
3:              80.10 TRUE
[====|====|====|====|====|====|====|====|====|====] 0:00:17 

[====|====|====|====|====|====|====|====|====|====] 0:00:16 

[====|====|====|====|====|====|====|====|====|====] 0:00:17 

[====|====|====|====|====|====|====|====|====|====] 0:00:17 

[====|====|====|====|====|====|====|====|====|====] 0:00:16 

[====|====|====|====|====|====|====|====|====|====] 0:00:15 

[====|====|====|====|====|====|====|====|====|====] 0:00:16 

[====|====|====|====|====|====|====|====|====|====] 0:00:15 


(b) 정량 gate + 외부 점검:
                          id gate_role      dev                 schedule
1:   clot300_nonasian_pooled      gate  partial as0907+pkm12350+pkm14161
2: clot300_japanese_TDU12265      gate internal                 tdu12265
3:           clot300_chinese      gate external                     clot
4:           clot600_chinese      gate external                     clot
5:          clot600_japanese      gate internal                 tdu12265
6:       PKM14271_200mg_test  external external                 pkm14271
7:  PKM14271_200mg_reference  external external                 pkm14271
8:        Cohen2022_200mg_AI  external external                cohen_d42
9:      Cohen2022_200mg_PFSS  external external                cohen_d42
   AUClast_obs_mean AUClast_sim_mean AUClast_ratio AUClast_z AUClast_sim_logcv
1:              544              614         1.128      2.02              45.2
2:              700              758         1.083      0.61              46.6
3:              792              804         1.015      0.11              42.9
4:             2110             2183         1.035      0.42              35.7
5:             1780             2013         1.131        NA              37.5
6:              339              305         0.900     -1.16              51.8
7:              323              305         0.943     -0.61              51.6
8:              311              286         0.921     -1.65              50.6
9:              284              285         1.003      0.06              51.3
   Cmax_ratio pass_mean pass_cv
1:      1.031      TRUE    TRUE
2:      0.997      TRUE    TRUE
3:      1.071      TRUE    TRUE
4:      1.126      TRUE    TRUE
5:      1.165      TRUE    TRUE
6:      0.860        NA      NA
7:      0.873        NA      NA
8:      0.880        NA      NA
9:      0.938        NA      NA

일정 변경 전후 비교:
[====|====|====|====|====|====|====|====|====|====] 0:00:16 


(c) 체중 기울기:
   slope_per_5kg expected pct_change_per_5kg        r2 pass
1:     -43.98167      -50          -7.084188 0.3062332 TRUE
[====|====|====|====|====|====|====|====|====|====] 0:00:16 

[====|====|====|====|====|====|====|====|====|====] 0:00:15 

[====|====|====|====|====|====|====|====|====|====] 0:00:16 

[====|====|====|====|====|====|====|====|====|====] 0:00:16 

[====|====|====|====|====|====|====|====|====|====] 0:00:17 


(f) 300 mg 개별 arm (연구별 일정):
      study       arm schedule      dev auclast_obs auclast_sim     ratio
1: PKM12350      test pkm12350 external       487.5    619.5287 1.2708282
2: PKM12350 reference pkm12350 external       500.0    619.5287 1.2390574
3: PKM14161      test pkm14161 internal       587.0    619.3539 1.0551175
4: PKM14161 reference pkm14161 internal       575.0    619.3539 1.0771373
5:  HV-1108      test   hv1108 external       630.0    618.4482 0.9816637
6:  HV-1108 reference   hv1108 external       530.0    618.4482 1.1668833
   sim_logcv tmax_obs tmax_sim pass_mean pass_cv
1:  44.03511      7.0        7     FALSE    TRUE
2:  44.03511      7.0        7     FALSE    TRUE
3:  44.35284      7.0        7      TRUE    TRUE
4:  44.35284      7.0        7      TRUE    TRUE
5:  48.52858      5.0        7      TRUE    TRUE
6:  48.52858      6.9        7     FALSE    TRUE
   model_mean_pooled arm_min arm_max in_range
1:          613.7183   487.5     630     TRUE

완전 외부 데이터셋 gate:
                       item         type     ratio       cv pass_mean pass_cv
1:          clot300_chinese      dataset 1.0154551 42.90497      TRUE    TRUE
2:          clot600_chinese      dataset 1.0345424 35.72085      TRUE    TRUE
3:            PKM12350 test  Li 2020 arm 1.2708282 44.03511     FALSE    TRUE
4:       PKM12350 reference  Li 2020 arm 1.2390574 44.03511     FALSE    TRUE
5:             HV-1108 test  Li 2020 arm 0.9816637 48.52858      TRUE    TRUE
6:        HV-1108 reference  Li 2020 arm 1.1668833 48.52858     FALSE    TRUE
7: Clot 300 mg 코호트 tlast cohort tlast        NA       NA      TRUE      NA
8: Clot 600 mg 코호트 tlast cohort tlast        NA       NA      TRUE      NA

단계 1 상태:
            role                                                  check
 1:         gate            (a) 코호트 중앙값 tlast 5–95% (300, 600 mg)
 2:         gate                  (b) AUClast 평균 ±15% (연구 제형 5개)
 3:         gate              (b) AUClast log-CV 35–51% (연구 제형 5개)
 4:         gate                              (c) 체중 기울기 부호·크기
 5:         gate                                              gate 종합
 6: gate(외부만)                            완전 외부 데이터셋만의 gate
 7:     external                                (a) 200 mg 코호트 tlast
 8:     external (b) 200 mg 1.14 mL 제형 4개 arm: 모의/관측 AUClast (z)
 9:     external                                  (d) Cohen 2022 log SD
10:     external             (f) 300 mg 개별 arm (Li 2020, 연구별 일정)
11:   limitation                                         Cmax 모의/관측
                                                                                                                                                                                                                                          status
 1:                                                                                                                                                                                                                                         PASS
 2:                                                                                                                                                                                                                                         PASS
 3:                                                                                                                                                                                                                                         PASS
 4:                                                                                                                                                                                                                                         PASS
 5:                                                                                                                                                                                                                                         PASS
 6:                      FAIL (8개 항목: clot300_chinese 1.02; clot600_chinese 1.03; PKM12350 test 1.27; PKM12350 reference 1.24; HV-1108 test 0.98; HV-1108 reference 1.17; Clot 300 mg 코호트 tlast 범위 안; Clot 600 mg 코호트 tlast 범위 안)
 7:                                                                                                                                                                                                             관측 28일, 모의 5–95% [24.5, 35]
 8:                                                                                               PKM14271_200mg_test 0.90 (z -1.2); PKM14271_200mg_reference 0.94 (z -0.6); Cohen2022_200mg_AI 0.92 (z -1.6); Cohen2022_200mg_PFSS 1.00 (z 0.1)
 9:                                                                                                                                                                                                                        모의 0.478, 관측 0.49
10:                                                                                                          PKM12350 test 1.27; PKM12350 reference 1.24; PKM14161 test 1.06; PKM14161 reference 1.08; HV-1108 test 0.98; HV-1108 reference 1.17
11: clot300_nonasian_pooled 1.03; clot300_japanese_TDU12265 1.00; clot300_chinese 1.07; clot600_chinese 1.13; clot600_japanese 1.17; PKM14271_200mg_test 0.86; PKM14271_200mg_reference 0.87; Cohen2022_200mg_AI 0.88; Cohen2022_200mg_PFSS 0.94
