run log: /home/user/dupilumab-sim/logs/weight_trials_d_20260924T211210.log
  trial 250 (2000개 중) 21:17:04
  trial 500 (2000개 중) 21:21:48
  trial 750 (2000개 중) 21:26:35
  trial 1000 (2000개 중) 21:31:23
  trial 1250 (2000개 중) 21:36:12
  trial 1500 (2000개 중) 21:41:12
  trial 1750 (2000개 중) 21:45:48
  trial 2000 (2000개 중) 21:50:20
    scenario schedule        endpoint n_trials pass_rate  pass_lo  pass_hi
 1:     F090       B0         AUClast     2000     12.70 11.31186 14.23115
 2:     F090       B0 AUCinf_reliable     2000     23.35 21.54807 25.25411
 3:     F090       B0     AUCinf_true     2000     15.20 13.69336 16.84007
 4:    KE120       B0         AUClast     2000     60.80 58.64167 62.91692
 5:    KE120       B0 AUCinf_reliable     2000     60.35 58.18828 62.47204
 6:    KE120       B0     AUCinf_true     2000     68.15 66.07503 70.15538
 7:     KM10       B0         AUClast     2000     94.65 93.57543 95.55338
 8:     KM10       B0 AUCinf_reliable     2000     87.10 85.55951 88.49824
 9:     KM10       B0     AUCinf_true     2000     97.00 96.15758 97.66221
10:      S00       B0         AUClast     2000     95.00 93.95559 95.87188
11:      S00       B0 AUCinf_reliable     2000     90.75 89.40092 91.94284
12:      S00       B0     AUCinf_true     2000     97.25 96.43769 97.88115
13:    VM125       B0         AUClast     2000     15.75 14.21938 17.41194
14:    VM125       B0 AUCinf_reliable     2000     45.10 42.93071 47.28808
15:    VM125       B0     AUCinf_true     2000     21.45 19.70667 23.30279
     GMR_mean    GMR_lo    GMR_hi width_mean_pp n_R_mean n_T_mean model
 1: 0.8316330 0.8294181 0.8338479      18.01968 117.0000 117.0000     d
 2: 0.8577636 0.8552645 0.8602626      19.85746  83.5395  77.9425     d
 3: 0.8362116 0.8341199 0.8383033      17.13171 117.0000 117.0000     d
 4: 0.9058202 0.9034502 0.9081903      19.31135 117.0000 117.0000     d
 5: 0.9117503 0.9091719 0.9143287      20.67199  83.5395  82.9365     d
 6: 0.9083771 0.9061453 0.9106090      18.32594 117.0000 117.0000     d
 7: 1.0145460 1.0119105 1.0171815      21.47464 117.0000 117.0000     d
 8: 0.9687298 0.9659862 0.9714733      21.79894  83.5395  90.0620     d
 9: 1.0095991 1.0071279 1.0120703      20.28498 117.0000 117.0000     d
10: 1.0006354 0.9980132 1.0032575      21.34903 117.0000 117.0000     d
11: 1.0014180 0.9985909 1.0042451      22.62764  83.5395  83.5775     d
12: 1.0003431 0.9978803 1.0028059      20.20979 117.0000 117.0000     d
13: 0.8394185 0.8371258 0.8417111      18.56222 117.0000 116.9995     d
14: 0.8957464 0.8930003 0.8984925      21.51032  83.5395  70.6205     d
15: 0.8499085 0.8477325 0.8520845      17.76962 117.0000 117.0000     d
   scenario schedule n_trials agree agree_lo agree_hi last_pass_inf_fail
1:     F090       B0     2000 82.25 80.51408 83.86227               3.55
2:    KE120       B0     2000 75.05 73.10673 76.89723              12.70
3:     KM10       B0     2000 85.65 84.04514 87.11817              10.95
4:      S00       B0     2000 89.75 88.34362 91.00397               7.25
5:    VM125       B0     2000 66.65 64.55357 68.68259               2.00
   last_pass_inf_fail_lo last_pass_inf_fail_hi last_fail_inf_pass
1:              2.823988              4.454106              14.20
2:             11.311861             14.231151              12.25
3:              9.655586             12.394135               3.40
4:              6.193617              8.470291               3.00
5:              1.472173              2.711864              31.35
   joint_last_cmax joint_last_cmax_lo joint_last_cmax_hi joint_3rel
1:           12.55           11.16952           14.07407       9.05
2:           60.70           58.54090           62.81808      48.05
3:           94.55           93.46703           95.46216      83.65
4:           94.90           93.84685           95.78100      87.65
5:           15.75           14.21938           17.41194      13.75
   joint_3rel_lo joint_3rel_hi joint_3all joint_3all_lo joint_3all_hi
1:      7.869901      10.38711      11.40      10.08052      12.86747
2:     45.866196      50.24128      57.75      55.57234      59.89794
3:     81.964978      85.20600      92.45      91.20900      93.52824
4:     86.135474      89.02017      94.20      93.08834      95.14219
5:     12.310080      15.32891      15.55      14.02802      17.20407
   cor_logGMR_last_infrel model
1:              0.6982588     d
2:              0.7153018     d
3:              0.7627588     d
4:              0.7248360     d
5:              0.6675057     d
    scenario arm n_trials n_reliable_mean n_dropout_mean wt_retained_mean
 1:     F090   R     2000         83.5395        33.4605         99.04586
 2:     F090   T     2000         77.9425        39.0575         98.65145
 3:    KE120   R     2000         83.5395        33.4605         99.04586
 4:    KE120   T     2000         82.9365        34.0635         98.92395
 5:     KM10   R     2000         83.5395        33.4605         99.04586
 6:     KM10   T     2000         90.0620        26.9380         99.73783
 7:      S00   R     2000         83.5395        33.4605         99.04586
 8:      S00   T     2000         83.5775        33.4225         99.08884
 9:    VM125   R     2000         83.5395        33.4605         99.04586
10:    VM125   T     2000         70.6205        46.3795         98.20757
    wt_dropout_mean dropout_pct model
 1:        105.0076    28.59872     d
 2:        104.9652    33.38248     d
 3:        105.0076    28.59872     d
 4:        105.2304    29.11410     d
 5:        105.0076    28.59872     d
 6:        104.1722    23.02393     d
 7:        105.0076    28.59872     d
 8:        104.9550    28.56624     d
 9:        105.0076    28.59872     d
10:        104.6448    39.64060     d
