run log: /home/user/dupilumab-sim/logs/weight_generalization_abcd_20260924T141232.log
[====|====|====|====|====|====|====|====|====|====] 0:00:10 

  model a band 40–60 14:13:23
[====|====|====|====|====|====|====|====|====|====] 0:00:10 

  model a band 60–75 14:14:19
[====|====|====|====|====|====|====|====|====|====] 0:00:10 

  model a band 75–90 14:15:17
[====|====|====|====|====|====|====|====|====|====] 0:00:10 

  model a band 90–110 14:16:16
[====|====|====|====|====|====|====|====|====|====] 0:00:10 

  model a band 110–130 14:17:10
[====|====|====|====|====|====|====|====|====|====] 0:00:10 

  model a band 130–150 14:17:51
[====|====|====|====|====|====|====|====|====|====] 0:00:17 

  model b band 40–60 14:18:46
[====|====|====|====|====|====|====|====|====|====] 0:00:17 

  model b band 60–75 14:19:39
[====|====|====|====|====|====|====|====|====|====] 0:00:16 

  model b band 75–90 14:20:31
[====|====|====|====|====|====|====|====|====|====] 0:00:16 

  model b band 90–110 14:21:23
[====|====|====|====|====|====|====|====|====|====] 0:00:17 

  model b band 110–130 14:22:17
[====|====|====|====|====|====|====|====|====|====] 0:00:16 

  model b band 130–150 14:23:09
[====|====|====|====|====|====|====|====|====|====] 0:00:10 

  model c band 40–60 14:23:50
[====|====|====|====|====|====|====|====|====|====] 0:00:10 

  model c band 60–75 14:24:30
[====|====|====|====|====|====|====|====|====|====] 0:00:10 

  model c band 75–90 14:25:09
[====|====|====|====|====|====|====|====|====|====] 0:00:10 

  model c band 90–110 14:25:41
[====|====|====|====|====|====|====|====|====|====] 0:00:10 

  model c band 110–130 14:26:25
[====|====|====|====|====|====|====|====|====|====] 0:00:09 

  model c band 130–150 14:27:04
[====|====|====|====|====|====|====|====|====|====] 0:00:10 

  model d band 40–60 14:27:42
[====|====|====|====|====|====|====|====|====|====] 0:00:10 

  model d band 60–75 14:28:21
[====|====|====|====|====|====|====|====|====|====] 0:00:10 

  model d band 75–90 14:29:01
[====|====|====|====|====|====|====|====|====|====] 0:00:10 

  model d band 90–110 14:29:42
[====|====|====|====|====|====|====|====|====|====] 0:00:09 

  model d band 110–130 14:30:21
[====|====|====|====|====|====|====|====|====|====] 0:00:09 

  model d band 130–150 14:30:58
    model    band BMI_median extrap_true_median extrap_true_p95
 1:     a   40-60       17.2              0.506            2.69
 2:     a   60-75       23.2              0.611            3.24
 3:     a   75-90       28.5              0.739            4.03
 4:     a  90-110       34.5              0.900            5.21
 5:     a 110-130       41.4              1.126            6.65
 6:     a 130-150       48.3              1.404            8.46
 7:     b   40-60       17.3              0.509            2.88
 8:     b   60-75       23.2              0.580            3.27
 9:     b   75-90       28.5              0.711            3.92
10:     b  90-110       34.4              0.838            5.01
11:     b 110-130       41.4              1.077            6.20
12:     b 130-150       48.4              1.254            7.42
13:     c   40-60       17.2              0.533            3.21
14:     c   60-75       23.3              0.597            3.19
15:     c   75-90       28.5              0.759            4.14
16:     c  90-110       34.5              0.954            5.44
17:     c 110-130       41.4              1.267            7.25
18:     c 130-150       48.4              1.563            9.21
19:     d   40-60       17.2              0.537            3.57
20:     d   60-75       23.3              0.604            3.18
21:     d   75-90       28.5              0.749            4.19
22:     d  90-110       34.5              1.020            5.65
23:     d 110-130       41.4              1.376            8.14
24:     d 130-150       48.3              1.796            9.91
    model    band BMI_median extrap_true_median extrap_true_p95
    coverage_lt80_pct reliable_pct lambda_fail_pct AUClast_geo
 1:             0.005         84.9           0.230         860
 2:             0.000         82.4           0.745         614
 3:             0.000         78.4           1.895         488
 4:             0.000         73.8           3.520         386
 5:             0.000         67.7           5.825         307
 6:             0.010         62.2           8.515         251
 7:             0.000         85.8           0.135         916
 8:             0.005         85.1           0.415         658
 9:             0.000         82.5           0.765         522
10:             0.005         78.5           1.790         414
11:             0.005         73.9           2.930         328
12:             0.005         70.1           4.135         271
13:             0.010         82.7           0.210         938
14:             0.000         81.7           0.745         626
15:             0.000         78.3           1.860         480
16:             0.000         73.3           3.625         365
17:             0.005         66.8           6.610         281
18:             0.000         60.9           9.465         227
19:             0.020         82.0           0.145        1007
20:             0.000         82.4           0.915         640
21:             0.000         78.3           1.910         472
22:             0.005         72.7           4.370         346
23:             0.015         64.3           7.865         256
24:             0.010         56.5          11.590         198
    coverage_lt80_pct reliable_pct lambda_fail_pct AUClast_geo
