run log: /home/user/dupilumab-sim/logs/weight_trials_b_20260924T202751.log
  trial 250 (2000개 중) 20:32:08
  trial 500 (2000개 중) 20:37:13
  trial 750 (2000개 중) 20:43:07
  trial 1000 (2000개 중) 20:48:44
  trial 1250 (2000개 중) 20:54:38
  trial 1500 (2000개 중) 21:00:24
  trial 1750 (2000개 중) 21:06:10
  trial 2000 (2000개 중) 21:12:00
    scenario schedule        endpoint n_trials pass_rate  pass_lo  pass_hi
 1:     F090       B0         AUClast     2000     13.70 12.26248 15.27670
 2:     F090       B0 AUCinf_reliable     2000     24.20 22.37356 26.12536
 3:     F090       B0     AUCinf_true     2000     15.55 14.02802 17.20407
 4:    KE120       B0         AUClast     2000     63.60 61.46710 65.68076
 5:    KE120       B0 AUCinf_reliable     2000     65.55 63.43933 67.60105
 6:    KE120       B0     AUCinf_true     2000     69.40 67.34477 71.38085
 7:     KM10       B0         AUClast     2000     94.75 93.68392 95.64450
 8:     KM10       B0 AUCinf_reliable     2000     93.20 92.01183 94.22254
 9:     KM10       B0     AUCinf_true     2000     96.75 95.87883 97.44193
10:      S00       B0         AUClast     2000     95.55 94.55562 96.36973
11:      S00       B0 AUCinf_reliable     2000     95.05 94.01000 95.91727
12:      S00       B0     AUCinf_true     2000     97.15 96.32547 97.79375
13:    VM125       B0         AUClast     2000     16.65 15.08160 18.34627
14:    VM125       B0 AUCinf_reliable     2000     45.30 43.12948 47.48854
15:    VM125       B0     AUCinf_true     2000     22.30 20.52978 24.17643
     GMR_mean    GMR_lo    GMR_hi width_mean_pp n_R_mean n_T_mean model
 1: 0.8321138 0.8298792 0.8343485      17.57852  117.000 117.0000     b
 2: 0.8539193 0.8515733 0.8562653      18.27786   91.393  87.0985     b
 3: 0.8360558 0.8339033 0.8382083      16.97212  117.000 117.0000     b
 4: 0.9060404 0.9036739 0.9084069      18.65561  117.000 117.0000     b
 5: 0.9106751 0.9082706 0.9130796      18.92187   91.393  91.7780     b
 6: 0.9084254 0.9061500 0.9107008      17.98549  117.000 117.0000     b
 7: 1.0131615 1.0105177 1.0158052      20.84451  117.000 117.0000     b
 8: 0.9782683 0.9756655 0.9808711      20.48522   91.393  95.2775     b
 9: 1.0093011 1.0067644 1.0118378      20.02997  117.000 117.0000     b
10: 1.0007255 0.9980961 1.0033550      20.74281  117.000 117.0000     b
11: 1.0009699 0.9982871 1.0036526      20.91678   91.393  91.3750     b
12: 1.0005771 0.9980491 1.0031050      19.96065  117.000 117.0000     b
13: 0.8399367 0.8376197 0.8422537      18.19216  117.000 117.0000     b
14: 0.8892520 0.8867142 0.8917899      19.67673   91.393  81.2945     b
15: 0.8491728 0.8469303 0.8514152      17.64700  117.000 117.0000     b
   scenario schedule n_trials agree agree_lo agree_hi last_pass_inf_fail
1:     F090       B0     2000 83.30 81.60187 84.87045               3.10
2:    KE120       B0     2000 79.25 77.41752 80.97033               9.40
3:     KM10       B0     2000 91.45 90.14365 92.59742               5.05
4:      S00       B0     2000 94.70 93.62966 95.59895               2.90
5:    VM125       B0     2000 67.55 65.46616 69.56655               1.90
   last_pass_inf_fail_lo last_pass_inf_fail_hi last_fail_inf_pass
1:              2.425746              3.954073              13.60
2:              8.197718             10.757946              11.35
3:              4.173547              6.098795               3.50
4:              2.250040              3.730546               2.40
5:              1.387378              2.597041              30.55
   joint_last_cmax joint_last_cmax_lo joint_last_cmax_hi joint_3rel
1:           13.70           12.26248           15.27670      10.60
2:           63.60           61.46710           65.68076      54.20
3:           94.75           93.68392           95.64450      89.70
4:           95.55           94.55562           96.36973      92.65
5:           16.65           15.08160           18.34627      14.75
   joint_3rel_lo joint_3rel_hi joint_3all joint_3all_lo joint_3all_hi
1:      9.325578      12.02549      12.70      11.31186      14.23115
2:     52.010466      56.37343      61.90      59.75077      64.00361
3:     88.290862      90.95692      93.90      92.76458      94.86710
4:     91.422746      93.71373      95.40      94.39163      96.23430
5:     13.263506      16.37165      16.25      14.69817      17.93123
   cor_logGMR_last_infrel model
1:              0.7566365     b
2:              0.7837015     b
3:              0.8082234     b
4:              0.7920703     b
5:              0.7328280     b
    scenario arm n_trials n_reliable_mean n_dropout_mean wt_retained_mean
 1:     F090   R     2000         91.3930        25.6070         99.76707
 2:     F090   T     2000         87.0985        29.9015         99.54648
 3:    KE120   R     2000         91.3930        25.6070         99.76707
 4:    KE120   T     2000         91.7780        25.2220         99.70151
 5:     KM10   R     2000         91.3930        25.6070         99.76707
 6:     KM10   T     2000         95.2775        21.7225        100.17381
 7:      S00   R     2000         91.3930        25.6070         99.76707
 8:      S00   T     2000         91.3750        25.6250         99.77422
 9:    VM125   R     2000         91.3930        25.6070         99.76707
10:    VM125   T     2000         81.2945        35.7055         99.25895
    wt_dropout_mean dropout_pct model
 1:        104.2511    21.88632     b
 2:        104.3044    25.55684     b
 3:        104.2511    21.88632     b
 4:        104.6218    21.55726     b
 5:        104.2511    21.88632     b
 6:        103.3531    18.56624     b
 7:        104.2511    21.88632     b
 8:        104.2963    21.90171     b
 9:        104.2511    21.88632     b
10:        104.1797    30.51752     b
