run log: /home/user/dupilumab-sim/logs/weight_trials_a_20260924T195923.log
  trial 250 (2000개 중) 20:03:02
  trial 500 (2000개 중) 20:06:37
  trial 750 (2000개 중) 20:09:54
  trial 1000 (2000개 중) 20:13:34
  trial 1250 (2000개 중) 20:17:04
  trial 1500 (2000개 중) 20:20:30
  trial 1750 (2000개 중) 20:24:06
  trial 2000 (2000개 중) 20:27:43
    scenario schedule        endpoint n_trials pass_rate  pass_lo  pass_hi
 1:     F090       B0         AUClast     2000     14.25 12.78647 15.85059
 2:     F090       B0 AUCinf_reliable     2000     24.15 22.32497 26.07414
 3:     F090       B0     AUCinf_true     2000     16.85 15.27344 18.55366
 4:    KE120       B0         AUClast     2000     69.80 67.75145 71.77264
 5:    KE120       B0 AUCinf_reliable     2000     68.65 66.58272 70.64577
 6:    KE120       B0     AUCinf_true     2000     76.20 74.28451 78.01504
 7:     KM10       B0         AUClast     2000     97.55 96.77585 98.14184
 8:     KM10       B0 AUCinf_reliable     2000     94.05 92.92637 95.00474
 9:     KM10       B0     AUCinf_true     2000     98.80 98.22061 99.19228
10:      S00       B0         AUClast     2000     97.80 97.05962 98.35711
11:      S00       B0 AUCinf_reliable     2000     96.15 95.21449 96.90857
12:      S00       B0     AUCinf_true     2000     98.70 98.10197 99.11131
13:    VM125       B0         AUClast     2000     17.10 15.51335 18.81279
14:    VM125       B0 AUCinf_reliable     2000     49.00 46.81315 51.19068
15:    VM125       B0     AUCinf_true     2000     24.50 22.66515 26.43262
     GMR_mean    GMR_lo    GMR_hi width_mean_pp n_R_mean n_T_mean model
 1: 0.8310208 0.8289586 0.8330829      16.41697  117.000 117.0000     a
 2: 0.8531533 0.8508942 0.8554125      17.77970   85.689  80.5590     a
 3: 0.8354549 0.8335117 0.8373981      15.55475  117.000 117.0000     a
 4: 0.9083522 0.9061441 0.9105603      17.61566  117.000 117.0000     a
 5: 0.9127473 0.9103709 0.9151237      18.59841   85.689  85.3435     a
 6: 0.9108469 0.9087708 0.9129231      16.65547  117.000 117.0000     a
 7: 1.0131938 1.0107445 1.0156432      19.53594  117.000 117.0000     a
 8: 0.9757222 0.9732419 0.9782025      19.81026   85.689  91.2320     a
 9: 1.0088444 1.0065494 1.0111394      18.40262  117.000 117.0000     a
10: 1.0004221 0.9979845 1.0028597      19.43657  117.000 117.0000     a
11: 1.0014554 0.9988568 1.0040540      20.37855   85.689  85.7465     a
12: 1.0001887 0.9979012 1.0024761      18.33973  117.000 117.0000     a
13: 0.8381737 0.8360396 0.8403078      16.94684  117.000 117.0000     a
14: 0.8900267 0.8875661 0.8924873      19.18746   85.689  73.4585     a
15: 0.8486207 0.8465982 0.8506433      16.15023  117.000 117.0000     a
   scenario schedule n_trials agree agree_lo agree_hi last_pass_inf_fail
1:     F090       B0     2000 83.50 81.80933 85.06223               3.30
2:    KE120       B0     2000 79.25 77.41752 80.97033              10.95
3:     KM10       B0     2000 92.90 91.69027 93.94525               5.30
4:      S00       B0     2000 95.55 94.55562 96.36973               3.05
5:    VM125       B0     2000 64.70 62.57918 66.76446               1.70
   last_pass_inf_fail_lo last_pass_inf_fail_hi last_fail_inf_pass
1:              2.602275              4.176777               13.2
2:              9.655586             12.394135                9.8
3:              4.401046              6.370338                1.8
4:              2.381740              3.898271                1.4
5:              1.219068              2.366119               33.6
   joint_last_cmax joint_last_cmax_lo joint_last_cmax_hi joint_3rel
1:           14.10           12.64349           15.69416       10.8
2:           69.75           67.70060           71.72368       58.8
3:           97.45           96.66286           98.05521       92.2
4:           97.70           96.94588           98.27123       94.7
5:           17.10           15.51335           18.81279       15.4
   joint_3rel_lo joint_3rel_hi joint_3all joint_3all_lo joint_3all_hi
1:      9.514099      12.23620      13.45      12.02456      15.01557
2:     56.628032      60.93823      67.60      65.51689      69.61563
3:     90.942152      93.29605      96.55      95.65669      97.26483
4:     93.629662      95.59895      97.30      96.49389      97.92476
5:     13.884557      17.04810      16.90      15.32141      18.60550
   cor_logGMR_last_infrel model
1:              0.7202259     a
2:              0.7445666     a
3:              0.7735249     a
4:              0.7460304     a
5:              0.6896179     a
    scenario arm n_trials n_reliable_mean n_dropout_mean wt_retained_mean
 1:     F090   R     2000         85.6890        31.3110         99.42844
 2:     F090   T     2000         80.5590        36.4410         99.16316
 3:    KE120   R     2000         85.6890        31.3110         99.42844
 4:    KE120   T     2000         85.3435        31.6565         99.37866
 5:     KM10   R     2000         85.6890        31.3110         99.42844
 6:     KM10   T     2000         91.2320        25.7680         99.90779
 7:      S00   R     2000         85.6890        31.3110         99.42844
 8:      S00   T     2000         85.7465        31.2535         99.45211
 9:    VM125   R     2000         85.6890        31.3110         99.42844
10:    VM125   T     2000         73.4585        43.5415         98.76412
    wt_dropout_mean dropout_pct model
 1:        104.3654    26.76154     a
 2:        104.2794    31.14615     a
 3:        104.3654    26.76154     a
 4:        104.4791    27.05684     a
 5:        104.3654    26.76154     a
 6:        103.7893    22.02393     a
 7:        104.3654    26.76154     a
 8:        104.3569    26.71239     a
 9:        104.3654    26.76154     a
10:        104.1190    37.21496     a
