- The project is out-of-sync -- use `renv::status()` for details.
run log: /home/user/dupilumab-sim/logs/trial_schedules_struct2020_20260923T053355.log
variant=struct2020 n_trials=500 cores=4 combos=18
  trial 50/500 05:34:36
  trial 100/500 05:35:12
  trial 150/500 05:35:50
  trial 200/500 05:36:26
  trial 250/500 05:37:03
  trial 300/500 05:37:40
  trial 350/500 05:38:17
  trial 400/500 05:38:55
  trial 450/500 05:39:32
  trial 500/500 05:40:11
elapsed: 6.268291 mins 
Aggregate function missing, defaulting to 'length'
There were 36 warnings (use warnings() to see them)
Aggregate function missing, defaulting to 'length'
There were 36 warnings (use warnings() to see them)
    scenario schedule        endpoint pass_rate GMR_mean width_mean_pp n_T_mean
 1:     F090       B0            Cmax      76.9   0.8836         12.31    117.0
 2:     F090       B0         AUClast      24.7   0.8413         13.80    117.0
 3:     F090       B0 AUCinf_reliable      32.2   0.8525         14.31     96.2
 4:     F090   Bminus            Cmax      76.9   0.8836         12.31    117.0
 5:     F090   Bminus         AUClast      26.0   0.8423         13.71    117.0
 6:     F090   Bminus AUCinf_reliable      30.6   0.8510         14.48     95.9
 7:     F090       D1            Cmax      76.9   0.8836         12.31    117.0
 8:     F090       D1         AUClast      24.3   0.8409         13.84    117.0
 9:     F090       D1 AUCinf_reliable      33.6   0.8524         14.13     97.4
10:     F090       D2            Cmax      76.9   0.8836         12.31    117.0
11:     F090       D2         AUClast      24.1   0.8408         13.85    117.0
12:     F090       D2 AUCinf_reliable      33.7   0.8532         14.11     97.4
13:     F090       D3            Cmax      76.9   0.8836         12.31    117.0
14:     F090       D3         AUClast      24.4   0.8413         13.79    117.0
15:     F090       D3 AUCinf_reliable      34.4   0.8526         13.90    101.9
16:     F090       D4            Cmax      76.9   0.8836         12.31    117.0
17:     F090       D4         AUClast      24.4   0.8409         13.85    117.0
18:     F090       D4 AUCinf_reliable      32.5   0.8525         14.22     96.6
19:      S00       B0            Cmax     100.0   1.0004         13.77    117.0
20:      S00       B0         AUClast      99.9   1.0011         16.25    117.0
21:      S00       B0 AUCinf_reliable      99.9   1.0004         16.59     99.4
22:      S00   Bminus            Cmax     100.0   1.0004         13.77    117.0
23:      S00   Bminus         AUClast     100.0   1.0011         16.10    117.0
24:      S00   Bminus AUCinf_reliable     100.0   1.0001         16.84     99.0
25:      S00       D1            Cmax     100.0   1.0004         13.77    117.0
26:      S00       D1         AUClast     100.0   1.0011         16.30    117.0
27:      S00       D1 AUCinf_reliable     100.0   1.0005         16.40    101.1
28:      S00       D2            Cmax     100.0   1.0004         13.77    117.0
29:      S00       D2         AUClast     100.0   1.0011         16.31    117.0
30:      S00       D2 AUCinf_reliable      99.7   1.0005         16.36    100.8
31:      S00       D3            Cmax     100.0   1.0004         13.76    117.0
32:      S00       D3         AUClast     100.0   1.0011         16.22    117.0
33:      S00       D3 AUCinf_reliable      99.9   1.0004         16.21    104.5
34:      S00       D4            Cmax     100.0   1.0004         13.77    117.0
35:      S00       D4         AUClast      99.9   1.0011         16.30    117.0
36:      S00       D4 AUCinf_reliable     100.0   1.0009         16.49    100.0
37:    VM125       B0            Cmax      99.6   0.9589         13.59    117.0
38:    VM125       B0         AUClast      40.7   0.8603         14.33    117.0
39:    VM125       B0 AUCinf_reliable      60.8   0.8865         15.18     92.2
40:    VM125   Bminus            Cmax      99.6   0.9589         13.59    117.0
41:    VM125   Bminus         AUClast      43.3   0.8621         14.27    117.0
42:    VM125   Bminus AUCinf_reliable      60.0   0.8845         15.31     92.0
43:    VM125       D1            Cmax      99.6   0.9588         13.59    117.0
44:    VM125       D1         AUClast      38.8   0.8591         14.37    117.0
45:    VM125       D1 AUCinf_reliable      63.0   0.8874         15.02     92.8
46:    VM125       D2            Cmax      99.6   0.9588         13.59    117.0
47:    VM125       D2         AUClast      39.2   0.8590         14.37    117.0
48:    VM125       D2 AUCinf_reliable      63.9   0.8883         14.99     92.8
49:    VM125       D3            Cmax      99.6   0.9588         13.58    117.0
50:    VM125       D3         AUClast      40.0   0.8598         14.34    117.0
51:    VM125       D3 AUCinf_reliable      66.0   0.8886         14.76     97.2
52:    VM125       D4            Cmax      99.6   0.9589         13.59    117.0
53:    VM125       D4         AUClast      39.1   0.8592         14.37    117.0
54:    VM125       D4 AUCinf_reliable      63.9   0.8865         15.08     92.3
    scenario schedule        endpoint pass_rate GMR_mean width_mean_pp n_T_mean
    scenario schedule pass_both_primary agree_last_infrel last_pass_infrel_fail
 1:     F090       B0               100               100                     0
 2:     F090   Bminus               100               100                     0
 3:     F090       D1               100               100                     0
 4:     F090       D2               100               100                     0
 5:     F090       D3               100               100                     0
 6:     F090       D4               100               100                     0
 7:      S00       B0               100               100                     0
 8:      S00   Bminus               100               100                     0
 9:      S00       D1               100               100                     0
10:      S00       D2               100               100                     0
11:      S00       D3               100               100                     0
12:      S00       D4               100               100                     0
13:    VM125       B0               100               100                     0
14:    VM125   Bminus               100               100                     0
15:    VM125       D1               100               100                     0
16:    VM125       D2               100               100                     0
17:    VM125       D3               100               100                     0
18:    VM125       D4               100               100                     0
    cor_logGMR_last_infrel
 1:                     NA
 2:                     NA
 3:                     NA
 4:                     NA
 5:                     NA
 6:                     NA
 7:                     NA
 8:                     NA
 9:                     NA
10:                     NA
11:                     NA
12:                     NA
13:                     NA
14:                     NA
15:                     NA
16:                     NA
17:                     NA
18:                     NA
Error in vecseq(f__, len__, if (allow.cartesian || notjoin || !anyDuplicated(f__,  : 
  Join results in 450000 rows; more than 30000 = nrow(x)+nrow(i). Check for duplicate key values in i each of which join to the same group in x over and over again. If that's ok, try by=.EACHI to run j for each group to avoid the large allocation. If you are sure you wish to proceed, rerun with allow.cartesian=TRUE. Otherwise, please search for this error message in the FAQ, Wiki, Stack Overflow and data.table issue tracker for advice.
Calls: rbindlist ... merge -> merge.data.table -> [ -> [.data.table -> vecseq
Execution halted
