run log: /home/user/dupilumab-sim/logs/trialpop_truth_k2020_20260925T150436.log
[====|====|====|====|====|====|====|====|====|====] 0:00:11 

[====|====|====|====|====|====|====|====|====|====] 0:00:11 

[====|====|====|====|====|====|====|====|====|====] 0:00:11 

[====|====|====|====|====|====|====|====|====|====] 0:00:11 

[====|====|====|====|====|====|====|====|====|====] 0:00:11 

[====|====|====|====|====|====|====|====|====|====] 0:00:11 

[====|====|====|====|====|====|====|====|====|====] 0:00:12 

[====|====|====|====|====|====|====|====|====|====] 0:00:11 

[====|====|====|====|====|====|====|====|====|====] 0:00:11 

[====|====|====|====|====|====|====|====|====|====] 0:00:11 

k2020 F097 truth done 
[====|====|====|====|====|====|====|====|====|====] 0:00:11 

[====|====|====|====|====|====|====|====|====|====] 0:00:11 

[====|====|====|====|====|====|====|====|====|====] 0:00:11 

[====|====|====|====|====|====|====|====|====|====] 0:00:11 

[====|====|====|====|====|====|====|====|====|====] 0:00:11 

[====|====|====|====|====|====|====|====|====|====] 0:00:11 

[====|====|====|====|====|====|====|====|====|====] 0:00:11 

[====|====|====|====|====|====|====|====|====|====] 0:00:11 

[====|====|====|====|====|====|====|====|====|====] 0:00:11 

[====|====|====|====|====|====|====|====|====|====] 0:00:11 

k2020 KE110 truth done 
[====|====|====|====|====|====|====|====|====|====] 0:00:11 

[====|====|====|====|====|====|====|====|====|====] 0:00:12 

[====|====|====|====|====|====|====|====|====|====] 0:00:11 

[====|====|====|====|====|====|====|====|====|====] 0:00:11 

[====|====|====|====|====|====|====|====|====|====] 0:00:11 

[====|====|====|====|====|====|====|====|====|====] 0:00:11 

[====|====|====|====|====|====|====|====|====|====] 0:00:11 

[====|====|====|====|====|====|====|====|====|====] 0:00:11 

[====|====|====|====|====|====|====|====|====|====] 0:00:11 

[====|====|====|====|====|====|====|====|====|====] 0:00:11 

k2020 KE120 truth done 
[====|====|====|====|====|====|====|====|====|====] 0:00:12 

[====|====|====|====|====|====|====|====|====|====] 0:00:12 

[====|====|====|====|====|====|====|====|====|====] 0:00:11 

[====|====|====|====|====|====|====|====|====|====] 0:00:11 

[====|====|====|====|====|====|====|====|====|====] 0:00:11 

[====|====|====|====|====|====|====|====|====|====] 0:00:12 

[====|====|====|====|====|====|====|====|====|====] 0:00:11 

[====|====|====|====|====|====|====|====|====|====] 0:00:12 

[====|====|====|====|====|====|====|====|====|====] 0:00:11 

[====|====|====|====|====|====|====|====|====|====] 0:00:11 

k2020 VM125 truth done 
   pk_model scenario auc_ratio   auc_se_log cmax_ratio  cmax_se_log n_subjects
1:    k2020     F097 0.9523677 1.186673e-05  0.9654989 6.857928e-06     200000
2:    k2020    KE110 0.9478054 1.901655e-05  0.9842347 1.184338e-05     200000
3:    k2020    KE120 0.9010008 3.615046e-05  0.9691954 2.306794e-05     200000
4:    k2020    VM125 0.8664169 9.650791e-05  0.9628010 5.711581e-05     200000
done 
