run_name: trialpop_trials_k2020
started_utc: 2026-09-25 12:45:37
run_mode: final
master_seed: 20260923
seed_rule_version: 1
git_sha: bae3574b1e68e707050c363f876da49763fa7e97
git_code_clean: TRUE
R_version: R version 4.3.3 (2024-02-29)
rxode2: 5.1.7
BEmaster: not installed
config_sha256:
  assay.yaml: 13bb4e6e5a604962f3e30a9f31dffb53fcfcaa71272e41d6a12413c1cec26604
  crossval_reference.yaml: 4a8ee97a00c6c0ecc2c42373c8d21099adbfc833d3b6e4b1abfbf714653549de
  design_clot2021.yaml: 4b3ddc374dfbf3f451d3fe3d6a865645b0b5d93b0ea7eea9a3f24cd8d2f05da5
  gate_decision.yaml: fec8e5a4376e78560e2945be2c69db22e63e6b6731a2413101efa1ac58cb1838
  nca_rules.yaml: 0f53d9e003bf1df504df24201f06301cabe423babd1078def5c5a4b3b2c1db94
  oc_design.yaml: 629011b264fbc4c3f03f8a3989bac1f2711d49959f3268f5e8f758c80f93ea0a
  params_k2020_model1.yaml: b6e3816238f158ab76cda1edfc4ce9ae49b53fdd4836de8be36bd64664dca96f
  params_typical.yaml: 0661b248227771273d5c58c86c61f35ef655fdeecebe3f188868fd61cff4b801
  params_variability.yaml: b849a4cc3acc6d47f9833392ac4f47ebacc6ad9fa79fcc5848628fd4b5aa99a9
  population_atopic.yaml: a5e5356587a4727996496d247df2f1b007adb6fe7e7a9f98ce81388040495abb
  prereg_20260926.yaml: dc2c9f1bd4d62e13ad9f5f551dcf97eb7ee1359ba13aaa3af8efc063dfc6303e
  repro_check.yaml: a5e8401417d3dd780a21876356e654a5c6b270f9d50eb47de942105cb34d2756
  repro_request.yaml: 0e85501d9e970a1b51dfa4f347f196c7fbd38b3908c4e629ce54451938094eb3
  scenarios.yaml: 7243c4f34f21614eccae4c143ba05b8a9eb9183a76770cfce7153ef30a5dc17c
  schedule_decision.yaml: de62d815c54d33e4016ed7fdb535ede38ae9c0a6350ef8e7e0a26cb5dd9572b2
  trial_design.yaml: 553eceab74155a3497fef1ab587f3b8d2be1319704e17ae1f0e177601726e84f
extra:
  model: k2020
  scenarios: S00,F_down_080,F_up_125,ka_down_080,ke_down_125,ke_up_080,V2_up_080,Vmax_down_125,Vmax_up_080,F097,KE110,KE120,VM125
  trials: 1-2000
  cores: 1
session_info:
  R version 4.3.3 (2024-02-29)
  Platform: x86_64-pc-linux-gnu (64-bit)
  Running under: Ubuntu 24.04.4 LTS
  
  Matrix products: default
  BLAS:   /usr/lib/x86_64-linux-gnu/blas/libblas.so.3.12.0 
  LAPACK: /usr/lib/x86_64-linux-gnu/lapack/liblapack.so.3.12.0
  
  locale:
   [1] LC_CTYPE=C.UTF-8       LC_NUMERIC=C           LC_TIME=C.UTF-8       
   [4] LC_COLLATE=C.UTF-8     LC_MONETARY=C.UTF-8    LC_MESSAGES=C.UTF-8   
   [7] LC_PAPER=C.UTF-8       LC_NAME=C              LC_ADDRESS=C          
  [10] LC_TELEPHONE=C         LC_MEASUREMENT=C.UTF-8 LC_IDENTIFICATION=C   
  
  time zone: Etc/UTC
  tzcode source: system (glibc)
  
  attached base packages:
  [1] stats     graphics  grDevices datasets  utils     methods   base     
  
  other attached packages:
  [1] digest_0.6.34      data.table_1.14.10 yaml_2.3.8        
  
  loaded via a namespace (and not attached):
  [1] compiler_4.3.3    tools_4.3.3       R.methodsS3_1.8.2 R.utils_2.12.3   
  [5] renv_1.2.4        R.oo_1.26.0      
[13:03:30] k2020 trials 1-250 done in 17.84056 mins; per-arm counts equal section1 for 16500 arm x endpoint rows
[13:22:00] k2020 trials 251-500 done in 18.49694 mins; per-arm counts equal section1 for 16500 arm x endpoint rows
[13:41:16] k2020 trials 501-750 done in 19.2595 mins; per-arm counts equal section1 for 16500 arm x endpoint rows
[14:02:37] k2020 trials 751-1000 done in 21.34629 mins; per-arm counts equal section1 for 16500 arm x endpoint rows
[14:24:07] k2020 trials 1001-1250 done in 21.51379 mins; per-arm counts equal section1 for 16500 arm x endpoint rows
[14:44:37] k2020 trials 1251-1500 done in 20.48741 mins; per-arm counts equal section1 for 16500 arm x endpoint rows
[14:56:07] k2020 trials 1501-1750 done in 11.51457 mins; per-arm counts equal section1 for 16500 arm x endpoint rows
[15:04:27] k2020 trials 1751-2000 done in 8.320556 mins; per-arm counts equal section1 for 16500 arm x endpoint rows
[15:04:27] done: /home/user/dupilumab-sim/results/trialpop/trialpop_counts_k2020.csv.gz
