run log: /home/user/dupilumab-sim/logs/trialpop_truth_k2016_20260925T144644.log
[====|====|====|====|====|====|====|====|====|====] 0:00:05 

[====|====|====|====|====|====|====|====|====|====] 0:00:05 

[====|====|====|====|====|====|====|====|====|====] 0:00:05 

[====|====|====|====|====|====|====|====|====|====] 0:00:05 

[====|====|====|====|====|====|====|====|====|====] 0:00:05 

[====|====|====|====|====|====|====|====|====|====] 0:00:05 

[====|====|====|====|====|====|====|====|====|====] 0:00:05 

[====|====|====|====|====|====|====|====|====|====] 0:00:05 

[====|====|====|====|====|====|====|====|====|====] 0:00:05 

[====|====|====|====|====|====|====|====|====|====] 0:00:05 

k2016 F097 truth done 
[====|====|====|====|====|====|====|====|====|====] 0:00:05 

[====|====|====|====|====|====|====|====|====|====] 0:00:05 

[====|====|====|====|====|====|====|====|====|====] 0:00:05 

[====|====|====|====|====|====|====|====|====|====] 0:00:05 

[====|====|====|====|====|====|====|====|====|====] 0:00:05 

[====|====|====|====|====|====|====|====|====|====] 0:00:05 

[====|====|====|====|====|====|====|====|====|====] 0:00:05 

[====|====|====|====|====|====|====|====|====|====] 0:00:05 

[====|====|====|====|====|====|====|====|====|====] 0:00:05 

[====|====|====|====|====|====|====|====|====|====] 0:00:05 

k2016 KE110 truth done 
[====|====|====|====|====|====|====|====|====|====] 0:00:05 

[====|====|====|====|====|====|====|====|====|====] 0:00:05 

[====|====|====|====|====|====|====|====|====|====] 0:00:05 

[====|====|====|====|====|====|====|====|====|====] 0:00:06 

[====|====|====|====|====|====|====|====|====|====] 0:00:05 

[====|====|====|====|====|====|====|====|====|====] 0:00:05 

[====|====|====|====|====|====|====|====|====|====] 0:00:05 

[====|====|====|====|====|====|====|====|====|====] 0:00:05 

[====|====|====|====|====|====|====|====|====|====] 0:00:05 

[====|====|====|====|====|====|====|====|====|====] 0:00:05 

k2016 KE120 truth done 
[====|====|====|====|====|====|====|====|====|====] 0:00:05 

[====|====|====|====|====|====|====|====|====|====] 0:00:05 

[====|====|====|====|====|====|====|====|====|====] 0:00:05 

[====|====|====|====|====|====|====|====|====|====] 0:00:05 

[====|====|====|====|====|====|====|====|====|====] 0:00:05 

[====|====|====|====|====|====|====|====|====|====] 0:00:05 

[====|====|====|====|====|====|====|====|====|====] 0:00:05 

[====|====|====|====|====|====|====|====|====|====] 0:00:05 

[====|====|====|====|====|====|====|====|====|====] 0:00:05 

[====|====|====|====|====|====|====|====|====|====] 0:00:05 

k2016 VM125 truth done 
   pk_model scenario auc_ratio   auc_se_log cmax_ratio  cmax_se_log n_subjects
1:    k2016     F097 0.9520697 1.202878e-05  0.9652698 7.003306e-06     200000
2:    k2016    KE110 0.9492823 2.046384e-05  0.9837742 1.258139e-05     200000
3:    k2016    KE120 0.9036929 3.895909e-05  0.9682753 2.454426e-05     200000
4:    k2016    VM125 0.8649663 9.863427e-05  0.9608414 5.941767e-05     200000
done 
