- The project is out-of-sync -- use `renv::status()` for details.
run log: /home/user/dupilumab-sim/logs/trial_schedules_base_20260923T052725.log
variant=base n_trials=500 cores=4 combos=18
  trial 50/500 05:28:20
  trial 100/500 05:29:00
  trial 150/500 05:29:39
  trial 200/500 05:30:13
  trial 250/500 05:30:51
  trial 300/500 05:31:22
  trial 350/500 05:32:03
  trial 400/500 05:32:37
  trial 450/500 05:33:16
  trial 500/500 05:33:47
elapsed: 6.40165 mins 
Aggregate function missing, defaulting to 'length'
There were 36 warnings (use warnings() to see them)
Aggregate function missing, defaulting to 'length'
There were 36 warnings (use warnings() to see them)
    scenario schedule        endpoint pass_rate GMR_mean width_mean_pp n_T_mean
 1:     F090       B0            Cmax      74.7   0.8829         12.61    117.0
 2:     F090       B0         AUClast      23.9   0.8400         13.84    117.0
 3:     F090       B0 AUCinf_reliable      33.8   0.8530         14.13     98.3
 4:     F090   Bminus            Cmax      74.7   0.8829         12.61    117.0
 5:     F090   Bminus         AUClast      24.7   0.8408         13.78    117.0
 6:     F090   Bminus AUCinf_reliable      31.2   0.8518         14.25     98.2
 7:     F090       D1            Cmax      74.7   0.8829         12.61    117.0
 8:     F090       D1         AUClast      23.2   0.8395         13.88    117.0
 9:     F090       D1 AUCinf_reliable      35.8   0.8533         14.02     98.8
10:     F090       D2            Cmax      74.7   0.8829         12.61    117.0
11:     F090       D2         AUClast      23.1   0.8395         13.89    117.0
12:     F090       D2 AUCinf_reliable      36.3   0.8539         13.99     98.8
13:     F090       D3            Cmax      74.7   0.8829         12.61    117.0
14:     F090       D3         AUClast      23.1   0.8397         13.86    117.0
15:     F090       D3 AUCinf_reliable      37.3   0.8539         13.86    101.6
16:     F090       D4            Cmax      74.7   0.8829         12.61    117.0
17:     F090       D4         AUClast      23.4   0.8396         13.88    117.0
18:     F090       D4 AUCinf_reliable      34.4   0.8529         14.07     98.2
19:      S00       B0            Cmax     100.0   1.0002         14.10    117.0
20:      S00       B0         AUClast      99.8   1.0011         16.31    117.0
21:      S00       B0 AUCinf_reliable      99.8   1.0015         16.42    101.1
22:      S00   Bminus            Cmax     100.0   1.0002         14.10    117.0
23:      S00   Bminus         AUClast      99.9   1.0012         16.20    117.0
24:      S00   Bminus AUCinf_reliable      99.8   1.0013         16.61    101.0
25:      S00       D1            Cmax     100.0   1.0002         14.10    117.0
26:      S00       D1         AUClast      99.8   1.0011         16.37    117.0
27:      S00       D1 AUCinf_reliable     100.0   1.0019         16.30    101.9
28:      S00       D2            Cmax     100.0   1.0002         14.10    117.0
29:      S00       D2         AUClast      99.8   1.0011         16.38    117.0
30:      S00       D2 AUCinf_reliable      99.9   1.0017         16.25    101.7
31:      S00       D3            Cmax     100.0   1.0002         14.10    117.0
32:      S00       D3         AUClast      99.8   1.0011         16.32    117.0
33:      S00       D3 AUCinf_reliable     100.0   1.0012         16.12    104.7
34:      S00       D4            Cmax     100.0   1.0002         14.10    117.0
35:      S00       D4         AUClast      99.8   1.0011         16.37    117.0
36:      S00       D4 AUCinf_reliable      99.8   1.0023         16.38    101.2
37:    VM125       B0            Cmax      99.5   0.9571         13.90    117.0
38:    VM125       B0         AUClast      38.2   0.8578         14.36    117.0
39:    VM125       B0 AUCinf_reliable      65.5   0.8885         15.01     93.3
40:    VM125   Bminus            Cmax      99.5   0.9571         13.90    117.0
41:    VM125   Bminus         AUClast      39.5   0.8590         14.32    117.0
42:    VM125   Bminus AUCinf_reliable      63.7   0.8864         15.10     93.3
43:    VM125       D1            Cmax      99.5   0.9571         13.90    117.0
44:    VM125       D1         AUClast      37.2   0.8567         14.39    117.0
45:    VM125       D1 AUCinf_reliable      66.4   0.8888         14.90     93.6
46:    VM125       D2            Cmax      99.5   0.9571         13.90    117.0
47:    VM125       D2         AUClast      36.8   0.8567         14.39    117.0
48:    VM125       D2 AUCinf_reliable      66.5   0.8897         14.88     93.7
49:    VM125       D3            Cmax      99.5   0.9571         13.90    117.0
50:    VM125       D3         AUClast      37.8   0.8568         14.38    117.0
51:    VM125       D3 AUCinf_reliable      67.8   0.8914         14.72     96.6
52:    VM125       D4            Cmax      99.5   0.9571         13.90    117.0
53:    VM125       D4         AUClast      37.3   0.8567         14.39    117.0
54:    VM125       D4 AUCinf_reliable      65.2   0.8884         14.95     93.2
    scenario schedule        endpoint pass_rate GMR_mean width_mean_pp n_T_mean
    scenario schedule pass_both_primary agree_last_infrel last_pass_infrel_fail
 1:     F090       B0               100               100                     0
 2:     F090   Bminus               100               100                     0
 3:     F090       D1               100               100                     0
 4:     F090       D2               100               100                     0
 5:     F090       D3               100               100                     0
 6:     F090       D4               100               100                     0
 7:      S00       B0               100               100                     0
 8:      S00   Bminus               100               100                     0
 9:      S00       D1               100               100                     0
10:      S00       D2               100               100                     0
11:      S00       D3               100               100                     0
12:      S00       D4               100               100                     0
13:    VM125       B0               100               100                     0
14:    VM125   Bminus               100               100                     0
15:    VM125       D1               100               100                     0
16:    VM125       D2               100               100                     0
17:    VM125       D3               100               100                     0
18:    VM125       D4               100               100                     0
    cor_logGMR_last_infrel
 1:                     NA
 2:                     NA
 3:                     NA
 4:                     NA
 5:                     NA
 6:                     NA
 7:                     NA
 8:                     NA
 9:                     NA
10:                     NA
11:                     NA
12:                     NA
13:                     NA
14:                     NA
15:                     NA
16:                     NA
17:                     NA
18:                     NA
Error in vecseq(f__, len__, if (allow.cartesian || notjoin || !anyDuplicated(f__,  : 
  Join results in 450000 rows; more than 30000 = nrow(x)+nrow(i). Check for duplicate key values in i each of which join to the same group in x over and over again. If that's ok, try by=.EACHI to run j for each group to avoid the large allocation. If you are sure you wish to proceed, rerun with allow.cartesian=TRUE. Otherwise, please search for this error message in the FAQ, Wiki, Stack Overflow and data.table issue tracker for advice.
Calls: rbindlist ... merge -> merge.data.table -> [ -> [.data.table -> vecseq
Execution halted
