run log: /home/user/dupilumab-sim/logs/weight_generalization_abcd_20260924T061117.log
[====|====|====|====|====|====|====|====|====|====] 0:00:07 

  model a band 40–60 06:11:33
[====|====|====|====|====|====|====|====|====|====] 0:00:07 

  model a band 60–75 06:11:47
[====|====|====|====|====|====|====|====|====|====] 0:00:06 

  model a band 75–90 06:12:00
[====|====|====|====|====|====|====|====|====|====] 0:00:07 

  model a band 90–110 06:12:13
[====|====|====|====|====|====|====|====|====|====] 0:00:06 

  model a band 110–130 06:12:26
[====|====|====|====|====|====|====|====|====|====] 0:00:06 

  model a band 130–150 06:12:39
[====|====|====|====|====|====|====|====|====|====] 0:00:12 

  model b band 40–60 06:12:58
[====|====|====|====|====|====|====|====|====|====] 0:00:13 

  model b band 60–75 06:13:17
[====|====|====|====|====|====|====|====|====|====] 0:00:13 

  model b band 75–90 06:13:36
[====|====|====|====|====|====|====|====|====|====] 0:00:12 

  model b band 90–110 06:13:54
[====|====|====|====|====|====|====|====|====|====] 0:00:12 

  model b band 110–130 06:14:13
[====|====|====|====|====|====|====|====|====|====] 0:00:12 

  model b band 130–150 06:14:31
[====|====|====|====|====|====|====|====|====|====] 0:00:07 

  model c band 40–60 06:14:45
[====|====|====|====|====|====|====|====|====|====] 0:00:07 

  model c band 60–75 06:14:58
[====|====|====|====|====|====|====|====|====|====] 0:00:07 

  model c band 75–90 06:15:11
[====|====|====|====|====|====|====|====|====|====] 0:00:07 

  model c band 90–110 06:15:25
[====|====|====|====|====|====|====|====|====|====] 0:00:06 

  model c band 110–130 06:15:38
[====|====|====|====|====|====|====|====|====|====] 0:00:06 

  model c band 130–150 06:15:51
[====|====|====|====|====|====|====|====|====|====] 0:00:07 

  model d band 40–60 06:16:05
[====|====|====|====|====|====|====|====|====|====] 0:00:06 

  model d band 60–75 06:16:17
[====|====|====|====|====|====|====|====|====|====] 0:00:06 

  model d band 75–90 06:16:30
[====|====|====|====|====|====|====|====|====|====] 0:00:06 

  model d band 90–110 06:16:44
[====|====|====|====|====|====|====|====|====|====] 0:00:06 

  model d band 110–130 06:16:56
[====|====|====|====|====|====|====|====|====|====] 0:00:05 

  model d band 130–150 06:17:08
    model    band BMI_median extrap_true_median extrap_true_p95
 1:     a   40-60       17.2              0.504            2.69
 2:     a   60-75       23.2              0.602            3.23
 3:     a   75-90       28.5              0.724            4.01
 4:     a  90-110       34.5              0.885            5.18
 5:     a 110-130       41.4              1.101            6.61
 6:     a 130-150       48.3              1.365            8.42
 7:     b   40-60       17.3              0.504            2.88
 8:     b   60-75       23.2              0.574            3.26
 9:     b   75-90       28.5              0.702            3.91
10:     b  90-110       34.4              0.819            4.99
11:     b 110-130       41.4              1.052            6.14
12:     b 130-150       48.4              1.214            7.33
13:     c   40-60       17.2              0.531            3.20
14:     c   60-75       23.3              0.589            3.17
15:     c   75-90       28.5              0.749            4.13
16:     c  90-110       34.5              0.930            5.42
17:     c 110-130       41.4              1.235            7.22
18:     c 130-150       48.4              1.517            9.15
19:     d   40-60       17.2              0.533            3.57
20:     d   60-75       23.3              0.598            3.17
21:     d   75-90       28.5              0.736            4.17
22:     d  90-110       34.5              1.000            5.62
23:     d 110-130       41.4              1.325            8.06
24:     d 130-150       48.3              1.742            9.85
    model    band BMI_median extrap_true_median extrap_true_p95
    coverage_lt80_pct reliable_pct lambda_fail_pct AUClast_geo
 1:             0.005         90.8           0.230         860
 2:             0.000         88.1           0.740         615
 3:             0.000         84.5           1.875         488
 4:             0.000         80.5           3.475         386
 5:             0.000         75.6           5.760         307
 6:             0.010         71.2           8.425         251
 7:             0.000         94.1           0.135         916
 8:             0.005         92.5           0.415         658
 9:             0.000         90.7           0.735         522
10:             0.005         88.1           1.765         414
11:             0.005         85.2           2.900         328
12:             0.005         82.2           4.075         272
13:             0.010         90.5           0.210         938
14:             0.000         88.0           0.730         626
15:             0.000         84.7           1.835         480
16:             0.000         80.5           3.570         365
17:             0.005         75.2           6.525         282
18:             0.000         70.1           9.280         227
19:             0.020         90.4           0.140        1007
20:             0.000         88.3           0.900         640
21:             0.000         84.4           1.900         472
22:             0.005         79.4           4.305         346
23:             0.015         73.0           7.750         256
24:             0.010         66.0          11.430         199
    coverage_lt80_pct reliable_pct lambda_fail_pct AUClast_geo
