run log: /home/user/dupilumab-sim/logs/weight_trials_a_20260924T071142.log
  trial 250 (2000개 중) 07:12:52
  trial 500 (2000개 중) 07:13:57
  trial 750 (2000개 중) 07:15:02
  trial 1000 (2000개 중) 07:16:10
  trial 1250 (2000개 중) 07:17:21
  trial 1500 (2000개 중) 07:18:32
  trial 1750 (2000개 중) 07:19:45
  trial 2000 (2000개 중) 07:21:02
    scenario schedule        endpoint n_trials pass_rate  pass_lo  pass_hi
 1:     F090       B0         AUClast     2000     14.15 12.69114 15.74631
 2:     F090       B0 AUCinf_reliable     2000     25.15 23.29736 27.09792
 3:     F090       B0     AUCinf_true     2000     16.85 15.27344 18.55366
 4:    KE120       B0         AUClast     2000     69.95 67.90400 71.91951
 5:    KE120       B0 AUCinf_reliable     2000     71.50 69.48188 73.43569
 6:    KE120       B0     AUCinf_true     2000     76.20 74.28451 78.01504
 7:     KM10       B0         AUClast     2000     97.55 96.77585 98.14184
 8:     KM10       B0 AUCinf_reliable     2000     96.15 95.21449 96.90857
 9:     KM10       B0     AUCinf_true     2000     98.80 98.22061 99.19228
10:      S00       B0         AUClast     2000     97.80 97.05962 98.35711
11:      S00       B0 AUCinf_reliable     2000     97.35 96.55015 97.96831
12:      S00       B0     AUCinf_true     2000     98.70 98.10197 99.11131
13:    VM125       B0         AUClast     2000     17.35 15.75340 19.07178
14:    VM125       B0 AUCinf_reliable     2000     48.25 46.06549 50.44122
15:    VM125       B0     AUCinf_true     2000     24.50 22.66515 26.43262
     GMR_mean    GMR_lo    GMR_hi width_mean_pp n_R_mean n_T_mean model
 1: 0.8312037 0.8291454 0.8332620      16.40038 117.0000  117.000     a
 2: 0.8512305 0.8490867 0.8533744      16.97992  93.9315   89.551     a
 3: 0.8354549 0.8335117 0.8373981      15.55475 117.0000  117.000     a
 4: 0.9084602 0.9062559 0.9106644      17.59813 117.0000  117.000     a
 5: 0.9116119 0.9093510 0.9138728      17.84155  93.9315   93.619     a
 6: 0.9108469 0.9087708 0.9129231      16.65547 117.0000  117.000     a
 7: 1.0131226 1.0106769 1.0155683      19.51518 117.0000  117.000     a
 8: 0.9789838 0.9765656 0.9814019      19.28324  93.9315   96.255     a
 9: 1.0088444 1.0065494 1.0111394      18.40262 117.0000  117.000     a
10: 1.0004190 0.9979853 1.0028528      19.41599 117.0000  117.000     a
11: 1.0009460 0.9984482 1.0034439      19.58843  93.9315   94.099     a
12: 1.0001887 0.9979012 1.0024761      18.33973 117.0000  117.000     a
13: 0.8385903 0.8364596 0.8407210      16.93341 117.0000  117.000     a
14: 0.8850119 0.8826793 0.8873445      18.15089  93.9315   83.346     a
15: 0.8486207 0.8465982 0.8506433      16.15023 117.0000  117.000     a
   scenario schedule n_trials agree agree_lo agree_hi last_pass_inf_fail
1:     F090       B0     2000 83.50 81.80933 85.06223               2.75
2:    KE120       B0     2000 82.65 80.92822 84.24660               7.90
3:     KM10       B0     2000 95.20 94.17339 96.05331               3.10
4:      S00       B0     2000 96.75 95.87883 97.44193               1.85
5:    VM125       B0     2000 67.30 65.21258 69.32109               0.90
   last_pass_inf_fail_lo last_pass_inf_fail_hi last_fail_inf_pass
1:              2.118850              3.562311              13.75
2:              6.796926              9.164489               9.45
3:              2.425746              3.954073               1.70
4:              1.345135              2.539477               1.40
5:              0.570050              1.418204              31.80
   joint_last_cmax joint_last_cmax_lo joint_last_cmax_hi joint_3rel
1:           14.00           12.54820           15.58983      11.25
2:           69.90           67.85314           71.87056      62.00
3:           97.45           96.66286           98.05521      94.40
4:           97.70           96.94588           98.27123      95.85
5:           17.35           15.75340           19.07178      16.45
   joint_3rel_lo joint_3rel_hi joint_3all joint_3all_lo joint_3all_hi
1:       9.93880      12.70977      13.25      11.83435      14.80655
2:      59.85165      64.10234      67.65      65.56761      69.66471
3:      93.30460      95.32517      96.50      95.60127      97.22044
4:      94.88445      96.63976      97.30      96.49389      97.92476
5:      14.88984      18.13879      17.15      15.56135      18.86460
   cor_logGMR_last_infrel model
1:              0.7847110     a
2:              0.8006273     a
3:              0.8253315     a
4:              0.8059883     a
5:              0.7540623     a
    scenario arm n_trials n_reliable_mean n_dropout_mean wt_retained_mean
 1:     F090   R     2000         93.9315        23.0685         99.74391
 2:     F090   T     2000         89.5510        27.4490         99.52890
 3:    KE120   R     2000         93.9315        23.0685         99.74391
 4:    KE120   T     2000         93.6190        23.3810         99.71997
 5:     KM10   R     2000         93.9315        23.0685         99.74391
 6:     KM10   T     2000         96.2550        20.7450        100.10196
 7:      S00   R     2000         93.9315        23.0685         99.74391
 8:      S00   T     2000         94.0990        22.9010         99.74709
 9:    VM125   R     2000         93.9315        23.0685         99.74391
10:    VM125   T     2000         83.3460        33.6540         99.20500
    wt_dropout_mean dropout_pct model
 1:        104.8482    19.71667     a
 2:        104.7922    23.46068     a
 3:        104.8482    19.71667     a
 4:        104.9312    19.98376     a
 5:        104.8482    19.71667     a
 6:        103.8084    17.73077     a
 7:        104.8482    19.71667     a
 8:        104.9153    19.57350     a
 9:        104.8482    19.71667     a
10:        104.5965    28.76410     a
