run log: /home/user/dupilumab-sim/logs/weight_trials_b_20260924T072106.log
  trial 250 (2000개 중) 07:22:40
  trial 500 (2000개 중) 07:24:10
  trial 750 (2000개 중) 07:25:41
  trial 1000 (2000개 중) 07:27:03
  trial 1250 (2000개 중) 07:28:37
  trial 1500 (2000개 중) 07:30:03
  trial 1750 (2000개 중) 07:31:18
  trial 2000 (2000개 중) 07:32:46
    scenario schedule        endpoint n_trials pass_rate  pass_lo  pass_hi
 1:     F090       B0         AUClast     2000     13.70 12.26248 15.27670
 2:     F090       B0 AUCinf_reliable     2000     23.15 21.35398 25.04896
 3:     F090       B0     AUCinf_true     2000     15.55 14.02802 17.20407
 4:    KE120       B0         AUClast     2000     63.80 61.66921 65.87788
 5:    KE120       B0 AUCinf_reliable     2000     67.60 65.51689 69.61563
 6:    KE120       B0     AUCinf_true     2000     69.40 67.34477 71.38085
 7:     KM10       B0         AUClast     2000     94.85 93.79251 95.73553
 8:     KM10       B0 AUCinf_reliable     2000     95.25 94.22791 96.09860
 9:     KM10       B0     AUCinf_true     2000     96.75 95.87883 97.44193
10:      S00       B0         AUClast     2000     95.60 94.61035 96.41482
11:      S00       B0 AUCinf_reliable     2000     96.35 95.43526 97.08702
12:      S00       B0     AUCinf_true     2000     97.15 96.32547 97.79375
13:    VM125       B0         AUClast     2000     16.80 15.22547 18.50182
14:    VM125       B0 AUCinf_reliable     2000     44.15 41.98702 46.33541
15:    VM125       B0     AUCinf_true     2000     22.30 20.52978 24.17643
     GMR_mean    GMR_lo    GMR_hi width_mean_pp n_R_mean n_T_mean model
 1: 0.8322577 0.8300263 0.8344892      17.56314  117.000 117.0000     b
 2: 0.8497836 0.8475721 0.8519950      17.29234  102.786  99.8085     b
 3: 0.8360558 0.8339033 0.8382083      16.97212  117.000 117.0000     b
 4: 0.9061289 0.9037661 0.9084916      18.63963  117.000 117.0000     b
 5: 0.9078268 0.9055173 0.9101363      18.03013  102.786 102.9775     b
 6: 0.9084254 0.9061500 0.9107008      17.98549  117.000 117.0000     b
 7: 1.0130447 1.0104053 1.0156840      20.82506  117.000 117.0000     b
 8: 0.9842319 0.9816646 0.9867991      19.96132  102.786 101.9825     b
 9: 1.0093011 1.0067644 1.0118378      20.02997  117.000 117.0000     b
10: 1.0007369 0.9981116 1.0033622      20.72407  117.000 117.0000     b
11: 1.0005513 0.9979568 1.0031458      20.01580  102.786 102.8650     b
12: 1.0005771 0.9980491 1.0031050      19.96065  117.000 117.0000     b
13: 0.8402850 0.8379731 0.8425968      18.17580  117.000 117.0000     b
14: 0.8818066 0.8794262 0.8841870      18.38678  102.786  95.4565     b
15: 0.8491728 0.8469303 0.8514152      17.64700  117.000 117.0000     b
   scenario schedule n_trials agree agree_lo agree_hi last_pass_inf_fail
1:     F090       B0     2000 86.75 85.19345 88.16565               1.90
2:    KE120       B0     2000 82.80 81.08360 84.39064               6.70
3:     KM10       B0     2000 94.00 92.87242 94.95888               2.80
4:      S00       B0     2000 96.05 95.10433 96.81911               1.60
5:    VM125       B0     2000 70.95 68.92166 72.89801               0.85
   last_pass_inf_fail_lo last_pass_inf_fail_hi last_fail_inf_pass
1:             1.3873785              2.597041              11.35
2:             5.6851667              7.880850              10.50
3:             2.1625210              3.618448               3.20
4:             1.1356235              2.249947               2.35
5:             0.5313768              1.357069              28.20
   joint_last_cmax joint_last_cmax_lo joint_last_cmax_hi joint_3rel
1:           13.70           12.26248           15.27670      11.80
2:           63.80           61.66921           65.87788      57.10
3:           94.85           93.79251           95.73553      92.05
4:           95.60           94.61035           96.41482      94.00
5:           16.80           15.22547           18.50182      15.95
   joint_3rel_lo joint_3rel_hi joint_3all joint_3all_lo joint_3all_hi
1:      10.45882      13.28764      12.70      11.31186      14.23115
2:      54.91933      59.25345      62.15      60.00299      64.25042
3:      90.78221      93.15656      94.00      92.87242      94.95888
4:      92.87242      94.95888      95.45      94.44627      96.27947
5:      14.41083      17.61972      16.45      14.88984      18.13879
   cor_logGMR_last_infrel model
1:              0.8379594     b
2:              0.8602552     b
3:              0.8706493     b
4:              0.8618671     b
5:              0.8195673     b
    scenario arm n_trials n_reliable_mean n_dropout_mean wt_retained_mean
 1:     F090   R     2000        102.7860        14.2140        100.15877
 2:     F090   T     2000         99.8085        17.1915        100.01800
 3:    KE120   R     2000        102.7860        14.2140        100.15877
 4:    KE120   T     2000        102.9775        14.0225        100.15481
 5:     KM10   R     2000        102.7860        14.2140        100.15877
 6:     KM10   T     2000        101.9825        15.0175        100.41550
 7:      S00   R     2000        102.7860        14.2140        100.15877
 8:      S00   T     2000        102.8650        14.1350        100.16634
 9:    VM125   R     2000        102.7860        14.2140        100.15877
10:    VM125   T     2000         95.4565        21.5435         99.80106
    wt_dropout_mean dropout_pct model
 1:        104.9997    12.14872     b
 2:        105.0658    14.69359     b
 3:        104.9997    12.14872     b
 4:        105.2006    11.98504     b
 5:        104.9997    12.14872     b
 6:        103.0752    12.83547     b
 7:        104.9997    12.14872     b
 8:        105.1310    12.08120     b
 9:        104.9997    12.14872     b
10:        105.0340    18.41325     b
