run log: /home/user/dupilumab-sim/logs/weight_trials_d_20260924T073254.log
  trial 250 (2000개 중) 07:34:02
  trial 500 (2000개 중) 07:35:05
  trial 750 (2000개 중) 07:36:09
  trial 1000 (2000개 중) 07:37:16
  trial 1250 (2000개 중) 07:38:19
  trial 1500 (2000개 중) 07:39:28
  trial 1750 (2000개 중) 07:40:34
  trial 2000 (2000개 중) 07:41:38
    scenario schedule        endpoint n_trials pass_rate  pass_lo  pass_hi
 1:     F090       B0         AUClast     2000     12.85 11.45427 14.38816
 2:     F090       B0 AUCinf_reliable     2000     24.05 22.22781 25.97168
 3:     F090       B0     AUCinf_true     2000     15.20 13.69336 16.84007
 4:    KE120       B0         AUClast     2000     61.05 58.89364 63.16400
 5:    KE120       B0 AUCinf_reliable     2000     61.65 59.49860 63.75673
 6:    KE120       B0     AUCinf_true     2000     68.15 66.07503 70.15538
 7:     KM10       B0         AUClast     2000     94.70 93.62966 95.59895
 8:     KM10       B0 AUCinf_reliable     2000     90.50 89.13620 91.70852
 9:     KM10       B0     AUCinf_true     2000     97.00 96.15758 97.66221
10:      S00       B0         AUClast     2000     95.00 93.95559 95.87188
11:      S00       B0 AUCinf_reliable     2000     93.50 92.33400 94.49922
12:      S00       B0     AUCinf_true     2000     97.25 96.43769 97.88115
13:    VM125       B0         AUClast     2000     15.90 14.36296 17.56779
14:    VM125       B0 AUCinf_reliable     2000     43.55 41.39142 45.73331
15:    VM125       B0     AUCinf_true     2000     21.45 19.70667 23.30279
     GMR_mean    GMR_lo    GMR_hi width_mean_pp n_R_mean n_T_mean model
 1: 0.8318574 0.8296470 0.8340678      17.99870  117.000 117.0000     d
 2: 0.8547100 0.8523390 0.8570810      18.86403   92.238  87.3470     d
 3: 0.8362116 0.8341199 0.8383033      17.13171  117.000 117.0000     d
 4: 0.9059518 0.9035858 0.9083178      19.28984  117.000 117.0000     d
 5: 0.9100093 0.9075469 0.9124717      19.74987   92.238  91.5345     d
 6: 0.9083771 0.9061453 0.9106090      18.32594  117.000 117.0000     d
 7: 1.0144288 1.0117984 1.0170592      21.44812  117.000 117.0000     d
 8: 0.9733202 0.9706679 0.9759725      21.18139   92.238  95.3715     d
 9: 1.0095991 1.0071279 1.0120703      20.28498  117.000 117.0000     d
10: 1.0006210 0.9980043 1.0032377      21.32334  117.000 117.0000     d
11: 1.0013918 0.9987000 1.0040836      21.68377   92.238  92.2640     d
12: 1.0003431 0.9978803 1.0028059      20.20979  117.000 117.0000     d
13: 0.8398901 0.8376007 0.8421795      18.54609  117.000 116.9995     d
14: 0.8896811 0.8871253 0.8922369      20.25229   92.238  80.9645     d
15: 0.8499085 0.8477325 0.8520845      17.76962  117.000 117.0000     d
   scenario schedule n_trials agree agree_lo agree_hi last_pass_inf_fail
1:     F090       B0     2000 82.90 81.18721 84.48665               2.95
2:    KE120       B0     2000 78.30 76.44014 80.05135              10.55
3:     KM10       B0     2000 88.50 87.02744 89.82495               7.85
4:      S00       B0     2000 92.50 91.26242 93.57464               4.50
5:    VM125       B0     2000 69.85 67.80229 71.82160               1.25
   last_pass_inf_fail_lo last_pass_inf_fail_hi last_fail_inf_pass
1:             2.2938852              3.786509              14.15
2:             9.2784704             11.972785              11.15
3:             6.7504315              9.111176               3.65
4:             3.6753817              5.499070               3.00
5:             0.8481081              1.838804              28.90
   joint_last_cmax joint_last_cmax_lo joint_last_cmax_hi joint_3rel
1:           12.65           11.26441           14.17880       9.75
2:           60.95           58.79284           63.06517      50.45
3:           94.60           93.52121           95.50778      86.75
4:           94.90           93.84685           95.78100      90.40
5:           15.90           14.36296           17.56779      14.65
   joint_3rel_lo joint_3rel_hi joint_3all joint_3all_lo joint_3all_hi
1:      8.526071      11.12825      11.40      10.08052      12.86747
2:     48.260021      52.63825      57.90      55.72310      60.04661
3:     85.193450      88.16565      92.55      91.31584      93.62102
4:     89.030387      91.61472      94.25      93.14237      95.18797
5:     13.168050      16.26749      15.70      14.17153      17.35998
   cor_logGMR_last_infrel model
1:              0.7620872     d
2:              0.7828434     d
3:              0.8097947     d
4:              0.7816720     d
5:              0.7315000     d
    scenario arm n_trials n_reliable_mean n_dropout_mean wt_retained_mean
 1:     F090   R     2000         92.2380        24.7620         99.45762
 2:     F090   T     2000         87.3470        29.6530         99.15306
 3:    KE120   R     2000         92.2380        24.7620         99.45762
 4:    KE120   T     2000         91.5345        25.4655         99.37353
 5:     KM10   R     2000         92.2380        24.7620         99.45762
 6:     KM10   T     2000         95.3715        21.6285         99.96603
 7:      S00   R     2000         92.2380        24.7620         99.45762
 8:      S00   T     2000         92.2640        24.7360         99.45416
 9:    VM125   R     2000         92.2380        24.7620         99.45762
10:    VM125   T     2000         80.9645        36.0355         98.80180
    wt_dropout_mean dropout_pct model
 1:        105.5735    21.16410     d
 2:        105.4877    25.34444     d
 3:        105.5735    21.16410     d
 4:        105.7490    21.76538     d
 5:        105.5735    21.16410     d
 6:        104.2431    18.48590     d
 7:        105.5735    21.16410     d
 8:        105.6671    21.14188     d
 9:        105.5735    21.16410     d
10:        105.1486    30.79957     d
